[2025-09-24 10:35:11] ℹ️ IT: received 137 lead(s).
[2025-09-24 10:35:11] 📂 SharePoint root: C:/Sharepoint/Golden-Tech GmbH/LeadDocuments - Casino Germany - Documents
[2025-09-24 10:35:12] 🚫 IT: 'Checked' note for 22332 — dropping.
[2025-09-24 10:35:12]     ↳ first line: Checked (28.02.2025)
[2025-09-24 10:35:12]     ↳ preview: Checked (28.02.2025)
[2025-09-24 10:35:12] 🚫 IT: 'Checked' note for 22334 — dropping.
[2025-09-24 10:35:12]     ↳ first line: Checked (28.02.2025)
[2025-09-24 10:35:12]     ↳ preview: Checked (28.02.2025)
[2025-09-24 10:35:14] 🚫 IT: 'Checked' note for 23544 — dropping.
[2025-09-24 10:35:14]     ↳ first line: Checked (28.02.2025)
[2025-09-24 10:35:14]     ↳ preview: Checked (28.02.2025)
[2025-09-24 10:35:14] 🚫 IT: 'Checked' note for 23626 — dropping.
[2025-09-24 10:35:14]     ↳ first line: Checked (28.02.2025)
[2025-09-24 10:35:14]     ↳ preview: Checked (28.02.2025)
[2025-09-24 10:35:14] 🚫 IT: 'Checked' note for 23632 — dropping.
[2025-09-24 10:35:14]     ↳ first line: Checked (28.02.2025)
[2025-09-24 10:35:14]     ↳ preview: Checked (28.02.2025)
[2025-09-24 10:35:14] 🚫 IT: 'Checked' note for 23635 — dropping.
[2025-09-24 10:35:14]     ↳ first line: Checked (28.02.2025)
[2025-09-24 10:35:14]     ↳ preview: Checked (28.02.2025)  Amount is below 1000 EUR
[2025-09-24 10:35:15] 🚫 IT: 'Checked' note for 29441 — dropping.
[2025-09-24 10:35:15]     ↳ first line: Checked (28.02.2025)
[2025-09-24 10:35:15]     ↳ preview: Checked (28.02.2025)
[2025-09-24 10:35:25] 🚫 IT: 'Checked' note for 46370 — dropping.
[2025-09-24 10:35:25]     ↳ first line: Checked (7.7.2025)
[2025-09-24 10:35:25]     ↳ preview: Checked (7.7.2025)
[2025-09-24 10:35:30] 🚫 IT: 'Checked' note for 19624 — dropping.
[2025-09-24 10:35:30]     ↳ first line: Checked (28.02.2025)
[2025-09-24 10:35:30]     ↳ preview: Checked (28.02.2025)
[2025-09-24 10:35:30] 🚫 IT: 'Checked' note for 19637 — dropping.
[2025-09-24 10:35:30]     ↳ first line: Checked (28.02.2025)
[2025-09-24 10:35:30]     ↳ preview: Checked (28.02.2025)
[2025-09-24 10:35:30] 🚫 IT: 'Checked' note for 21670 — dropping.
[2025-09-24 10:35:30]     ↳ first line: Checked (28.02.2025)
[2025-09-24 10:35:30]     ↳ preview: Checked (28.02.2025)  Amount is below 1000 EUR
[2025-09-24 10:35:30] 🚫 IT: 'Checked' note for 21672 — dropping.
[2025-09-24 10:35:30]     ↳ first line: Checked (17.03.2025)
[2025-09-24 10:35:30]     ↳ preview: Checked (17.03.2025)
[2025-09-24 10:35:30] 🚫 IT: 'Checked' note for 21673 — dropping.
[2025-09-24 10:35:30]     ↳ first line: Checked (28.02.2025)
[2025-09-24 10:35:30]     ↳ preview: Checked (28.02.2025)  Amount is below 1000 EUR
[2025-09-24 10:35:30] 🚫 IT: 'Checked' note for 21675 — dropping.
[2025-09-24 10:35:30]     ↳ first line: Checked (28.02.2025)
[2025-09-24 10:35:30]     ↳ preview: Checked (28.02.2025)  Amount is below 1000 EUR
[2025-09-24 10:35:31] 🚫 IT: 'Checked' note for 21677 — dropping.
[2025-09-24 10:35:31]     ↳ first line: Checked (28.02.2025)
[2025-09-24 10:35:31]     ↳ preview: Checked (28.02.2025)
[2025-09-24 10:35:31] 🚫 IT: 'Checked' note for 21678 — dropping.
[2025-09-24 10:35:32]     ↳ first line: Checked (28.02.2025)
[2025-09-24 10:35:32]     ↳ preview: Checked (28.02.2025)  Amount is below 1000 EUR
[2025-09-24 10:35:32] 🚫 IT: 'Checked' note for 21679 — dropping.
[2025-09-24 10:35:32]     ↳ first line: Checked (28.02.2025)
[2025-09-24 10:35:32]     ↳ preview: Checked (28.02.2025)
[2025-09-24 10:35:33] 🚫 IT: 'Checked' note for 21684 — dropping.
[2025-09-24 10:35:33]     ↳ first line: Checked (28.02.2025)
[2025-09-24 10:35:33]     ↳ preview: Checked (28.02.2025)  Amount is below 1000 EUR
[2025-09-24 10:35:34] 🚫 IT: 'Checked' note for 21687 — dropping.
[2025-09-24 10:35:34]     ↳ first line: Checked (28.02.2025)
[2025-09-24 10:35:34]     ↳ preview: Checked (28.02.2025)  Amount is below 1000 EUR
[2025-09-24 10:35:35] 🚫 IT: 'Checked' note for 8439 — dropping.
[2025-09-24 10:35:35]     ↳ first line: Checked (24.02.2025)
[2025-09-24 10:35:35]     ↳ preview: Checked (24.02.2025)
[2025-09-24 10:35:36] 🚫 IT: 'Checked' note for 15373 — dropping.
[2025-09-24 10:35:36]     ↳ first line: Checked (28.02.2025)
[2025-09-24 10:35:36]     ↳ preview: Checked (28.02.2025)
[2025-09-24 10:35:36] 🚫 IT: 'Checked' note for 18588 — dropping.
[2025-09-24 10:35:36]     ↳ first line: Checked (7.7.2025)
[2025-09-24 10:35:36]     ↳ preview: Checked (7.7.2025)
[2025-09-24 10:35:40] 🚫 IT: 'Checked' note for 27923 — dropping.
[2025-09-24 10:35:40]     ↳ first line: Checked (28.02.2025)
[2025-09-24 10:35:40]     ↳ preview: Checked (28.02.2025)
[2025-09-24 10:35:40] 🚫 IT: 'Checked' note for 3631 — dropping.
[2025-09-24 10:35:40]     ↳ first line: Checked (24.02.2025)
[2025-09-24 10:35:40]     ↳ preview: Checked (24.02.2025)
[2025-09-24 10:35:41] 🚫 IT: 'Checked' note for 12866 — dropping.
[2025-09-24 10:35:41]     ↳ first line: Checked (27.02.2025)
[2025-09-24 10:35:41]     ↳ preview: Checked (27.02.2025)
[2025-09-24 10:35:46] 🚫 IT: 'Checked' note for 5505 — dropping.
[2025-09-24 10:35:46]     ↳ first line: Checked (24.02.2025)
[2025-09-24 10:35:46]     ↳ preview: Checked (24.02.2025)  Amount is below 1000 EUR
[2025-09-24 10:35:46] 🚫 IT: 'Checked' note for 5507 — dropping.
[2025-09-24 10:35:46]     ↳ first line: Checked (24.02.2025)
[2025-09-24 10:35:46]     ↳ preview: Checked (24.02.2025)
[2025-09-24 10:35:50] 🚫 IT: 'Checked' note for 5636 — dropping.
[2025-09-24 10:35:50]     ↳ first line: Checked (24.02.2025)
[2025-09-24 10:35:50]     ↳ preview: Checked (24.02.2025)
[2025-09-24 10:35:50] 🚫 IT: 'Checked' note for 15068 — dropping.
[2025-09-24 10:35:50]     ↳ first line: Checked (27.02.2025)
[2025-09-24 10:35:50]     ↳ preview: Checked (27.02.2025)
[2025-09-24 10:35:53] 🚫 IT: 'Checked' note for 29952 — dropping.
[2025-09-24 10:35:53]     ↳ first line: Checked (28.02.2025)
[2025-09-24 10:35:53]     ↳ preview: Checked (28.02.2025)
[2025-09-24 10:35:53] 🚫 IT: 'Checked' note for 40804 — dropping.
[2025-09-24 10:35:53]     ↳ first line: Checked (7.7.2025)
[2025-09-24 10:35:53]     ↳ preview: Checked (7.7.2025)
[2025-09-24 10:35:58] 🚫 IT: 'Checked' note for 4062 — dropping.
[2025-09-24 10:35:58]     ↳ first line: Checked (24.02.2025)
[2025-09-24 10:35:58]     ↳ preview: Checked (24.02.2025)
