[2025-09-23 14:40:00] 🔎 SP: Deal 27515 → C:/Sharepoint/Golden-Tech GmbH/LeadDocuments - Casino Germany - Documents\27515 - jacek kowalczyk, Duxcasino
[2025-09-23 14:40:00] ✅ SP: No Checked_* files for deal 27515.
[2025-09-23 14:40:04] 🔎 SP: Deal 37865 → C:/Sharepoint/Golden-Tech GmbH/LeadDocuments - Casino Germany - Documents\37865 - Maurice Van daalen, 888
[2025-09-23 14:40:04] ✅ SP: No Checked_* files for deal 37865.
[2025-09-23 14:40:09] 🔎 SP: Deal 5505 → C:/Sharepoint/Golden-Tech GmbH/LeadDocuments - Casino Germany - Documents\5505 - Kevin Van uden, Bobcasino
[2025-09-23 14:40:09] 🚫 SP: Found Checked_* file(s) for deal 5505 — filtering out.
[2025-09-23 14:40:15] 🔎 SP: Deal 5507 → C:/Sharepoint/Golden-Tech GmbH/LeadDocuments - Casino Germany - Documents\5507 - Kevin Van uden, Crazy Fox
[2025-09-23 14:40:15] 🚫 SP: Found Checked_* file(s) for deal 5507 — filtering out.
[2025-09-23 14:40:17] 🔎 SP: Deal 25362 → C:/Sharepoint/Golden-Tech GmbH/LeadDocuments - Casino Germany - Documents\25362 - Benjamin Oderkerk, Krooncasino
[2025-09-23 14:40:17] ✅ SP: No Checked_* files for deal 25362.
[2025-09-23 14:40:18] 🔎 SP: Deal 28066 → C:/Sharepoint/Golden-Tech GmbH/LeadDocuments - Casino Germany - Documents\28066 - Jelle Veenvliet, 888
[2025-09-23 14:40:18] ✅ SP: No Checked_* files for deal 28066.
[2025-09-23 14:40:24] 🔎 SP: Deal 5636 → C:/Sharepoint/Golden-Tech GmbH/LeadDocuments - Casino Germany - Documents\5636 - Daniel Coen, King Billy
[2025-09-23 14:40:24] 🚫 SP: Found Checked_* file(s) for deal 5636 — filtering out.
[2025-09-23 14:40:24] 🔎 SP: Deal 15068 → C:/Sharepoint/Golden-Tech GmbH/LeadDocuments - Casino Germany - Documents\15068 - Kursad Budak, Spinia
[2025-09-23 14:40:24] 🚫 SP: Found Checked_* file(s) for deal 15068 — filtering out.
[2025-09-23 14:40:25] 🔎 SP: Deal 15690 → C:/Sharepoint/Golden-Tech GmbH/LeadDocuments - Casino Germany - Documents\15690 - Mirwais Sefati, One Casino
[2025-09-23 14:40:25] ✅ SP: No Checked_* files for deal 15690.
[2025-09-23 14:40:27] 🔎 SP: Deal 29951 → C:/Sharepoint/Golden-Tech GmbH/LeadDocuments - Casino Germany - Documents\29951 - Lukasz Władysław Bogusz Bogusz, One Casino
[2025-09-23 14:40:27] ✅ SP: No Checked_* files for deal 29951.
[2025-09-23 14:40:29] 🔎 SP: Deal 29952 → C:/Sharepoint/Golden-Tech GmbH/LeadDocuments - Casino Germany - Documents\29952 - Lukasz Władysław Bogusz Bogusz, Rizk
[2025-09-23 14:40:29] 🚫 SP: Found Checked_* file(s) for deal 29952 — filtering out.
[2025-09-23 14:40:33] 🔎 SP: Deal 40804 → C:/Sharepoint/Golden-Tech GmbH/LeadDocuments - Casino Germany - Documents\40804 - Daan Pouw, MasonSlots
[2025-09-23 14:40:33] 🚫 SP: Found Checked_* file(s) for deal 40804 — filtering out.
[2025-09-23 14:40:35] 🔎 SP: Deal 2528 → C:/Sharepoint/Golden-Tech GmbH/LeadDocuments - Casino Germany - Documents\2528 - Sjaak Bijman, 888
[2025-09-23 14:40:35] ✅ SP: No Checked_* files for deal 2528.
[2025-09-23 14:40:38] 🔎 SP: Deal 4058 → C:/Sharepoint/Golden-Tech GmbH/LeadDocuments - Casino Germany - Documents\4058 - Rick van Beuningen, 888
[2025-09-23 14:40:38] ✅ SP: No Checked_* files for deal 4058.
[2025-09-23 14:40:42] 🔎 SP: Deal 4062 → C:/Sharepoint/Golden-Tech GmbH/LeadDocuments - Casino Germany - Documents\4062 - Rick van Beuningen, LeoVegas
[2025-09-23 14:40:42] 🚫 SP: Found Checked_* file(s) for deal 4062 — filtering out.
[2025-09-23 14:40:47] 🔎 SP: Deal 5571 → C:/Sharepoint/Golden-Tech GmbH/LeadDocuments - Casino Germany - Documents\5571 - Roy Timmermans, Bobcasino
[2025-09-23 14:40:47] 🚫 SP: Found Checked_* file(s) for deal 5571 — filtering out.
[2025-09-23 14:40:52] 🔎 SP: Deal 6565 → C:/Sharepoint/Golden-Tech GmbH/LeadDocuments - Casino Germany - Documents\6565 - Bertus Stik, PokerStars
[2025-09-23 14:40:52] 🚫 SP: Found Checked_* file(s) for deal 6565 — filtering out.
[2025-09-23 14:40:57] 🔎 SP: Deal 7175 → C:/Sharepoint/Golden-Tech GmbH/LeadDocuments - Casino Germany - Documents\7175 - Gok Gulveli, Bobcasino
[2025-09-23 14:40:57] 🚫 SP: Found Checked_* file(s) for deal 7175 — filtering out.
