[2025-08-21 12:59:57] ➕ Added 1 file(s).
[2025-08-21 12:59:58] 📄 Processing TA_Pokerstars.xlsx in calculation Mode...
[2025-08-21 12:59:58] 📑 Using sheet: PS Transactions
[2025-08-21 12:59:58] Detected single combined transaction sheet. Attempting auto-detection (with header scan)...
[2025-08-21 12:59:58] ✅ Detected header row at Excel row 8: ['TransId', 'ParentId', 'TransType', 'Started', 'Completed', 'Account Currency', 'Amount', 'Status', 'PaySystem', 'Country', 'Logged-In', 'Reference']
[2025-08-21 12:59:58] ℹ️ Row 9: type='deposit' dep=True wdr=False status_orig='Approved' canon='approved' amount=24.23 dt='2014-11-06 11:31:20'
[2025-08-21 12:59:58] ✅ Row 9: Deposit accepted — 24.23 at 2014-11-06 11:31:20 (status='Approved')
[2025-08-21 12:59:58] ℹ️ Row 10: type='deposit' dep=True wdr=False status_orig='Approved' canon='approved' amount=12.1 dt='2014-11-07 11:29:57'
[2025-08-21 12:59:58] ✅ Row 10: Deposit accepted — 12.1 at 2014-11-07 11:29:57 (status='Approved')
[2025-08-21 12:59:58] ℹ️ Row 11: type='deposit' dep=True wdr=False status_orig='Rejected' canon='rejected' amount=20.36 dt='2014-12-07 07:09:18'
[2025-08-21 12:59:58] ⚠️ Row 11: Skipped — status not approved: canon='rejected'
[2025-08-21 12:59:58] ℹ️ Row 12: type='deposit' dep=True wdr=False status_orig='Approved' canon='approved' amount=20.36 dt='2014-12-07 08:56:21'
[2025-08-21 12:59:58] ✅ Row 12: Deposit accepted — 20.36 at 2014-12-07 08:56:21 (status='Approved')
[2025-08-21 12:59:58] ℹ️ Row 13: type='deposit' dep=True wdr=False status_orig='Approved' canon='approved' amount=20.65 dt='2014-12-12 10:37:58'
[2025-08-21 12:59:58] ✅ Row 13: Deposit accepted — 20.65 at 2014-12-12 10:37:58 (status='Approved')
[2025-08-21 12:59:58] ℹ️ Row 14: type='deposit' dep=True wdr=False status_orig='Rejected' canon='rejected' amount=10.96 dt='2014-12-16 15:31:42'
[2025-08-21 12:59:58] ⚠️ Row 14: Skipped — status not approved: canon='rejected'
[2025-08-21 12:59:58] ℹ️ Row 15: type='deposit' dep=True wdr=False status_orig='Approved' canon='approved' amount=10.97 dt='2014-12-16 16:00:44'
[2025-08-21 12:59:58] ✅ Row 15: Deposit accepted — 10.97 at 2014-12-16 16:00:44 (status='Approved')
[2025-08-21 12:59:58] ℹ️ Row 16: type='deposit' dep=True wdr=False status_orig='Approved' canon='approved' amount=10.73 dt='2014-12-20 18:10:38'
[2025-08-21 12:59:58] ✅ Row 16: Deposit accepted — 10.73 at 2014-12-20 18:10:38 (status='Approved')
[2025-08-21 12:59:58] ℹ️ Row 17: type='deposit' dep=True wdr=False status_orig='Rejected' canon='rejected' amount=10.72 dt='2014-12-21 16:52:12'
[2025-08-21 12:59:58] ⚠️ Row 17: Skipped — status not approved: canon='rejected'
[2025-08-21 12:59:58] ℹ️ Row 18: type='deposit' dep=True wdr=False status_orig='Approved' canon='approved' amount=11.02 dt='2014-12-21 17:23:08'
[2025-08-21 12:59:58] ✅ Row 18: Deposit accepted — 11.02 at 2014-12-21 17:23:08 (status='Approved')
[2025-08-21 12:59:58] ℹ️ Row 19: type='deposit' dep=True wdr=False status_orig='Approved' canon='approved' amount=10.99 dt='2014-12-22 07:58:26'
[2025-08-21 12:59:58] ✅ Row 19: Deposit accepted — 10.99 at 2014-12-22 07:58:26 (status='Approved')
[2025-08-21 12:59:58] ℹ️ Row 20: type='deposit' dep=True wdr=False status_orig='Approved' canon='approved' amount=15.0 dt='2015-01-09 14:02:59'
[2025-08-21 12:59:58] ✅ Row 20: Deposit accepted — 15.0 at 2015-01-09 14:02:59 (status='Approved')
[2025-08-21 12:59:58] ℹ️ Row 21: type='deposit' dep=True wdr=False status_orig='Approved' canon='approved' amount=20.3 dt='2015-01-17 14:18:01'
[2025-08-21 12:59:58] ✅ Row 21: Deposit accepted — 20.3 at 2015-01-17 14:18:01 (status='Approved')
[2025-08-21 12:59:58] ℹ️ Row 22: type='deposit' dep=True wdr=False status_orig='Approved' canon='approved' amount=10.15 dt='2015-01-17 19:08:36'
[2025-08-21 12:59:58] ✅ Row 22: Deposit accepted — 10.15 at 2015-01-17 19:08:36 (status='Approved')
[2025-08-21 12:59:58] ℹ️ Row 23: type='deposit' dep=True wdr=False status_orig='Approved' canon='approved' amount=15.8 dt='2015-01-21 07:16:53'
[2025-08-21 12:59:58] ✅ Row 23: Deposit accepted — 15.8 at 2015-01-21 07:16:53 (status='Approved')
[2025-08-21 12:59:58] ℹ️ Row 24: type='deposit' dep=True wdr=False status_orig='Approved' canon='approved' amount=14.67 dt='2015-01-21 07:43:35'
[2025-08-21 12:59:58] ✅ Row 24: Deposit accepted — 14.67 at 2015-01-21 07:43:35 (status='Approved')
[2025-08-21 12:59:58] ℹ️ Row 25: type='deposit' dep=True wdr=False status_orig='Approved' canon='approved' amount=15.82 dt='2015-01-21 08:39:38'
[2025-08-21 12:59:58] ✅ Row 25: Deposit accepted — 15.82 at 2015-01-21 08:39:38 (status='Approved')
[2025-08-21 12:59:58] ℹ️ Row 26: type='deposit' dep=True wdr=False status_orig='Approved' canon='approved' amount=16.95 dt='2015-01-21 16:18:11'
[2025-08-21 12:59:58] ✅ Row 26: Deposit accepted — 16.95 at 2015-01-21 16:18:11 (status='Approved')
[2025-08-21 12:59:58] ℹ️ Row 27: type='deposit' dep=True wdr=False status_orig='Approved' canon='approved' amount=16.94 dt='2015-01-22 02:46:03'
[2025-08-21 12:59:58] ✅ Row 27: Deposit accepted — 16.94 at 2015-01-22 02:46:03 (status='Approved')
[2025-08-21 12:59:58] ℹ️ Row 28: type='deposit' dep=True wdr=False status_orig='Approved' canon='approved' amount=16.0 dt='2015-01-22 16:25:01'
[2025-08-21 12:59:58] ✅ Row 28: Deposit accepted — 16.0 at 2015-01-22 16:25:01 (status='Approved')
[2025-08-21 12:59:58] ℹ️ Row 29: type='deposit' dep=True wdr=False status_orig='Approved' canon='approved' amount=10.93 dt='2015-01-23 16:25:01'
[2025-08-21 12:59:58] ✅ Row 29: Deposit accepted — 10.93 at 2015-01-23 16:25:01 (status='Approved')
[2025-08-21 12:59:58] ℹ️ Row 30: type='deposit' dep=True wdr=False status_orig='Approved' canon='approved' amount=10.92 dt='2015-01-24 09:01:10'
[2025-08-21 12:59:58] ✅ Row 30: Deposit accepted — 10.92 at 2015-01-24 09:01:10 (status='Approved')
[2025-08-21 12:59:58] ℹ️ Row 31: type='deposit' dep=True wdr=False status_orig='Approved' canon='approved' amount=10.92 dt='2015-01-24 14:41:09'
[2025-08-21 12:59:58] ✅ Row 31: Deposit accepted — 10.92 at 2015-01-24 14:41:09 (status='Approved')
[2025-08-21 12:59:58] ℹ️ Row 32: type='deposit' dep=True wdr=False status_orig='Approved' canon='approved' amount=11.08 dt='2015-01-28 05:50:07'
[2025-08-21 12:59:58] ✅ Row 32: Deposit accepted — 11.08 at 2015-01-28 05:50:07 (status='Approved')
[2025-08-21 12:59:58] ℹ️ Row 33: type='deposit' dep=True wdr=False status_orig='Approved' canon='approved' amount=11.03 dt='2015-01-28 10:27:56'
[2025-08-21 12:59:58] ✅ Row 33: Deposit accepted — 11.03 at 2015-01-28 10:27:56 (status='Approved')
[2025-08-21 12:59:58] ℹ️ Row 34: type='deposit' dep=True wdr=False status_orig='Approved' canon='approved' amount=11.05 dt='2015-01-28 13:38:42'
[2025-08-21 12:59:58] ✅ Row 34: Deposit accepted — 11.05 at 2015-01-28 13:38:42 (status='Approved')
[2025-08-21 12:59:58] ℹ️ Row 35: type='deposit' dep=True wdr=False status_orig='Approved' canon='approved' amount=11.05 dt='2015-01-29 09:29:06'
[2025-08-21 12:59:58] ✅ Row 35: Deposit accepted — 11.05 at 2015-01-29 09:29:06 (status='Approved')
[2025-08-21 12:59:58] ℹ️ Row 36: type='deposit' dep=True wdr=False status_orig='Approved' canon='approved' amount=15.25 dt='2015-01-29 13:11:14'
[2025-08-21 12:59:58] ✅ Row 36: Deposit accepted — 15.25 at 2015-01-29 13:11:14 (status='Approved')
[2025-08-21 12:59:58] ℹ️ Row 37: type='deposit' dep=True wdr=False status_orig='Approved' canon='approved' amount=11.01 dt='2015-01-30 11:03:18'
[2025-08-21 12:59:58] ✅ Row 37: Deposit accepted — 11.01 at 2015-01-30 11:03:18 (status='Approved')
[2025-08-21 12:59:58] ℹ️ Row 38: type='deposit' dep=True wdr=False status_orig='Approved' canon='approved' amount=16.72 dt='2015-02-04 09:52:30'
[2025-08-21 12:59:58] ✅ Row 38: Deposit accepted — 16.72 at 2015-02-04 09:52:30 (status='Approved')
[2025-08-21 12:59:58] ℹ️ Row 39: type='deposit' dep=True wdr=False status_orig='Approved' canon='approved' amount=16.81 dt='2015-02-05 14:10:30'
[2025-08-21 12:59:58] ✅ Row 39: Deposit accepted — 16.81 at 2015-02-05 14:10:30 (status='Approved')
[2025-08-21 12:59:58] ℹ️ Row 40: type='deposit' dep=True wdr=False status_orig='Rejected' canon='rejected' amount=16.81 dt='2015-02-05 14:13:30'
[2025-08-21 12:59:58] ⚠️ Row 40: Skipped — status not approved: canon='rejected'
[2025-08-21 12:59:58] ℹ️ Row 41: type='deposit' dep=True wdr=False status_orig='Rejected' canon='rejected' amount=14.98 dt='2015-02-05 14:17:08'
[2025-08-21 12:59:58] ⚠️ Row 41: Skipped — status not approved: canon='rejected'
[2025-08-21 12:59:58] ℹ️ Row 42: type='deposit' dep=True wdr=False status_orig='Approved' canon='approved' amount=16.52 dt='2015-02-11 15:52:03'
[2025-08-21 12:59:58] ✅ Row 42: Deposit accepted — 16.52 at 2015-02-11 15:52:03 (status='Approved')
[2025-08-21 12:59:58] ℹ️ Row 43: type='redeem' dep=False wdr=True status_orig='Approved' canon='approved' amount=35.0 dt='2015-02-12 10:44:28'
[2025-08-21 12:59:58] ✅ Row 43: Redeem accepted — -35.0 at 2015-02-12 10:44:28 (status='Approved')
[2025-08-21 12:59:58] ℹ️ Row 44: type='deposit' dep=True wdr=False status_orig='Approved' canon='approved' amount=17.76 dt='2015-02-19 08:32:08'
[2025-08-21 12:59:58] ✅ Row 44: Deposit accepted — 17.76 at 2015-02-19 08:32:08 (status='Approved')
[2025-08-21 12:59:58] ℹ️ Row 45: type='deposit' dep=True wdr=False status_orig='Approved' canon='approved' amount=33.26 dt='2015-02-19 09:28:24'
[2025-08-21 12:59:58] ✅ Row 45: Deposit accepted — 33.26 at 2015-02-19 09:28:24 (status='Approved')
[2025-08-21 12:59:58] ℹ️ Row 46: type='deposit' dep=True wdr=False status_orig='Approved' canon='approved' amount=22.1 dt='2015-02-20 06:15:27'
[2025-08-21 12:59:58] ✅ Row 46: Deposit accepted — 22.1 at 2015-02-20 06:15:27 (status='Approved')
[2025-08-21 12:59:58] ℹ️ Row 47: type='deposit' dep=True wdr=False status_orig='Approved' canon='approved' amount=11.01 dt='2015-02-20 09:37:35'
[2025-08-21 12:59:58] ✅ Row 47: Deposit accepted — 11.01 at 2015-02-20 09:37:35 (status='Approved')
[2025-08-21 12:59:58] ℹ️ Row 48: type='deposit' dep=True wdr=False status_orig='Approved' canon='approved' amount=16.64 dt='2015-02-21 13:53:38'
[2025-08-21 12:59:58] ✅ Row 48: Deposit accepted — 16.64 at 2015-02-21 13:53:38 (status='Approved')
[2025-08-21 12:59:58] ℹ️ Row 49: type='deposit' dep=True wdr=False status_orig='Approved' canon='approved' amount=22.19 dt='2015-02-22 06:16:19'
[2025-08-21 12:59:58] ✅ Row 49: Deposit accepted — 22.19 at 2015-02-22 06:16:19 (status='Approved')
[2025-08-21 12:59:58] ℹ️ Row 50: type='deposit' dep=True wdr=False status_orig='Approved' canon='approved' amount=11.09 dt='2015-02-22 10:27:53'
[2025-08-21 12:59:58] ✅ Row 50: Deposit accepted — 11.09 at 2015-02-22 10:27:53 (status='Approved')
[2025-08-21 12:59:58] ℹ️ Row 51: type='deposit' dep=True wdr=False status_orig='Approved' canon='approved' amount=11.09 dt='2015-02-22 11:24:05'
[2025-08-21 12:59:58] ✅ Row 51: Deposit accepted — 11.09 at 2015-02-22 11:24:05 (status='Approved')
[2025-08-21 12:59:58] ℹ️ Row 52: type='deposit' dep=True wdr=False status_orig='Approved' canon='approved' amount=11.04 dt='2015-02-24 03:28:46'
[2025-08-21 12:59:58] ✅ Row 52: Deposit accepted — 11.04 at 2015-02-24 03:28:46 (status='Approved')
[2025-08-21 12:59:58] ℹ️ Row 53: type='deposit' dep=True wdr=False status_orig='Approved' canon='approved' amount=13.75 dt='2015-03-06 12:45:39'
[2025-08-21 12:59:58] ✅ Row 53: Deposit accepted — 13.75 at 2015-03-06 12:45:39 (status='Approved')
[2025-08-21 12:59:58] ℹ️ Row 54: type='deposit' dep=True wdr=False status_orig='Approved' canon='approved' amount=15.38 dt='2015-03-13 11:34:59'
[2025-08-21 12:59:58] ✅ Row 54: Deposit accepted — 15.38 at 2015-03-13 11:34:59 (status='Approved')
[2025-08-21 12:59:58] ℹ️ Row 55: type='deposit' dep=True wdr=False status_orig='Approved' canon='approved' amount=10.7 dt='2015-03-26 09:28:45'
[2025-08-21 12:59:58] ✅ Row 55: Deposit accepted — 10.7 at 2015-03-26 09:28:45 (status='Approved')
[2025-08-21 12:59:58] ℹ️ Row 56: type='deposit' dep=True wdr=False status_orig='Approved' canon='approved' amount=15.87 dt='2015-04-02 09:11:01'
[2025-08-21 12:59:58] ✅ Row 56: Deposit accepted — 15.87 at 2015-04-02 09:11:01 (status='Approved')
[2025-08-21 12:59:58] ℹ️ Row 57: type='deposit' dep=True wdr=False status_orig='Approved' canon='approved' amount=16.05 dt='2015-04-05 07:54:43'
[2025-08-21 12:59:58] ✅ Row 57: Deposit accepted — 16.05 at 2015-04-05 07:54:43 (status='Approved')
[2025-08-21 12:59:58] ℹ️ Row 58: type='deposit' dep=True wdr=False status_orig='Approved' canon='approved' amount=15.88 dt='2015-04-07 07:13:22'
[2025-08-21 12:59:58] ✅ Row 58: Deposit accepted — 15.88 at 2015-04-07 07:13:22 (status='Approved')
[2025-08-21 12:59:58] ℹ️ Row 59: type='deposit' dep=True wdr=False status_orig='Rejected' canon='rejected' amount=15.89 dt='2015-04-07 07:42:25'
[2025-08-21 12:59:58] ⚠️ Row 59: Skipped — status not approved: canon='rejected'
[2025-08-21 12:59:58] ℹ️ Row 60: type='deposit' dep=True wdr=False status_orig='Approved' canon='approved' amount=15.89 dt='2015-04-07 07:43:46'
[2025-08-21 12:59:58] ✅ Row 60: Deposit accepted — 15.89 at 2015-04-07 07:43:46 (status='Approved')
[2025-08-21 12:59:58] ℹ️ Row 61: type='deposit' dep=True wdr=False status_orig='Approved' canon='approved' amount=21.19 dt='2015-04-07 07:57:19'
[2025-08-21 12:59:58] ✅ Row 61: Deposit accepted — 21.19 at 2015-04-07 07:57:19 (status='Approved')
[2025-08-21 12:59:58] ℹ️ Row 62: type='deposit' dep=True wdr=False status_orig='Approved' canon='approved' amount=30.67 dt='2015-04-07 08:48:25'
[2025-08-21 12:59:58] ✅ Row 62: Deposit accepted — 30.67 at 2015-04-07 08:48:25 (status='Approved')
[2025-08-21 12:59:58] ℹ️ Row 63: type='deposit' dep=True wdr=False status_orig='Approved' canon='approved' amount=21.18 dt='2015-04-07 11:00:49'
[2025-08-21 12:59:58] ✅ Row 63: Deposit accepted — 21.18 at 2015-04-07 11:00:49 (status='Approved')
[2025-08-21 12:59:58] ℹ️ Row 64: type='deposit' dep=True wdr=False status_orig='Approved' canon='approved' amount=26.45 dt='2015-04-07 11:34:20'
[2025-08-21 12:59:58] ✅ Row 64: Deposit accepted — 26.45 at 2015-04-07 11:34:20 (status='Approved')
[2025-08-21 12:59:58] ℹ️ Row 65: type='deposit' dep=True wdr=False status_orig='Approved' canon='approved' amount=17.67 dt='2015-04-10 02:35:50'
[2025-08-21 12:59:58] ✅ Row 65: Deposit accepted — 17.67 at 2015-04-10 02:35:50 (status='Approved')
[2025-08-21 12:59:58] ℹ️ Row 66: type='deposit' dep=True wdr=False status_orig='Rejected' canon='rejected' amount=15.5 dt='2015-04-12 07:09:13'
[2025-08-21 12:59:58] ⚠️ Row 66: Skipped — status not approved: canon='rejected'
[2025-08-21 12:59:58] ℹ️ Row 67: type='deposit' dep=True wdr=False status_orig='Approved' canon='approved' amount=17.57 dt='2015-04-12 08:06:17'
[2025-08-21 12:59:58] ✅ Row 67: Deposit accepted — 17.57 at 2015-04-12 08:06:17 (status='Approved')
[2025-08-21 12:59:58] ℹ️ Row 68: type='deposit' dep=True wdr=False status_orig='Approved' canon='approved' amount=15.5 dt='2015-04-12 10:07:51'
[2025-08-21 12:59:58] ✅ Row 68: Deposit accepted — 15.5 at 2015-04-12 10:07:51 (status='Approved')
[2025-08-21 12:59:58] ℹ️ Row 69: type='deposit' dep=True wdr=False status_orig='Rejected' canon='rejected' amount=10.33 dt='2015-04-12 10:42:17'
[2025-08-21 12:59:58] ⚠️ Row 69: Skipped — status not approved: canon='rejected'
[2025-08-21 12:59:58] ℹ️ Row 70: type='deposit' dep=True wdr=False status_orig='Approved' canon='approved' amount=15.44 dt='2015-04-13 05:33:54'
[2025-08-21 12:59:58] ✅ Row 70: Deposit accepted — 15.44 at 2015-04-13 05:33:54 (status='Approved')
[2025-08-21 12:59:58] ℹ️ Row 71: type='deposit' dep=True wdr=False status_orig='Approved' canon='approved' amount=10.66 dt='2015-04-15 05:00:00'
[2025-08-21 12:59:58] ✅ Row 71: Deposit accepted — 10.66 at 2015-04-15 05:00:00 (status='Approved')
[2025-08-21 12:59:58] ℹ️ Row 72: type='deposit' dep=True wdr=False status_orig='Rejected' canon='rejected' amount=31.41 dt='2015-04-16 09:12:06'
[2025-08-21 12:59:58] ⚠️ Row 72: Skipped — status not approved: canon='rejected'
[2025-08-21 12:59:58] ℹ️ Row 73: type='deposit' dep=True wdr=False status_orig='Approved' canon='approved' amount=31.38 dt='2015-04-16 09:47:45'
[2025-08-21 12:59:58] ✅ Row 73: Deposit accepted — 31.38 at 2015-04-16 09:47:45 (status='Approved')
[2025-08-21 12:59:58] ℹ️ Row 74: type='deposit' dep=True wdr=False status_orig='Approved' canon='approved' amount=31.38 dt='2015-04-16 10:09:32'
[2025-08-21 12:59:58] ✅ Row 74: Deposit accepted — 31.38 at 2015-04-16 10:09:32 (status='Approved')
[2025-08-21 12:59:58] ℹ️ Row 75: type='deposit' dep=True wdr=False status_orig='Approved' canon='approved' amount=31.65 dt='2015-04-17 16:04:59'
[2025-08-21 12:59:58] ✅ Row 75: Deposit accepted — 31.65 at 2015-04-17 16:04:59 (status='Approved')
[2025-08-21 12:59:58] ℹ️ Row 76: type='deposit' dep=True wdr=False status_orig='Approved' canon='approved' amount=31.61 dt='2015-04-18 06:33:12'
[2025-08-21 12:59:58] ✅ Row 76: Deposit accepted — 31.61 at 2015-04-18 06:33:12 (status='Approved')
[2025-08-21 12:59:58] ℹ️ Row 77: type='deposit' dep=True wdr=False status_orig='Rejected' canon='rejected' amount=31.61 dt='2015-04-18 07:25:57'
[2025-08-21 12:59:58] ⚠️ Row 77: Skipped — status not approved: canon='rejected'
[2025-08-21 12:59:58] ℹ️ Row 78: type='deposit' dep=True wdr=False status_orig='Approved' canon='approved' amount=31.61 dt='2015-04-18 07:46:43'
[2025-08-21 12:59:58] ✅ Row 78: Deposit accepted — 31.61 at 2015-04-18 07:46:43 (status='Approved')
[2025-08-21 12:59:58] ℹ️ Row 79: type='deposit' dep=True wdr=False status_orig='Rejected' canon='rejected' amount=31.61 dt='2015-04-18 08:34:33'
[2025-08-21 12:59:58] ⚠️ Row 79: Skipped — status not approved: canon='rejected'
[2025-08-21 12:59:58] ℹ️ Row 80: type='deposit' dep=True wdr=False status_orig='Rejected' canon='rejected' amount=31.61 dt='2015-04-18 09:42:26'
[2025-08-21 12:59:58] ⚠️ Row 80: Skipped — status not approved: canon='rejected'
[2025-08-21 12:59:58] ℹ️ Row 81: type='deposit' dep=True wdr=False status_orig='Approved' canon='approved' amount=31.61 dt='2015-04-18 10:26:59'
[2025-08-21 12:59:58] ✅ Row 81: Deposit accepted — 31.61 at 2015-04-18 10:26:59 (status='Approved')
[2025-08-21 12:59:58] ℹ️ Row 82: type='deposit' dep=True wdr=False status_orig='Approved' canon='approved' amount=60.07 dt='2015-04-18 12:12:16'
[2025-08-21 12:59:58] ✅ Row 82: Deposit accepted — 60.07 at 2015-04-18 12:12:16 (status='Approved')
[2025-08-21 12:59:58] ℹ️ Row 83: type='deposit' dep=True wdr=False status_orig='Approved' canon='approved' amount=10.53 dt='2015-04-19 12:39:13'
[2025-08-21 12:59:58] ✅ Row 83: Deposit accepted — 10.53 at 2015-04-19 12:39:13 (status='Approved')
[2025-08-21 12:59:58] ℹ️ Row 84: type='deposit' dep=True wdr=False status_orig='Approved' canon='approved' amount=10.47 dt='2015-04-20 07:04:53'
[2025-08-21 12:59:58] ✅ Row 84: Deposit accepted — 10.47 at 2015-04-20 07:04:53 (status='Approved')
[2025-08-21 12:59:58] ℹ️ Row 85: type='deposit' dep=True wdr=False status_orig='Approved' canon='approved' amount=10.44 dt='2015-04-21 09:11:28'
[2025-08-21 12:59:58] ✅ Row 85: Deposit accepted — 10.44 at 2015-04-21 09:11:28 (status='Approved')
[2025-08-21 12:59:58] ℹ️ Row 86: type='deposit' dep=True wdr=False status_orig='Approved' canon='approved' amount=10.47 dt='2015-04-21 14:02:30'
[2025-08-21 12:59:58] ✅ Row 86: Deposit accepted — 10.47 at 2015-04-21 14:02:30 (status='Approved')
[2025-08-21 12:59:58] ℹ️ Row 87: type='deposit' dep=True wdr=False status_orig='Approved' canon='approved' amount=21.01 dt='2015-04-22 04:55:33'
[2025-08-21 12:59:58] ✅ Row 87: Deposit accepted — 21.01 at 2015-04-22 04:55:33 (status='Approved')
[2025-08-21 12:59:58] ℹ️ Row 88: type='deposit' dep=True wdr=False status_orig='Approved' canon='approved' amount=15.9 dt='2015-04-25 04:46:49'
[2025-08-21 12:59:58] ✅ Row 88: Deposit accepted — 15.9 at 2015-04-25 04:46:49 (status='Approved')
[2025-08-21 12:59:58] ℹ️ Row 89: type='deposit' dep=True wdr=False status_orig='Approved' canon='approved' amount=16.39 dt='2015-04-30 05:14:12'
[2025-08-21 12:59:58] ✅ Row 89: Deposit accepted — 16.39 at 2015-04-30 05:14:12 (status='Approved')
[2025-08-21 12:59:58] ℹ️ Row 90: type='deposit' dep=True wdr=False status_orig='Approved' canon='approved' amount=10.91 dt='2015-04-30 12:58:22'
[2025-08-21 12:59:58] ✅ Row 90: Deposit accepted — 10.91 at 2015-04-30 12:58:22 (status='Approved')
[2025-08-21 12:59:58] ℹ️ Row 91: type='deposit' dep=True wdr=False status_orig='Approved' canon='approved' amount=10.86 dt='2015-05-04 14:42:28'
[2025-08-21 12:59:58] ✅ Row 91: Deposit accepted — 10.86 at 2015-05-04 14:42:28 (status='Approved')
[2025-08-21 12:59:58] ℹ️ Row 92: type='deposit' dep=True wdr=False status_orig='Approved' canon='approved' amount=10.99 dt='2015-05-07 13:13:04'
[2025-08-21 12:59:58] ✅ Row 92: Deposit accepted — 10.99 at 2015-05-07 13:13:04 (status='Approved')
[2025-08-21 12:59:58] ℹ️ Row 93: type='deposit' dep=True wdr=False status_orig='Approved' canon='approved' amount=27.35 dt='2015-05-08 06:49:07'
[2025-08-21 12:59:58] ✅ Row 93: Deposit accepted — 27.35 at 2015-05-08 06:49:07 (status='Approved')
[2025-08-21 12:59:58] ℹ️ Row 94: type='deposit' dep=True wdr=False status_orig='Approved' canon='approved' amount=32.77 dt='2015-05-09 04:15:48'
[2025-08-21 12:59:58] ✅ Row 94: Deposit accepted — 32.77 at 2015-05-09 04:15:48 (status='Approved')
[2025-08-21 12:59:58] ℹ️ Row 95: type='deposit' dep=True wdr=False status_orig='Approved' canon='approved' amount=10.92 dt='2015-05-09 09:51:35'
[2025-08-21 12:59:58] ✅ Row 95: Deposit accepted — 10.92 at 2015-05-09 09:51:35 (status='Approved')
[2025-08-21 12:59:58] ℹ️ Row 96: type='deposit' dep=True wdr=False status_orig='Approved' canon='approved' amount=11.16 dt='2015-05-16 14:11:54'
[2025-08-21 12:59:58] ✅ Row 96: Deposit accepted — 11.16 at 2015-05-16 14:11:54 (status='Approved')
[2025-08-21 12:59:58] ℹ️ Row 97: type='deposit' dep=True wdr=False status_orig='Approved' canon='approved' amount=10.73 dt='2015-05-24 14:47:37'
[2025-08-21 12:59:58] ✅ Row 97: Deposit accepted — 10.73 at 2015-05-24 14:47:37 (status='Approved')
[2025-08-21 12:59:58] ℹ️ Row 98: type='deposit' dep=True wdr=False status_orig='Approved' canon='approved' amount=10.65 dt='2015-06-01 10:34:04'
[2025-08-21 12:59:58] ✅ Row 98: Deposit accepted — 10.65 at 2015-06-01 10:34:04 (status='Approved')
[2025-08-21 12:59:58] ℹ️ Row 99: type='deposit' dep=True wdr=False status_orig='Rejected' canon='rejected' amount=10.98 dt='2015-06-05 05:07:54'
[2025-08-21 12:59:58] ⚠️ Row 99: Skipped — status not approved: canon='rejected'
[2025-08-21 12:59:58] ℹ️ Row 100: type='deposit' dep=True wdr=False status_orig='Approved' canon='approved' amount=13.17 dt='2015-06-05 05:41:16'
[2025-08-21 12:59:58] ✅ Row 100: Deposit accepted — 13.17 at 2015-06-05 05:41:16 (status='Approved')
[2025-08-21 12:59:58] ℹ️ Row 101: type='deposit' dep=True wdr=False status_orig='Rejected' canon='rejected' amount=10.83 dt='2015-06-06 15:05:53'
[2025-08-21 12:59:58] ⚠️ Row 101: Skipped — status not approved: canon='rejected'
[2025-08-21 12:59:58] ℹ️ Row 102: type='deposit' dep=True wdr=False status_orig='Approved' canon='approved' amount=10.83 dt='2015-06-06 15:43:22'
[2025-08-21 12:59:58] ✅ Row 102: Deposit accepted — 10.83 at 2015-06-06 15:43:22 (status='Approved')
[2025-08-21 12:59:58] ℹ️ Row 103: type='deposit' dep=True wdr=False status_orig='Approved' canon='approved' amount=10.98 dt='2015-06-12 15:16:13'
[2025-08-21 12:59:58] ✅ Row 103: Deposit accepted — 10.98 at 2015-06-12 15:16:13 (status='Approved')
[2025-08-21 12:59:58] ℹ️ Row 104: type='deposit' dep=True wdr=False status_orig='Approved' canon='approved' amount=10.98 dt='2015-06-13 14:58:42'
[2025-08-21 12:59:58] ✅ Row 104: Deposit accepted — 10.98 at 2015-06-13 14:58:42 (status='Approved')
[2025-08-21 12:59:58] ℹ️ Row 105: type='deposit' dep=True wdr=False status_orig='Approved' canon='approved' amount=11.07 dt='2015-06-21 10:49:06'
[2025-08-21 12:59:58] ✅ Row 105: Deposit accepted — 11.07 at 2015-06-21 10:49:06 (status='Approved')
[2025-08-21 12:59:58] ℹ️ Row 106: type='deposit' dep=True wdr=False status_orig='Approved' canon='approved' amount=10.6 dt='2015-07-16 14:47:05'
[2025-08-21 12:59:58] ✅ Row 106: Deposit accepted — 10.6 at 2015-07-16 14:47:05 (status='Approved')
[2025-08-21 12:59:58] ℹ️ Row 107: type='deposit' dep=True wdr=False status_orig='Approved' canon='approved' amount=31.89 dt='2015-07-17 03:50:24'
[2025-08-21 12:59:58] ✅ Row 107: Deposit accepted — 31.89 at 2015-07-17 03:50:24 (status='Approved')
[2025-08-21 12:59:58] ℹ️ Row 108: type='deposit' dep=True wdr=False status_orig='Approved' canon='approved' amount=15.93 dt='2015-07-17 05:17:52'
[2025-08-21 12:59:58] ✅ Row 108: Deposit accepted — 15.93 at 2015-07-17 05:17:52 (status='Approved')
[2025-08-21 12:59:58] ℹ️ Row 109: type='deposit' dep=True wdr=False status_orig='Approved' canon='approved' amount=26.96 dt='2015-07-28 04:52:46'
[2025-08-21 12:59:58] ✅ Row 109: Deposit accepted — 26.96 at 2015-07-28 04:52:46 (status='Approved')
[2025-08-21 12:59:58] ℹ️ Row 110: type='deposit' dep=True wdr=False status_orig='Approved' canon='approved' amount=10.83 dt='2015-08-16 04:41:55'
[2025-08-21 12:59:58] ✅ Row 110: Deposit accepted — 10.83 at 2015-08-16 04:41:55 (status='Approved')
[2025-08-21 12:59:58] ℹ️ Row 111: type='deposit' dep=True wdr=False status_orig='Approved' canon='approved' amount=11.09 dt='2015-08-26 12:29:05'
[2025-08-21 12:59:58] ✅ Row 111: Deposit accepted — 11.09 at 2015-08-26 12:29:05 (status='Approved')
[2025-08-21 12:59:58] ℹ️ Row 112: type='deposit' dep=True wdr=False status_orig='Approved' canon='approved' amount=18.53 dt='2015-08-29 05:40:40'
[2025-08-21 12:59:58] ✅ Row 112: Deposit accepted — 18.53 at 2015-08-29 05:40:40 (status='Approved')
[2025-08-21 12:59:58] ℹ️ Row 113: type='deposit' dep=True wdr=False status_orig='Approved' canon='approved' amount=10.9 dt='2015-08-30 14:22:59'
[2025-08-21 12:59:58] ✅ Row 113: Deposit accepted — 10.9 at 2015-08-30 14:22:59 (status='Approved')
[2025-08-21 12:59:58] ℹ️ Row 114: type='deposit' dep=True wdr=False status_orig='Approved' canon='approved' amount=21.94 dt='2015-09-01 08:57:50'
[2025-08-21 12:59:58] ✅ Row 114: Deposit accepted — 21.94 at 2015-09-01 08:57:50 (status='Approved')
[2025-08-21 12:59:58] ℹ️ Row 115: type='deposit' dep=True wdr=False status_orig='Approved' canon='approved' amount=14.99 dt='2015-09-08 10:37:45'
[2025-08-21 12:59:58] ✅ Row 115: Deposit accepted — 14.99 at 2015-09-08 10:37:45 (status='Approved')
[2025-08-21 12:59:58] ℹ️ Row 116: type='deposit' dep=True wdr=False status_orig='Approved' canon='approved' amount=10.92 dt='2015-09-09 16:11:29'
[2025-08-21 12:59:59] ✅ Row 116: Deposit accepted — 10.92 at 2015-09-09 16:11:29 (status='Approved')
[2025-08-21 12:59:59] ℹ️ Row 117: type='deposit' dep=True wdr=False status_orig='Approved' canon='approved' amount=10.91 dt='2015-09-10 06:48:35'
[2025-08-21 12:59:59] ✅ Row 117: Deposit accepted — 10.91 at 2015-09-10 06:48:35 (status='Approved')
[2025-08-21 12:59:59] ℹ️ Row 118: type='deposit' dep=True wdr=False status_orig='Approved' canon='approved' amount=10.92 dt='2015-09-10 10:01:40'
[2025-08-21 12:59:59] ✅ Row 118: Deposit accepted — 10.92 at 2015-09-10 10:01:40 (status='Approved')
[2025-08-21 12:59:59] ℹ️ Row 119: type='deposit' dep=True wdr=False status_orig='Approved' canon='approved' amount=16.59 dt='2015-09-11 14:30:23'
[2025-08-21 12:59:59] ✅ Row 119: Deposit accepted — 16.59 at 2015-09-11 14:30:23 (status='Approved')
[2025-08-21 12:59:59] ℹ️ Row 120: type='deposit' dep=True wdr=False status_orig='Approved' canon='approved' amount=13.24 dt='2015-09-17 07:29:34'
[2025-08-21 12:59:59] ✅ Row 120: Deposit accepted — 13.24 at 2015-09-17 07:29:34 (status='Approved')
[2025-08-21 12:59:59] ℹ️ Row 121: type='deposit' dep=True wdr=False status_orig='Approved' canon='approved' amount=16.56 dt='2015-09-17 09:20:07'
[2025-08-21 12:59:59] ✅ Row 121: Deposit accepted — 16.56 at 2015-09-17 09:20:07 (status='Approved')
[2025-08-21 12:59:59] ℹ️ Row 122: type='deposit' dep=True wdr=False status_orig='Approved' canon='approved' amount=11.05 dt='2015-09-17 14:10:25'
[2025-08-21 12:59:59] ✅ Row 122: Deposit accepted — 11.05 at 2015-09-17 14:10:25 (status='Approved')
[2025-08-21 12:59:59] ℹ️ Row 123: type='deposit' dep=True wdr=False status_orig='Rejected' canon='rejected' amount=11.02 dt='2015-09-19 13:53:32'
[2025-08-21 12:59:59] ⚠️ Row 123: Skipped — status not approved: canon='rejected'
[2025-08-21 12:59:59] ℹ️ Row 124: type='deposit' dep=True wdr=False status_orig='Approved' canon='approved' amount=15.28 dt='2015-09-26 04:26:34'
[2025-08-21 12:59:59] ✅ Row 124: Deposit accepted — 15.28 at 2015-09-26 04:26:34 (status='Approved')
[2025-08-21 12:59:59] ℹ️ Row 125: type='deposit' dep=True wdr=False status_orig='Approved' canon='approved' amount=10.91 dt='2015-09-27 14:21:32'
[2025-08-21 12:59:59] ✅ Row 125: Deposit accepted — 10.91 at 2015-09-27 14:21:32 (status='Approved')
[2025-08-21 12:59:59] ℹ️ Row 126: type='deposit' dep=True wdr=False status_orig='Rejected' canon='rejected' amount=10.88 dt='2015-10-02 05:21:32'
[2025-08-21 12:59:59] ⚠️ Row 126: Skipped — status not approved: canon='rejected'
[2025-08-21 12:59:59] ℹ️ Row 127: type='deposit' dep=True wdr=False status_orig='Approved' canon='approved' amount=32.66 dt='2015-10-02 05:46:56'
[2025-08-21 12:59:59] ✅ Row 127: Deposit accepted — 32.66 at 2015-10-02 05:46:56 (status='Approved')
[2025-08-21 12:59:59] ℹ️ Row 128: type='deposit' dep=True wdr=False status_orig='Approved' canon='approved' amount=11.07 dt='2015-10-10 09:45:40'
[2025-08-21 12:59:59] ✅ Row 128: Deposit accepted — 11.07 at 2015-10-10 09:45:40 (status='Approved')
[2025-08-21 12:59:59] ℹ️ Row 129: type='deposit' dep=True wdr=False status_orig='Approved' canon='approved' amount=15.0 dt='2015-10-18 08:00:53'
[2025-08-21 12:59:59] ✅ Row 129: Deposit accepted — 15.0 at 2015-10-18 08:00:53 (status='Approved')
[2025-08-21 12:59:59] ℹ️ Row 130: type='deposit' dep=True wdr=False status_orig='Approved' canon='approved' amount=10.83 dt='2015-10-22 16:24:12'
[2025-08-21 12:59:59] ✅ Row 130: Deposit accepted — 10.83 at 2015-10-22 16:24:12 (status='Approved')
[2025-08-21 12:59:59] ℹ️ Row 131: type='deposit' dep=True wdr=False status_orig='Approved' canon='approved' amount=10.75 dt='2015-10-23 11:11:52'
[2025-08-21 12:59:59] ✅ Row 131: Deposit accepted — 10.75 at 2015-10-23 11:11:52 (status='Approved')
[2025-08-21 12:59:59] ℹ️ Row 132: type='deposit' dep=True wdr=False status_orig='Approved' canon='approved' amount=11.01 dt='2015-10-28 15:35:16'
[2025-08-21 12:59:59] ✅ Row 132: Deposit accepted — 11.01 at 2015-10-28 15:35:16 (status='Approved')
[2025-08-21 12:59:59] ℹ️ Row 133: type='deposit' dep=True wdr=False status_orig='Approved' canon='approved' amount=10.73 dt='2015-10-30 09:37:35'
[2025-08-21 12:59:59] ✅ Row 133: Deposit accepted — 10.73 at 2015-10-30 09:37:35 (status='Approved')
[2025-08-21 12:59:59] ℹ️ Row 134: type='deposit' dep=True wdr=False status_orig='Approved' canon='approved' amount=10.71 dt='2015-10-30 16:29:27'
[2025-08-21 12:59:59] ✅ Row 134: Deposit accepted — 10.71 at 2015-10-30 16:29:27 (status='Approved')
[2025-08-21 12:59:59] ℹ️ Row 135: type='deposit' dep=True wdr=False status_orig='Rejected' canon='rejected' amount=12.91 dt='2015-11-05 02:28:24'
[2025-08-21 12:59:59] ⚠️ Row 135: Skipped — status not approved: canon='rejected'
[2025-08-21 12:59:59] ℹ️ Row 136: type='deposit' dep=True wdr=False status_orig='Approved' canon='approved' amount=12.9 dt='2015-11-05 02:49:10'
[2025-08-21 12:59:59] ✅ Row 136: Deposit accepted — 12.9 at 2015-11-05 02:49:10 (status='Approved')
[2025-08-21 12:59:59] ℹ️ Row 137: type='deposit' dep=True wdr=False status_orig='Approved' canon='approved' amount=20.94 dt='2015-11-06 16:24:01'
[2025-08-21 12:59:59] ✅ Row 137: Deposit accepted — 20.94 at 2015-11-06 16:24:01 (status='Approved')
[2025-08-21 12:59:59] ℹ️ Row 138: type='deposit' dep=True wdr=False status_orig='Approved' canon='approved' amount=11.54 dt='2015-11-09 15:27:08'
[2025-08-21 12:59:59] ✅ Row 138: Deposit accepted — 11.54 at 2015-11-09 15:27:08 (status='Approved')
[2025-08-21 12:59:59] ℹ️ Row 139: type='deposit' dep=True wdr=False status_orig='Approved' canon='approved' amount=10.46 dt='2015-11-11 08:50:11'
[2025-08-21 12:59:59] ✅ Row 139: Deposit accepted — 10.46 at 2015-11-11 08:50:11 (status='Approved')
[2025-08-21 12:59:59] ℹ️ Row 140: type='deposit' dep=True wdr=False status_orig='Approved' canon='approved' amount=10.44 dt='2015-11-19 10:44:09'
[2025-08-21 12:59:59] ✅ Row 140: Deposit accepted — 10.44 at 2015-11-19 10:44:09 (status='Approved')
[2025-08-21 12:59:59] ℹ️ Row 141: type='deposit' dep=True wdr=False status_orig='Approved' canon='approved' amount=10.38 dt='2015-11-21 08:07:13'
[2025-08-21 12:59:59] ✅ Row 141: Deposit accepted — 10.38 at 2015-11-21 08:07:13 (status='Approved')
[2025-08-21 12:59:59] ℹ️ Row 142: type='deposit' dep=True wdr=False status_orig='Approved' canon='approved' amount=14.64 dt='2015-11-27 09:08:15'
[2025-08-21 12:59:59] ✅ Row 142: Deposit accepted — 14.64 at 2015-11-27 09:08:15 (status='Approved')
[2025-08-21 12:59:59] ℹ️ Row 143: type='deposit' dep=True wdr=False status_orig='Approved' canon='approved' amount=25.77 dt='2015-12-02 10:14:25'
[2025-08-21 12:59:59] ✅ Row 143: Deposit accepted — 25.77 at 2015-12-02 10:14:25 (status='Approved')
[2025-08-21 12:59:59] ℹ️ Row 144: type='deposit' dep=True wdr=False status_orig='Approved' canon='approved' amount=10.57 dt='2015-12-08 06:31:35'
[2025-08-21 12:59:59] ✅ Row 144: Deposit accepted — 10.57 at 2015-12-08 06:31:35 (status='Approved')
[2025-08-21 12:59:59] ℹ️ Row 145: type='deposit' dep=True wdr=False status_orig='Approved' canon='approved' amount=10.67 dt='2015-12-24 04:10:07'
[2025-08-21 12:59:59] ✅ Row 145: Deposit accepted — 10.67 at 2015-12-24 04:10:07 (status='Approved')
[2025-08-21 12:59:59] ℹ️ Row 146: type='deposit' dep=True wdr=False status_orig='Approved' canon='approved' amount=10.7 dt='2015-12-26 07:36:01'
[2025-08-21 12:59:59] ✅ Row 146: Deposit accepted — 10.7 at 2015-12-26 07:36:01 (status='Approved')
[2025-08-21 12:59:59] ℹ️ Row 147: type='deposit' dep=True wdr=False status_orig='Approved' canon='approved' amount=15.88 dt='2016-01-02 15:13:50'
[2025-08-21 12:59:59] ✅ Row 147: Deposit accepted — 15.88 at 2016-01-02 15:13:50 (status='Approved')
[2025-08-21 12:59:59] ℹ️ Row 148: type='deposit' dep=True wdr=False status_orig='Rejected' canon='rejected' amount=31.95 dt='2016-01-09 07:23:04'
[2025-08-21 12:59:59] ⚠️ Row 148: Skipped — status not approved: canon='rejected'
[2025-08-21 12:59:59] ℹ️ Row 149: type='deposit' dep=True wdr=False status_orig='Rejected' canon='rejected' amount=31.95 dt='2016-01-09 07:24:32'
[2025-08-21 12:59:59] ⚠️ Row 149: Skipped — status not approved: canon='rejected'
[2025-08-21 12:59:59] ℹ️ Row 150: type='deposit' dep=True wdr=False status_orig='Approved' canon='approved' amount=31.95 dt='2016-01-09 07:27:06'
[2025-08-21 12:59:59] ✅ Row 150: Deposit accepted — 31.95 at 2016-01-09 07:27:06 (status='Approved')
[2025-08-21 12:59:59] ℹ️ Row 151: type='deposit' dep=True wdr=False status_orig='Rejected' canon='rejected' amount=15.97 dt='2016-01-09 13:54:03'
[2025-08-21 12:59:59] ⚠️ Row 151: Skipped — status not approved: canon='rejected'
[2025-08-21 12:59:59] ℹ️ Row 152: type='deposit' dep=True wdr=False status_orig='Approved' canon='approved' amount=15.97 dt='2016-01-09 13:54:58'
[2025-08-21 12:59:59] ✅ Row 152: Deposit accepted — 15.97 at 2016-01-09 13:54:58 (status='Approved')
[2025-08-21 12:59:59] ℹ️ Row 153: type='deposit' dep=True wdr=False status_orig='Approved' canon='approved' amount=10.65 dt='2016-01-09 14:28:59'
[2025-08-21 12:59:59] ✅ Row 153: Deposit accepted — 10.65 at 2016-01-09 14:28:59 (status='Approved')
[2025-08-21 12:59:59] ℹ️ Row 154: type='deposit' dep=True wdr=False status_orig='Approved' canon='approved' amount=10.65 dt='2016-01-09 14:41:08'
[2025-08-21 12:59:59] ✅ Row 154: Deposit accepted — 10.65 at 2016-01-09 14:41:08 (status='Approved')
[2025-08-21 12:59:59] ℹ️ Row 155: type='deposit' dep=True wdr=False status_orig='Approved' canon='approved' amount=10.65 dt='2016-01-10 06:21:30'
[2025-08-21 12:59:59] ✅ Row 155: Deposit accepted — 10.65 at 2016-01-10 06:21:30 (status='Approved')
[2025-08-21 12:59:59] ℹ️ Row 156: type='deposit' dep=True wdr=False status_orig='Approved' canon='approved' amount=10.65 dt='2016-01-10 07:23:05'
[2025-08-21 12:59:59] ✅ Row 156: Deposit accepted — 10.65 at 2016-01-10 07:23:05 (status='Approved')
[2025-08-21 12:59:59] ℹ️ Row 157: type='deposit' dep=True wdr=False status_orig='Rejected' canon='rejected' amount=11.11 dt='2016-01-11 08:30:55'
[2025-08-21 12:59:59] ⚠️ Row 157: Skipped — status not approved: canon='rejected'
[2025-08-21 12:59:59] ℹ️ Row 158: type='deposit' dep=True wdr=False status_orig='Approved' canon='approved' amount=10.63 dt='2016-01-11 08:31:43'
[2025-08-21 12:59:59] ✅ Row 158: Deposit accepted — 10.63 at 2016-01-11 08:31:43 (status='Approved')
[2025-08-21 12:59:59] ℹ️ Row 159: type='deposit' dep=True wdr=False status_orig='Approved' canon='approved' amount=10.58 dt='2016-01-12 07:12:23'
[2025-08-21 12:59:59] ✅ Row 159: Deposit accepted — 10.58 at 2016-01-12 07:12:23 (status='Approved')
[2025-08-21 12:59:59] ℹ️ Row 160: type='deposit' dep=True wdr=False status_orig='Rejected' canon='rejected' amount=10.57 dt='2016-01-12 07:54:57'
[2025-08-21 12:59:59] ⚠️ Row 160: Skipped — status not approved: canon='rejected'
[2025-08-21 12:59:59] ℹ️ Row 161: type='deposit' dep=True wdr=False status_orig='Approved' canon='approved' amount=10.57 dt='2016-01-12 07:55:29'
[2025-08-21 12:59:59] ✅ Row 161: Deposit accepted — 10.57 at 2016-01-12 07:55:29 (status='Approved')
[2025-08-21 12:59:59] ℹ️ Row 162: type='deposit' dep=True wdr=False status_orig='Rejected' canon='rejected' amount=15.87 dt='2016-01-12 09:28:46'
[2025-08-21 12:59:59] ⚠️ Row 162: Skipped — status not approved: canon='rejected'
[2025-08-21 12:59:59] ℹ️ Row 163: type='deposit' dep=True wdr=False status_orig='Approved' canon='approved' amount=15.87 dt='2016-01-12 09:29:13'
[2025-08-21 12:59:59] ✅ Row 163: Deposit accepted — 15.87 at 2016-01-12 09:29:13 (status='Approved')
[2025-08-21 12:59:59] ℹ️ Row 164: type='deposit' dep=True wdr=False status_orig='Rejected' canon='rejected' amount=10.55 dt='2016-01-13 09:50:26'
[2025-08-21 12:59:59] ⚠️ Row 164: Skipped — status not approved: canon='rejected'
[2025-08-21 12:59:59] ℹ️ Row 165: type='deposit' dep=True wdr=False status_orig='Approved' canon='approved' amount=11.04 dt='2016-01-14 08:02:04'
[2025-08-21 12:59:59] ✅ Row 165: Deposit accepted — 11.04 at 2016-01-14 08:02:04 (status='Approved')
[2025-08-21 12:59:59] ℹ️ Row 166: type='deposit' dep=True wdr=False status_orig='Approved' canon='approved' amount=11.14 dt='2016-01-14 08:58:05'
[2025-08-21 12:59:59] ✅ Row 166: Deposit accepted — 11.14 at 2016-01-14 08:58:05 (status='Approved')
[2025-08-21 12:59:59] ℹ️ Row 167: type='deposit' dep=True wdr=False status_orig='Rejected' canon='rejected' amount=10.9 dt='2016-01-15 14:59:11'
[2025-08-21 12:59:59] ⚠️ Row 167: Skipped — status not approved: canon='rejected'
[2025-08-21 12:59:59] ℹ️ Row 168: type='deposit' dep=True wdr=False status_orig='Approved' canon='approved' amount=10.9 dt='2016-01-15 14:59:46'
[2025-08-21 12:59:59] ✅ Row 168: Deposit accepted — 10.9 at 2016-01-15 14:59:46 (status='Approved')
[2025-08-21 12:59:59] ℹ️ Row 169: type='deposit' dep=True wdr=False status_orig='Rejected' canon='rejected' amount=11.0 dt='2016-01-16 07:44:55'
[2025-08-21 12:59:59] ⚠️ Row 169: Skipped — status not approved: canon='rejected'
[2025-08-21 12:59:59] ℹ️ Row 170: type='deposit' dep=True wdr=False status_orig='Approved' canon='approved' amount=11.0 dt='2016-01-16 07:45:26'
[2025-08-21 12:59:59] ✅ Row 170: Deposit accepted — 11.0 at 2016-01-16 07:45:26 (status='Approved')
[2025-08-21 12:59:59] ℹ️ Row 171: type='deposit' dep=True wdr=False status_orig='Approved' canon='approved' amount=10.64 dt='2016-01-16 09:15:05'
[2025-08-21 12:59:59] ✅ Row 171: Deposit accepted — 10.64 at 2016-01-16 09:15:05 (status='Approved')
[2025-08-21 12:59:59] ℹ️ Row 172: type='deposit' dep=True wdr=False status_orig='Approved' canon='approved' amount=21.28 dt='2016-01-16 09:18:43'
[2025-08-21 12:59:59] ✅ Row 172: Deposit accepted — 21.28 at 2016-01-16 09:18:43 (status='Approved')
[2025-08-21 12:59:59] ℹ️ Row 173: type='deposit' dep=True wdr=False status_orig='Approved' canon='approved' amount=15.2 dt='2016-01-20 11:18:53'
[2025-08-21 12:59:59] ✅ Row 173: Deposit accepted — 15.2 at 2016-01-20 11:18:53 (status='Approved')
[2025-08-21 12:59:59] ℹ️ Row 174: type='deposit' dep=True wdr=False status_orig='Rejected' canon='rejected' amount=31.58 dt='2016-01-22 17:13:03'
[2025-08-21 12:59:59] ⚠️ Row 174: Skipped — status not approved: canon='rejected'
[2025-08-21 12:59:59] ℹ️ Row 175: type='deposit' dep=True wdr=False status_orig='Approved' canon='approved' amount=31.58 dt='2016-01-22 17:24:35'
[2025-08-21 12:59:59] ✅ Row 175: Deposit accepted — 31.58 at 2016-01-22 17:24:35 (status='Approved')
[2025-08-21 12:59:59] ℹ️ Row 176: type='deposit' dep=True wdr=False status_orig='Approved' canon='approved' amount=42.11 dt='2016-01-22 19:13:28'
[2025-08-21 12:59:59] ✅ Row 176: Deposit accepted — 42.11 at 2016-01-22 19:13:28 (status='Approved')
[2025-08-21 12:59:59] ℹ️ Row 177: type='deposit' dep=True wdr=False status_orig='Approved' canon='approved' amount=105.28 dt='2016-01-23 09:01:44'
[2025-08-21 12:59:59] ✅ Row 177: Deposit accepted — 105.28 at 2016-01-23 09:01:44 (status='Approved')
[2025-08-21 12:59:59] ℹ️ Row 178: type='deposit' dep=True wdr=False status_orig='Approved' canon='approved' amount=73.69 dt='2016-01-23 09:21:36'
[2025-08-21 12:59:59] ✅ Row 178: Deposit accepted — 73.69 at 2016-01-23 09:21:36 (status='Approved')
[2025-08-21 12:59:59] ℹ️ Row 179: type='deposit' dep=True wdr=False status_orig='Approved' canon='approved' amount=12.51 dt='2016-02-01 08:00:40'
[2025-08-21 12:59:59] ✅ Row 179: Deposit accepted — 12.51 at 2016-02-01 08:00:40 (status='Approved')
[2025-08-21 12:59:59] ℹ️ Row 180: type='deposit' dep=True wdr=False status_orig='Approved' canon='approved' amount=12.52 dt='2016-02-01 11:54:57'
[2025-08-21 12:59:59] ✅ Row 180: Deposit accepted — 12.52 at 2016-02-01 11:54:57 (status='Approved')
[2025-08-21 12:59:59] ℹ️ Row 181: type='deposit' dep=True wdr=False status_orig='Rejected' canon='rejected' amount=12.53 dt='2016-02-01 14:27:45'
[2025-08-21 12:59:59] ⚠️ Row 181: Skipped — status not approved: canon='rejected'
[2025-08-21 12:59:59] ℹ️ Row 182: type='deposit' dep=True wdr=False status_orig='Approved' canon='approved' amount=12.53 dt='2016-02-01 14:34:57'
[2025-08-21 12:59:59] ✅ Row 182: Deposit accepted — 12.53 at 2016-02-01 14:34:57 (status='Approved')
[2025-08-21 12:59:59] ℹ️ Row 183: type='deposit' dep=True wdr=False status_orig='Approved' canon='approved' amount=25.0 dt='2016-02-26 04:11:34'
[2025-08-21 12:59:59] ✅ Row 183: Deposit accepted — 25.0 at 2016-02-26 04:11:34 (status='Approved')
[2025-08-21 12:59:59] ℹ️ Row 184: type='deposit' dep=True wdr=False status_orig='Approved' canon='approved' amount=12.02 dt='2016-03-05 06:10:44'
[2025-08-21 12:59:59] ✅ Row 184: Deposit accepted — 12.02 at 2016-03-05 06:10:44 (status='Approved')
[2025-08-21 12:59:59] ℹ️ Row 185: type='deposit' dep=True wdr=False status_orig='Approved' canon='approved' amount=32.03 dt='2016-03-07 10:18:17'
[2025-08-21 12:59:59] ✅ Row 185: Deposit accepted — 32.03 at 2016-03-07 10:18:17 (status='Approved')
[2025-08-21 12:59:59] ℹ️ Row 186: type='deposit' dep=True wdr=False status_orig='Approved' canon='approved' amount=13.0 dt='2016-03-18 15:34:53'
[2025-08-21 12:59:59] ✅ Row 186: Deposit accepted — 13.0 at 2016-03-18 15:34:53 (status='Approved')
[2025-08-21 12:59:59] ℹ️ Row 187: type='deposit' dep=True wdr=False status_orig='Approved' canon='approved' amount=51.17 dt='2016-03-26 14:38:42'
[2025-08-21 12:59:59] ✅ Row 187: Deposit accepted — 51.17 at 2016-03-26 14:38:42 (status='Approved')
[2025-08-21 12:59:59] ℹ️ Row 188: type='deposit' dep=True wdr=False status_orig='Rejected' canon='rejected' amount=11.11 dt='2016-04-04 08:52:27'
[2025-08-21 12:59:59] ⚠️ Row 188: Skipped — status not approved: canon='rejected'
[2025-08-21 12:59:59] ℹ️ Row 189: type='deposit' dep=True wdr=False status_orig='Rejected' canon='rejected' amount=11.11 dt='2016-04-04 08:53:03'
[2025-08-21 12:59:59] ⚠️ Row 189: Skipped — status not approved: canon='rejected'
[2025-08-21 12:59:59] ℹ️ Row 190: type='deposit' dep=True wdr=False status_orig='Approved' canon='approved' amount=11.11 dt='2016-04-04 08:54:34'
[2025-08-21 12:59:59] ✅ Row 190: Deposit accepted — 11.11 at 2016-04-04 08:54:34 (status='Approved')
[2025-08-21 12:59:59] ℹ️ Row 191: type='deposit' dep=True wdr=False status_orig='Approved' canon='approved' amount=11.11 dt='2016-04-04 09:36:23'
[2025-08-21 12:59:59] ✅ Row 191: Deposit accepted — 11.11 at 2016-04-04 09:36:23 (status='Approved')
[2025-08-21 12:59:59] ℹ️ Row 192: type='deposit' dep=True wdr=False status_orig='Approved' canon='approved' amount=35.39 dt='2016-04-06 08:21:56'
[2025-08-21 12:59:59] ✅ Row 192: Deposit accepted — 35.39 at 2016-04-06 08:21:56 (status='Approved')
[2025-08-21 12:59:59] ℹ️ Row 193: type='deposit' dep=True wdr=False status_orig='Approved' canon='approved' amount=11.06 dt='2016-04-06 08:48:21'
[2025-08-21 12:59:59] ✅ Row 193: Deposit accepted — 11.06 at 2016-04-06 08:48:21 (status='Approved')
[2025-08-21 12:59:59] ℹ️ Row 194: type='deposit' dep=True wdr=False status_orig='Approved' canon='approved' amount=20.05 dt='2016-04-06 12:52:00'
[2025-08-21 12:59:59] ✅ Row 194: Deposit accepted — 20.05 at 2016-04-06 12:52:00 (status='Approved')
[2025-08-21 12:59:59] ℹ️ Row 195: type='deposit' dep=True wdr=False status_orig='Approved' canon='approved' amount=16.62 dt='2016-04-07 04:41:17'
[2025-08-21 12:59:59] ✅ Row 195: Deposit accepted — 16.62 at 2016-04-07 04:41:17 (status='Approved')
[2025-08-21 12:59:59] ℹ️ Row 196: type='deposit' dep=True wdr=False status_orig='Rejected' canon='rejected' amount=10.98 dt='2016-04-15 03:54:32'
[2025-08-21 12:59:59] ⚠️ Row 196: Skipped — status not approved: canon='rejected'
[2025-08-21 12:59:59] ℹ️ Row 197: type='deposit' dep=True wdr=False status_orig='Rejected' canon='rejected' amount=27.48 dt='2016-04-15 09:07:29'
[2025-08-21 12:59:59] ⚠️ Row 197: Skipped — status not approved: canon='rejected'
[2025-08-21 12:59:59] ℹ️ Row 198: type='deposit' dep=True wdr=False status_orig='Approved' canon='approved' amount=27.48 dt='2016-04-15 09:09:28'
[2025-08-21 12:59:59] ✅ Row 198: Deposit accepted — 27.48 at 2016-04-15 09:09:28 (status='Approved')
[2025-08-21 12:59:59] ℹ️ Row 199: type='deposit' dep=True wdr=False status_orig='Approved' canon='approved' amount=26.43 dt='2016-04-15 13:10:09'
[2025-08-21 12:59:59] ✅ Row 199: Deposit accepted — 26.43 at 2016-04-15 13:10:09 (status='Approved')
[2025-08-21 12:59:59] ℹ️ Row 200: type='deposit' dep=True wdr=False status_orig='Approved' canon='approved' amount=27.5 dt='2016-04-18 02:22:03'
[2025-08-21 12:59:59] ✅ Row 200: Deposit accepted — 27.5 at 2016-04-18 02:22:03 (status='Approved')
[2025-08-21 12:59:59] ℹ️ Row 201: type='deposit' dep=True wdr=False status_orig='Approved' canon='approved' amount=15.52 dt='2016-04-19 13:09:49'
[2025-08-21 12:59:59] ✅ Row 201: Deposit accepted — 15.52 at 2016-04-19 13:09:49 (status='Approved')
[2025-08-21 12:59:59] ℹ️ Row 202: type='deposit' dep=True wdr=False status_orig='Approved' canon='approved' amount=23.11 dt='2016-04-26 14:06:33'
[2025-08-21 12:59:59] ✅ Row 202: Deposit accepted — 23.11 at 2016-04-26 14:06:33 (status='Approved')
[2025-08-21 12:59:59] ℹ️ Row 203: type='deposit' dep=True wdr=False status_orig='Approved' canon='approved' amount=18.71 dt='2016-04-26 14:42:51'
[2025-08-21 12:59:59] ✅ Row 203: Deposit accepted — 18.71 at 2016-04-26 14:42:51 (status='Approved')
[2025-08-21 12:59:59] ℹ️ Row 204: type='deposit' dep=True wdr=False status_orig='Approved' canon='approved' amount=11.02 dt='2016-04-27 05:32:26'
[2025-08-21 12:59:59] ✅ Row 204: Deposit accepted — 11.02 at 2016-04-27 05:32:26 (status='Approved')
[2025-08-21 12:59:59] ℹ️ Row 205: type='deposit' dep=True wdr=False status_orig='Approved' canon='approved' amount=19.96 dt='2016-04-27 06:34:28'
[2025-08-21 12:59:59] ✅ Row 205: Deposit accepted — 19.96 at 2016-04-27 06:34:28 (status='Approved')
[2025-08-21 12:59:59] ℹ️ Row 206: type='deposit' dep=True wdr=False status_orig='Approved' canon='approved' amount=27.91 dt='2016-04-30 07:57:47'
[2025-08-21 12:59:59] ✅ Row 206: Deposit accepted — 27.91 at 2016-04-30 07:57:47 (status='Approved')
[2025-08-21 12:59:59] ℹ️ Row 207: type='deposit' dep=True wdr=False status_orig='Approved' canon='approved' amount=23.44 dt='2016-04-30 15:18:23'
[2025-08-21 12:59:59] ✅ Row 207: Deposit accepted — 23.44 at 2016-04-30 15:18:23 (status='Approved')
[2025-08-21 12:59:59] ℹ️ Row 208: type='deposit' dep=True wdr=False status_orig='Approved' canon='approved' amount=22.24 dt='2016-05-08 06:08:45'
[2025-08-21 12:59:59] ✅ Row 208: Deposit accepted — 22.24 at 2016-05-08 06:08:45 (status='Approved')
[2025-08-21 12:59:59] ℹ️ Row 209: type='deposit' dep=True wdr=False status_orig='Approved' canon='approved' amount=11.12 dt='2016-05-08 06:26:44'
[2025-08-21 12:59:59] ✅ Row 209: Deposit accepted — 11.12 at 2016-05-08 06:26:44 (status='Approved')
[2025-08-21 12:59:59] ℹ️ Row 210: type='deposit' dep=True wdr=False status_orig='Approved' canon='approved' amount=11.12 dt='2016-05-08 08:06:13'
[2025-08-21 12:59:59] ✅ Row 210: Deposit accepted — 11.12 at 2016-05-08 08:06:13 (status='Approved')
[2025-08-21 12:59:59] ℹ️ Row 211: type='deposit' dep=True wdr=False status_orig='Approved' canon='approved' amount=11.12 dt='2016-05-08 12:48:17'
[2025-08-21 12:59:59] ✅ Row 211: Deposit accepted — 11.12 at 2016-05-08 12:48:17 (status='Approved')
[2025-08-21 12:59:59] ℹ️ Row 212: type='deposit' dep=True wdr=False status_orig='Approved' canon='approved' amount=13.32 dt='2016-05-09 07:18:51'
[2025-08-21 12:59:59] ✅ Row 212: Deposit accepted — 13.32 at 2016-05-09 07:18:51 (status='Approved')
[2025-08-21 12:59:59] ℹ️ Row 213: type='deposit' dep=True wdr=False status_orig='Approved' canon='approved' amount=44.34 dt='2016-05-10 15:04:02'
[2025-08-21 12:59:59] ✅ Row 213: Deposit accepted — 44.34 at 2016-05-10 15:04:02 (status='Approved')
[2025-08-21 12:59:59] ℹ️ Row 214: type='redeem' dep=False wdr=True status_orig='Approved' canon='approved' amount=50.0 dt='2016-05-10 19:23:33'
[2025-08-21 12:59:59] ✅ Row 214: Redeem accepted — -50.0 at 2016-05-10 19:23:33 (status='Approved')
[2025-08-21 12:59:59] ℹ️ Row 215: type='deposit' dep=True wdr=False status_orig='Approved' canon='approved' amount=16.71 dt='2016-05-11 13:53:59'
[2025-08-21 12:59:59] ✅ Row 215: Deposit accepted — 16.71 at 2016-05-11 13:53:59 (status='Approved')
[2025-08-21 12:59:59] ℹ️ Row 216: type='deposit' dep=True wdr=False status_orig='Approved' canon='approved' amount=14.48 dt='2016-05-11 14:57:06'
[2025-08-21 12:59:59] ✅ Row 216: Deposit accepted — 14.48 at 2016-05-11 14:57:06 (status='Approved')
[2025-08-21 12:59:59] ℹ️ Row 217: type='deposit' dep=True wdr=False status_orig='Approved' canon='approved' amount=14.46 dt='2016-05-12 03:35:12'
[2025-08-21 12:59:59] ✅ Row 217: Deposit accepted — 14.46 at 2016-05-12 03:35:12 (status='Approved')
[2025-08-21 12:59:59] ℹ️ Row 218: type='deposit' dep=True wdr=False status_orig='Approved' canon='approved' amount=11.12 dt='2016-05-12 04:08:22'
[2025-08-21 12:59:59] ✅ Row 218: Deposit accepted — 11.12 at 2016-05-12 04:08:22 (status='Approved')
[2025-08-21 12:59:59] ℹ️ Row 219: type='deposit' dep=True wdr=False status_orig='Approved' canon='approved' amount=11.09 dt='2016-05-12 14:39:17'
[2025-08-21 12:59:59] ✅ Row 219: Deposit accepted — 11.09 at 2016-05-12 14:39:17 (status='Approved')
[2025-08-21 12:59:59] ℹ️ Row 220: type='deposit' dep=True wdr=False status_orig='Approved' canon='approved' amount=13.21 dt='2016-05-13 13:22:53'
[2025-08-21 12:59:59] ✅ Row 220: Deposit accepted — 13.21 at 2016-05-13 13:22:53 (status='Approved')
[2025-08-21 12:59:59] ℹ️ Row 221: type='deposit' dep=True wdr=False status_orig='Approved' canon='approved' amount=32.83 dt='2016-05-21 13:57:25'
[2025-08-21 12:59:59] ✅ Row 221: Deposit accepted — 32.83 at 2016-05-21 13:57:25 (status='Approved')
[2025-08-21 12:59:59] ℹ️ Row 222: type='deposit' dep=True wdr=False status_orig='Approved' canon='approved' amount=27.35 dt='2016-05-21 14:22:35'
[2025-08-21 12:59:59] ✅ Row 222: Deposit accepted — 27.35 at 2016-05-21 14:22:35 (status='Approved')
[2025-08-21 12:59:59] ℹ️ Row 223: type='deposit' dep=True wdr=False status_orig='Approved' canon='approved' amount=10.94 dt='2016-05-21 14:41:21'
[2025-08-21 12:59:59] ✅ Row 223: Deposit accepted — 10.94 at 2016-05-21 14:41:21 (status='Approved')
[2025-08-21 12:59:59] ℹ️ Row 224: type='deposit' dep=True wdr=False status_orig='Approved' canon='approved' amount=10.94 dt='2016-05-21 15:06:47'
[2025-08-21 12:59:59] ✅ Row 224: Deposit accepted — 10.94 at 2016-05-21 15:06:47 (status='Approved')
[2025-08-21 12:59:59] ℹ️ Row 225: type='deposit' dep=True wdr=False status_orig='Approved' canon='approved' amount=16.29 dt='2016-05-30 10:49:18'
[2025-08-21 12:59:59] ✅ Row 225: Deposit accepted — 16.29 at 2016-05-30 10:49:18 (status='Approved')
[2025-08-21 12:59:59] ℹ️ Row 226: type='deposit' dep=True wdr=False status_orig='Approved' canon='approved' amount=13.29 dt='2016-06-07 04:19:46'
[2025-08-21 12:59:59] ✅ Row 226: Deposit accepted — 13.29 at 2016-06-07 04:19:46 (status='Approved')
[2025-08-21 12:59:59] ℹ️ Row 227: type='deposit' dep=True wdr=False status_orig='Approved' canon='approved' amount=22.14 dt='2016-06-07 16:14:39'
[2025-08-21 12:59:59] ✅ Row 227: Deposit accepted — 22.14 at 2016-06-07 16:14:39 (status='Approved')
[2025-08-21 12:59:59] ℹ️ Row 228: type='deposit' dep=True wdr=False status_orig='Approved' canon='approved' amount=15.43 dt='2016-06-10 04:50:17'
[2025-08-21 12:59:59] ✅ Row 228: Deposit accepted — 15.43 at 2016-06-10 04:50:17 (status='Approved')
[2025-08-21 12:59:59] ℹ️ Row 229: type='deposit' dep=True wdr=False status_orig='Approved' canon='approved' amount=18.65 dt='2016-06-10 17:29:03'
[2025-08-21 12:59:59] ✅ Row 229: Deposit accepted — 18.65 at 2016-06-10 17:29:03 (status='Approved')
[2025-08-21 12:59:59] ℹ️ Row 230: type='deposit' dep=True wdr=False status_orig='Approved' canon='approved' amount=19.74 dt='2016-06-11 06:32:39'
[2025-08-21 12:59:59] ✅ Row 230: Deposit accepted — 19.74 at 2016-06-11 06:32:39 (status='Approved')
[2025-08-21 12:59:59] ℹ️ Row 231: type='deposit' dep=True wdr=False status_orig='Approved' canon='approved' amount=13.19 dt='2016-06-19 14:42:06'
[2025-08-21 12:59:59] ✅ Row 231: Deposit accepted — 13.19 at 2016-06-19 14:42:06 (status='Approved')
[2025-08-21 12:59:59] ℹ️ Row 232: type='deposit' dep=True wdr=False status_orig='Approved' canon='approved' amount=15.45 dt='2016-06-21 07:41:35'
[2025-08-21 12:59:59] ✅ Row 232: Deposit accepted — 15.45 at 2016-06-21 07:41:35 (status='Approved')
[2025-08-21 12:59:59] ℹ️ Row 233: type='deposit' dep=True wdr=False status_orig='Rejected' canon='rejected' amount=16.65 dt='2016-06-23 10:27:20'
[2025-08-21 12:59:59] ⚠️ Row 233: Skipped — status not approved: canon='rejected'
[2025-08-21 12:59:59] ℹ️ Row 234: type='deposit' dep=True wdr=False status_orig='Approved' canon='approved' amount=32.52 dt='2016-06-25 10:57:06'
[2025-08-21 12:59:59] ✅ Row 234: Deposit accepted — 32.52 at 2016-06-25 10:57:06 (status='Approved')
[2025-08-21 12:59:59] ℹ️ Row 235: type='deposit' dep=True wdr=False status_orig='Approved' canon='approved' amount=32.62 dt='2016-06-30 06:55:49'
[2025-08-21 12:59:59] ✅ Row 235: Deposit accepted — 32.62 at 2016-06-30 06:55:49 (status='Approved')
[2025-08-21 12:59:59] ℹ️ Row 236: type='deposit' dep=True wdr=False status_orig='Approved' canon='approved' amount=16.5 dt='2016-06-30 08:07:48'
[2025-08-21 12:59:59] ✅ Row 236: Deposit accepted — 16.5 at 2016-06-30 08:07:48 (status='Approved')
[2025-08-21 12:59:59] ℹ️ Row 237: type='deposit' dep=True wdr=False status_orig='Approved' canon='approved' amount=26.95 dt='2016-07-06 06:15:38'
[2025-08-21 12:59:59] ✅ Row 237: Deposit accepted — 26.95 at 2016-07-06 06:15:38 (status='Approved')
[2025-08-21 12:59:59] ℹ️ Row 238: type='redeem' dep=False wdr=True status_orig='Approved' canon='approved' amount=250.0 dt='2016-07-07 17:52:18'
[2025-08-21 12:59:59] ✅ Row 238: Redeem accepted — -250.0 at 2016-07-07 17:52:18 (status='Approved')
[2025-08-21 12:59:59] ℹ️ Row 239: type='deposit' dep=True wdr=False status_orig='Approved' canon='approved' amount=37.65 dt='2016-07-17 12:48:06'
[2025-08-21 12:59:59] ✅ Row 239: Deposit accepted — 37.65 at 2016-07-17 12:48:06 (status='Approved')
[2025-08-21 12:59:59] ℹ️ Row 240: type='deposit' dep=True wdr=False status_orig='Approved' canon='approved' amount=11.84 dt='2016-07-18 07:01:42'
[2025-08-21 12:59:59] ✅ Row 240: Deposit accepted — 11.84 at 2016-07-18 07:01:42 (status='Approved')
[2025-08-21 12:59:59] ℹ️ Row 241: type='deposit' dep=True wdr=False status_orig='Approved' canon='approved' amount=10.76 dt='2016-07-18 07:10:01'
[2025-08-21 12:59:59] ✅ Row 241: Deposit accepted — 10.76 at 2016-07-18 07:10:01 (status='Approved')
[2025-08-21 12:59:59] ℹ️ Row 242: type='deposit' dep=True wdr=False status_orig='Approved' canon='approved' amount=18.25 dt='2016-07-19 14:14:11'
[2025-08-21 12:59:59] ✅ Row 242: Deposit accepted — 18.25 at 2016-07-19 14:14:11 (status='Approved')
[2025-08-21 12:59:59] ℹ️ Row 243: type='deposit' dep=True wdr=False status_orig='Approved' canon='approved' amount=11.02 dt='2016-07-23 13:54:32'
[2025-08-21 12:59:59] ✅ Row 243: Deposit accepted — 11.02 at 2016-07-23 13:54:32 (status='Approved')
[2025-08-21 12:59:59] ℹ️ Row 244: type='deposit' dep=True wdr=False status_orig='Approved' canon='approved' amount=26.79 dt='2016-07-25 06:18:07'
[2025-08-21 12:59:59] ✅ Row 244: Deposit accepted — 26.79 at 2016-07-25 06:18:07 (status='Approved')
[2025-08-21 12:59:59] ℹ️ Row 245: type='deposit' dep=True wdr=False status_orig='Approved' canon='approved' amount=21.54 dt='2016-07-27 15:49:38'
[2025-08-21 12:59:59] ✅ Row 245: Deposit accepted — 21.54 at 2016-07-27 15:49:38 (status='Approved')
[2025-08-21 12:59:59] ℹ️ Row 246: type='deposit' dep=True wdr=False status_orig='Approved' canon='approved' amount=12.95 dt='2016-07-28 15:19:38'
[2025-08-21 12:59:59] ✅ Row 246: Deposit accepted — 12.95 at 2016-07-28 15:19:38 (status='Approved')
[2025-08-21 12:59:59] ℹ️ Row 247: type='deposit' dep=True wdr=False status_orig='Approved' canon='approved' amount=17.7 dt='2016-07-29 06:31:50'
[2025-08-21 12:59:59] ✅ Row 247: Deposit accepted — 17.7 at 2016-07-29 06:31:50 (status='Approved')
[2025-08-21 12:59:59] ℹ️ Row 248: type='deposit' dep=True wdr=False status_orig='Rejected' canon='rejected' amount=11.04 dt='2016-08-19 16:51:07'
[2025-08-21 12:59:59] ⚠️ Row 248: Skipped — status not approved: canon='rejected'
[2025-08-21 12:59:59] ℹ️ Row 249: type='deposit' dep=True wdr=False status_orig='Approved' canon='approved' amount=11.04 dt='2016-08-19 16:51:50'
[2025-08-21 12:59:59] ✅ Row 249: Deposit accepted — 11.04 at 2016-08-19 16:51:50 (status='Approved')
[2025-08-21 12:59:59] ℹ️ Row 250: type='deposit' dep=True wdr=False status_orig='Approved' canon='approved' amount=18.77 dt='2016-08-20 05:46:22'
[2025-08-21 12:59:59] ✅ Row 250: Deposit accepted — 18.77 at 2016-08-20 05:46:22 (status='Approved')
[2025-08-21 12:59:59] ℹ️ Row 251: type='deposit' dep=True wdr=False status_orig='Approved' canon='approved' amount=16.37 dt='2016-09-01 13:35:32'
[2025-08-21 12:59:59] ✅ Row 251: Deposit accepted — 16.37 at 2016-09-01 13:35:32 (status='Approved')
[2025-08-21 12:59:59] ℹ️ Row 252: type='deposit' dep=True wdr=False status_orig='Rejected' canon='rejected' amount=23.05 dt='2016-09-06 14:38:49'
[2025-08-21 12:59:59] ⚠️ Row 252: Skipped — status not approved: canon='rejected'
[2025-08-21 12:59:59] ℹ️ Row 253: type='deposit' dep=True wdr=False status_orig='Approved' canon='approved' amount=15.36 dt='2016-09-06 14:49:41'
[2025-08-21 12:59:59] ✅ Row 253: Deposit accepted — 15.36 at 2016-09-06 14:49:41 (status='Approved')
[2025-08-21 12:59:59] ℹ️ Row 254: type='deposit' dep=True wdr=False status_orig='Approved' canon='approved' amount=20.81 dt='2016-09-07 13:28:25'
[2025-08-21 12:59:59] ✅ Row 254: Deposit accepted — 20.81 at 2016-09-07 13:28:25 (status='Approved')
[2025-08-21 12:59:59] ℹ️ Row 255: type='deposit' dep=True wdr=False status_orig='Approved' canon='approved' amount=11.06 dt='2016-09-10 05:52:45'
[2025-08-21 12:59:59] ✅ Row 255: Deposit accepted — 11.06 at 2016-09-10 05:52:45 (status='Approved')
[2025-08-21 12:59:59] ℹ️ Row 256: type='deposit' dep=True wdr=False status_orig='Approved' canon='approved' amount=13.0 dt='2016-09-10 14:58:21'
[2025-08-21 12:59:59] ✅ Row 256: Deposit accepted — 13.0 at 2016-09-10 14:58:21 (status='Approved')
[2025-08-21 12:59:59] ℹ️ Row 257: type='deposit' dep=True wdr=False status_orig='Approved' canon='approved' amount=15.33 dt='2016-09-11 14:32:40'
[2025-08-21 12:59:59] ✅ Row 257: Deposit accepted — 15.33 at 2016-09-11 14:32:40 (status='Approved')
[2025-08-21 12:59:59] ℹ️ Row 258: type='deposit' dep=True wdr=False status_orig='Approved' canon='approved' amount=10.87 dt='2016-09-17 15:25:57'
[2025-08-21 12:59:59] ✅ Row 258: Deposit accepted — 10.87 at 2016-09-17 15:25:57 (status='Approved')
[2025-08-21 12:59:59] ℹ️ Row 259: type='deposit' dep=True wdr=False status_orig='Approved' canon='approved' amount=15.09 dt='2016-09-27 13:12:27'
