[2025-08-21 13:38:43] ➕ Added 1 file(s).
[2025-08-21 13:38:45] 📄 Processing TA_Pokerstars.xlsx in calculation Mode...
[2025-08-21 13:38:45] 📑 Using sheet: PS Transactions
[2025-08-21 13:38:45] Detected single combined transaction sheet. Attempting auto-detection (with header scan)...
[2025-08-21 13:38:45] 📋 Raw headers: ['All richardjjon transactions report at PokerStars', '', '', '', '', '', '', '', '', '', '', '']
[2025-08-21 13:38:45] 🔍 Normalized headers: ['allrichardjjontransactionsreportatpokerstars', '', '', '', '', '', '', '', '', '', '', '']
[2025-08-21 13:38:45] ⚠️ Header check failed: Missing date or amount — fallback mode. Using fallback mode (Column 0 = date, Column 1 = signed amount).
[2025-08-21 13:38:45] ⚠️ Row 2: Unparsable date → 'None'
[2025-08-21 13:38:45] ⚠️ Row 3: Unparsable date → 'All dates are in ET time zone'
[2025-08-21 13:38:45] ⚠️ Row 4: Unparsable date → 'From: 06/Nov/2014 00:00:00'
[2025-08-21 13:38:45] ⚠️ Row 5: Unparsable date → 'To: 17/Apr/2025 23:59:59'
[2025-08-21 13:38:45] ⚠️ Row 6: Unparsable date → 'None'
[2025-08-21 13:38:45] ⚠️ Row 7: Unparsable date → 'None'
[2025-08-21 13:38:45] ⚠️ Row 8: Unparsable date → 'TransId'
[2025-08-21 13:38:45] ⚠️ Row 9: Unparsable date → '1161932877'
[2025-08-21 13:38:45] ⚠️ Row 10: Unparsable date → '1162485190'
[2025-08-21 13:38:45] ⚠️ Row 11: Unparsable date → '1178627026'
[2025-08-21 13:38:45] ⚠️ Row 12: Unparsable date → '1178672619'
[2025-08-21 13:38:45] ⚠️ Row 13: Unparsable date → '1181291433'
[2025-08-21 13:38:45] ⚠️ Row 14: Unparsable date → '1183576881'
[2025-08-21 13:38:45] ⚠️ Row 15: Unparsable date → '1183594812'
[2025-08-21 13:38:45] ⚠️ Row 16: Unparsable date → '1185662770'
[2025-08-21 13:38:45] ⚠️ Row 17: Unparsable date → '1186204249'
[2025-08-21 13:38:45] ⚠️ Row 18: Unparsable date → '1186221773'
[2025-08-21 13:38:45] ⚠️ Row 19: Unparsable date → '1186429388'
[2025-08-21 13:38:45] ⚠️ Row 20: Unparsable date → '1196559032'
[2025-08-21 13:38:45] ⚠️ Row 21: Unparsable date → '1200952272'
[2025-08-21 13:38:45] ⚠️ Row 22: Unparsable date → '1201112637'
[2025-08-21 13:38:46] ⚠️ Row 23: Unparsable date → '1202882802'
[2025-08-21 13:38:46] ⚠️ Row 24: Unparsable date → '1202892061'
[2025-08-21 13:38:46] ⚠️ Row 25: Unparsable date → '1202912889'
[2025-08-21 13:38:46] ⚠️ Row 26: Unparsable date → '1203171480'
[2025-08-21 13:38:46] ⚠️ Row 27: Unparsable date → '1203330696'
[2025-08-21 13:38:46] ⚠️ Row 28: Unparsable date → '1203708019'
[2025-08-21 13:38:46] ⚠️ Row 29: Unparsable date → '1204261587'
[2025-08-21 13:38:46] ⚠️ Row 30: Unparsable date → '1204564367'
[2025-08-21 13:38:46] ⚠️ Row 31: Unparsable date → '1204763162'
[2025-08-21 13:38:46] ⚠️ Row 32: Unparsable date → '1206640984'
[2025-08-21 13:38:46] ⚠️ Row 33: Unparsable date → '1206745005'
[2025-08-21 13:38:46] ⚠️ Row 34: Unparsable date → '1206853678'
[2025-08-21 13:38:46] ⚠️ Row 35: Unparsable date → '1207224710'
[2025-08-21 13:38:46] ⚠️ Row 36: Unparsable date → '1207347456'
[2025-08-21 13:38:46] ⚠️ Row 37: Unparsable date → '1207814447'
[2025-08-21 13:38:46] ⚠️ Row 38: Unparsable date → '1210641063'
[2025-08-21 13:38:46] ⚠️ Row 39: Unparsable date → '1211329020'
[2025-08-21 13:38:46] ⚠️ Row 40: Unparsable date → '1211331096'
[2025-08-21 13:38:46] ⚠️ Row 41: Unparsable date → '1211333453'
[2025-08-21 13:38:46] ⚠️ Row 42: Unparsable date → '1214639456'
[2025-08-21 13:38:46] ⚠️ Row 43: Unparsable date → '1214965787'
[2025-08-21 13:38:46] ⚠️ Row 44: Unparsable date → '1218519461'
[2025-08-21 13:38:46] ⚠️ Row 45: Unparsable date → '1218540397'
[2025-08-21 13:38:46] ⚠️ Row 46: Unparsable date → '1218953474'
[2025-08-21 13:38:46] ⚠️ Row 47: Unparsable date → '1219027308'
[2025-08-21 13:38:46] ⚠️ Row 48: Unparsable date → '1219698230'
[2025-08-21 13:38:46] ⚠️ Row 49: Unparsable date → '1219999981'
[2025-08-21 13:38:46] ⚠️ Row 50: Unparsable date → '1220106460'
[2025-08-21 13:38:46] ⚠️ Row 51: Unparsable date → '1220138401'
[2025-08-21 13:38:46] ⚠️ Row 52: Unparsable date → '1220990877'
[2025-08-21 13:38:46] ⚠️ Row 53: Unparsable date → '1226335801'
[2025-08-21 13:38:46] ⚠️ Row 54: Unparsable date → '1229804135'
[2025-08-21 13:38:46] ⚠️ Row 55: Unparsable date → '1236371740'
[2025-08-21 13:38:46] ⚠️ Row 56: Unparsable date → '1240021908'
[2025-08-21 13:38:46] ⚠️ Row 57: Unparsable date → '1241558467'
[2025-08-21 13:38:46] ⚠️ Row 58: Unparsable date → '1242596693'
[2025-08-21 13:38:46] ⚠️ Row 59: Unparsable date → '1242606182'
[2025-08-21 13:38:46] ⚠️ Row 60: Unparsable date → '1242606638'
[2025-08-21 13:38:46] ⚠️ Row 61: Unparsable date → '1242611298'
[2025-08-21 13:38:46] ⚠️ Row 62: Unparsable date → '1242629948'
[2025-08-21 13:38:46] ⚠️ Row 63: Unparsable date → '1242685622'
[2025-08-21 13:38:46] ⚠️ Row 64: Unparsable date → '1242701675'
[2025-08-21 13:38:46] ⚠️ Row 65: Unparsable date → '1243992658'
[2025-08-21 13:38:46] ⚠️ Row 66: Unparsable date → '1244967705'
[2025-08-21 13:38:46] ⚠️ Row 67: Unparsable date → '1244986443'
[2025-08-21 13:38:46] ⚠️ Row 68: Unparsable date → '1245033067'
[2025-08-21 13:38:46] ⚠️ Row 69: Unparsable date → '1245049222'
[2025-08-21 13:38:46] ⚠️ Row 70: Unparsable date → '1245446964'
[2025-08-21 13:38:46] ⚠️ Row 71: Unparsable date → '1246361670'
[2025-08-21 13:38:46] ⚠️ Row 72: Unparsable date → '1246868937'
[2025-08-21 13:38:46] ⚠️ Row 73: Unparsable date → '1246882407'
[2025-08-21 13:38:46] ⚠️ Row 74: Unparsable date → '1246890678'
[2025-08-21 13:38:46] ⚠️ Row 75: Unparsable date → '1247561437'
[2025-08-21 13:38:46] ⚠️ Row 76: Unparsable date → '1247789604'
[2025-08-21 13:38:46] ⚠️ Row 77: Unparsable date → '1247806864'
[2025-08-21 13:38:46] ⚠️ Row 78: Unparsable date → '1247813730'
[2025-08-21 13:38:46] ⚠️ Row 79: Unparsable date → '1247831367'
[2025-08-21 13:38:46] ⚠️ Row 80: Unparsable date → '1247858071'
[2025-08-21 13:38:46] ⚠️ Row 81: Unparsable date → '1247876572'
[2025-08-21 13:38:46] ⚠️ Row 82: Unparsable date → '1247923613'
[2025-08-21 13:38:46] ⚠️ Row 83: Unparsable date → '1248449861'
[2025-08-21 13:38:46] ⚠️ Row 84: Unparsable date → '1248829830'
[2025-08-21 13:38:46] ⚠️ Row 85: Unparsable date → '1249321369'
[2025-08-21 13:38:46] ⚠️ Row 86: Unparsable date → '1249448263'
[2025-08-21 13:38:46] ⚠️ Row 87: Unparsable date → '1249684818'
[2025-08-21 13:38:46] ⚠️ Row 88: Unparsable date → '1251018795'
[2025-08-21 13:38:46] ⚠️ Row 89: Unparsable date → '1253312907'
[2025-08-21 13:38:46] ⚠️ Row 90: Unparsable date → '1253486311'
[2025-08-21 13:38:46] ⚠️ Row 91: Unparsable date → '1255517144'
[2025-08-21 13:38:46] ⚠️ Row 92: Unparsable date → '1256841471'
[2025-08-21 13:38:46] ⚠️ Row 93: Unparsable date → '1257159691'
[2025-08-21 13:38:46] ⚠️ Row 94: Unparsable date → '1257616000'
[2025-08-21 13:38:46] ⚠️ Row 95: Unparsable date → '1257719021'
[2025-08-21 13:38:46] ⚠️ Row 96: Unparsable date → '1261128388'
[2025-08-21 13:38:46] ⚠️ Row 97: Unparsable date → '1264909160'
[2025-08-21 13:38:46] ⚠️ Row 98: Unparsable date → '1268426942'
[2025-08-21 13:38:46] ⚠️ Row 99: Unparsable date → '1270107480'
[2025-08-21 13:38:46] ⚠️ Row 100: Unparsable date → '1270114721'
[2025-08-21 13:38:46] ⚠️ Row 101: Unparsable date → '1270771556'
[2025-08-21 13:38:46] ⚠️ Row 102: Unparsable date → '1270786334'
[2025-08-21 13:38:46] ⚠️ Row 103: Unparsable date → '1273343658'
[2025-08-21 13:38:46] ⚠️ Row 104: Unparsable date → '1273770068'
[2025-08-21 13:38:46] ⚠️ Row 105: Unparsable date → '1277061766'
[2025-08-21 13:38:46] ⚠️ Row 106: Unparsable date → '1287574987'
[2025-08-21 13:38:46] ⚠️ Row 107: Unparsable date → '1287772646'
[2025-08-21 13:38:46] ⚠️ Row 108: Unparsable date → '1287788579'
[2025-08-21 13:38:46] ⚠️ Row 109: Unparsable date → '1292412216'
[2025-08-21 13:38:46] ⚠️ Row 110: Unparsable date → '1300735173'
[2025-08-21 13:38:46] ⚠️ Row 111: Unparsable date → '1305376577'
[2025-08-21 13:38:46] ⚠️ Row 112: Unparsable date → '1306529208'
[2025-08-21 13:38:46] ⚠️ Row 113: Unparsable date → '1307174048'
[2025-08-21 13:38:46] ⚠️ Row 114: Unparsable date → '1307922412'
[2025-08-21 13:38:46] ⚠️ Row 115: Unparsable date → '1311204881'
[2025-08-21 13:38:46] ⚠️ Row 116: Unparsable date → '1311826616'
[2025-08-21 13:38:46] ⚠️ Row 117: Unparsable date → '1312033588'
[2025-08-21 13:38:46] ⚠️ Row 118: Unparsable date → '1312098922'
[2025-08-21 13:38:46] ⚠️ Row 119: Unparsable date → '1312711283'
[2025-08-21 13:38:46] ⚠️ Row 120: Unparsable date → '1315313883'
[2025-08-21 13:38:46] ⚠️ Row 121: Unparsable date → '1315349172'
[2025-08-21 13:38:46] ⚠️ Row 122: Unparsable date → '1315477319'
[2025-08-21 13:38:46] ⚠️ Row 123: Unparsable date → '1316363412'
[2025-08-21 13:38:46] ⚠️ Row 124: Unparsable date → '1319293079'
[2025-08-21 13:38:46] ⚠️ Row 125: Unparsable date → '1320003619'
[2025-08-21 13:38:46] ⚠️ Row 126: Unparsable date → '1322093152'
[2025-08-21 13:38:46] ⚠️ Row 127: Unparsable date → '1322099730'
[2025-08-21 13:38:46] ⚠️ Row 128: Unparsable date → '1326154355'
[2025-08-21 13:38:46] ⚠️ Row 129: Unparsable date → '1330108569'
[2025-08-21 13:38:46] ⚠️ Row 130: Unparsable date → '1332363279'
[2025-08-21 13:38:46] ⚠️ Row 131: Unparsable date → '1332675420'
[2025-08-21 13:38:46] ⚠️ Row 132: Unparsable date → '1335239318'
[2025-08-21 13:38:46] ⚠️ Row 133: Unparsable date → '1335997495'
[2025-08-21 13:38:46] ⚠️ Row 134: Unparsable date → '1336218319'
[2025-08-21 13:38:46] ⚠️ Row 135: Unparsable date → '1338918156'
[2025-08-21 13:38:46] ⚠️ Row 136: Unparsable date → '1338921309'
[2025-08-21 13:38:46] ⚠️ Row 137: Unparsable date → '1339749264'
[2025-08-21 13:38:46] ⚠️ Row 138: Unparsable date → '1341248724'
[2025-08-21 13:38:46] ⚠️ Row 139: Unparsable date → '1342019147'
[2025-08-21 13:38:46] ⚠️ Row 140: Unparsable date → '1346018138'
[2025-08-21 13:38:46] ⚠️ Row 141: Unparsable date → '1346945325'
[2025-08-21 13:38:46] ⚠️ Row 142: Unparsable date → '1349839837'
[2025-08-21 13:38:46] ⚠️ Row 143: Unparsable date → '1352535368'
[2025-08-21 13:38:46] ⚠️ Row 144: Unparsable date → '1355698612'
[2025-08-21 13:38:46] ⚠️ Row 145: Unparsable date → '1364174632'
[2025-08-21 13:38:46] ⚠️ Row 146: Unparsable date → '1365300159'
[2025-08-21 13:38:46] ⚠️ Row 147: Unparsable date → '1369646223'
[2025-08-21 13:38:46] ⚠️ Row 148: Unparsable date → '1373500337'
[2025-08-21 13:38:46] ⚠️ Row 149: Unparsable date → '1373500974'
[2025-08-21 13:38:46] ⚠️ Row 150: Unparsable date → '1373502017'
[2025-08-21 13:38:46] ⚠️ Row 151: Unparsable date → '1373709387'
[2025-08-21 13:38:46] ⚠️ Row 152: Unparsable date → '1373710021'
[2025-08-21 13:38:46] ⚠️ Row 153: Unparsable date → '1373732004'
[2025-08-21 13:38:46] ⚠️ Row 154: Unparsable date → '1373740097'
[2025-08-21 13:38:46] ⚠️ Row 155: Unparsable date → '1374040208'
[2025-08-21 13:38:46] ⚠️ Row 156: Unparsable date → '1374063798'
[2025-08-21 13:38:46] ⚠️ Row 157: Unparsable date → '1374683477'
[2025-08-21 13:38:46] ⚠️ Row 158: Unparsable date → '1374683846'
[2025-08-21 13:38:46] ⚠️ Row 159: Unparsable date → '1375224228'
[2025-08-21 13:38:46] ⚠️ Row 160: Unparsable date → '1375241642'
[2025-08-21 13:38:46] ⚠️ Row 161: Unparsable date → '1375241855'
[2025-08-21 13:38:46] ⚠️ Row 162: Unparsable date → '1375283707'
[2025-08-21 13:38:46] ⚠️ Row 163: Unparsable date → '1375283929'
[2025-08-21 13:38:46] ⚠️ Row 164: Unparsable date → '1375861692'
[2025-08-21 13:38:46] ⚠️ Row 165: Unparsable date → '1376336800'
[2025-08-21 13:38:46] ⚠️ Row 166: Unparsable date → '1376360915'
[2025-08-21 13:38:46] ⚠️ Row 167: Unparsable date → '1377152180'
[2025-08-21 13:38:46] ⚠️ Row 168: Unparsable date → '1377152638'
[2025-08-21 13:38:46] ⚠️ Row 169: Unparsable date → '1377496590'
[2025-08-21 13:38:46] ⚠️ Row 170: Unparsable date → '1377496807'
[2025-08-21 13:38:46] ⚠️ Row 171: Unparsable date → '1377539173'
[2025-08-21 13:38:46] ⚠️ Row 172: Unparsable date → '1377541063'
[2025-08-21 13:38:46] ⚠️ Row 173: Unparsable date → '1379835769'
[2025-08-21 13:38:46] ⚠️ Row 174: Unparsable date → '1381166346'
[2025-08-21 13:38:46] ⚠️ Row 175: Unparsable date → '1381172643'
[2025-08-21 13:38:46] ⚠️ Row 176: Unparsable date → '1381225730'
[2025-08-21 13:38:46] ⚠️ Row 177: Unparsable date → '1381448382'
[2025-08-21 13:38:46] ⚠️ Row 178: Unparsable date → '1381458087'
[2025-08-21 13:38:46] ⚠️ Row 179: Unparsable date → '1386435830'
[2025-08-21 13:38:46] ⚠️ Row 180: Unparsable date → '1386553656'
[2025-08-21 13:38:46] ⚠️ Row 181: Unparsable date → '1386656288'
[2025-08-21 13:38:46] ⚠️ Row 182: Unparsable date → '1386661818'
[2025-08-21 13:38:46] ⚠️ Row 183: Unparsable date → '1399952330'
[2025-08-21 13:38:46] ⚠️ Row 184: Unparsable date → '1404548543'
[2025-08-21 13:38:46] ⚠️ Row 185: Unparsable date → '1405779502'
[2025-08-21 13:38:46] ⚠️ Row 186: Unparsable date → '1411772737'
[2025-08-21 13:38:46] ⚠️ Row 187: Unparsable date → '1416308039'
[2025-08-21 13:38:46] ⚠️ Row 188: Unparsable date → '1421197375'
[2025-08-21 13:38:46] ⚠️ Row 189: Unparsable date → '1421197632'
[2025-08-21 13:38:46] ⚠️ Row 190: Unparsable date → '1421198231'
[2025-08-21 13:38:46] ⚠️ Row 191: Unparsable date → '1421215163'
[2025-08-21 13:38:46] ⚠️ Row 192: Unparsable date → '1422262701'
[2025-08-21 13:38:46] ⚠️ Row 193: Unparsable date → '1422273314'
[2025-08-21 13:38:46] ⚠️ Row 194: Unparsable date → '1422388549'
[2025-08-21 13:38:46] ⚠️ Row 195: Unparsable date → '1422715439'
[2025-08-21 13:38:46] ⚠️ Row 196: Unparsable date → '1426947592'
[2025-08-21 13:38:46] ⚠️ Row 197: Unparsable date → '1427047451'
[2025-08-21 13:38:46] ⚠️ Row 198: Unparsable date → '1427048326'
[2025-08-21 13:38:46] ⚠️ Row 199: Unparsable date → '1427167493'
[2025-08-21 13:38:46] ⚠️ Row 200: Unparsable date → '1428747076'
[2025-08-21 13:38:46] ⚠️ Row 201: Unparsable date → '1429464488'
[2025-08-21 13:38:46] ⚠️ Row 202: Unparsable date → '1438092346'
[2025-08-21 13:38:46] ⚠️ Row 203: Unparsable date → '1438170137'
[2025-08-21 13:38:46] ⚠️ Row 204: Unparsable date → '1439754623'
[2025-08-21 13:38:46] ⚠️ Row 205: Unparsable date → '1439865821'
[2025-08-21 13:38:46] ⚠️ Row 206: Unparsable date → '1443175544'
[2025-08-21 13:38:46] ⚠️ Row 207: Unparsable date → '1443404965'
[2025-08-21 13:38:46] ⚠️ Row 208: Unparsable date → '1447192086'
[2025-08-21 13:38:46] ⚠️ Row 209: Unparsable date → '1447197669'
[2025-08-21 13:38:46] ⚠️ Row 210: Unparsable date → '1447233708'
[2025-08-21 13:38:46] ⚠️ Row 211: Unparsable date → '1447370931'
[2025-08-21 13:38:46] ⚠️ Row 212: Unparsable date → '1447737554'
[2025-08-21 13:38:46] ⚠️ Row 213: Unparsable date → '1448469839'
[2025-08-21 13:38:46] ⚠️ Row 214: Unparsable date → '1448611305'
[2025-08-21 13:38:46] ⚠️ Row 215: Unparsable date → '1448944502'
[2025-08-21 13:38:46] ⚠️ Row 216: Unparsable date → '1448985678'
[2025-08-21 13:38:46] ⚠️ Row 217: Unparsable date → '1449208408'
[2025-08-21 13:38:46] ⚠️ Row 218: Unparsable date → '1449215224'
[2025-08-21 13:38:46] ⚠️ Row 219: Unparsable date → '1449481153'
[2025-08-21 13:38:46] ⚠️ Row 220: Unparsable date → '1449953132'
[2025-08-21 13:38:46] ⚠️ Row 221: Unparsable date → '1454256882'
[2025-08-21 13:38:46] ⚠️ Row 222: Unparsable date → '1454270376'
[2025-08-21 13:38:46] ⚠️ Row 223: Unparsable date → '1454281234'
[2025-08-21 13:38:46] ⚠️ Row 224: Unparsable date → '1454295962'
[2025-08-21 13:38:46] ⚠️ Row 225: Unparsable date → '1458664296'
[2025-08-21 13:38:46] ⚠️ Row 226: Unparsable date → '1462724302'
[2025-08-21 13:38:46] ⚠️ Row 227: Unparsable date → '1463036653'
[2025-08-21 13:38:46] ⚠️ Row 228: Unparsable date → '1464216410'
[2025-08-21 13:38:46] ⚠️ Row 229: Unparsable date → '1464567984'
[2025-08-21 13:38:46] ⚠️ Row 230: Unparsable date → '1464782141'
[2025-08-21 13:38:46] ⚠️ Row 231: Unparsable date → '1468915592'
[2025-08-21 13:38:46] ⚠️ Row 232: Unparsable date → '1469672768'
[2025-08-21 13:38:46] ⚠️ Row 233: Unparsable date → '1470610600'
[2025-08-21 13:38:46] ⚠️ Row 234: Unparsable date → '1471579849'
[2025-08-21 13:38:46] ⚠️ Row 235: Unparsable date → '1473886652'
[2025-08-21 13:38:46] ⚠️ Row 236: Unparsable date → '1473909036'
[2025-08-21 13:38:46] ⚠️ Row 237: Unparsable date → '1476785427'
[2025-08-21 13:38:46] ⚠️ Row 238: Unparsable date → '1477532201'
[2025-08-21 13:38:46] ⚠️ Row 239: Unparsable date → '1482100447'
[2025-08-21 13:38:46] ⚠️ Row 240: Unparsable date → '1482445972'
[2025-08-21 13:38:46] ⚠️ Row 241: Unparsable date → '1482448381'
[2025-08-21 13:38:46] ⚠️ Row 242: Unparsable date → '1483106516'
[2025-08-21 13:38:46] ⚠️ Row 243: Unparsable date → '1484935900'
[2025-08-21 13:38:46] ⚠️ Row 244: Unparsable date → '1485685439'
[2025-08-21 13:38:46] ⚠️ Row 245: Unparsable date → '1486824562'
[2025-08-21 13:38:46] ⚠️ Row 246: Unparsable date → '1487263209'
[2025-08-21 13:38:46] ⚠️ Row 247: Unparsable date → '1487515635'
[2025-08-21 13:38:46] ⚠️ Row 248: Unparsable date → '1498112149'
[2025-08-21 13:38:46] ⚠️ Row 249: Unparsable date → '1498112500'
[2025-08-21 13:38:46] ⚠️ Row 250: Unparsable date → '1498307812'
[2025-08-21 13:38:46] ⚠️ Row 251: Unparsable date → '1504101021'
[2025-08-21 13:38:46] ⚠️ Row 252: Unparsable date → '1506726881'
[2025-08-21 13:38:46] ⚠️ Row 253: Unparsable date → '1506732594'
[2025-08-21 13:38:46] ⚠️ Row 254: Unparsable date → '1507184404'
[2025-08-21 13:38:46] ⚠️ Row 255: Unparsable date → '1508545488'
[2025-08-21 13:38:46] ⚠️ Row 256: Unparsable date → '1508799013'
[2025-08-21 13:38:46] ⚠️ Row 257: Unparsable date → '1509316554'
[2025-08-21 13:38:46] ⚠️ Row 258: Unparsable date → '1512364702'
[2025-08-21 13:38:46] ⚠️ Row 259: Unparsable date → '1517434753'
[2025-08-21 13:38:46] ⚠️ Row 260: Unparsable date → '1518841750'
[2025-08-21 13:38:46] ⚠️ Row 261: Unparsable date → '1521184361'
[2025-08-21 13:38:46] ⚠️ Row 262: Unparsable date → '1521509297'
[2025-08-21 13:38:46] ⚠️ Row 263: Unparsable date → '1522078026'
[2025-08-21 13:38:46] ⚠️ Row 264: Unparsable date → '1522695825'
[2025-08-21 13:38:46] ⚠️ Row 265: Unparsable date → '1523086828'
[2025-08-21 13:38:46] ⚠️ Row 266: Unparsable date → '1523091536'
[2025-08-21 13:38:46] ⚠️ Row 267: Unparsable date → '1523306851'
[2025-08-21 13:38:46] ⚠️ Row 268: Unparsable date → '1529630411'
[2025-08-21 13:38:46] ⚠️ Row 269: Unparsable date → '1530009350'
[2025-08-21 13:38:46] ⚠️ Row 270: Unparsable date → '1532482178'
[2025-08-21 13:38:46] ⚠️ Row 271: Unparsable date → '1532703588'
[2025-08-21 13:38:46] ⚠️ Row 272: Unparsable date → '1532721060'
[2025-08-21 13:38:46] ⚠️ Row 273: Unparsable date → '1533176646'
[2025-08-21 13:38:46] ⚠️ Row 274: Unparsable date → '1535803627'
[2025-08-21 13:38:46] ⚠️ Row 275: Unparsable date → '1536549855'
[2025-08-21 13:38:46] ⚠️ Row 276: Unparsable date → '1537077183'
[2025-08-21 13:38:46] ⚠️ Row 277: Unparsable date → '1537411116'
[2025-08-21 13:38:46] ⚠️ Row 278: Unparsable date → '1538585314'
[2025-08-21 13:38:46] ⚠️ Row 279: Unparsable date → '1541222843'
[2025-08-21 13:38:46] ⚠️ Row 280: Unparsable date → '1541259178'
[2025-08-21 13:38:46] ⚠️ Row 281: Unparsable date → '1542692841'
[2025-08-21 13:38:46] ⚠️ Row 282: Unparsable date → '1544576749'
[2025-08-21 13:38:46] ⚠️ Row 283: Unparsable date → '1544578105'
[2025-08-21 13:38:46] ⚠️ Row 284: Unparsable date → '1545430542'
[2025-08-21 13:38:46] ⚠️ Row 285: Unparsable date → '1549455602'
[2025-08-21 13:38:46] ⚠️ Row 286: Unparsable date → '1550356222'
[2025-08-21 13:38:46] ⚠️ Row 287: Unparsable date → '1550464892'
[2025-08-21 13:38:46] ⚠️ Row 288: Unparsable date → '1551063690'
[2025-08-21 13:38:46] ⚠️ Row 289: Unparsable date → '1551619918'
[2025-08-21 13:38:46] ⚠️ Row 290: Unparsable date → '1553083646'
[2025-08-21 13:38:46] ⚠️ Row 291: Unparsable date → '1555031793'
[2025-08-21 13:38:46] ⚠️ Row 292: Unparsable date → '1557559913'
[2025-08-21 13:38:46] ⚠️ Row 293: Unparsable date → '1558241236'
[2025-08-21 13:38:46] ⚠️ Row 294: Unparsable date → '1562992190'
[2025-08-21 13:38:46] ⚠️ Row 295: Unparsable date → '1564339614'
[2025-08-21 13:38:46] ⚠️ Row 296: Unparsable date → '1564365004'
[2025-08-21 13:38:46] ⚠️ Row 297: Unparsable date → '1564487153'
[2025-08-21 13:38:46] ⚠️ Row 298: Unparsable date → '1564930482'
[2025-08-21 13:38:46] ⚠️ Row 299: Unparsable date → '1567741614'
[2025-08-21 13:38:46] ⚠️ Row 300: Unparsable date → '1572939179'
[2025-08-21 13:38:46] ⚠️ Row 301: Unparsable date → '1576988279'
[2025-08-21 13:38:46] ⚠️ Row 302: Unparsable date → '1580894630'
[2025-08-21 13:38:46] ⚠️ Row 303: Unparsable date → '1589603727'
[2025-08-21 13:38:46] ⚠️ Row 304: Unparsable date → '1596991418'
[2025-08-21 13:38:46] ⚠️ Row 305: Unparsable date → '1600637420'
[2025-08-21 13:38:46] ⚠️ Row 306: Unparsable date → '1600643482'
[2025-08-21 13:38:46] ⚠️ Row 307: Unparsable date → '1602816161'
[2025-08-21 13:38:46] ⚠️ Row 308: Unparsable date → '1602820552'
[2025-08-21 13:38:46] ⚠️ Row 309: Unparsable date → '1602832254'
[2025-08-21 13:38:46] ⚠️ Row 310: Unparsable date → '1603504103'
[2025-08-21 13:38:46] ⚠️ Row 311: Unparsable date → '1605050518'
[2025-08-21 13:38:46] ⚠️ Row 312: Unparsable date → '1606141564'
[2025-08-21 13:38:46] ⚠️ Row 313: Unparsable date → '1606247702'
[2025-08-21 13:38:46] ⚠️ Row 314: Unparsable date → '1607486949'
[2025-08-21 13:38:46] ⚠️ Row 315: Unparsable date → '1610017364'
[2025-08-21 13:38:46] ⚠️ Row 316: Unparsable date → '1610573054'
[2025-08-21 13:38:46] ⚠️ Row 317: Unparsable date → '1613193541'
[2025-08-21 13:38:46] ⚠️ Row 318: Unparsable date → '1615102933'
[2025-08-21 13:38:46] ⚠️ Row 319: Unparsable date → '1616184689'
[2025-08-21 13:38:46] ⚠️ Row 320: Unparsable date → '1616202651'
[2025-08-21 13:38:46] ⚠️ Row 321: Unparsable date → '1618015241'
[2025-08-21 13:38:46] ⚠️ Row 322: Unparsable date → '1618522016'
[2025-08-21 13:38:46] ⚠️ Row 323: Unparsable date → '1622458982'
[2025-08-21 13:38:46] ⚠️ Row 324: Unparsable date → '1624332598'
[2025-08-21 13:38:46] ⚠️ Row 325: Unparsable date → '1624781127'
[2025-08-21 13:38:46] ⚠️ Row 326: Unparsable date → '1635121083'
[2025-08-21 13:38:46] ⚠️ Row 327: Unparsable date → '1642125958'
[2025-08-21 13:38:46] ⚠️ Row 328: Unparsable date → '1645706472'
[2025-08-21 13:38:46] ⚠️ Row 329: Unparsable date → '1646624542'
[2025-08-21 13:38:46] ⚠️ Row 330: Unparsable date → '1648837752'
[2025-08-21 13:38:46] ⚠️ Row 331: Unparsable date → '1648907370'
[2025-08-21 13:38:47] ⚠️ Row 332: Unparsable date → '1649255294'
[2025-08-21 13:38:47] ⚠️ Row 333: Unparsable date → '1649927115'
[2025-08-21 13:38:47] ⚠️ Row 334: Unparsable date → '1651226021'
[2025-08-21 13:38:47] ⚠️ Row 335: Unparsable date → '1653899683'
[2025-08-21 13:38:47] ⚠️ Row 336: Unparsable date → '1658281221'
[2025-08-21 13:38:47] ⚠️ Row 337: Unparsable date → '1658817381'
[2025-08-21 13:38:47] ⚠️ Row 338: Unparsable date → '1660518056'
[2025-08-21 13:38:47] ⚠️ Row 339: Unparsable date → '1660542690'
[2025-08-21 13:38:47] ⚠️ Row 340: Unparsable date → '1662131389'
[2025-08-21 13:38:47] ⚠️ Row 341: Unparsable date → '1663199752'
[2025-08-21 13:38:47] ⚠️ Row 342: Unparsable date → '1667970100'
[2025-08-21 13:38:47] ⚠️ Row 343: Unparsable date → '1670902752'
[2025-08-21 13:38:47] ⚠️ Row 344: Unparsable date → '1706482224'
[2025-08-21 13:38:47] ⚠️ Row 345: Unparsable date → '1711239646'
[2025-08-21 13:38:47] ⚠️ Row 346: Unparsable date → '1734119550'
[2025-08-21 13:38:47] ⚠️ Row 347: Unparsable date → '1741767443'
[2025-08-21 13:38:47] ⚠️ Row 348: Unparsable date → '1743972955'
[2025-08-21 13:38:47] ⚠️ Row 349: Unparsable date → '1747451652'
[2025-08-21 13:38:47] ⚠️ Row 350: Unparsable date → '1771463813'
[2025-08-21 13:38:47] ⚠️ Row 351: Unparsable date → '1795446547'
[2025-08-21 13:38:47] ⚠️ Row 352: Unparsable date → '1801168438'
[2025-08-21 13:38:47] ⚠️ Row 353: Unparsable date → '1806633049'
[2025-08-21 13:38:47] ⚠️ Row 354: Unparsable date → '1813803874'
[2025-08-21 13:38:47] ⚠️ Row 355: Unparsable date → '1827857967'
[2025-08-21 13:38:47] ⚠️ Row 356: Unparsable date → '1936463315'
[2025-08-21 13:38:47] ⚠️ Row 357: Unparsable date → '1960926422'
[2025-08-21 13:38:47] ⚠️ Row 358: Unparsable date → '1991596004'
[2025-08-21 13:38:47] ⚠️ Row 359: Unparsable date → '2008368568'
[2025-08-21 13:38:47] ⚠️ Row 360: Unparsable date → '2009597932'
[2025-08-21 13:38:47] ⚠️ Row 361: Unparsable date → '2010053021'
[2025-08-21 13:38:47] ⚠️ Row 362: Unparsable date → '2010678816'
[2025-08-21 13:38:47] ⚠️ Row 363: Unparsable date → '2010732564'
[2025-08-21 13:38:47] ⚠️ Row 364: Unparsable date → '2010864535'
[2025-08-21 13:38:47] ⚠️ Row 365: Unparsable date → '2013462651'
[2025-08-21 13:38:47] ⚠️ Row 366: Unparsable date → '2013672074'
[2025-08-21 13:38:47] ⚠️ Row 367: Unparsable date → '2013880969'
[2025-08-21 13:38:47] ⚠️ Row 368: Unparsable date → '2014829929'
[2025-08-21 13:38:47] ⚠️ Row 369: Unparsable date → '2015317836'
[2025-08-21 13:38:47] ⚠️ Row 370: Unparsable date → '2018395845'
[2025-08-21 13:38:47] ⚠️ Row 371: Unparsable date → '2018408086'
[2025-08-21 13:38:47] ⚠️ Row 372: Unparsable date → '2020266186'
[2025-08-21 13:38:47] ⚠️ Row 373: Unparsable date → '2022665802'
[2025-08-21 13:38:47] ⚠️ Row 374: Unparsable date → '2026393210'
[2025-08-21 13:38:47] ⚠️ Row 375: Unparsable date → '2027028432'
[2025-08-21 13:38:47] ⚠️ Row 376: Unparsable date → '2027125564'
[2025-08-21 13:38:47] ⚠️ Row 377: Unparsable date → '2027424632'
[2025-08-21 13:38:47] ⚠️ Row 378: Unparsable date → '2027430222'
[2025-08-21 13:38:47] ⚠️ Row 379: Unparsable date → '2031339937'
[2025-08-21 13:38:47] ⚠️ Row 380: Unparsable date → '2031432759'
[2025-08-21 13:38:47] ⚠️ Row 381: Unparsable date → '2032176455'
[2025-08-21 13:38:47] ⚠️ Row 382: Unparsable date → '2034952906'
[2025-08-21 13:38:47] ⚠️ Row 383: Unparsable date → '2036323419'
[2025-08-21 13:38:47] ⚠️ Row 384: Unparsable date → '2036626425'
[2025-08-21 13:38:47] ⚠️ Row 385: Unparsable date → '2036887408'
[2025-08-21 13:38:47] ⚠️ Row 386: Unparsable date → '2038089912'
[2025-08-21 13:38:47] ⚠️ Row 387: Unparsable date → '2038753616'
[2025-08-21 13:38:47] ⚠️ Row 388: Unparsable date → '2041182508'
[2025-08-21 13:38:47] ⚠️ Row 389: Unparsable date → '2041254913'
[2025-08-21 13:38:47] ⚠️ Row 390: Unparsable date → '2041412945'
[2025-08-21 13:38:47] ⚠️ Row 391: Unparsable date → '2041828159'
[2025-08-21 13:38:47] ⚠️ Row 392: Unparsable date → '2042694551'
[2025-08-21 13:38:47] ⚠️ Row 393: Unparsable date → '2043320093'
[2025-08-21 13:38:47] ⚠️ Row 394: Unparsable date → '2043681326'
[2025-08-21 13:38:47] ⚠️ Row 395: Unparsable date → '2043711172'
[2025-08-21 13:38:47] ⚠️ Row 396: Unparsable date → '2043728636'
[2025-08-21 13:38:47] ⚠️ Row 397: Unparsable date → '2045395305'
[2025-08-21 13:38:47] ⚠️ Row 398: Unparsable date → '2045460604'
[2025-08-21 13:38:47] ⚠️ Row 399: Unparsable date → '2045911218'
[2025-08-21 13:38:47] ⚠️ Row 400: Unparsable date → '2046351771'
[2025-08-21 13:38:47] ⚠️ Row 401: Unparsable date → '2047936115'
[2025-08-21 13:38:47] ⚠️ Row 402: Unparsable date → '2048582054'
[2025-08-21 13:38:47] ⚠️ Row 403: Unparsable date → '2048588576'
[2025-08-21 13:38:47] ⚠️ Row 404: Unparsable date → '2049737046'
[2025-08-21 13:38:47] ⚠️ Row 405: Unparsable date → '2050034622'
[2025-08-21 13:38:47] ⚠️ Row 406: Unparsable date → '2050116538'
[2025-08-21 13:38:47] ⚠️ Row 407: Unparsable date → '2050319133'
[2025-08-21 13:38:47] ⚠️ Row 408: Unparsable date → '2050396316'
[2025-08-21 13:38:47] ⚠️ Row 409: Unparsable date → '2050452834'
[2025-08-21 13:38:47] ⚠️ Row 410: Unparsable date → '2050459035'
[2025-08-21 13:38:47] ⚠️ Row 411: Unparsable date → '2051081952'
[2025-08-21 13:38:47] ⚠️ Row 412: Unparsable date → '2052719508'
[2025-08-21 13:38:47] ⚠️ Row 413: Unparsable date → '2053150088'
[2025-08-21 13:38:47] ⚠️ Row 414: Unparsable date → '2053921842'
[2025-08-21 13:38:47] ⚠️ Row 415: Unparsable date → '2054040368'
[2025-08-21 13:38:47] ⚠️ Row 416: Unparsable date → '2054719841'
[2025-08-21 13:38:47] ⚠️ Row 417: Unparsable date → '2057828807'
[2025-08-21 13:38:47] ⚠️ Row 418: Unparsable date → '2057912241'
[2025-08-21 13:38:47] ⚠️ Row 419: Unparsable date → '2058814260'
[2025-08-21 13:38:47] ⚠️ Row 420: Unparsable date → '2058921155'
[2025-08-21 13:38:47] ⚠️ Row 421: Unparsable date → '2059086444'
[2025-08-21 13:38:47] ⚠️ Row 422: Unparsable date → '2062404496'
[2025-08-21 13:38:47] ⚠️ Row 423: Unparsable date → '2062460033'
[2025-08-21 13:38:47] ⚠️ Row 424: Unparsable date → '2062465734'
[2025-08-21 13:38:47] ⚠️ Row 425: Unparsable date → '2062534822'
[2025-08-21 13:38:47] ⚠️ Row 426: Unparsable date → '2062874332'
[2025-08-21 13:38:47] ⚠️ Row 427: Unparsable date → '2066687497'
[2025-08-21 13:38:47] ⚠️ Row 428: Unparsable date → '2068398986'
[2025-08-21 13:38:47] ⚠️ Row 429: Unparsable date → '2070268206'
[2025-08-21 13:38:47] ⚠️ Row 430: Unparsable date → '2070268512'
[2025-08-21 13:38:47] ⚠️ Row 431: Unparsable date → '2070280273'
[2025-08-21 13:38:47] ⚠️ Row 432: Unparsable date → '2070298219'
[2025-08-21 13:38:47] ⚠️ Row 433: Unparsable date → '2070316463'
[2025-08-21 13:38:47] ⚠️ Row 434: Unparsable date → '2070322192'
[2025-08-21 13:38:47] ⚠️ Row 435: Unparsable date → '2070328385'
[2025-08-21 13:38:47] ⚠️ Row 436: Unparsable date → '2072186159'
[2025-08-21 13:38:47] ⚠️ Row 437: Unparsable date → '2072975923'
[2025-08-21 13:38:47] ⚠️ Row 438: Unparsable date → '2073057286'
[2025-08-21 13:38:47] ⚠️ Row 439: Unparsable date → '2073249581'
[2025-08-21 13:38:47] ⚠️ Row 440: Unparsable date → '2073948211'
[2025-08-21 13:38:47] ⚠️ Row 441: Unparsable date → '2074360397'
[2025-08-21 13:38:47] ⚠️ Row 442: Unparsable date → '2074902198'
[2025-08-21 13:38:47] ⚠️ Row 443: Unparsable date → '2074962765'
[2025-08-21 13:38:47] ⚠️ Row 444: Unparsable date → '2075055155'
[2025-08-21 13:38:47] ⚠️ Row 445: Unparsable date → '2075072900'
[2025-08-21 13:38:47] ⚠️ Row 446: Unparsable date → '2075490630'
[2025-08-21 13:38:47] ⚠️ Row 447: Unparsable date → '2075965720'
[2025-08-21 13:38:47] ⚠️ Row 448: Unparsable date → '2075971699'
[2025-08-21 13:38:47] ⚠️ Row 449: Unparsable date → '2076413063'
[2025-08-21 13:38:47] ⚠️ Row 450: Unparsable date → '2077145461'
[2025-08-21 13:38:47] ⚠️ Row 451: Unparsable date → '2077165648'
[2025-08-21 13:38:47] ⚠️ Row 452: Unparsable date → '2077365331'
[2025-08-21 13:38:47] ⚠️ Row 453: Unparsable date → '2079733628'
[2025-08-21 13:38:47] ⚠️ Row 454: Unparsable date → '2079745732'
[2025-08-21 13:38:47] ⚠️ Row 455: Unparsable date → '2079780488'
[2025-08-21 13:38:47] ⚠️ Row 456: Unparsable date → '2080150428'
[2025-08-21 13:38:47] ⚠️ Row 457: Unparsable date → '2081906970'
[2025-08-21 13:38:47] ⚠️ Row 458: Unparsable date → '2082040821'
[2025-08-21 13:38:47] ⚠️ Row 459: Unparsable date → '2082472531'
[2025-08-21 13:38:47] ⚠️ Row 460: Unparsable date → '2086957517'
[2025-08-21 13:38:47] ⚠️ Row 461: Unparsable date → '2087993943'
[2025-08-21 13:38:47] ⚠️ Row 462: Unparsable date → '2092401893'
[2025-08-21 13:38:47] ⚠️ Row 463: Unparsable date → '2093203306'
[2025-08-21 13:38:47] ⚠️ Row 464: Unparsable date → '2093524926'
[2025-08-21 13:38:47] ⚠️ Row 465: Unparsable date → '2148908491'
[2025-08-21 13:38:47] ⚠️ Row 466: Unparsable date → '2148964202'
[2025-08-21 13:38:47] ⚠️ Row 467: Unparsable date → '2148976290'
[2025-08-21 13:38:47] ⚠️ Row 468: Unparsable date → '2148982332'
[2025-08-21 13:38:47] ⚠️ Row 469: Unparsable date → '2149008131'
[2025-08-21 13:38:47] ⚠️ Row 470: Unparsable date → '2150095348'
[2025-08-21 13:38:47] ⚠️ Row 471: Unparsable date → '2150101633'
[2025-08-21 13:38:47] ⚠️ Row 472: Unparsable date → '2150107111'
[2025-08-21 13:38:47] ⚠️ Row 473: Unparsable date → '2150107449'
[2025-08-21 13:38:47] ⚠️ Row 474: Unparsable date → '2150113341'
[2025-08-21 13:38:47] ⚠️ Row 475: Unparsable date → '2150130805'
[2025-08-21 13:38:47] ⚠️ Row 476: Unparsable date → '2150143760'
[2025-08-21 13:38:47] ⚠️ Row 477: Unparsable date → '2150155293'
[2025-08-21 13:38:47] ⚠️ Row 478: Unparsable date → '2150179415'
[2025-08-21 13:38:47] ⚠️ Row 479: Unparsable date → '2150227353'
[2025-08-21 13:38:47] ⚠️ Row 480: Unparsable date → '2150227739'
[2025-08-21 13:38:47] ⚠️ Row 481: Unparsable date → '2150395402'
[2025-08-21 13:38:47] ⚠️ Row 482: Unparsable date → '2150395570'
[2025-08-21 13:38:47] ⚠️ Row 483: Unparsable date → '2150395834'
[2025-08-21 13:38:47] ⚠️ Row 484: Unparsable date → '2150680381'
[2025-08-21 13:38:47] ⚠️ Row 485: Unparsable date → '2150730254'
[2025-08-21 13:38:47] ⚠️ Row 486: Unparsable date → '2150762190'
[2025-08-21 13:38:47] ⚠️ Row 487: Unparsable date → '2150933255'
[2025-08-21 13:38:47] ⚠️ Row 488: Unparsable date → '2151194640'
[2025-08-21 13:38:47] ⚠️ Row 489: Unparsable date → '2151611748'
[2025-08-21 13:38:47] ⚠️ Row 490: Unparsable date → '2151697354'
[2025-08-21 13:38:47] ⚠️ Row 491: Unparsable date → '2152057077'
[2025-08-21 13:38:47] ⚠️ Row 492: Unparsable date → '2152438270'
[2025-08-21 13:38:47] ⚠️ Row 493: Unparsable date → '2152720607'
[2025-08-21 13:38:47] ⚠️ Row 494: Unparsable date → '2163924199'
[2025-08-21 13:38:47] ⚠️ Row 495: Unparsable date → '2164128777'
[2025-08-21 13:38:47] ⚠️ Row 496: Unparsable date → '2164164084'
[2025-08-21 13:38:47] ⚠️ Row 497: Unparsable date → '2164170760'
[2025-08-21 13:38:47] ⚠️ Row 498: Unparsable date → '2164222538'
[2025-08-21 13:38:47] ⚠️ Row 499: Unparsable date → '2164698005'
[2025-08-21 13:38:47] ⚠️ Row 500: Unparsable date → '2164720988'
[2025-08-21 13:38:47] ⚠️ Row 501: Unparsable date → '2164738259'
[2025-08-21 13:38:47] ⚠️ Row 502: Unparsable date → '2164744418'
[2025-08-21 13:38:47] ⚠️ Row 503: Unparsable date → '2165856726'
[2025-08-21 13:38:47] ⚠️ Row 504: Unparsable date → '2165862125'
[2025-08-21 13:38:47] ⚠️ Row 505: Unparsable date → '2165905790'
[2025-08-21 13:38:47] ⚠️ Row 506: Unparsable date → '2166089271'
[2025-08-21 13:38:47] ⚠️ Row 507: Unparsable date → '2166089478'
[2025-08-21 13:38:47] ⚠️ Row 508: Unparsable date → '2166386130'
[2025-08-21 13:38:47] ⚠️ Row 509: Unparsable date → '2166804013'
[2025-08-21 13:38:47] ⚠️ Row 510: Unparsable date → '2166834247'
[2025-08-21 13:38:47] ⚠️ Row 511: Unparsable date → '2167338964'
[2025-08-21 13:38:47] ⚠️ Row 512: Unparsable date → '2167738586'
[2025-08-21 13:38:47] ⚠️ Row 513: Unparsable date → '2168658053'
[2025-08-21 13:38:47] ⚠️ Row 514: Unparsable date → '2169177725'
[2025-08-21 13:38:47] ⚠️ Row 515: Unparsable date → '2169224551'
[2025-08-21 13:38:47] ⚠️ Row 516: Unparsable date → '2226852046'
[2025-08-21 13:38:47] ⚠️ Row 517: Unparsable date → '2226939985'
[2025-08-21 13:38:47] ⚠️ Row 518: Unparsable date → '2229424951'
[2025-08-21 13:38:47] ⚠️ Row 519: Unparsable date → '2229442174'
[2025-08-21 13:38:47] ⚠️ Row 520: Unparsable date → '2233160203'
[2025-08-21 13:38:47] ⚠️ Row 521: Unparsable date → '2234129470'
[2025-08-21 13:38:47] ⚠️ Row 522: Unparsable date → '2237220248'
[2025-08-21 13:38:47] ⚠️ Row 523: Unparsable date → '2237238326'
[2025-08-21 13:38:47] ⚠️ Row 524: Unparsable date → '2237273114'
[2025-08-21 13:38:47] ⚠️ Row 525: Unparsable date → '2237414767'
[2025-08-21 13:38:47] ⚠️ Row 526: Unparsable date → '2237414932'
[2025-08-21 13:38:47] ⚠️ Row 527: Unparsable date → '2237431028'
[2025-08-21 13:38:47] ⚠️ Row 528: Unparsable date → '2237431258'
[2025-08-21 13:38:47] ⚠️ Row 529: Unparsable date → '2241169378'
[2025-08-21 13:38:47] ⚠️ Row 530: Unparsable date → '2241679984'
[2025-08-21 13:38:47] ⚠️ Row 531: Unparsable date → '2245715087'
[2025-08-21 13:38:47] ⚠️ Row 532: Unparsable date → '2245733674'
[2025-08-21 13:38:47] ⚠️ Row 533: Unparsable date → '2245927759'
[2025-08-21 13:38:47] ⚠️ Row 534: Unparsable date → '2245946720'
[2025-08-21 13:38:47] ⚠️ Row 535: Unparsable date → '2246593005'
[2025-08-21 13:38:47] ⚠️ Row 536: Unparsable date → '2248265087'
[2025-08-21 13:38:47] ⚠️ Row 537: Unparsable date → '2249245484'
[2025-08-21 13:38:47] ⚠️ Row 538: Unparsable date → '2249834818'
[2025-08-21 13:38:47] ⚠️ Row 539: Unparsable date → '2249900730'
[2025-08-21 13:38:47] ⚠️ Row 540: Unparsable date → '2249954007'
[2025-08-21 13:38:47] ⚠️ Row 541: Unparsable date → '2250114998'
[2025-08-21 13:38:47] ⚠️ Row 542: Unparsable date → '2251067499'
[2025-08-21 13:38:47] ⚠️ Row 543: Unparsable date → '2252433220'
[2025-08-21 13:38:47] ⚠️ Row 544: Unparsable date → '2252451812'
[2025-08-21 13:38:47] ⚠️ Row 545: Unparsable date → '2252465599'
[2025-08-21 13:38:47] ⚠️ Row 546: Unparsable date → '2265376894'
[2025-08-21 13:38:47] ⚠️ Row 547: Unparsable date → '2273395296'
[2025-08-21 13:38:47] ⚠️ Row 548: Unparsable date → '2277027227'
[2025-08-21 13:38:47] ⚠️ Row 549: Unparsable date → '2277319226'
[2025-08-21 13:38:47] ⚠️ Row 550: Unparsable date → '2277647774'
[2025-08-21 13:38:47] ⚠️ Row 551: Unparsable date → '2282560353'
[2025-08-21 13:38:47] ⚠️ Row 552: Unparsable date → '2285034010'
[2025-08-21 13:38:47] ⚠️ Row 553: Unparsable date → '2285843029'
[2025-08-21 13:38:47] ⚠️ Row 554: Unparsable date → '2285843053'
[2025-08-21 13:38:47] ⚠️ Row 555: Unparsable date → '2286673626'
[2025-08-21 13:38:47] ⚠️ Row 556: Unparsable date → '2288921620'
[2025-08-21 13:38:47] ⚠️ Row 557: Unparsable date → '2289120588'
[2025-08-21 13:38:47] ⚠️ Row 558: Unparsable date → '2293521272'
[2025-08-21 13:38:47] ⚠️ Row 559: Unparsable date → '2298996687'
[2025-08-21 13:38:47] ⚠️ Row 560: Unparsable date → '2299105484'
[2025-08-21 13:38:47] ⚠️ Row 561: Unparsable date → '2300184856'
[2025-08-21 13:38:47] ⚠️ Row 562: Unparsable date → '2307652584'
[2025-08-21 13:38:47] ⚠️ Row 563: Unparsable date → '2308133994'
[2025-08-21 13:38:47] ⚠️ Row 564: Unparsable date → '2314496730'
[2025-08-21 13:38:47] ⚠️ Row 565: Unparsable date → '2314644530'
[2025-08-21 13:38:47] ⚠️ Row 566: Unparsable date → '2315720005'
[2025-08-21 13:38:47] ⚠️ Row 567: Unparsable date → '2322715693'
[2025-08-21 13:38:47] ⚠️ Row 568: Unparsable date → '2322851262'
[2025-08-21 13:38:47] ⚠️ Row 569: Unparsable date → '2322931908'
[2025-08-21 13:38:47] ⚠️ Row 570: Unparsable date → '2323864463'
[2025-08-21 13:38:47] ⚠️ Row 571: Unparsable date → '2331964801'
[2025-08-21 13:38:47] ⚠️ Row 572: Unparsable date → '2332231448'
[2025-08-21 13:38:47] ⚠️ Row 573: Unparsable date → '2338667833'
[2025-08-21 13:38:47] ⚠️ Row 574: Unparsable date → '2339887248'
[2025-08-21 13:38:47] ⚠️ Row 575: Unparsable date → '2339958211'
[2025-08-21 13:38:47] ⚠️ Row 576: Unparsable date → '2347099020'
[2025-08-21 13:38:47] ⚠️ Row 577: Unparsable date → '2360742650'
[2025-08-21 13:38:47] ⚠️ Row 578: Unparsable date → '2361587636'
[2025-08-21 13:38:47] ⚠️ Row 579: Unparsable date → '2361792417'
[2025-08-21 13:38:47] ⚠️ Row 580: Unparsable date → '2368145022'
[2025-08-21 13:38:47] ⚠️ Row 581: Unparsable date → '2384961872'
[2025-08-21 13:38:47] ⚠️ Row 582: Unparsable date → '2388435060'
[2025-08-21 13:38:47] ⚠️ Row 583: Unparsable date → '2388505786'
[2025-08-21 13:38:47] ⚠️ Row 584: Unparsable date → '2391931437'
[2025-08-21 13:38:47] ⚠️ Row 585: Unparsable date → '2396548769'
[2025-08-21 13:38:47] ⚠️ Row 586: Unparsable date → '2399630495'
[2025-08-21 13:38:47] ⚠️ Row 587: Unparsable date → '2399704327'
[2025-08-21 13:38:47] ⚠️ Row 588: Unparsable date → '2400125869'
[2025-08-21 13:38:47] ⚠️ Row 589: Unparsable date → '2408328209'
[2025-08-21 13:38:47] ⚠️ Row 590: Unparsable date → '2408328250'
[2025-08-21 13:38:47] ⚠️ Row 591: Unparsable date → '2409274538'
[2025-08-21 13:38:47] ⚠️ Row 592: Unparsable date → '2410905374'
[2025-08-21 13:38:47] ⚠️ Row 593: Unparsable date → '2412915185'
[2025-08-21 13:38:47] ⚠️ Row 594: Unparsable date → '2413850725'
[2025-08-21 13:38:47] ⚠️ Row 595: Unparsable date → '2414647415'
[2025-08-21 13:38:47] ⚠️ Row 596: Unparsable date → '2416150212'
[2025-08-21 13:38:47] ⚠️ Row 597: Unparsable date → '2417572968'
[2025-08-21 13:38:47] ⚠️ Row 598: Unparsable date → '2419792942'
[2025-08-21 13:38:47] ⚠️ Row 599: Unparsable date → '2421478141'
[2025-08-21 13:38:47] ⚠️ Row 600: Unparsable date → '2423039648'
[2025-08-21 13:38:47] ⚠️ Row 601: Unparsable date → '2423055848'
[2025-08-21 13:38:47] ⚠️ Row 602: Unparsable date → '2424248714'
[2025-08-21 13:38:47] ⚠️ Row 603: Unparsable date → '2424248785'
[2025-08-21 13:38:47] ⚠️ Row 604: Unparsable date → '2424321439'
[2025-08-21 13:38:47] ⚠️ Row 605: Unparsable date → '2424923539'
[2025-08-21 13:38:47] ⚠️ Row 606: Unparsable date → '2425067469'
[2025-08-21 13:38:47] ⚠️ Row 607: Unparsable date → '2428021233'
[2025-08-21 13:38:47] ⚠️ Row 608: Unparsable date → '2432828538'
[2025-08-21 13:38:47] ⚠️ Row 609: Unparsable date → '2437760262'
[2025-08-21 13:38:47] ⚠️ Row 610: Unparsable date → '2441208267'
[2025-08-21 13:38:47] ⚠️ Row 611: Unparsable date → '2442352680'
[2025-08-21 13:38:47] ⚠️ Row 612: Unparsable date → '2442407313'
[2025-08-21 13:38:47] ⚠️ Row 613: Unparsable date → '2456208795'
[2025-08-21 13:38:47] ⚠️ Row 614: Unparsable date → '2459333274'
[2025-08-21 13:38:47] ⚠️ Row 615: Unparsable date → '2461106697'
[2025-08-21 13:38:47] ⚠️ Row 616: Unparsable date → '2464682706'
[2025-08-21 13:38:47] ⚠️ Row 617: Unparsable date → '2464716543'
[2025-08-21 13:38:47] ⚠️ Row 618: Unparsable date → '2465498753'
[2025-08-21 13:38:47] ⚠️ Row 619: Unparsable date → '2466289876'
[2025-08-21 13:38:47] ⚠️ Row 620: Unparsable date → '2466396932'
[2025-08-21 13:38:47] ⚠️ Row 621: Unparsable date → '2468773569'
[2025-08-21 13:38:47] ⚠️ Row 622: Unparsable date → '2469037514'
[2025-08-21 13:38:47] ⚠️ Row 623: Unparsable date → '2469038173'
[2025-08-21 13:38:47] ⚠️ Row 624: Unparsable date → '2469431720'
[2025-08-21 13:38:47] ⚠️ Row 625: Unparsable date → '2469514307'
[2025-08-21 13:38:47] ⚠️ Row 626: Unparsable date → '2469532684'
[2025-08-21 13:38:47] ⚠️ Row 627: Unparsable date → '2469532835'
[2025-08-21 13:38:47] ⚠️ Row 628: Unparsable date → '2469533074'
[2025-08-21 13:38:47] ⚠️ Row 629: Unparsable date → '2469550408'
[2025-08-21 13:38:47] ⚠️ Row 630: Unparsable date → '2469550418'
[2025-08-21 13:38:47] ⚠️ Row 631: Unparsable date → '2469550445'
[2025-08-21 13:38:47] ⚠️ Row 632: Unparsable date → '2469550473'
[2025-08-21 13:38:47] ⚠️ Row 633: Unparsable date → '2469570293'
[2025-08-21 13:38:47] ⚠️ Row 634: Unparsable date → '2469570363'
[2025-08-21 13:38:47] ⚠️ Row 635: Unparsable date → '2469570380'
[2025-08-21 13:38:47] ⚠️ Row 636: Unparsable date → '2469800555'
[2025-08-21 13:38:47] ⚠️ Row 637: Unparsable date → '2469818687'
[2025-08-21 13:38:47] ⚠️ Row 638: Unparsable date → '2470411611'
[2025-08-21 13:38:47] ⚠️ Row 639: Unparsable date → '2470411859'
[2025-08-21 13:38:47] ⚠️ Row 640: Unparsable date → '2470777851'
[2025-08-21 13:38:47] ⚠️ Row 641: Unparsable date → '2470793751'
[2025-08-21 13:38:47] ⚠️ Row 642: Unparsable date → '2470963230'
[2025-08-21 13:38:48] ⚠️ Row 643: Unparsable date → '2471034849'
[2025-08-21 13:38:48] ⚠️ Row 644: Unparsable date → '2471161179'
[2025-08-21 13:38:48] ⚠️ Row 645: Unparsable date → '2471670849'
[2025-08-21 13:38:48] ⚠️ Row 646: Unparsable date → '2471689620'
[2025-08-21 13:38:48] ⚠️ Row 647: Unparsable date → '2471859416'
[2025-08-21 13:38:48] ⚠️ Row 648: Unparsable date → '2471895823'
[2025-08-21 13:38:48] ⚠️ Row 649: Unparsable date → '2472288646'
[2025-08-21 13:38:48] ⚠️ Row 650: Unparsable date → '2472961971'
[2025-08-21 13:38:48] ⚠️ Row 651: Unparsable date → '2473342626'
[2025-08-21 13:38:48] ⚠️ Row 652: Unparsable date → '2473361657'
[2025-08-21 13:38:48] ⚠️ Row 653: Unparsable date → '2473620922'
[2025-08-21 13:38:48] ⚠️ Row 654: Unparsable date → '2474080626'
[2025-08-21 13:38:48] ⚠️ Row 655: Unparsable date → '2475020802'
[2025-08-21 13:38:48] ⚠️ Row 656: Unparsable date → '2475020922'
[2025-08-21 13:38:48] ⚠️ Row 657: Unparsable date → '2475021720'
[2025-08-21 13:38:48] ⚠️ Row 658: Unparsable date → '2475079319'
[2025-08-21 13:38:48] ⚠️ Row 659: Unparsable date → '2475097998'
[2025-08-21 13:38:48] ⚠️ Row 660: Unparsable date → '2475248330'
[2025-08-21 13:38:48] ⚠️ Row 661: Unparsable date → '2475248518'
[2025-08-21 13:38:48] ⚠️ Row 662: Unparsable date → '2475248721'
[2025-08-21 13:38:48] ⚠️ Row 663: Unparsable date → '2475248741'
[2025-08-21 13:38:48] ⚠️ Row 664: Unparsable date → '2475266820'
[2025-08-21 13:38:48] ⚠️ Row 665: Unparsable date → '2475266933'
[2025-08-21 13:38:48] ⚠️ Row 666: Unparsable date → '2475267285'
[2025-08-21 13:38:48] ⚠️ Row 667: Unparsable date → '2475286107'
[2025-08-21 13:38:48] ⚠️ Row 668: Unparsable date → '2475398882'
[2025-08-21 13:38:48] ⚠️ Row 669: Unparsable date → '2475515641'
[2025-08-21 13:38:48] ⚠️ Row 670: Unparsable date → '2475530553'
[2025-08-21 13:38:48] ⚠️ Row 671: Unparsable date → '2479274384'
[2025-08-21 13:38:48] ⚠️ Row 672: Unparsable date → '2479455157'
[2025-08-21 13:38:48] ⚠️ Row 673: Unparsable date → '2480119223'
[2025-08-21 13:38:48] ⚠️ Row 674: Unparsable date → '2480160469'
[2025-08-21 13:38:48] ⚠️ Row 675: Unparsable date → '2480160991'
[2025-08-21 13:38:48] ⚠️ Row 676: Unparsable date → '2480214984'
[2025-08-21 13:38:48] ⚠️ Row 677: Unparsable date → '2480327092'
[2025-08-21 13:38:48] ⚠️ Row 678: Unparsable date → '2480327247'
[2025-08-21 13:38:48] ⚠️ Row 679: Unparsable date → '2480327529'
[2025-08-21 13:38:48] ⚠️ Row 680: Unparsable date → '2486478237'
[2025-08-21 13:38:48] ⚠️ Row 681: Unparsable date → '2490028164'
[2025-08-21 13:38:48] ⚠️ Row 682: Unparsable date → '2490645357'
[2025-08-21 13:38:48] ⚠️ Row 683: Unparsable date → '2490678722'
[2025-08-21 13:38:48] ⚠️ Row 684: Unparsable date → '2490802918'
[2025-08-21 13:38:48] ⚠️ Row 685: Unparsable date → '2491091067'
[2025-08-21 13:38:48] ⚠️ Row 686: Unparsable date → '2491675819'
[2025-08-21 13:38:48] ⚠️ Row 687: Unparsable date → '2492309706'
[2025-08-21 13:38:48] ⚠️ Row 688: Unparsable date → '2492899311'
[2025-08-21 13:38:48] ⚠️ Row 689: Unparsable date → '2493355642'
[2025-08-21 13:38:48] ⚠️ Row 690: Unparsable date → '2493374683'
[2025-08-21 13:38:48] ⚠️ Row 691: Unparsable date → '2493411472'
[2025-08-21 13:38:48] ⚠️ Row 692: Unparsable date → '2493426821'
[2025-08-21 13:38:48] ⚠️ Row 693: Unparsable date → '2493588577'
[2025-08-21 13:38:48] ⚠️ Row 694: Unparsable date → '2493657055'
[2025-08-21 13:38:48] ⚠️ Row 695: Unparsable date → '2495366816'
[2025-08-21 13:38:48] ⚠️ Row 696: Unparsable date → '2495403020'
[2025-08-21 13:38:48] ⚠️ Row 697: Unparsable date → '2495511008'
[2025-08-21 13:38:48] ⚠️ Row 698: Unparsable date → '2499737402'
[2025-08-21 13:38:48] ⚠️ Row 699: Unparsable date → '2499839604'
[2025-08-21 13:38:48] ⚠️ Row 700: Unparsable date → '2499988836'
[2025-08-21 13:38:48] ⚠️ Row 701: Unparsable date → '2500644131'
[2025-08-21 13:38:48] ⚠️ Row 702: Unparsable date → '2500661934'
[2025-08-21 13:38:48] ⚠️ Row 703: Unparsable date → '2500909950'
[2025-08-21 13:38:48] ⚠️ Row 704: Unparsable date → '2500910891'
[2025-08-21 13:38:48] ⚠️ Row 705: Unparsable date → '2553878023'
[2025-08-21 13:38:48] ⚠️ Row 706: Unparsable date → '2572124781'
[2025-08-21 13:38:48] ⚠️ Row 707: Unparsable date → '2576079027'
[2025-08-21 13:38:48] ⚠️ Row 708: Unparsable date → '2580151025'
[2025-08-21 13:38:48] ⚠️ Row 709: Unparsable date → '2580216849'
[2025-08-21 13:38:48] ⚠️ Row 710: Unparsable date → '2580773205'
[2025-08-21 13:38:48] ⚠️ Row 711: Unparsable date → '2610394114'
[2025-08-21 13:38:48] ⚠️ Row 712: Unparsable date → '2610466145'
[2025-08-21 13:38:48] ⚠️ Row 713: Unparsable date → '2610466147'
[2025-08-21 13:38:48] ⚠️ Row 714: Unparsable date → '2612003946'
[2025-08-21 13:38:48] ⚠️ Row 715: Unparsable date → '2621859050'
[2025-08-21 13:38:48] ⚠️ Row 716: Unparsable date → '2628866761'
[2025-08-21 13:38:48] ⚠️ Row 717: Unparsable date → '2636316360'
[2025-08-21 13:38:48] ⚠️ Row 718: Unparsable date → '2641736752'
[2025-08-21 13:38:48] ⚠️ Row 719: Unparsable date → '2647109222'
[2025-08-21 13:38:48] ⚠️ Row 720: Unparsable date → '2660355081'
[2025-08-21 13:38:48] ⚠️ Row 721: Unparsable date → '2661893707'
[2025-08-21 13:38:48] ⚠️ Row 722: Unparsable date → '2664066223'
[2025-08-21 13:38:48] ⚠️ Row 723: Unparsable date → '2666595057'
[2025-08-21 13:38:48] ⚠️ Row 724: Unparsable date → '2667342354'
[2025-08-21 13:38:48] ⚠️ Row 725: Unparsable date → '2667708180'
[2025-08-21 13:38:48] ⚠️ Row 726: Unparsable date → '2668201077'
[2025-08-21 13:38:48] ⚠️ Row 727: Unparsable date → '2670017929'
[2025-08-21 13:38:48] ⚠️ Row 728: Unparsable date → '2670854131'
[2025-08-21 13:38:48] ⚠️ Row 729: Unparsable date → '2672925433'
[2025-08-21 13:38:48] ⚠️ Row 730: Unparsable date → '2673037753'
[2025-08-21 13:38:48] ⚠️ Row 731: Unparsable date → '2673440119'
[2025-08-21 13:38:48] ⚠️ Row 732: Unparsable date → '2673440151'
[2025-08-21 13:38:48] ⚠️ Row 733: Unparsable date → '2681609288'
[2025-08-21 13:38:48] ⚠️ Row 734: Unparsable date → '2692055120'
[2025-08-21 13:38:48] TA logic: Deposits = 0, Cashouts/Withdrawals = 0, Net = 0
[2025-08-21 13:38:48] ✅ Created Payment Summary with 0 rows.
[2025-08-21 13:38:48] ✅ Created styled Summary (Currency → Type → Year) with title row.
[2025-08-21 13:38:48] ✅ Finished processing: TA_Pokerstars.xlsx
