[2025-09-24 09:24:00] 📄 8076 has no Excel; found 1 PDF(s).
[2025-09-24 09:24:00] 📦 8076 | Franklin Leurs Leurs, Pino Casino — 0 Excel file(s)
[2025-09-24 09:24:01] 📦 17052 | Jordi Stoffels, MasonSlots — 3 Excel file(s)
[2025-09-24 09:24:02] 📄 18986 has no Excel; found 1 PDF(s).
[2025-09-24 09:24:02] 📦 18986 | Demy Toornstra, One Casino — 0 Excel file(s)
[2025-09-24 09:24:03] 📦 19547 | David Hol, Betsson — 1 Excel file(s)
[2025-09-24 09:24:05] 📦 28311 | gino spijkers, 888 — 1 Excel file(s)
[2025-09-24 09:24:05] 📦 12113 | lamin sanha, BWIN — 3 Excel file(s)
[2025-09-24 09:24:06] 📄 26566 has no Excel; found 1 PDF(s).
[2025-09-24 09:24:06] 📦 26566 | Johannes Franciscus van Mierlo, Crazy Fox — 0 Excel file(s)
[2025-09-24 09:24:09] 📦 37816 | Ricardo Keur, PokerStars — 3 Excel file(s)
[2025-09-24 09:24:13] 📦 51743 | huseyin tercan, N1 interactive Ltd — 2 Excel file(s)
[2025-09-24 09:24:14] 📦 2450 | Roel Hermans, William Hill — 1 Excel file(s)
[2025-09-24 09:24:15] 📦 25257 | Dennis Wanders, ComeOn — 1 Excel file(s)
[2025-09-24 09:24:19] 📦 48031 | Andreas Voorbraak, N1 interactive Ltd — 6 Excel file(s)
[2025-09-24 09:24:23] 📦 52941 | Kamal Bizjan, N1 interactive Ltd — 2 Excel file(s)
[2025-09-24 09:24:25] 📦 28555 | Marcel Wollrabe, One Casino — 2 Excel file(s)
[2025-09-24 09:24:29] 📄 6844 has no Excel; found 1 PDF(s).
[2025-09-24 09:24:29] 📦 6844 | Daniel van der Bent, Spinia — 0 Excel file(s)
[2025-09-24 09:24:30] 📄 16578 has no Excel; found 2 PDF(s).
[2025-09-24 09:24:30] 📦 16578 | Robin Nawijn, N1 Casino — 0 Excel file(s)
[2025-09-24 09:24:32] 📄 24979 has no Excel; found 2 PDF(s).
[2025-09-24 09:24:32] 📦 24979 | Senno Michel, Betsafe — 0 Excel file(s)
[2025-09-24 09:24:33] 📦 22709 | Steven Tavernier, ComeOn Casino — 1 Excel file(s)
[2025-09-24 09:24:35] 📦 40136 | Job van Maastricht, Pokerstars — 3 Excel file(s)
[2025-09-24 09:24:39] 📦 45122 | Josh Daniel Dijkhuizen, PokerStars — 3 Excel file(s)
[2025-09-24 09:24:43] 📦 47331 | Tom Dam, William Hill — 1 Excel file(s)
[2025-09-24 09:24:43] 📤 Exported JSON to: C:\Users\salbahaca\Documents\Automations\Sorting Excel Dates\Excel Processor\to_calculate_files_20250924_092443.json
