[2025-09-24 16:41:07] 🚫 IT: 'Checked' note for 28624 — dropping.
[2025-09-24 16:41:07]     ↳ first line: Checked (28.02.2025)
[2025-09-24 16:41:07]     ↳ preview: Checked (28.02.2025)
[2025-09-24 16:41:07] 🚫 IT: 'Checked' note for 3262 — dropping.
[2025-09-24 16:41:07]     ↳ first line: Checked (2.24.2025)
[2025-09-24 16:41:07]     ↳ preview: Checked (2.24.2025)  Amount is Below 1000 EUR
[2025-09-24 16:41:11] 🚫 IT: 'Checked' note for 10024 — dropping.
[2025-09-24 16:41:11]     ↳ first line: Checked (10.03.2025)
[2025-09-24 16:41:11]     ↳ preview: Checked (10.03.2025)
[2025-09-24 16:41:11] 🚫 IT: 'Checked' note for 14926 — dropping.
[2025-09-24 16:41:11]     ↳ first line: Checked (28.02.2025)
[2025-09-24 16:41:11]     ↳ preview: Checked (28.02.2025)
[2025-09-24 16:41:12] 🚫 IT: 'Checked' note for 19891 — dropping.
[2025-09-24 16:41:12]     ↳ first line: Checked (28.02.2025)
[2025-09-24 16:41:12]     ↳ preview: Checked (28.02.2025)  Amount is below 1000 EUR
[2025-09-24 16:41:12] 🚫 IT: 'Checked' note for 19893 — dropping.
[2025-09-24 16:41:12]     ↳ first line: Checked (28.02.2025)
[2025-09-24 16:41:12]     ↳ preview: Checked (28.02.2025)  Amount is below 1000 EUR
[2025-09-24 16:41:12] 🚫 IT: 'Checked' note for 20252 — dropping.
[2025-09-24 16:41:12]     ↳ first line: Checked (17.03.2025)
[2025-09-24 16:41:12]     ↳ preview: Checked (17.03.2025)
[2025-09-24 16:41:12] 🚫 IT: 'Checked' note for 20670 — dropping.
[2025-09-24 16:41:12]     ↳ first line: Checked (28.02.2025)
[2025-09-24 16:41:12]     ↳ preview: Checked (28.02.2025)
[2025-09-24 16:41:14] 🚫 IT: 'Checked' note for 29741 — dropping.
[2025-09-24 16:41:14]     ↳ first line: Checked (28.02.2025)
[2025-09-24 16:41:14]     ↳ preview: Checked (28.02.2025)
[2025-09-24 16:41:14] 🚫 IT: 'Checked' note for 29998 — dropping.
[2025-09-24 16:41:14]     ↳ first line: Checked (7.7.2025)
[2025-09-24 16:41:14]     ↳ preview: Checked (7.7.2025)  Amount is below 1000 EUR
[2025-09-24 16:41:14] 🚫 IT: 'Checked' note for 25929 — dropping.
[2025-09-24 16:41:14]     ↳ first line: Checked (28.02.2025)
[2025-09-24 16:41:14]     ↳ preview: Checked (28.02.2025)  Amount is below 1000 EUR
[2025-09-24 16:41:14] 🚫 IT: 'Checked' note for 25930 — dropping.
[2025-09-24 16:41:14]     ↳ first line: Checked (28.02.2025)
[2025-09-24 16:41:14]     ↳ preview: Checked (28.02.2025)  Amount is below 1000 EUR
[2025-09-24 16:41:14] 🚫 IT: 'Checked' note for 25931 — dropping.
[2025-09-24 16:41:14]     ↳ first line: Checked (28.02.2025)
[2025-09-24 16:41:14]     ↳ preview: Checked (28.02.2025)
[2025-09-24 16:41:22] 🧹 Filter result — total:137 kept:48 dropped_by_sharepoint:2 dropped_by_notes:87
[2025-09-24 16:41:23] 📦 15619 | Minas Calisir, One Casino — 1 Excel file(s) — Opponent: One Casino
[2025-09-24 16:41:24] 📦 23140 | Geijtenbeek-Vink Petra, Bobcasino — 6 Excel file(s) — Opponent: Bobcasino
[2025-09-24 16:41:25] 📦 23142 | Geijtenbeek-Vink Petra, Oranjecasino — 6 Excel file(s) — Opponent: Oranjecasino
[2025-09-24 16:41:26] 📦 24718 | (Hilde) Elke Drok, Oranjecasino — 3 Excel file(s) — Opponent: Oranjecasino
[2025-09-24 16:41:28] 📦 30096 | Robbie van Heertum, King Billy — 1 Excel file(s) — Opponent: King Billy
[2025-09-24 16:41:31] 📦 37644 | Marc Perlo, 888 — 1 Excel file(s) — Opponent: 888
[2025-09-24 16:41:35] 📦 45032 | Youri Thorig, Casumo — 1 Excel file(s) — Opponent: Casumo
[2025-09-24 16:41:40] 📦 53606 | muller freddie, Unibet — 1 Excel file(s) — Opponent: Unibet
[2025-09-24 16:41:41] 📦 21676 | Fabian Wink, CasinoEuro — 2 Excel file(s) — Opponent: CasinoEuro
[2025-09-24 16:41:42] 📦 21680 | Fabian Wink, Millionaria — 0 Excel file(s) — Opponent: Millionaria
[2025-09-24 16:41:43] 📦 21683 | Fabian Wink, OctoCasino — 1 Excel file(s) — Opponent: OctoCasino
[2025-09-24 16:41:44] 📦 21686 | Fabian Wink, Rizk — 2 Excel file(s) — Opponent: Rizk
[2025-09-24 16:41:45] 📦 21688 | Fabian Wink, Spinia — 2 Excel file(s) — Opponent: Spinia
[2025-09-24 16:41:45] 📦 10180 | Dennis Tjoonk, 888 — 1 Excel file(s) — Opponent: 888
[2025-09-24 16:41:46] 📄 20000 has no Excel; found 1 PDF(s).
[2025-09-24 16:41:46] 📦 20000 | Michael Hovenga, Bobcasino — 0 Excel file(s) — Opponent: Bobcasino
[2025-09-24 16:41:48] 📦 27583 | Sachs-Wissingh Petra, N1 interactive Ltd. — 2 Excel file(s) — Opponent: N1 interactive Ltd.
[2025-09-24 16:41:49] 📦 27919 | Koopmans Marc, William Hill — 1 Excel file(s) — Opponent: William Hill
[2025-09-24 16:41:49] 📦 11930 | Max van Eijk, William Hill — 1 Excel file(s) — Opponent: William Hill
[2025-09-24 16:41:51] 📦 27515 | jacek kowalczyk, Duxcasino — 1 Excel file(s) — Opponent: Duxcasino
[2025-09-24 16:41:53] 📦 37865 | Maurice Van daalen, 888 — 1 Excel file(s) — Opponent: 888
[2025-09-24 16:41:55] 📦 25362 | Benjamin Oderkerk, Krooncasino — 2 Excel file(s) — Opponent: Krooncasino
[2025-09-24 16:41:56] 📦 28066 | Jelle Veenvliet, 888 — 1 Excel file(s) — Opponent: 888
[2025-09-24 16:41:57] 📦 15690 | Mirwais Sefati, One Casino — 3 Excel file(s) — Opponent: One Casino
[2025-09-24 16:41:58] 📦 29951 | Lukasz Władysław Bogusz Bogusz, One Casino — 1 Excel file(s) — Opponent: One Casino
