[2025-09-23 16:39:04] 🚫 IT: 'Checked' note for 8084 — dropping.
[2025-09-23 16:39:04]     ↳ first line: Checked (24.02.2025)
[2025-09-23 16:39:04]     ↳ preview: Checked (24.02.2025)
[2025-09-23 16:39:04] 🚫 IT: 'Checked' note for 8376 — dropping.
[2025-09-23 16:39:04]     ↳ first line: Checked (24.02.2025)
[2025-09-23 16:39:04]     ↳ preview: Checked (24.02.2025)  Amount is below 1000 EUR
[2025-09-23 16:39:04] 🚫 IT: 'Checked' note for 11356 — dropping.
[2025-09-23 16:39:04]     ↳ first line: Checked (27.02.2025)
[2025-09-23 16:39:04]     ↳ preview: Checked (27.02.2025)
[2025-09-23 16:39:07] 🚫 IT: 'Checked' note for 21218 — dropping.
[2025-09-23 16:39:07]     ↳ first line: Checked (28.02.2025)
[2025-09-23 16:39:07]     ↳ preview: Checked (28.02.2025)
[2025-09-23 16:39:08] 🚫 IT: 'Checked' note for 29214 — dropping.
[2025-09-23 16:39:08]     ↳ first line: Checked (28.02.2025)
[2025-09-23 16:39:08]     ↳ preview: Checked (28.02.2025)
[2025-09-23 16:39:08] 🚫 IT: 'Checked' note for 30101 — dropping.
[2025-09-23 16:39:08]     ↳ first line: Checked (28.02.2025)
[2025-09-23 16:39:08]     ↳ preview: Checked (28.02.2025)
[2025-09-23 16:39:08] 🚫 IT: 'Checked' note for 9866 — dropping.
[2025-09-23 16:39:08]     ↳ first line: Checked (24.02.2025)
[2025-09-23 16:39:08]     ↳ preview: Checked (24.02.2025)  Amount is below 1000 EUR
[2025-09-23 16:39:08] 🚫 IT: 'Checked' note for 9974 — dropping.
[2025-09-23 16:39:08]     ↳ first line: Checked (24.02.2025)
[2025-09-23 16:39:08]     ↳ preview: Checked (24.02.2025)
[2025-09-23 16:39:08] 🚫 IT: 'Checked' note for 10044 — dropping.
[2025-09-23 16:39:08]     ↳ first line: Checked (24.02.2025)
[2025-09-23 16:39:08]     ↳ preview: Checked (24.02.2025)
[2025-09-23 16:39:08] 🚫 IT: 'Checked' note for 12112 — dropping.
[2025-09-23 16:39:08]     ↳ first line: Checked (27.02.2025)
[2025-09-23 16:39:08]     ↳ preview: Checked (27.02.2025)
[2025-09-23 16:39:09] 🚫 IT: 'Checked' note for 16251 — dropping.
[2025-09-23 16:39:09]     ↳ first line: Checked (28.02.2025)
[2025-09-23 16:39:09]     ↳ preview: Checked (28.02.2025)  Amount is below 1000 EUR
[2025-09-23 16:39:09] 🚫 IT: 'Checked' note for 16318 — dropping.
[2025-09-23 16:39:09]     ↳ first line: Checked (28.02.2025)
[2025-09-23 16:39:09]     ↳ preview: Checked (28.02.2025)
[2025-09-23 16:39:09] 🚫 IT: 'Checked' note for 17822 — dropping.
[2025-09-23 16:39:09]     ↳ first line: Checked (28.02.2025)
[2025-09-23 16:39:09]     ↳ preview: Checked (28.02.2025)
[2025-09-23 16:39:09] 🚫 IT: 'Checked' note for 20256 — dropping.
[2025-09-23 16:39:09]     ↳ first line: Checked (28.02.2025)
[2025-09-23 16:39:09]     ↳ preview: Checked (28.02.2025)
[2025-09-23 16:39:09] 🚫 IT: 'Checked' note for 22839 — dropping.
[2025-09-23 16:39:09]     ↳ first line: Checked (28.02.2025)
[2025-09-23 16:39:09]     ↳ preview: Checked (28.02.2025)
[2025-09-23 16:39:09] 🚫 IT: 'Checked' note for 25746 — dropping.
[2025-09-23 16:39:09]     ↳ first line: Checked (28.02.2025)
[2025-09-23 16:39:09]     ↳ preview: Checked (28.02.2025)
[2025-09-23 16:39:09] 🚫 IT: 'Checked' note for 25816 — dropping.
[2025-09-23 16:39:09]     ↳ first line: Checked (28.02.2025)
[2025-09-23 16:39:09]     ↳ preview: Checked (28.02.2025)
[2025-09-23 16:39:10] 🚫 IT: 'Checked' note for 27330 — dropping.
[2025-09-23 16:39:10]     ↳ first line: Checked (28.02.2025)
[2025-09-23 16:39:10]     ↳ preview: Checked (28.02.2025)
[2025-09-23 16:39:10] 🚫 IT: 'Checked' note for 32048 — dropping.
[2025-09-23 16:39:10]     ↳ first line: Checked (7.7.2025)
[2025-09-23 16:39:10]     ↳ preview: Checked (7.7.2025)
[2025-09-23 16:39:13] 🚫 IT: 'Checked' note for 45549 — dropping.
[2025-09-23 16:39:13]     ↳ first line: Checked (7.7.2025)
[2025-09-23 16:39:13]     ↳ preview: Checked (7.7.2025)
[2025-09-23 16:39:17] 🚫 IT: 'Checked' note for 15575 — dropping.
[2025-09-23 16:39:18]     ↳ first line: Checked (28.02.2025)
[2025-09-23 16:39:18]     ↳ preview: Checked (28.02.2025)
[2025-09-23 16:39:18] 🚫 IT: 'Checked' note for 2442 — dropping.
[2025-09-23 16:39:18]     ↳ first line: Checked (2.20.2025)
[2025-09-23 16:39:18]     ↳ preview: Checked (2.20.2025)
[2025-09-23 16:39:18] 🚫 IT: 'Checked' note for 2446 — dropping.
[2025-09-23 16:39:18]     ↳ first line: Checked (7.7.2025)
[2025-09-23 16:39:18]     ↳ preview: Checked (7.7.2025)
[2025-09-23 16:39:18] 🚫 IT: 'Checked' note for 2447 — dropping.
[2025-09-23 16:39:18]     ↳ first line: Checked (2.20.2025)
[2025-09-23 16:39:18]     ↳ preview: Checked (2.20.2025)  Amount is below 1.000 EUR
[2025-09-23 16:39:19] 🚫 IT: 'Checked' note for 2451 — dropping.
[2025-09-23 16:39:19]     ↳ first line: Checked (2.20.2025)
[2025-09-23 16:39:19]     ↳ preview: Checked (2.20.2025)  Amount is below than 1000 EUR
[2025-09-23 16:39:19] 🚫 IT: 'Checked' note for 4822 — dropping.
[2025-09-23 16:39:19]     ↳ first line: Checked (24.02.2025)
[2025-09-23 16:39:20]     ↳ preview: Checked (24.02.2025)  Amount is below 1000 EUR
[2025-09-23 16:39:20] 🚫 IT: 'Checked' note for 7171 — dropping.
[2025-09-23 16:39:20]     ↳ first line: Checked (24.02.2025)
[2025-09-23 16:39:20]     ↳ preview: Checked (24.02.2025)
[2025-09-23 16:39:20] 🚫 IT: 'Checked' note for 13167 — dropping.
[2025-09-23 16:39:20]     ↳ first line: Checked (27.02.2025)
[2025-09-23 16:39:20]     ↳ preview: Checked (27.02.2025)  Amount is below 1000 EUR
[2025-09-23 16:39:20] 🚫 SP: Checked_* file(s) present for 13202 — dropping.
[2025-09-23 16:39:20] 🚫 IT: 'Checked' note for 13509 — dropping.
[2025-09-23 16:39:20]     ↳ first line: Checked (27.02.2025)
[2025-09-23 16:39:20]     ↳ preview: Checked (27.02.2025)  Amount is below 1000 EUR
[2025-09-23 16:39:20] 🚫 IT: 'Checked' note for 15176 — dropping.
[2025-09-23 16:39:20]     ↳ first line: Checked (28.02.2025)
[2025-09-23 16:39:20]     ↳ preview: Checked (28.02.2025)  Amount is below 1000 EUR
[2025-09-23 16:39:20] 🚫 IT: 'Checked' note for 20942 — dropping.
[2025-09-23 16:39:20]     ↳ first line: Checked (28.02.2025)
[2025-09-23 16:39:20]     ↳ preview: Checked (28.02.2025)  Amount is below 1000 EUR
[2025-09-23 16:39:20] 🚫 IT: 'Checked' note for 21477 — dropping.
[2025-09-23 16:39:20]     ↳ first line: Checked (28.02.2025)
[2025-09-23 16:39:20]     ↳ preview: Checked (28.02.2025)  Amount is below 1000 EUR
[2025-09-23 16:39:20] 🚫 IT: 'Checked' note for 25253 — dropping.
[2025-09-23 16:39:20]     ↳ first line: Checked (28.02.2025)
[2025-09-23 16:39:20]     ↳ preview: Checked (28.02.2025)
[2025-09-23 16:39:21] 🚫 IT: 'Checked' note for 30247 — dropping.
[2025-09-23 16:39:21]     ↳ first line: Checked (28.02.2025)
[2025-09-23 16:39:21]     ↳ preview: Checked (28.02.2025)
[2025-09-23 16:39:32] 🚫 IT: 'Checked' note for 28624 — dropping.
[2025-09-23 16:39:32]     ↳ first line: Checked (28.02.2025)
[2025-09-23 16:39:32]     ↳ preview: Checked (28.02.2025)
[2025-09-23 16:39:32] 🚫 IT: 'Checked' note for 3262 — dropping.
[2025-09-23 16:39:32]     ↳ first line: Checked (2.24.2025)
[2025-09-23 16:39:32]     ↳ preview: Checked (2.24.2025)  Amount is Below 1000 EUR
[2025-09-23 16:39:36] 🚫 IT: 'Checked' note for 10024 — dropping.
[2025-09-23 16:39:36]     ↳ first line: Checked (10.03.2025)
[2025-09-23 16:39:36]     ↳ preview: Checked (10.03.2025)
[2025-09-23 16:39:36] 🚫 IT: 'Checked' note for 14926 — dropping.
[2025-09-23 16:39:36]     ↳ first line: Checked (28.02.2025)
[2025-09-23 16:39:36]     ↳ preview: Checked (28.02.2025)
[2025-09-23 16:39:37] 🚫 IT: 'Checked' note for 19891 — dropping.
[2025-09-23 16:39:37]     ↳ first line: Checked (28.02.2025)
[2025-09-23 16:39:37]     ↳ preview: Checked (28.02.2025)  Amount is below 1000 EUR
[2025-09-23 16:39:37] 🚫 IT: 'Checked' note for 19893 — dropping.
[2025-09-23 16:39:37]     ↳ first line: Checked (28.02.2025)
[2025-09-23 16:39:37]     ↳ preview: Checked (28.02.2025)  Amount is below 1000 EUR
[2025-09-23 16:39:37] 🚫 IT: 'Checked' note for 20252 — dropping.
[2025-09-23 16:39:37]     ↳ first line: Checked (17.03.2025)
[2025-09-23 16:39:37]     ↳ preview: Checked (17.03.2025)
[2025-09-23 16:39:37] 🚫 IT: 'Checked' note for 20670 — dropping.
[2025-09-23 16:39:37]     ↳ first line: Checked (28.02.2025)
[2025-09-23 16:39:37]     ↳ preview: Checked (28.02.2025)
[2025-09-23 16:39:39] 🚫 IT: 'Checked' note for 29741 — dropping.
[2025-09-23 16:39:39]     ↳ first line: Checked (28.02.2025)
[2025-09-23 16:39:39]     ↳ preview: Checked (28.02.2025)
[2025-09-23 16:39:39] 🚫 IT: 'Checked' note for 29998 — dropping.
[2025-09-23 16:39:39]     ↳ first line: Checked (7.7.2025)
[2025-09-23 16:39:39]     ↳ preview: Checked (7.7.2025)  Amount is below 1000 EUR
[2025-09-23 16:39:39] 🚫 IT: 'Checked' note for 25929 — dropping.
[2025-09-23 16:39:39]     ↳ first line: Checked (28.02.2025)
[2025-09-23 16:39:39]     ↳ preview: Checked (28.02.2025)  Amount is below 1000 EUR
[2025-09-23 16:39:39] 🚫 IT: 'Checked' note for 25930 — dropping.
[2025-09-23 16:39:39]     ↳ first line: Checked (28.02.2025)
[2025-09-23 16:39:39]     ↳ preview: Checked (28.02.2025)  Amount is below 1000 EUR
[2025-09-23 16:39:39] 🚫 IT: 'Checked' note for 25931 — dropping.
[2025-09-23 16:39:39]     ↳ first line: Checked (28.02.2025)
[2025-09-23 16:39:39]     ↳ preview: Checked (28.02.2025)
[2025-09-23 16:39:56] 🚫 SP: Checked_* file(s) present for 47336 — dropping.
[2025-09-23 16:39:56] 🧹 Filter result — total:139 kept:48 dropped_by_sharepoint:3 dropped_by_notes:88
[2025-09-23 16:39:57] 📦 15619 | Minas Calisir, One Casino — 1 Excel file(s)
[2025-09-23 16:39:58] 📦 23140 | Geijtenbeek-Vink Petra, Bobcasino — 6 Excel file(s)
[2025-09-23 16:39:59] 📦 23142 | Geijtenbeek-Vink Petra, Oranjecasino — 6 Excel file(s)
