[2025-08-21 16:27:12] ➕ Added 1 file(s).
[2025-08-21 16:27:14] 📄 Processing TA_Unibet 2.xlsx in calculation Mode...
[2025-08-21 16:27:14] ❌ No recognizable amount/date columns (Unibet and generic fallbacks failed).
[2025-08-21 16:27:14] TA logic: Deposits = 0, Cashouts = 0, Net = 0
[2025-08-21 16:27:14] ✅ Created Payment Summary with 0 rows.
[2025-08-21 16:27:14] ✅ Created styled Summary (Currency → Type → Year) with title row.
[2025-08-21 16:27:14] ✅ Finished processing: TA_Unibet 2.xlsx
[2025-08-21 16:27:19] ✔ Deposit sheets: ['Transaction history']
[2025-08-21 16:27:19] ✔ Cashout sheets: —
[2025-08-21 16:27:23] 📄 Processing TA_Unibet 2.xlsx in calculation Mode...
[2025-08-21 16:27:24] TA logic: Deposits = 246160.6, Cashouts = 0, Net = 246160.6
[2025-08-21 16:27:24] ✅ Created Payment Summary with 28728 rows.
[2025-08-21 16:27:24] ✅ Created styled Summary (Currency → Type → Year) with title row.
[2025-08-21 16:27:24] ✅ Finished processing: TA_Unibet 2.xlsx
[2025-08-21 16:27:30] ✔ Deposit sheets: ['Transaction history']
[2025-08-21 16:27:30] ✔ Cashout sheets: ['Transaction history']
[2025-08-21 16:27:33] 📄 Processing TA_Unibet 2.xlsx in calculation Mode...
[2025-08-21 16:27:34] ℹ️ Same sheet in both lists → will parse once as combined: ['Transaction history']
[2025-08-21 16:27:34] TA logic: Deposits = 144094.81, Cashouts = 102065.79, Net = 42029.020000000004
[2025-08-21 16:27:34] ✅ Created Payment Summary with 28728 rows.
[2025-08-21 16:27:34] ✅ Created styled Summary (Currency → Type → Year) with title row.
[2025-08-21 16:27:34] ✅ Finished processing: TA_Unibet 2.xlsx
