[2025-09-24 10:36:03] 🚫 SP: Checked_* file(s) present for 5571 — dropping. Samples: Checked_IB_Bobcasino_Roy Timmermans.xlsx
[2025-09-24 10:36:03] 🚫 IT: 'Checked' note for 7175 — dropping.
[2025-09-24 10:36:03]     ↳ first line: Checked (24.02.2025)
[2025-09-24 10:36:03]     ↳ preview: Checked (24.02.2025)
[2025-09-24 10:36:03] 🚫 IT: 'Checked' note for 9698 — dropping.
[2025-09-24 10:36:03]     ↳ first line: Checked (25.02.2025)
[2025-09-24 10:36:03]     ↳ preview: Checked (25.02.2025)
[2025-09-24 10:36:03] 🚫 IT: 'Checked' note for 24744 — dropping.
[2025-09-24 10:36:03]     ↳ first line: Checked (17.03.2025)
[2025-09-24 10:36:03]     ↳ preview: Checked (17.03.2025)
[2025-09-24 10:36:03] 🚫 IT: 'Checked' note for 32235 — dropping.
[2025-09-24 10:36:03]     ↳ first line: Checked (28.02.2025)
[2025-09-24 10:36:03]     ↳ preview: Checked (28.02.2025)
[2025-09-24 10:36:03] 🚫 IT: 'Checked' note for 2576 — dropping.
[2025-09-24 10:36:03]     ↳ first line: Checked (10.03.2025)
[2025-09-24 10:36:03]     ↳ preview: Checked (10.03.2025)
[2025-09-24 10:36:03] 🚫 IT: 'Checked' note for 3026 — dropping.
[2025-09-24 10:36:03]     ↳ first line: Checked (10.03.2025)
[2025-09-24 10:36:03]     ↳ preview: Checked (10.03.2025)
[2025-09-24 10:36:03] 🚫 IT: 'Checked' note for 3990 — dropping.
[2025-09-24 10:36:03]     ↳ first line: Checked (25.02.2025)
[2025-09-24 10:36:03]     ↳ preview: Checked (25.02.2025)
[2025-09-24 10:36:09] 🚫 IT: 'Checked' note for 8059 — dropping.
[2025-09-24 10:36:09]     ↳ first line: Checked (24.02.2025)
[2025-09-24 10:36:09]     ↳ preview: Checked (24.02.2025)  Amount is below 1000 EUR
[2025-09-24 10:36:14] 🚫 IT: 'Checked' note for 8084 — dropping.
[2025-09-24 10:36:14]     ↳ first line: Checked (24.02.2025)
[2025-09-24 10:36:14]     ↳ preview: Checked (24.02.2025)
[2025-09-24 10:36:14] 🚫 IT: 'Checked' note for 8376 — dropping.
[2025-09-24 10:36:14]     ↳ first line: Checked (24.02.2025)
[2025-09-24 10:36:14]     ↳ preview: Checked (24.02.2025)  Amount is below 1000 EUR
[2025-09-24 10:36:14] 🚫 IT: 'Checked' note for 11356 — dropping.
[2025-09-24 10:36:14]     ↳ first line: Checked (27.02.2025)
[2025-09-24 10:36:14]     ↳ preview: Checked (27.02.2025)
[2025-09-24 10:36:17] 🚫 IT: 'Checked' note for 21218 — dropping.
[2025-09-24 10:36:17]     ↳ first line: Checked (28.02.2025)
[2025-09-24 10:36:17]     ↳ preview: Checked (28.02.2025)
[2025-09-24 10:36:19] 🚫 IT: 'Checked' note for 29214 — dropping.
[2025-09-24 10:36:19]     ↳ first line: Checked (28.02.2025)
[2025-09-24 10:36:19]     ↳ preview: Checked (28.02.2025)
[2025-09-24 10:36:19] 🚫 IT: 'Checked' note for 30101 — dropping.
[2025-09-24 10:36:19]     ↳ first line: Checked (28.02.2025)
[2025-09-24 10:36:19]     ↳ preview: Checked (28.02.2025)
[2025-09-24 10:36:23] 🚫 IT: 'Checked' note for 9866 — dropping.
[2025-09-24 10:36:23]     ↳ first line: Checked (24.02.2025)
[2025-09-24 10:36:23]     ↳ preview: Checked (24.02.2025)  Amount is below 1000 EUR
[2025-09-24 10:36:23] 🚫 IT: 'Checked' note for 9974 — dropping.
[2025-09-24 10:36:23]     ↳ first line: Checked (24.02.2025)
[2025-09-24 10:36:23]     ↳ preview: Checked (24.02.2025)
[2025-09-24 10:36:23] 🚫 IT: 'Checked' note for 10044 — dropping.
[2025-09-24 10:36:23]     ↳ first line: Checked (24.02.2025)
[2025-09-24 10:36:23]     ↳ preview: Checked (24.02.2025)
[2025-09-24 10:36:23] 🚫 IT: 'Checked' note for 12112 — dropping.
[2025-09-24 10:36:23]     ↳ first line: Checked (27.02.2025)
[2025-09-24 10:36:23]     ↳ preview: Checked (27.02.2025)
[2025-09-24 10:36:24] 🚫 IT: 'Checked' note for 16251 — dropping.
[2025-09-24 10:36:24]     ↳ first line: Checked (28.02.2025)
[2025-09-24 10:36:24]     ↳ preview: Checked (28.02.2025)  Amount is below 1000 EUR
[2025-09-24 10:36:24] 🚫 IT: 'Checked' note for 16318 — dropping.
[2025-09-24 10:36:24]     ↳ first line: Checked (28.02.2025)
[2025-09-24 10:36:24]     ↳ preview: Checked (28.02.2025)
[2025-09-24 10:36:24] 🚫 IT: 'Checked' note for 17822 — dropping.
[2025-09-24 10:36:24]     ↳ first line: Checked (28.02.2025)
[2025-09-24 10:36:24]     ↳ preview: Checked (28.02.2025)
[2025-09-24 10:36:24] 🚫 IT: 'Checked' note for 20256 — dropping.
[2025-09-24 10:36:24]     ↳ first line: Checked (28.02.2025)
[2025-09-24 10:36:24]     ↳ preview: Checked (28.02.2025)
[2025-09-24 10:36:24] 🚫 IT: 'Checked' note for 22839 — dropping.
[2025-09-24 10:36:24]     ↳ first line: Checked (28.02.2025)
[2025-09-24 10:36:24]     ↳ preview: Checked (28.02.2025)
[2025-09-24 10:36:24] 🚫 IT: 'Checked' note for 25746 — dropping.
[2025-09-24 10:36:24]     ↳ first line: Checked (28.02.2025)
[2025-09-24 10:36:24]     ↳ preview: Checked (28.02.2025)
[2025-09-24 10:36:24] 🚫 IT: 'Checked' note for 25816 — dropping.
[2025-09-24 10:36:24]     ↳ first line: Checked (28.02.2025)
[2025-09-24 10:36:24]     ↳ preview: Checked (28.02.2025)
[2025-09-24 10:36:26] 🚫 IT: 'Checked' note for 27330 — dropping.
[2025-09-24 10:36:26]     ↳ first line: Checked (28.02.2025)
[2025-09-24 10:36:26]     ↳ preview: Checked (28.02.2025)
[2025-09-24 10:36:26] 🚫 IT: 'Checked' note for 32048 — dropping.
[2025-09-24 10:36:26]     ↳ first line: Checked (7.7.2025)
[2025-09-24 10:36:26]     ↳ preview: Checked (7.7.2025)
[2025-09-24 10:36:26] 🚫 IT: 'Checked' note for 45549 — dropping.
[2025-09-24 10:36:26]     ↳ first line: Checked (7.7.2025)
[2025-09-24 10:36:26]     ↳ preview: Checked (7.7.2025)
[2025-09-24 10:36:31] 🚫 IT: 'Checked' note for 15575 — dropping.
[2025-09-24 10:36:31]     ↳ first line: Checked (28.02.2025)
[2025-09-24 10:36:31]     ↳ preview: Checked (28.02.2025)
[2025-09-24 10:36:31] 🚫 IT: 'Checked' note for 2442 — dropping.
[2025-09-24 10:36:31]     ↳ first line: Checked (2.20.2025)
[2025-09-24 10:36:31]     ↳ preview: Checked (2.20.2025)
[2025-09-24 10:36:31] 🚫 IT: 'Checked' note for 2446 — dropping.
[2025-09-24 10:36:31]     ↳ first line: Checked (7.7.2025)
[2025-09-24 10:36:31]     ↳ preview: Checked (7.7.2025)
[2025-09-24 10:36:31] 🚫 IT: 'Checked' note for 2447 — dropping.
[2025-09-24 10:36:31]     ↳ first line: Checked (2.20.2025)
[2025-09-24 10:36:31]     ↳ preview: Checked (2.20.2025)  Amount is below 1.000 EUR
[2025-09-24 10:36:33] 🚫 IT: 'Checked' note for 2451 — dropping.
[2025-09-24 10:36:33]     ↳ first line: Checked (2.20.2025)
[2025-09-24 10:36:33]     ↳ preview: Checked (2.20.2025)  Amount is below than 1000 EUR
[2025-09-24 10:36:33] 🚫 IT: 'Checked' note for 4822 — dropping.
[2025-09-24 10:36:33]     ↳ first line: Checked (24.02.2025)
[2025-09-24 10:36:33]     ↳ preview: Checked (24.02.2025)  Amount is below 1000 EUR
[2025-09-24 10:36:33] 🚫 IT: 'Checked' note for 7171 — dropping.
[2025-09-24 10:36:33]     ↳ first line: Checked (24.02.2025)
[2025-09-24 10:36:33]     ↳ preview: Checked (24.02.2025)
[2025-09-24 10:36:33] 🚫 IT: 'Checked' note for 13167 — dropping.
[2025-09-24 10:36:33]     ↳ first line: Checked (27.02.2025)
[2025-09-24 10:36:33]     ↳ preview: Checked (27.02.2025)  Amount is below 1000 EUR
[2025-09-24 10:36:33] 🚫 SP: Checked_* file(s) present for 13202 — dropping. Samples: Checked_IB_Duxcasino_Michael De vries.xlsx
[2025-09-24 10:36:33] 🚫 IT: 'Checked' note for 13509 — dropping.
[2025-09-24 10:36:33]     ↳ first line: Checked (27.02.2025)
[2025-09-24 10:36:33]     ↳ preview: Checked (27.02.2025)  Amount is below 1000 EUR
[2025-09-24 10:36:33] 🚫 IT: 'Checked' note for 15176 — dropping.
[2025-09-24 10:36:33]     ↳ first line: Checked (28.02.2025)
[2025-09-24 10:36:33]     ↳ preview: Checked (28.02.2025)  Amount is below 1000 EUR
[2025-09-24 10:36:33] 🚫 IT: 'Checked' note for 20942 — dropping.
[2025-09-24 10:36:33]     ↳ first line: Checked (28.02.2025)
[2025-09-24 10:36:33]     ↳ preview: Checked (28.02.2025)  Amount is below 1000 EUR
[2025-09-24 10:36:33] 🚫 IT: 'Checked' note for 21477 — dropping.
[2025-09-24 10:36:33]     ↳ first line: Checked (28.02.2025)
[2025-09-24 10:36:33]     ↳ preview: Checked (28.02.2025)  Amount is below 1000 EUR
[2025-09-24 10:36:33] 🚫 IT: 'Checked' note for 25253 — dropping.
[2025-09-24 10:36:34]     ↳ first line: Checked (28.02.2025)
[2025-09-24 10:36:34]     ↳ preview: Checked (28.02.2025)
[2025-09-24 10:36:35] 🚫 IT: 'Checked' note for 30247 — dropping.
[2025-09-24 10:36:35]     ↳ first line: Checked (28.02.2025)
[2025-09-24 10:36:35]     ↳ preview: Checked (28.02.2025)
[2025-09-24 10:36:46] 🚫 IT: 'Checked' note for 28624 — dropping.
[2025-09-24 10:36:46]     ↳ first line: Checked (28.02.2025)
[2025-09-24 10:36:46]     ↳ preview: Checked (28.02.2025)
[2025-09-24 10:36:46] 🚫 IT: 'Checked' note for 3262 — dropping.
[2025-09-24 10:36:46]     ↳ first line: Checked (2.24.2025)
[2025-09-24 10:36:46]     ↳ preview: Checked (2.24.2025)  Amount is Below 1000 EUR
[2025-09-24 10:36:51] 🚫 IT: 'Checked' note for 10024 — dropping.
[2025-09-24 10:36:51]     ↳ first line: Checked (10.03.2025)
[2025-09-24 10:36:51]     ↳ preview: Checked (10.03.2025)
[2025-09-24 10:36:51] 🚫 IT: 'Checked' note for 14926 — dropping.
[2025-09-24 10:36:51]     ↳ first line: Checked (28.02.2025)
[2025-09-24 10:36:51]     ↳ preview: Checked (28.02.2025)
[2025-09-24 10:36:52] 🚫 IT: 'Checked' note for 19891 — dropping.
[2025-09-24 10:36:52]     ↳ first line: Checked (28.02.2025)
[2025-09-24 10:36:52]     ↳ preview: Checked (28.02.2025)  Amount is below 1000 EUR
[2025-09-24 10:36:52] 🚫 IT: 'Checked' note for 19893 — dropping.
[2025-09-24 10:36:52]     ↳ first line: Checked (28.02.2025)
[2025-09-24 10:36:52]     ↳ preview: Checked (28.02.2025)  Amount is below 1000 EUR
[2025-09-24 10:36:52] 🚫 IT: 'Checked' note for 20252 — dropping.
[2025-09-24 10:36:52]     ↳ first line: Checked (17.03.2025)
[2025-09-24 10:36:52]     ↳ preview: Checked (17.03.2025)
[2025-09-24 10:36:52] 🚫 IT: 'Checked' note for 20670 — dropping.
[2025-09-24 10:36:52]     ↳ first line: Checked (28.02.2025)
[2025-09-24 10:36:52]     ↳ preview: Checked (28.02.2025)
[2025-09-24 10:36:54] 🚫 IT: 'Checked' note for 29741 — dropping.
[2025-09-24 10:36:54]     ↳ first line: Checked (28.02.2025)
[2025-09-24 10:36:54]     ↳ preview: Checked (28.02.2025)
[2025-09-24 10:36:54] 🚫 IT: 'Checked' note for 29998 — dropping.
[2025-09-24 10:36:54]     ↳ first line: Checked (7.7.2025)
[2025-09-24 10:36:54]     ↳ preview: Checked (7.7.2025)  Amount is below 1000 EUR
[2025-09-24 10:36:54] 🚫 IT: 'Checked' note for 25929 — dropping.
[2025-09-24 10:36:54]     ↳ first line: Checked (28.02.2025)
[2025-09-24 10:36:54]     ↳ preview: Checked (28.02.2025)  Amount is below 1000 EUR
[2025-09-24 10:36:54] 🚫 IT: 'Checked' note for 25930 — dropping.
[2025-09-24 10:36:54]     ↳ first line: Checked (28.02.2025)
[2025-09-24 10:36:54]     ↳ preview: Checked (28.02.2025)  Amount is below 1000 EUR
[2025-09-24 10:36:54] 🚫 IT: 'Checked' note for 25931 — dropping.
[2025-09-24 10:36:54]     ↳ first line: Checked (28.02.2025)
[2025-09-24 10:36:54]     ↳ preview: Checked (28.02.2025)
