[2025-09-24 11:16:14] ➕ Added 1 file(s).
[2025-09-24 11:16:17] 📄 Processing TA_DSAR - DjonnieG (bwin.com).xlsx in checking Mode...
[2025-09-24 11:16:20] ✔ Deposit sheets: ['Deposits']
[2025-09-24 11:16:20] ✔ Cashout sheets: ['Cashouts']
[2025-09-24 11:16:20] TA logic: Deposits = 13382.0, Cashouts = 8200.0, Net = 5182.0
[2025-09-24 11:16:20] ✅ Created Payment Summary with 100 rows.
[2025-09-24 11:16:20] ✅ Created Summary sheet (Currency → Type → Year).
[2025-09-24 11:16:20] ✅ Created styled Summary (Currency → Type → Year) with title row.
[2025-09-24 11:16:20] ✅ Created 'Payment Summary EUR' (0 USD rows converted).
[2025-09-24 11:16:20] ✅ Created 'Summary EUR' (pivot-style Currency → Type → Year).
[2025-09-24 11:16:20] 🧾 Final claim value (from Payment Summary): 5182.0
[2025-09-24 11:16:20] ✅ Finished processing: TA_DSAR - DjonnieG (bwin.com).xlsx
[2025-09-24 11:16:32] 📄 Processing TA_Pokerstars_kriekr.xlsx in calculation Mode...
[2025-09-24 11:16:34] ℹ️ Same sheet in both lists → will parse once as combined: ['RealMoneyAudit']
[2025-09-24 11:16:34] 🔎 Header row 1: ["All 'kriekr' Real Money Audit at [#?PokerBrand#]:", None, None, None, None, None, None, None, None, None, None]
[2025-09-24 11:16:34] 🧭 Columns: amount=None, currency=None, type=None, ref_date=None, conf_date=None, status=None, gateway=None, descr=None, drcr=None
[2025-09-24 11:16:34] ❌ No recognizable amount/date columns (fallbacks failed).
[2025-09-24 11:16:34] TA logic: Deposits = 0, Cashouts = 0, Net = 0
[2025-09-24 11:16:34] ✅ Created Payment Summary with 0 rows.
[2025-09-24 11:16:34] ✅ Created styled Summary (Currency → Type → Year) with title row.
[2025-09-24 11:16:34] ✅ Created 'Payment Summary EUR' (0 USD rows converted).
[2025-09-24 11:16:34] ✅ Created 'Summary EUR' (pivot-style Currency → Type → Year).
[2025-09-24 11:16:34] ✅ Finished processing: TA_Pokerstars_kriekr.xlsx
[2025-09-24 11:16:34] 📄 Processing TA_DSAR - DjonnieG (bwin.com).xlsx in calculation Mode...
[2025-09-24 11:16:39] ✔ Deposit sheets: ['Deposits']
[2025-09-24 11:16:39] ✔ Cashout sheets: ['Cashouts']
[2025-09-24 11:16:39] TA logic: Deposits = 13382.0, Cashouts = 8200.0, Net = 5182.0
[2025-09-24 11:16:39] ✅ Created Payment Summary with 100 rows.
[2025-09-24 11:16:39] ✅ Created styled Summary (Currency → Type → Year) with title row.
[2025-09-24 11:16:39] ✅ Created 'Payment Summary EUR' (0 USD rows converted).
[2025-09-24 11:16:39] ✅ Created 'Summary EUR' (pivot-style Currency → Type → Year).
[2025-09-24 11:16:39] ✅ Finished processing: TA_DSAR - DjonnieG (bwin.com).xlsx
