[2025-09-23 14:53:02] 📦 48031 | Andreas Voorbraak, N1 interactive Ltd — 6 Excel file(s) found
[2025-09-23 14:53:07] 📦 52941 | Kamal Bizjan, N1 interactive Ltd — 2 Excel file(s) found
[2025-09-23 14:53:09] 📦 28555 | Marcel Wollrabe, One Casino — 2 Excel file(s) found
[2025-09-23 14:53:15] 📦 6844 | Daniel van der Bent, Spinia — 0 Excel file(s) found
[2025-09-23 14:53:16] 📦 16578 | Robin Nawijn, N1 Casino — 0 Excel file(s) found
[2025-09-23 14:53:17] 📦 24979 | Senno Michel, Betsafe — 0 Excel file(s) found
[2025-09-23 14:53:18] 📦 22709 | Steven Tavernier, ComeOn Casino — 1 Excel file(s) found
[2025-09-23 14:53:21] 📦 40136 | Job van Maastricht, Pokerstars — 3 Excel file(s) found
[2025-09-23 14:53:26] 📦 45122 | Josh Daniel Dijkhuizen, PokerStars — 3 Excel file(s) found
[2025-09-23 14:53:31] 📦 47331 | Tom Dam, William Hill — 0 Excel file(s) found
[2025-09-23 14:53:31] 📤 Exported JSON to: C:/Sharepoint/Golden-Tech GmbH/LeadDocuments - Casino Germany - Documents\to_calculate_files_20250923_145331.json
[2025-09-23 14:53:31] 🗂️ SP-drop evidence (sample filenames):
[2025-09-23 14:53:31]     • 5571: Checked_IB_Bobcasino_Roy Timmermans.xlsx
[2025-09-23 14:53:31]     • 13202: Checked_IB_Duxcasino_Michael De vries.xlsx
[2025-09-23 14:53:31]     • 47336: Checked_TA_DSAR - NPR45732472_ Noble Casino.xlsx
[2025-09-23 14:53:31] ✅ Deals to calculate:
[2025-09-23 14:53:31]    • 15619 | Minas Calisir, One Casino
[2025-09-23 14:53:31]    • 23140 | Geijtenbeek-Vink Petra, Bobcasino
[2025-09-23 14:53:31]    • 23142 | Geijtenbeek-Vink Petra, Oranjecasino
[2025-09-23 14:53:31]    • 24718 | (Hilde) Elke Drok, Oranjecasino
[2025-09-23 14:53:31]    • 30096 | Robbie van Heertum, King Billy
[2025-09-23 14:53:31]    • 37644 | Marc Perlo, 888
[2025-09-23 14:53:31]    • 45032 | Youri Thorig, Casumo
[2025-09-23 14:53:31]    • 21676 | Fabian Wink, CasinoEuro
[2025-09-23 14:53:31]    • 21680 | Fabian Wink, Millionaria
[2025-09-23 14:53:31]    • 21683 | Fabian Wink, OctoCasino
[2025-09-23 14:53:31]    • 21686 | Fabian Wink, Rizk
[2025-09-23 14:53:31]    • 21688 | Fabian Wink, Spinia
[2025-09-23 14:53:31]    • 10180 | Dennis Tjoonk, 888
[2025-09-23 14:53:31]    • 20000 | Michael Hovenga, Bobcasino
[2025-09-23 14:53:31]    • 27583 | Sachs-Wissingh Petra, N1 interactive Ltd.
[2025-09-23 14:53:31]    • 27919 | Koopmans Marc, William Hill
[2025-09-23 14:53:32]    • 11930 | Max van Eijk, William Hill
[2025-09-23 14:53:32]    • 27515 | jacek kowalczyk, Duxcasino
[2025-09-23 14:53:32]    • 37865 | Maurice Van daalen, 888
[2025-09-23 14:53:32]    • 25362 | Benjamin Oderkerk, Krooncasino
[2025-09-23 14:53:32]    • 28066 | Jelle Veenvliet, 888
[2025-09-23 14:53:32]    • 15690 | Mirwais Sefati, One Casino
[2025-09-23 14:53:32]    • 29951 | Lukasz Władysław Bogusz Bogusz, One Casino
[2025-09-23 14:53:32]    • 2528 | Jacobus Petrus (Sjaak) Bijman, 888
[2025-09-23 14:53:32]    • 4058 | Rick van Beuningen, 888
[2025-09-23 14:53:32]    • 11789 | Gijsbert Dompeling, William Hill
[2025-09-23 14:53:32]    • 6720 | Christian Hokse, Dreamz
[2025-09-23 14:53:32]    • 8076 | Franklin Leurs Leurs, Pino Casino
[2025-09-23 14:53:32]    • 17052 | Jordi Stoffels, MasonSlots
[2025-09-23 14:53:32]    • 18986 | Demy Toornstra, One Casino
[2025-09-23 14:53:32]    • 19547 | David Hol, Betsson
[2025-09-23 14:53:32]    • 28311 | gino spijkers, 888
[2025-09-23 14:53:32]    • 12113 | lamin sanha, BWIN
[2025-09-23 14:53:32]    • 26566 | Johannes Franciscus van Mierlo, Crazy Fox
[2025-09-23 14:53:32]    • 37816 | Ricardo Keur, PokerStars
[2025-09-23 14:53:32]    • 51743 | huseyin tercan, N1 interactive Ltd
[2025-09-23 14:53:32]    • 2450 | Roel Hermans, William Hill
[2025-09-23 14:53:32]    • 25257 | Dennis Wanders, ComeOn
[2025-09-23 14:53:32]    • 48031 | Andreas Voorbraak, N1 interactive Ltd
[2025-09-23 14:53:32]    • 52941 | Kamal Bizjan, N1 interactive Ltd
[2025-09-23 14:53:32]    • 28555 | Marcel Wollrabe, One Casino
[2025-09-23 14:53:32]    • 6844 | Daniel van der Bent, Spinia
[2025-09-23 14:53:32]    • 16578 | Robin Nawijn, N1 Casino
[2025-09-23 14:53:32]    • 24979 | Senno Michel, Betsafe
[2025-09-23 14:53:32]    • 22709 | Steven Tavernier, ComeOn Casino
[2025-09-23 14:53:32]    • 40136 | Job van Maastricht, Pokerstars
[2025-09-23 14:53:33]    • 45122 | Josh Daniel Dijkhuizen, PokerStars
[2025-09-23 14:53:33]    • 47331 | Tom Dam, William Hill
