[2025-08-25 10:26:07] ➕ Added 1 file(s).
[2025-08-25 10:26:09] 📄 Processing TA_Unibet 2.xlsx in calculation Mode...
[2025-08-25 10:26:14] ✔ Deposit sheets: ['Transaction history']
[2025-08-25 10:26:14] ✔ Cashout sheets: ['Transaction history']
[2025-08-25 10:26:14] ℹ️ Same sheet in both lists → will parse once as combined: ['Transaction history']
[2025-08-25 10:26:14] 🔎 [PS DEBUG] Sheet 'Transaction history': header row 1 = ['Ref Date', 'Confirmed Date', 'Amount', 'Currency Id', 'Transaction Type Name']
[2025-08-25 10:26:14] 🔎 [PS DEBUG] Mapped indices → amount:2, currency:3, status:None, type:4, ref_date:0, conf_date:1
[2025-08-25 10:26:15] TA logic: Deposits = 144094.81, Cashouts = 102065.79, Net = 42029.020000000004
[2025-08-25 10:26:15] ✅ Created Payment Summary with 28728 rows.
[2025-08-25 10:26:16] ✅ Created styled Summary (Currency → Type → Year) with title row.
[2025-08-25 10:26:16] ✅ Finished processing: TA_Unibet 2.xlsx
[2025-08-25 10:26:25] Cleared all files.
[2025-08-25 10:26:33] ➕ Added 1 file(s).
[2025-08-25 10:26:34] 📄 Processing TA_Pokerstars.xlsx in calculation Mode...
[2025-08-25 10:26:39] ✔ Deposit sheets: ['PS Transactions']
[2025-08-25 10:26:39] ✔ Cashout sheets: ['PS Transactions']
[2025-08-25 10:26:39] ℹ️ Same sheet in both lists → will parse once as combined: ['PS Transactions']
[2025-08-25 10:26:39] 🔎 [PS DEBUG] Sheet 'PS Transactions': header row 1 = ['All richardjjon transactions report at PokerStars', None, None, None, None, None, None, None, None, None, None, None]
[2025-08-25 10:26:39] 🔎 [PS DEBUG] Mapped indices → amount:None, currency:None, status:None, type:None, ref_date:None, conf_date:None
[2025-08-25 10:26:39] ❌ No recognizable amount/date columns (Unibet and generic fallbacks failed).
[2025-08-25 10:26:39] TA logic: Deposits = 0, Cashouts = 0, Net = 0
[2025-08-25 10:26:39] ✅ Created Payment Summary with 0 rows.
[2025-08-25 10:26:39] ✅ Created styled Summary (Currency → Type → Year) with title row.
[2025-08-25 10:26:39] ✅ Finished processing: TA_Pokerstars.xlsx
