[2025-09-23 15:53:02] ℹ️ IT: received 139 lead(s).
[2025-09-23 15:53:02] 📂 SharePoint root: C:/Sharepoint/Golden-Tech GmbH/LeadDocuments - Casino Germany - Documents
[2025-09-23 15:53:03] 🔎 SP: Deal 15619 → C:/Sharepoint/Golden-Tech GmbH/LeadDocuments - Casino Germany - Documents\15619 - Minas Calisir, One Casino
[2025-09-23 15:53:03] ✅ SP: No Checked_* files for deal 15619.
[2025-09-23 15:53:03] 🚫 IT: 'Checked' note found for deal 22332 — filtering out.
[2025-09-23 15:53:03]     ↳ first line: Checked (28.02.2025)
[2025-09-23 15:53:03]     ↳ preview: Checked (28.02.2025)
[2025-09-23 15:53:03] 🚫 IT: 'Checked' note found for deal 22334 — filtering out.
[2025-09-23 15:53:03]     ↳ first line: Checked (28.02.2025)
[2025-09-23 15:53:03]     ↳ preview: Checked (28.02.2025)
[2025-09-23 15:53:04] 🔎 SP: Deal 23140 → C:/Sharepoint/Golden-Tech GmbH/LeadDocuments - Casino Germany - Documents\23140 - Geijtenbeek-Vink Petra, Bobcasino
[2025-09-23 15:53:04] ✅ SP: No Checked_* files for deal 23140.
[2025-09-23 15:53:05] 🔎 SP: Deal 23142 → C:/Sharepoint/Golden-Tech GmbH/LeadDocuments - Casino Germany - Documents\23142 - Geijtenbeek-Vink Petra, Oranjecasino
[2025-09-23 15:53:05] ✅ SP: No Checked_* files for deal 23142.
[2025-09-23 15:53:05] 🚫 IT: 'Checked' note found for deal 23544 — filtering out.
[2025-09-23 15:53:05]     ↳ first line: Checked (28.02.2025)
[2025-09-23 15:53:05]     ↳ preview: Checked (28.02.2025)
[2025-09-23 15:53:06] 🚫 IT: 'Checked' note found for deal 23626 — filtering out.
[2025-09-23 15:53:06]     ↳ first line: Checked (28.02.2025)
[2025-09-23 15:53:06]     ↳ preview: Checked (28.02.2025)
[2025-09-23 15:53:06] 🚫 IT: 'Checked' note found for deal 23632 — filtering out.
[2025-09-23 15:53:06]     ↳ first line: Checked (28.02.2025)
[2025-09-23 15:53:06]     ↳ preview: Checked (28.02.2025)
[2025-09-23 15:53:06] 🚫 IT: 'Checked' note found for deal 23635 — filtering out.
[2025-09-23 15:53:06]     ↳ first line: Checked (28.02.2025)
[2025-09-23 15:53:06]     ↳ preview: Checked (28.02.2025)  Amount is below 1000 EUR
[2025-09-23 15:53:07] 🔎 SP: Deal 24718 → C:/Sharepoint/Golden-Tech GmbH/LeadDocuments - Casino Germany - Documents\24718 - (Hilde) Elke Drok, Oranjecasino
[2025-09-23 15:53:07] ✅ SP: No Checked_* files for deal 24718.
[2025-09-23 15:53:07] 🚫 IT: 'Checked' note found for deal 29441 — filtering out.
[2025-09-23 15:53:07]     ↳ first line: Checked (28.02.2025)
[2025-09-23 15:53:07]     ↳ preview: Checked (28.02.2025)
[2025-09-23 15:53:09] 🔎 SP: Deal 30096 → C:/Sharepoint/Golden-Tech GmbH/LeadDocuments - Casino Germany - Documents\30096 - Robbie van Heertum, King Billy
[2025-09-23 15:53:09] ✅ SP: No Checked_* files for deal 30096.
[2025-09-23 15:53:12] 🔎 SP: Deal 37644 → C:/Sharepoint/Golden-Tech GmbH/LeadDocuments - Casino Germany - Documents\37644 - Marc Perlo, 888
[2025-09-23 15:53:12] ✅ SP: No Checked_* files for deal 37644.
[2025-09-23 15:53:15] 🔎 SP: Deal 45032 → C:/Sharepoint/Golden-Tech GmbH/LeadDocuments - Casino Germany - Documents\45032 - Youri Thorig, Casumo
[2025-09-23 15:53:15] ✅ SP: No Checked_* files for deal 45032.
[2025-09-23 15:53:16] 🚫 IT: 'Checked' note found for deal 46370 — filtering out.
[2025-09-23 15:53:16]     ↳ first line: Checked (7.7.2025)
[2025-09-23 15:53:16]     ↳ preview: Checked (7.7.2025)
[2025-09-23 15:53:16] 🚫 IT: 'Checked' note found for deal 19624 — filtering out.
[2025-09-23 15:53:16]     ↳ first line: Checked (28.02.2025)
[2025-09-23 15:53:16]     ↳ preview: Checked (28.02.2025)
[2025-09-23 15:53:16] 🚫 IT: 'Checked' note found for deal 19637 — filtering out.
[2025-09-23 15:53:16]     ↳ first line: Checked (28.02.2025)
[2025-09-23 15:53:16]     ↳ preview: Checked (28.02.2025)
[2025-09-23 15:53:16] 🚫 IT: 'Checked' note found for deal 21670 — filtering out.
[2025-09-23 15:53:16]     ↳ first line: Checked (28.02.2025)
[2025-09-23 15:53:16]     ↳ preview: Checked (28.02.2025)  Amount is below 1000 EUR
[2025-09-23 15:53:16] 🚫 IT: 'Checked' note found for deal 21672 — filtering out.
[2025-09-23 15:53:16]     ↳ first line: Checked (17.03.2025)
[2025-09-23 15:53:16]     ↳ preview: Checked (17.03.2025)
[2025-09-23 15:53:16] 🚫 IT: 'Checked' note found for deal 21673 — filtering out.
[2025-09-23 15:53:16]     ↳ first line: Checked (28.02.2025)
[2025-09-23 15:53:16]     ↳ preview: Checked (28.02.2025)  Amount is below 1000 EUR
[2025-09-23 15:53:16] 🚫 IT: 'Checked' note found for deal 21675 — filtering out.
[2025-09-23 15:53:16]     ↳ first line: Checked (28.02.2025)
[2025-09-23 15:53:16]     ↳ preview: Checked (28.02.2025)  Amount is below 1000 EUR
[2025-09-23 15:53:17] 🔎 SP: Deal 21676 → C:/Sharepoint/Golden-Tech GmbH/LeadDocuments - Casino Germany - Documents\21676 - Fabian Wink, CasinoEuro
[2025-09-23 15:53:17] ✅ SP: No Checked_* files for deal 21676.
[2025-09-23 15:53:17] 🚫 IT: 'Checked' note found for deal 21677 — filtering out.
[2025-09-23 15:53:18]     ↳ first line: Checked (28.02.2025)
[2025-09-23 15:53:18]     ↳ preview: Checked (28.02.2025)
[2025-09-23 15:53:18] 🚫 IT: 'Checked' note found for deal 21678 — filtering out.
[2025-09-23 15:53:18]     ↳ first line: Checked (28.02.2025)
[2025-09-23 15:53:18]     ↳ preview: Checked (28.02.2025)  Amount is below 1000 EUR
[2025-09-23 15:53:18] 🚫 IT: 'Checked' note found for deal 21679 — filtering out.
[2025-09-23 15:53:18]     ↳ first line: Checked (28.02.2025)
[2025-09-23 15:53:18]     ↳ preview: Checked (28.02.2025)
[2025-09-23 15:53:19] 🔎 SP: Deal 21680 → C:/Sharepoint/Golden-Tech GmbH/LeadDocuments - Casino Germany - Documents\21680 - Fabian Wink, Millionaria
[2025-09-23 15:53:19] ✅ SP: No Checked_* files for deal 21680.
[2025-09-23 15:53:20] 🔎 SP: Deal 21683 → C:/Sharepoint/Golden-Tech GmbH/LeadDocuments - Casino Germany - Documents\21683 - Fabian Wink, OctoCasino
[2025-09-23 15:53:20] ✅ SP: No Checked_* files for deal 21683.
[2025-09-23 15:53:20] 🚫 IT: 'Checked' note found for deal 21684 — filtering out.
[2025-09-23 15:53:20]     ↳ first line: Checked (28.02.2025)
[2025-09-23 15:53:20]     ↳ preview: Checked (28.02.2025)  Amount is below 1000 EUR
[2025-09-23 15:53:21] 🔎 SP: Deal 21686 → C:/Sharepoint/Golden-Tech GmbH/LeadDocuments - Casino Germany - Documents\21686 - Fabian Wink, Rizk
[2025-09-23 15:53:21] ✅ SP: No Checked_* files for deal 21686.
[2025-09-23 15:53:21] 🚫 IT: 'Checked' note found for deal 21687 — filtering out.
[2025-09-23 15:53:21]     ↳ first line: Checked (28.02.2025)
[2025-09-23 15:53:21]     ↳ preview: Checked (28.02.2025)  Amount is below 1000 EUR
[2025-09-23 15:53:22] 🔎 SP: Deal 21688 → C:/Sharepoint/Golden-Tech GmbH/LeadDocuments - Casino Germany - Documents\21688 - Fabian Wink, Spinia
[2025-09-23 15:53:22] ✅ SP: No Checked_* files for deal 21688.
[2025-09-23 15:53:22] 🚫 IT: 'Checked' note found for deal 8439 — filtering out.
[2025-09-23 15:53:22]     ↳ first line: Checked (24.02.2025)
[2025-09-23 15:53:22]     ↳ preview: Checked (24.02.2025)
[2025-09-23 15:53:22] 🔎 SP: Deal 10180 → C:/Sharepoint/Golden-Tech GmbH/LeadDocuments - Casino Germany - Documents\10180 - Dennis Tjoonk, 888
[2025-09-23 15:53:22] ✅ SP: No Checked_* files for deal 10180.
[2025-09-23 15:53:22] 🚫 IT: 'Checked' note found for deal 15373 — filtering out.
[2025-09-23 15:53:22]     ↳ first line: Checked (28.02.2025)
[2025-09-23 15:53:22]     ↳ preview: Checked (28.02.2025)
[2025-09-23 15:53:22] 🚫 IT: 'Checked' note found for deal 18588 — filtering out.
[2025-09-23 15:53:22]     ↳ first line: Checked (7.7.2025)
[2025-09-23 15:53:22]     ↳ preview: Checked (7.7.2025)
[2025-09-23 15:53:23] 🔎 SP: Deal 20000 → C:/Sharepoint/Golden-Tech GmbH/LeadDocuments - Casino Germany - Documents\20000 - Michael Hovenga, Bobcasino
[2025-09-23 15:53:23] ✅ SP: No Checked_* files for deal 20000.
[2025-09-23 15:53:24] 🔎 SP: Deal 27583 → C:/Sharepoint/Golden-Tech GmbH/LeadDocuments - Casino Germany - Documents\27583 - Sachs-Wissingh Petra, Cookie Casino
[2025-09-23 15:53:24] ✅ SP: No Checked_* files for deal 27583.
[2025-09-23 15:53:26] 🔎 SP: Deal 27919 → C:/Sharepoint/Golden-Tech GmbH/LeadDocuments - Casino Germany - Documents\27919 - Koopmans Marc, William Hill
[2025-09-23 15:53:26] ✅ SP: No Checked_* files for deal 27919.
[2025-09-23 15:53:26] 🚫 IT: 'Checked' note found for deal 27923 — filtering out.
[2025-09-23 15:53:26]     ↳ first line: Checked (28.02.2025)
[2025-09-23 15:53:26]     ↳ preview: Checked (28.02.2025)
[2025-09-23 15:53:26] 🚫 IT: 'Checked' note found for deal 3631 — filtering out.
[2025-09-23 15:53:26]     ↳ first line: Checked (24.02.2025)
[2025-09-23 15:53:26]     ↳ preview: Checked (24.02.2025)
[2025-09-23 15:53:26] 🔎 SP: Deal 11930 → C:/Sharepoint/Golden-Tech GmbH/LeadDocuments - Casino Germany - Documents\11930 - Max van Eijk, William Hill
[2025-09-23 15:53:26] ✅ SP: No Checked_* files for deal 11930.
[2025-09-23 15:53:26] 🚫 IT: 'Checked' note found for deal 12866 — filtering out.
[2025-09-23 15:53:26]     ↳ first line: Checked (27.02.2025)
[2025-09-23 15:53:26]     ↳ preview: Checked (27.02.2025)
[2025-09-23 15:53:28] 🔎 SP: Deal 27515 → C:/Sharepoint/Golden-Tech GmbH/LeadDocuments - Casino Germany - Documents\27515 - jacek kowalczyk, Duxcasino
[2025-09-23 15:53:28] ✅ SP: No Checked_* files for deal 27515.
[2025-09-23 15:53:30] 🔎 SP: Deal 37865 → C:/Sharepoint/Golden-Tech GmbH/LeadDocuments - Casino Germany - Documents\37865 - Maurice Van daalen, 888
[2025-09-23 15:53:30] ✅ SP: No Checked_* files for deal 37865.
[2025-09-23 15:53:30] 🚫 IT: 'Checked' note found for deal 5505 — filtering out.
[2025-09-23 15:53:30]     ↳ first line: Checked (24.02.2025)
[2025-09-23 15:53:30]     ↳ preview: Checked (24.02.2025)  Amount is below 1000 EUR
[2025-09-23 15:53:30] 🚫 IT: 'Checked' note found for deal 5507 — filtering out.
[2025-09-23 15:53:30]     ↳ first line: Checked (24.02.2025)
[2025-09-23 15:53:30]     ↳ preview: Checked (24.02.2025)
[2025-09-23 15:53:32] 🔎 SP: Deal 25362 → C:/Sharepoint/Golden-Tech GmbH/LeadDocuments - Casino Germany - Documents\25362 - Benjamin Oderkerk, Krooncasino
[2025-09-23 15:53:32] ✅ SP: No Checked_* files for deal 25362.
[2025-09-23 15:53:33] 🔎 SP: Deal 28066 → C:/Sharepoint/Golden-Tech GmbH/LeadDocuments - Casino Germany - Documents\28066 - Jelle Veenvliet, 888
[2025-09-23 15:53:34] ✅ SP: No Checked_* files for deal 28066.
[2025-09-23 15:53:34] 🚫 IT: 'Checked' note found for deal 5636 — filtering out.
[2025-09-23 15:53:34]     ↳ first line: Checked (24.02.2025)
[2025-09-23 15:53:34]     ↳ preview: Checked (24.02.2025)
[2025-09-23 15:53:34] 🚫 IT: 'Checked' note found for deal 15068 — filtering out.
[2025-09-23 15:53:34]     ↳ first line: Checked (27.02.2025)
[2025-09-23 15:53:34]     ↳ preview: Checked (27.02.2025)
[2025-09-23 15:53:34] 🔎 SP: Deal 15690 → C:/Sharepoint/Golden-Tech GmbH/LeadDocuments - Casino Germany - Documents\15690 - Mirwais Sefati, One Casino
[2025-09-23 15:53:34] ✅ SP: No Checked_* files for deal 15690.
[2025-09-23 15:53:36] 🔎 SP: Deal 29951 → C:/Sharepoint/Golden-Tech GmbH/LeadDocuments - Casino Germany - Documents\29951 - Lukasz Władysław Bogusz Bogusz, One Casino
[2025-09-23 15:53:36] ✅ SP: No Checked_* files for deal 29951.
[2025-09-23 15:53:36] 🚫 IT: 'Checked' note found for deal 29952 — filtering out.
[2025-09-23 15:53:36]     ↳ first line: Checked (28.02.2025)
[2025-09-23 15:53:36]     ↳ preview: Checked (28.02.2025)
[2025-09-23 15:53:36] 🚫 IT: 'Checked' note found for deal 40804 — filtering out.
[2025-09-23 15:53:36]     ↳ first line: Checked (7.7.2025)
[2025-09-23 15:53:36]     ↳ preview: Checked (7.7.2025)
[2025-09-23 15:53:38] 🔎 SP: Deal 2528 → C:/Sharepoint/Golden-Tech GmbH/LeadDocuments - Casino Germany - Documents\2528 - Sjaak Bijman, 888
[2025-09-23 15:53:38] ✅ SP: No Checked_* files for deal 2528.
[2025-09-23 15:53:41] 🔎 SP: Deal 4058 → C:/Sharepoint/Golden-Tech GmbH/LeadDocuments - Casino Germany - Documents\4058 - Rick van Beuningen, 888
[2025-09-23 15:53:41] ✅ SP: No Checked_* files for deal 4058.
[2025-09-23 15:53:41] 🚫 IT: 'Checked' note found for deal 4062 — filtering out.
[2025-09-23 15:53:41]     ↳ first line: Checked (24.02.2025)
[2025-09-23 15:53:41]     ↳ preview: Checked (24.02.2025)
[2025-09-23 15:53:46] 🔎 SP: Deal 5571 → C:/Sharepoint/Golden-Tech GmbH/LeadDocuments - Casino Germany - Documents\5571 - Roy Timmermans, Bobcasino
[2025-09-23 15:53:46] 🚫 SP: Found Checked_* file(s) for deal 5571 — filtering out.
[2025-09-23 15:53:46] 🚫 IT: 'Checked' note found for deal 6565 — filtering out.
[2025-09-23 15:53:46]     ↳ first line: Checked (19.08.2025)
[2025-09-23 15:53:46]     ↳ preview: Checked (19.08.2025)
[2025-09-23 15:53:46] 🚫 IT: 'Checked' note found for deal 7175 — filtering out.
[2025-09-23 15:53:46]     ↳ first line: Checked (24.02.2025)
[2025-09-23 15:53:46]     ↳ preview: Checked (24.02.2025)
[2025-09-23 15:53:46] 🚫 IT: 'Checked' note found for deal 9698 — filtering out.
[2025-09-23 15:53:46]     ↳ first line: Checked (25.02.2025)
[2025-09-23 15:53:46]     ↳ preview: Checked (25.02.2025)
[2025-09-23 15:53:47] 🔎 SP: Deal 11789 → C:/Sharepoint/Golden-Tech GmbH/LeadDocuments - Casino Germany - Documents\11789 - Gijsbert Dompeling, William Hill
[2025-09-23 15:53:47] ✅ SP: No Checked_* files for deal 11789.
[2025-09-23 15:53:47] 🚫 IT: 'Checked' note found for deal 24744 — filtering out.
[2025-09-23 15:53:47]     ↳ first line: Checked (17.03.2025)
[2025-09-23 15:53:47]     ↳ preview: Checked (17.03.2025)
[2025-09-23 15:53:47] 🚫 IT: 'Checked' note found for deal 32235 — filtering out.
[2025-09-23 15:53:47]     ↳ first line: Checked (28.02.2025)
[2025-09-23 15:53:47]     ↳ preview: Checked (28.02.2025)
[2025-09-23 15:53:47] 🚫 IT: 'Checked' note found for deal 2576 — filtering out.
[2025-09-23 15:53:47]     ↳ first line: Checked (10.03.2025)
[2025-09-23 15:53:47]     ↳ preview: Checked (10.03.2025)
[2025-09-23 15:53:47] 🚫 IT: 'Checked' note found for deal 3026 — filtering out.
[2025-09-23 15:53:47]     ↳ first line: Checked (10.03.2025)
[2025-09-23 15:53:47]     ↳ preview: Checked (10.03.2025)
[2025-09-23 15:53:47] 🚫 IT: 'Checked' note found for deal 3990 — filtering out.
[2025-09-23 15:53:47]     ↳ first line: Checked (25.02.2025)
[2025-09-23 15:53:47]     ↳ preview: Checked (25.02.2025)
[2025-09-23 15:53:52] 🔎 SP: Deal 6720 → C:/Sharepoint/Golden-Tech GmbH/LeadDocuments - Casino Germany - Documents\6720 - Christian Hokse, Dreamz
[2025-09-23 15:53:52] ✅ SP: No Checked_* files for deal 6720.
[2025-09-23 15:53:52] 🚫 IT: 'Checked' note found for deal 8059 — filtering out.
[2025-09-23 15:53:52]     ↳ first line: Checked (24.02.2025)
[2025-09-23 15:53:52]     ↳ preview: Checked (24.02.2025)  Amount is below 1000 EUR
[2025-09-23 15:53:57] 🔎 SP: Deal 8076 → C:/Sharepoint/Golden-Tech GmbH/LeadDocuments - Casino Germany - Documents\8076 - Franklin Leurs Leurs, Pino Casino
[2025-09-23 15:53:57] ✅ SP: No Checked_* files for deal 8076.
[2025-09-23 15:53:57] 🚫 IT: 'Checked' note found for deal 8084 — filtering out.
[2025-09-23 15:53:57]     ↳ first line: Checked (24.02.2025)
[2025-09-23 15:53:57]     ↳ preview: Checked (24.02.2025)
[2025-09-23 15:53:57] 🚫 IT: 'Checked' note found for deal 8376 — filtering out.
[2025-09-23 15:53:57]     ↳ first line: Checked (24.02.2025)
[2025-09-23 15:53:57]     ↳ preview: Checked (24.02.2025)  Amount is below 1000 EUR
[2025-09-23 15:53:57] 🚫 IT: 'Checked' note found for deal 11356 — filtering out.
[2025-09-23 15:53:57]     ↳ first line: Checked (27.02.2025)
[2025-09-23 15:53:57]     ↳ preview: Checked (27.02.2025)
[2025-09-23 15:53:58] 🔎 SP: Deal 17052 → C:/Sharepoint/Golden-Tech GmbH/LeadDocuments - Casino Germany - Documents\17052 - Jordi Stoffels, MasonSlots
[2025-09-23 15:53:58] ✅ SP: No Checked_* files for deal 17052.
[2025-09-23 15:53:59] 🔎 SP: Deal 18986 → C:/Sharepoint/Golden-Tech GmbH/LeadDocuments - Casino Germany - Documents\18986 - Demy Toornstra, One Casino
[2025-09-23 15:53:59] ✅ SP: No Checked_* files for deal 18986.
