[2025-09-03 09:17:01] Cleared all files.
[2025-09-03 09:17:12] ➕ Added 1 file(s).
[2025-09-03 09:17:12] 📄 Processing TA_DSAR - Bertje22 (bwin.com).xlsx in calculation Mode...
[2025-09-03 09:17:16] ✔ Deposit sheets: ['Deposits']
[2025-09-03 09:17:16] ✔ Cashout sheets: ['Cashouts']
[2025-09-03 09:17:16] TA logic: Deposits = 17445.0, Cashouts = 5756.25, Net = 11688.75
[2025-09-03 09:17:16] ✅ Created Payment Summary with 166 rows.
[2025-09-03 09:17:16] ✅ Created styled Summary (Currency → Type → Year) with title row.
[2025-09-03 09:17:16] ✅ Created 'Payment Summary EUR' (0 USD rows converted).
[2025-09-03 09:17:16] ✅ Created 'Summary EUR' (pivot-style Currency → Type → Year).
[2025-09-03 09:17:16] ✅ Finished processing: TA_DSAR - Bertje22 (bwin.com).xlsx
[2025-09-03 09:17:20] Cleared all files.
[2025-09-03 09:17:35] ➕ Added 1 file(s).
[2025-09-03 09:17:35] 📄 Processing TA_Pokerstars.xlsx in calculation Mode...
[2025-09-03 09:17:40] ✔ Deposit sheets: ['PS Transactions']
[2025-09-03 09:17:40] ✔ Cashout sheets: ['PS Transactions']
[2025-09-03 09:17:40] ℹ️ Same sheet in both lists → will parse once as combined: ['PS Transactions']
[2025-09-03 09:17:40] ✅ Detected header row at Excel row 8: ['TransId', 'ParentId', 'TransType', 'Started', 'Completed', 'Account Currency', 'Amount', 'Status', 'PaySystem', 'Country', 'Logged-In', 'Reference']
[2025-09-03 09:17:40] 🧭 Columns: amount=6, currency=5, type=2, ref_date=3, conf_date=4, status=7, gateway=None, descr=10, drcr=None
[2025-09-03 09:17:40] TA logic: Deposits = 15464.41, Cashouts = 29745.37, Net = -14280.96
[2025-09-03 09:17:40] ✅ Created Payment Summary with 726 rows.
[2025-09-03 09:17:40] ✅ Created styled Summary (Currency → Type → Year) with title row.
[2025-09-03 09:17:40] 🔁 ECB JSON 406 application/problem+json — {"type":"about:blank","title":"Not Acceptable","status":406,"detail":"Acceptable representations: [application/xml, text
[2025-09-03 09:17:41] 🌍 FX USD/EUR 2014-11-06…2014-12-22 via CSV: 33 pts, avg=1.242379
[2025-09-03 09:17:41] 🌍 FX USD→EUR 2014-11-06…2014-12-22: 1/( USD/EUR ) (mode CSV, 33 pts) => avg=0.804907
[2025-09-03 09:17:41] 🌍 FX USD→EUR 2014 (2014-11-06…2014-12-22) avg = 0.804907
[2025-09-03 09:17:41] 🔁 ECB JSON 406 application/problem+json — {"type":"about:blank","title":"Not Acceptable","status":406,"detail":"Acceptable representations: [application/xml, text
[2025-09-03 09:17:41] 🌍 FX USD/EUR 2015-01-09…2015-12-26 via CSV: 247 pts, avg=1.108160
[2025-09-03 09:17:41] 🌍 FX USD→EUR 2015-01-09…2015-12-26: 1/( USD/EUR ) (mode CSV, 247 pts) => avg=0.902397
[2025-09-03 09:17:41] 🌍 FX USD→EUR 2015 (2015-01-09…2015-12-26) avg = 0.902397
[2025-09-03 09:17:41] 🔁 ECB JSON 406 application/problem+json — {"type":"about:blank","title":"Not Acceptable","status":406,"detail":"Acceptable representations: [application/xml, text
[2025-09-03 09:17:41] 🌍 FX USD/EUR 2016-01-02…2016-12-29 via CSV: 256 pts, avg=1.107109
[2025-09-03 09:17:41] 🌍 FX USD→EUR 2016-01-02…2016-12-29: 1/( USD/EUR ) (mode CSV, 256 pts) => avg=0.903253
[2025-09-03 09:17:41] 🌍 FX USD→EUR 2016 (2016-01-02…2016-12-29) avg = 0.903253
[2025-09-03 09:17:41] 🔁 ECB JSON 406 application/problem+json — {"type":"about:blank","title":"Not Acceptable","status":406,"detail":"Acceptable representations: [application/xml, text
[2025-09-03 09:17:42] 🌍 FX USD/EUR 2017-01-04…2017-12-11 via CSV: 241 pts, avg=1.127671
[2025-09-03 09:17:42] 🌍 FX USD→EUR 2017-01-04…2017-12-11: 1/( USD/EUR ) (mode CSV, 241 pts) => avg=0.886784
[2025-09-03 09:17:42] 🌍 FX USD→EUR 2017 (2017-01-04…2017-12-11) avg = 0.886784
[2025-09-03 09:17:42] 🔁 ECB JSON 406 application/problem+json — {"type":"about:blank","title":"Not Acceptable","status":406,"detail":"Acceptable representations: [application/xml, text
[2025-09-03 09:17:42] 🌍 FX USD/EUR 2018-01-18…2018-12-22 via CSV: 239 pts, avg=1.180245
[2025-09-03 09:17:42] 🌍 FX USD→EUR 2018-01-18…2018-12-22: 1/( USD/EUR ) (mode CSV, 239 pts) => avg=0.847282
[2025-09-03 09:17:42] 🌍 FX USD→EUR 2018 (2018-01-18…2018-12-22) avg = 0.847282
[2025-09-03 09:17:42] 🔁 ECB JSON 406 application/problem+json — {"type":"about:blank","title":"Not Acceptable","status":406,"detail":"Acceptable representations: [application/xml, text
[2025-09-03 09:17:42] 🌍 FX USD/EUR 2019-01-18…2019-12-29 via CSV: 241 pts, avg=1.118259
[2025-09-03 09:17:42] 🌍 FX USD→EUR 2019-01-18…2019-12-29: 1/( USD/EUR ) (mode CSV, 241 pts) => avg=0.894247
[2025-09-03 09:17:42] 🌍 FX USD→EUR 2019 (2019-01-18…2019-12-29) avg = 0.894247
[2025-09-03 09:17:42] 🔁 ECB JSON 406 application/problem+json — {"type":"about:blank","title":"Not Acceptable","status":406,"detail":"Acceptable representations: [application/xml, text
[2025-09-03 09:17:43] 🌍 FX USD/EUR 2020-01-01…2020-11-28 via CSV: 234 pts, avg=1.134927
[2025-09-03 09:17:43] 🌍 FX USD→EUR 2020-01-01…2020-11-28: 1/( USD/EUR ) (mode CSV, 234 pts) => avg=0.881114
[2025-09-03 09:17:43] 🌍 FX USD→EUR 2020 (2020-01-01…2020-11-28) avg = 0.881114
[2025-09-03 09:17:43] 🔁 ECB JSON 406 application/problem+json — {"type":"about:blank","title":"Not Acceptable","status":406,"detail":"Acceptable representations: [application/xml, text
[2025-09-03 09:17:43] 🌍 FX USD/EUR 2021-01-30…2021-08-12 via CSV: 137 pts, avg=1.198269
[2025-09-03 09:17:43] 🌍 FX USD→EUR 2021-01-30…2021-08-12: 1/( USD/EUR ) (mode CSV, 137 pts) => avg=0.834537
[2025-09-03 09:17:43] 🌍 FX USD→EUR 2021 (2021-01-30…2021-08-12) avg = 0.834537
[2025-09-03 09:17:43] ✅ Created 'Payment Summary EUR' (713 USD rows converted).
[2025-09-03 09:17:43] ✅ Created 'Summary EUR' (pivot-style Currency → Type → Year).
[2025-09-03 09:17:43] ✅ Finished processing: TA_Pokerstars.xlsx
[2025-09-03 09:17:51] Cleared all files.
[2025-09-03 09:17:58] ➕ Added 1 file(s).
