[2025-09-23 15:29:00] 📦 28066 | Jelle Veenvliet, 888 — 1 Excel file(s)
[2025-09-23 15:29:00] 📦 15690 | Mirwais Sefati, One Casino — 3 Excel file(s)
[2025-09-23 15:29:02] 📦 29951 | Lukasz Władysław Bogusz Bogusz, One Casino — 1 Excel file(s)
[2025-09-23 15:29:04] 📄 2528 has no Excel; found 6 PDF(s).
[2025-09-23 15:29:04] 📦 2528 | Jacobus Petrus (Sjaak) Bijman, 888 — 0 Excel file(s)
[2025-09-23 15:29:07] 📄 4058 has no Excel; found 7 PDF(s).
[2025-09-23 15:29:07] 📦 4058 | Rick van Beuningen, 888 — 0 Excel file(s)
[2025-09-23 15:29:07] 📄 11789 has no Excel; found 9 PDF(s).
[2025-09-23 15:29:07] 📦 11789 | Gijsbert Dompeling, William Hill — 0 Excel file(s)
[2025-09-23 15:29:11] 📄 6720 has no Excel; found 2 PDF(s).
[2025-09-23 15:29:11] 📦 6720 | Christian Hokse, Dreamz — 0 Excel file(s)
[2025-09-23 15:29:17] 📄 8076 has no Excel; found 1 PDF(s).
[2025-09-23 15:29:17] 📦 8076 | Franklin Leurs Leurs, Pino Casino — 0 Excel file(s)
[2025-09-23 15:29:18] 📦 17052 | Jordi Stoffels, MasonSlots — 3 Excel file(s)
[2025-09-23 15:29:18] 📄 18986 has no Excel; found 1 PDF(s).
[2025-09-23 15:29:18] 📦 18986 | Demy Toornstra, One Casino — 0 Excel file(s)
[2025-09-23 15:29:19] 📦 19547 | David Hol, Betsson — 1 Excel file(s)
[2025-09-23 15:29:21] 📄 28311 has no Excel; found 2 PDF(s).
[2025-09-23 15:29:21] 📦 28311 | gino spijkers, 888 — 0 Excel file(s)
[2025-09-23 15:29:21] 📦 12113 | lamin sanha, BWIN — 3 Excel file(s)
[2025-09-23 15:29:23] 📄 26566 has no Excel; found 1 PDF(s).
[2025-09-23 15:29:23] 📦 26566 | Johannes Franciscus van Mierlo, Crazy Fox — 0 Excel file(s)
[2025-09-23 15:29:25] 📦 37816 | Ricardo Keur, PokerStars — 3 Excel file(s)
[2025-09-23 15:29:30] 📦 51743 | huseyin tercan, N1 interactive Ltd — 2 Excel file(s)
[2025-09-23 15:29:32] 📦 2450 | Roel Hermans, William Hill — 1 Excel file(s)
[2025-09-23 15:29:33] 📦 25257 | Dennis Wanders, ComeOn — 1 Excel file(s)
[2025-09-23 15:29:37] 📦 48031 | Andreas Voorbraak, N1 interactive Ltd — 6 Excel file(s)
[2025-09-23 15:29:43] 📦 52941 | Kamal Bizjan, N1 interactive Ltd — 2 Excel file(s)
[2025-09-23 15:29:45] 📦 28555 | Marcel Wollrabe, One Casino — 2 Excel file(s)
[2025-09-23 15:29:50] 📄 6844 has no Excel; found 1 PDF(s).
[2025-09-23 15:29:50] 📦 6844 | Daniel van der Bent, Spinia — 0 Excel file(s)
[2025-09-23 15:29:51] 📄 16578 has no Excel; found 2 PDF(s).
[2025-09-23 15:29:51] 📦 16578 | Robin Nawijn, N1 Casino — 0 Excel file(s)
[2025-09-23 15:29:52] 📄 24979 has no Excel; found 2 PDF(s).
[2025-09-23 15:29:52] 📦 24979 | Senno Michel, Betsafe — 0 Excel file(s)
[2025-09-23 15:29:53] 📦 22709 | Steven Tavernier, ComeOn Casino — 1 Excel file(s)
[2025-09-23 15:29:56] 📦 40136 | Job van Maastricht, Pokerstars — 3 Excel file(s)
