[2025-09-23 14:28:00] 🔎 SP: Deal 32235 → C:/Sharepoint/Golden-Tech GmbH/LeadDocuments - Casino Germany - Documents\32235 - Mohamed Essaghir, MasonSlots
[2025-09-23 14:28:00]    ↳ SP matches:
[2025-09-23 14:28:00]       - Checked_IB_MasonSlots_Mohamed Essaghir.xlsx
[2025-09-23 14:28:00] 🚫 SP: Found Checked_* file(s) for deal 32235 — filtering out.
[2025-09-23 14:28:02] 🔎 SP: Deal 2576 → C:/Sharepoint/Golden-Tech GmbH/LeadDocuments - Casino Germany - Documents\2576 - Brian Molema, Cookie Casino
[2025-09-23 14:28:02]    ↳ SP matches:
[2025-09-23 14:28:02]       - Checked_IB_Cookie Casino_Brian Molema.xlsx
[2025-09-23 14:28:02] 🚫 SP: Found Checked_* file(s) for deal 2576 — filtering out.
[2025-09-23 14:28:04] 🔎 SP: Deal 3026 → C:/Sharepoint/Golden-Tech GmbH/LeadDocuments - Casino Germany - Documents\3026 - Van den Berg Robin, Maneki
[2025-09-23 14:28:04]    ↳ SP matches:
[2025-09-23 14:28:04]       - Checked_IB_Maneki_Van den Berg Robin.xlsx
[2025-09-23 14:28:04] 🚫 SP: Found Checked_* file(s) for deal 3026 — filtering out.
[2025-09-23 14:28:07] 🔎 SP: Deal 3990 → C:/Sharepoint/Golden-Tech GmbH/LeadDocuments - Casino Germany - Documents\3990 - Weustenraad Joris, LeoVegas
[2025-09-23 14:28:07]    ↳ SP matches:
[2025-09-23 14:28:07]       - Checked_IB_LeoVegas_Weustenraad Joris.xlsx
[2025-09-23 14:28:07] 🚫 SP: Found Checked_* file(s) for deal 3990 — filtering out.
[2025-09-23 14:28:12] 🔎 SP: Deal 6720 → C:/Sharepoint/Golden-Tech GmbH/LeadDocuments - Casino Germany - Documents\6720 - Christian Hokse, Dreamz
[2025-09-23 14:28:13] ✅ SP: No Checked_* files for deal 6720.
[2025-09-23 14:28:18] 🔎 SP: Deal 8059 → C:/Sharepoint/Golden-Tech GmbH/LeadDocuments - Casino Germany - Documents\8059 - Franklin Leurs Leurs, Evospin
[2025-09-23 14:28:18]    ↳ SP matches:
[2025-09-23 14:28:18]       - Checked_IB_Evospin_Franklin Leurs Leurs.xlsx
[2025-09-23 14:28:18] 🚫 SP: Found Checked_* file(s) for deal 8059 — filtering out.
[2025-09-23 14:28:23] 🔎 SP: Deal 8076 → C:/Sharepoint/Golden-Tech GmbH/LeadDocuments - Casino Germany - Documents\8076 - Franklin Leurs Leurs, Pino Casino
[2025-09-23 14:28:23] ✅ SP: No Checked_* files for deal 8076.
[2025-09-23 14:28:28] 🔎 SP: Deal 8084 → C:/Sharepoint/Golden-Tech GmbH/LeadDocuments - Casino Germany - Documents\8084 - Franklin Leurs Leurs, Spinia
[2025-09-23 14:28:28]    ↳ SP matches:
[2025-09-23 14:28:28]       - Checked_IB_Spinia_Franklin Leurs Leurs.xlsx
[2025-09-23 14:28:28] 🚫 SP: Found Checked_* file(s) for deal 8084 — filtering out.
[2025-09-23 14:28:34] 🔎 SP: Deal 8376 → C:/Sharepoint/Golden-Tech GmbH/LeadDocuments - Casino Germany - Documents\8376 - Meltem Erdogan Erdogan, Krooncasino
[2025-09-23 14:28:34]    ↳ SP matches:
[2025-09-23 14:28:34]       - Checked_IB_Krooncasino_Meltem Erdogan Erdogan.xlsx
[2025-09-23 14:28:34] 🚫 SP: Found Checked_* file(s) for deal 8376 — filtering out.
[2025-09-23 14:28:34] 🔎 SP: Deal 11356 → C:/Sharepoint/Golden-Tech GmbH/LeadDocuments - Casino Germany - Documents\11356 - Eef Tuitert, GiooCasino
[2025-09-23 14:28:34]    ↳ SP matches:
[2025-09-23 14:28:34]       - Checked_IB_GiooCasino_Eef Tuitert.xlsx
[2025-09-23 14:28:34] 🚫 SP: Found Checked_* file(s) for deal 11356 — filtering out.
[2025-09-23 14:28:35] 🔎 SP: Deal 17052 → C:/Sharepoint/Golden-Tech GmbH/LeadDocuments - Casino Germany - Documents\17052 - Jordi Stoffels, MasonSlots
[2025-09-23 14:28:35] ✅ SP: No Checked_* files for deal 17052.
[2025-09-23 14:28:36] 🔎 SP: Deal 18986 → C:/Sharepoint/Golden-Tech GmbH/LeadDocuments - Casino Germany - Documents\18986 - Demy Toornstra, One Casino
[2025-09-23 14:28:36] ✅ SP: No Checked_* files for deal 18986.
[2025-09-23 14:28:37] 🔎 SP: Deal 19547 → C:/Sharepoint/Golden-Tech GmbH/LeadDocuments - Casino Germany - Documents\19547 - David Hol, Betsson
[2025-09-23 14:28:37] ✅ SP: No Checked_* files for deal 19547.
[2025-09-23 14:28:38] 🔎 SP: Deal 21218 → C:/Sharepoint/Golden-Tech GmbH/LeadDocuments - Casino Germany - Documents\21218 - gijs dekkers, N1 Casino
[2025-09-23 14:28:38]    ↳ SP matches:
[2025-09-23 14:28:38]       - Checked_IB_N1 Casino_gijs dekkers.xlsx
[2025-09-23 14:28:38] 🚫 SP: Found Checked_* file(s) for deal 21218 — filtering out.
[2025-09-23 14:28:40] 🔎 SP: Deal 28311 → C:/Sharepoint/Golden-Tech GmbH/LeadDocuments - Casino Germany - Documents\28311 - gino spijkers, 888
[2025-09-23 14:28:40] ✅ SP: No Checked_* files for deal 28311.
[2025-09-23 14:28:42] 🔎 SP: Deal 29214 → C:/Sharepoint/Golden-Tech GmbH/LeadDocuments - Casino Germany - Documents\29214 - Nigel Inpijn, MasonSlots
[2025-09-23 14:28:42]    ↳ SP matches:
[2025-09-23 14:28:42]       - Checked_IB_MasonSlots_Nigel Inpijn.xlsx
[2025-09-23 14:28:42] 🚫 SP: Found Checked_* file(s) for deal 29214 — filtering out.
[2025-09-23 14:28:45] 🔎 SP: Deal 30101 → C:/Sharepoint/Golden-Tech GmbH/LeadDocuments - Casino Germany - Documents\30101 - Bert Relker, LeoVegas
[2025-09-23 14:28:45]    ↳ SP matches:
[2025-09-23 14:28:45]       - Checked_IB_LeoVegas_Bert Relker.xlsx
[2025-09-23 14:28:45] 🚫 SP: Found Checked_* file(s) for deal 30101 — filtering out.
[2025-09-23 14:28:50] 🔎 SP: Deal 9866 → C:/Sharepoint/Golden-Tech GmbH/LeadDocuments - Casino Germany - Documents\9866 - De Boer Martijn, Betsson
[2025-09-23 14:28:51]    ↳ SP matches:
[2025-09-23 14:28:51]       - Checked_IB_Betsson_De Boer Martijn.xlsx
[2025-09-23 14:28:51] 🚫 SP: Found Checked_* file(s) for deal 9866 — filtering out.
[2025-09-23 14:28:56] 🔎 SP: Deal 9974 → C:/Sharepoint/Golden-Tech GmbH/LeadDocuments - Casino Germany - Documents\9974 - Olivier van Vliet, Krooncasino
[2025-09-23 14:28:56]    ↳ SP matches:
[2025-09-23 14:28:56]       - Checked_IB_Krooncasino_Olivier van Vliet.xlsx
[2025-09-23 14:28:56] 🚫 SP: Found Checked_* file(s) for deal 9974 — filtering out.
[2025-09-23 14:28:57] 🔎 SP: Deal 10044 → C:/Sharepoint/Golden-Tech GmbH/LeadDocuments - Casino Germany - Documents\10044 - Robert van Popering, Mr. Green
[2025-09-23 14:28:57]    ↳ SP matches:
[2025-09-23 14:28:57]       - Checked_IB_Mr. Green_Robert van Popering.xlsx
[2025-09-23 14:28:57] 🚫 SP: Found Checked_* file(s) for deal 10044 — filtering out.
[2025-09-23 14:28:57] 🔎 SP: Deal 12112 → C:/Sharepoint/Golden-Tech GmbH/LeadDocuments - Casino Germany - Documents\12112 - lamin sanha, Betsson
[2025-09-23 14:28:57]    ↳ SP matches:
[2025-09-23 14:28:57]       - Checked_IB_Betsson_lamin sanha.xlsx
[2025-09-23 14:28:57] 🚫 SP: Found Checked_* file(s) for deal 12112 — filtering out.
[2025-09-23 14:28:57] 🔎 SP: Deal 12113 → C:/Sharepoint/Golden-Tech GmbH/LeadDocuments - Casino Germany - Documents\12113 - lamin sanha, BWIN
[2025-09-23 14:28:57] ✅ SP: No Checked_* files for deal 12113.
[2025-09-23 14:28:58] 🔎 SP: Deal 16251 → C:/Sharepoint/Golden-Tech GmbH/LeadDocuments - Casino Germany - Documents\16251 - Rachèl Jongedijk, Betsson
[2025-09-23 14:28:58]    ↳ SP matches:
[2025-09-23 14:28:58]       - Checked_IB_Betsson_Rachèl Jongedijk.xlsx
[2025-09-23 14:28:58] 🚫 SP: Found Checked_* file(s) for deal 16251 — filtering out.
[2025-09-23 14:28:59] 🔎 SP: Deal 16318 → C:/Sharepoint/Golden-Tech GmbH/LeadDocuments - Casino Germany - Documents\16318 - Rachèl Jongedijk, N1 Casino
[2025-09-23 14:28:59]    ↳ SP matches:
[2025-09-23 14:28:59]       - Checked_IB_N1 Casino_Rachèl Jongedijk.xlsx
[2025-09-23 14:28:59] 🚫 SP: Found Checked_* file(s) for deal 16318 — filtering out.
[2025-09-23 14:28:59] 🔎 SP: Deal 17822 → C:/Sharepoint/Golden-Tech GmbH/LeadDocuments - Casino Germany - Documents\17822 - Tessa Zuiderveld, Spinia
[2025-09-23 14:28:59]    ↳ SP matches:
