[2025-08-25 13:16:42] ➕ Added 1 file(s).
[2025-08-25 13:16:45] 📄 Processing TA_Pokerstars.xlsx in calculation Mode...
[2025-08-25 13:16:47] ✔ Deposit sheets: ['PS Transactions']
[2025-08-25 13:16:47] ✔ Cashout sheets: ['PS Transactions']
[2025-08-25 13:16:47] ℹ️ Same sheet in both lists → will parse once as combined: ['PS Transactions']
[2025-08-25 13:16:47] ✅ Detected header row at Excel row 8: ['TransId', 'ParentId', 'TransType', 'Started', 'Completed', 'Account Currency', 'Amount', 'Status', 'PaySystem', 'Country', 'Logged-In', 'Reference']
[2025-08-25 13:16:47] TA logic: Deposits = 13771.79, Cashouts = 10173.06, Net = 3598.7300000000014
[2025-08-25 13:16:47] ✅ Created Payment Summary with 594 rows.
[2025-08-25 13:16:47] ✅ Created styled Summary (Currency → Type → Year) with title row.
[2025-08-25 13:16:48] 🔁 ECB JSON 406 application/problem+json — {"type":"about:blank","title":"Not Acceptable","status":406,"detail":"Acceptable representations: [application/xml, text
[2025-08-25 13:16:48] 🌍 FX USD→EUR 2014-11-06…2014-12-22 via CSV: 33 pts, avg=1.242379
[2025-08-25 13:16:48] 🌍 FX USD→EUR 2014 (2014-11-06…2014-12-22) avg = 1.242379
[2025-08-25 13:16:49] 🔁 ECB JSON 406 application/problem+json — {"type":"about:blank","title":"Not Acceptable","status":406,"detail":"Acceptable representations: [application/xml, text
[2025-08-25 13:16:49] 🌍 FX USD→EUR 2015-01-09…2015-12-26 via CSV: 247 pts, avg=1.108160
[2025-08-25 13:16:49] 🌍 FX USD→EUR 2015 (2015-01-09…2015-12-26) avg = 1.108160
[2025-08-25 13:16:49] 🔁 ECB JSON 406 application/problem+json — {"type":"about:blank","title":"Not Acceptable","status":406,"detail":"Acceptable representations: [application/xml, text
[2025-08-25 13:16:49] 🌍 FX USD→EUR 2016-01-02…2016-12-29 via CSV: 256 pts, avg=1.107109
[2025-08-25 13:16:49] 🌍 FX USD→EUR 2016 (2016-01-02…2016-12-29) avg = 1.107109
[2025-08-25 13:16:49] 🔁 ECB JSON 406 application/problem+json — {"type":"about:blank","title":"Not Acceptable","status":406,"detail":"Acceptable representations: [application/xml, text
[2025-08-25 13:16:49] 🌍 FX USD→EUR 2017-01-04…2017-12-11 via CSV: 241 pts, avg=1.127671
[2025-08-25 13:16:49] 🌍 FX USD→EUR 2017 (2017-01-04…2017-12-11) avg = 1.127671
[2025-08-25 13:16:49] 🔁 ECB JSON 406 application/problem+json — {"type":"about:blank","title":"Not Acceptable","status":406,"detail":"Acceptable representations: [application/xml, text
[2025-08-25 13:16:49] 🌍 FX USD→EUR 2018-01-18…2018-12-22 via CSV: 239 pts, avg=1.180245
[2025-08-25 13:16:49] 🌍 FX USD→EUR 2018 (2018-01-18…2018-12-22) avg = 1.180245
[2025-08-25 13:16:49] 🔁 ECB JSON 406 application/problem+json — {"type":"about:blank","title":"Not Acceptable","status":406,"detail":"Acceptable representations: [application/xml, text
[2025-08-25 13:16:50] 🌍 FX USD→EUR 2019-01-18…2019-12-30 via CSV: 242 pts, avg=1.118262
[2025-08-25 13:16:50] 🌍 FX USD→EUR 2019 (2019-01-18…2019-12-30) avg = 1.118262
[2025-08-25 13:16:50] 🔁 ECB JSON 406 application/problem+json — {"type":"about:blank","title":"Not Acceptable","status":406,"detail":"Acceptable representations: [application/xml, text
[2025-08-25 13:16:50] 🌍 FX USD→EUR 2020-01-01…2020-11-28 via CSV: 234 pts, avg=1.134927
[2025-08-25 13:16:50] 🌍 FX USD→EUR 2020 (2020-01-01…2020-11-28) avg = 1.134927
[2025-08-25 13:16:50] 🔁 ECB JSON 406 application/problem+json — {"type":"about:blank","title":"Not Acceptable","status":406,"detail":"Acceptable representations: [application/xml, text
[2025-08-25 13:16:51] 🌍 FX USD→EUR 2021-01-30…2021-08-12 via CSV: 137 pts, avg=1.198269
[2025-08-25 13:16:51] 🌍 FX USD→EUR 2021 (2021-01-30…2021-08-12) avg = 1.198269
[2025-08-25 13:16:51] ✅ Created 'Payment Summary EUR' (585 USD rows converted).
[2025-08-25 13:16:51] ⚠️ Yearly Summary EUR skipped — create_summary_sheet_eur() takes 2 positional arguments but 3 were given
[2025-08-25 13:16:51] ✅ Finished processing: TA_Pokerstars.xlsx
