[2025-08-25 11:41:32] ➕ Added 1 file(s).
[2025-08-25 11:41:37] ➕ Added 1 file(s).
[2025-08-25 11:41:38] 📄 Processing TA_DSAR - Bertje22 (bwin.com).xlsx in calculation Mode...
[2025-08-25 11:41:40] ✔ Deposit sheets: ['Deposits']
[2025-08-25 11:41:40] ✔ Cashout sheets: ['Cashouts']
[2025-08-25 11:41:40] TA logic: Deposits = 17445.0, Cashouts = 5756.25, Net = 11688.75
[2025-08-25 11:41:40] ✅ Created Payment Summary with 166 rows.
[2025-08-25 11:41:40] ✅ Created styled Summary (Currency → Type → Year) with title row.
[2025-08-25 11:41:40] ✅ Finished processing: TA_DSAR - Bertje22 (bwin.com).xlsx
[2025-08-25 11:41:40] 📄 Processing TA_Pokerstars.xlsx in calculation Mode...
[2025-08-25 11:41:43] ✔ Deposit sheets: ['PS Transactions']
[2025-08-25 11:41:43] ✔ Cashout sheets: ['PS Transactions']
[2025-08-25 11:41:44] ℹ️ Same sheet in both lists → will parse once as combined: ['PS Transactions']
[2025-08-25 11:41:44] ✅ Detected header row at Excel row 8: ['TransId', 'ParentId', 'TransType', 'Started', 'Completed', 'Account Currency', 'Amount', 'Status', 'PaySystem', 'Country', 'Logged-In', 'Reference']
[2025-08-25 11:41:44] TA logic: Deposits = 13771.79, Cashouts = 10173.06, Net = 3598.7300000000014
[2025-08-25 11:41:44] ✅ Created Payment Summary with 594 rows.
[2025-08-25 11:41:44] ✅ Created styled Summary (Currency → Type → Year) with title row.
[2025-08-25 11:41:44] ✅ Finished processing: TA_Pokerstars.xlsx
[2025-08-25 11:41:51] Cleared all files.
[2025-08-25 11:41:58] ➕ Added 1 file(s).
