[2025-09-23 16:10:32] ℹ️ IT: received 139 lead(s).
[2025-09-23 16:10:32] 📂 SharePoint root: C:/Sharepoint/Golden-Tech GmbH/LeadDocuments - Casino Germany - Documents
[2025-09-23 16:10:33] 🚫 IT: 'Checked' note for 22332 — dropping.
[2025-09-23 16:10:33]     ↳ first line: Checked (28.02.2025)
[2025-09-23 16:10:33]     ↳ preview: Checked (28.02.2025)
[2025-09-23 16:10:33] 🚫 IT: 'Checked' note for 22334 — dropping.
[2025-09-23 16:10:33]     ↳ first line: Checked (28.02.2025)
[2025-09-23 16:10:33]     ↳ preview: Checked (28.02.2025)
[2025-09-23 16:10:35] 🚫 IT: 'Checked' note for 23544 — dropping.
[2025-09-23 16:10:35]     ↳ first line: Checked (28.02.2025)
[2025-09-23 16:10:35]     ↳ preview: Checked (28.02.2025)
[2025-09-23 16:10:35] 🚫 IT: 'Checked' note for 23626 — dropping.
[2025-09-23 16:10:35]     ↳ first line: Checked (28.02.2025)
[2025-09-23 16:10:35]     ↳ preview: Checked (28.02.2025)
[2025-09-23 16:10:35] 🚫 IT: 'Checked' note for 23632 — dropping.
[2025-09-23 16:10:35]     ↳ first line: Checked (28.02.2025)
[2025-09-23 16:10:35]     ↳ preview: Checked (28.02.2025)
[2025-09-23 16:10:36] 🚫 IT: 'Checked' note for 23635 — dropping.
[2025-09-23 16:10:36]     ↳ first line: Checked (28.02.2025)
[2025-09-23 16:10:36]     ↳ preview: Checked (28.02.2025)  Amount is below 1000 EUR
[2025-09-23 16:10:37] 🚫 IT: 'Checked' note for 29441 — dropping.
[2025-09-23 16:10:37]     ↳ first line: Checked (28.02.2025)
[2025-09-23 16:10:37]     ↳ preview: Checked (28.02.2025)
[2025-09-23 16:10:50] 🚫 IT: 'Checked' note for 46370 — dropping.
[2025-09-23 16:10:50]     ↳ first line: Checked (7.7.2025)
[2025-09-23 16:10:50]     ↳ preview: Checked (7.7.2025)
[2025-09-23 16:10:50] 🚫 IT: 'Checked' note for 19624 — dropping.
[2025-09-23 16:10:50]     ↳ first line: Checked (28.02.2025)
[2025-09-23 16:10:50]     ↳ preview: Checked (28.02.2025)
[2025-09-23 16:10:50] 🚫 IT: 'Checked' note for 19637 — dropping.
[2025-09-23 16:10:50]     ↳ first line: Checked (28.02.2025)
[2025-09-23 16:10:50]     ↳ preview: Checked (28.02.2025)
[2025-09-23 16:10:50] 🚫 IT: 'Checked' note for 21670 — dropping.
[2025-09-23 16:10:50]     ↳ first line: Checked (28.02.2025)
[2025-09-23 16:10:50]     ↳ preview: Checked (28.02.2025)  Amount is below 1000 EUR
[2025-09-23 16:10:50] 🚫 IT: 'Checked' note for 21672 — dropping.
[2025-09-23 16:10:50]     ↳ first line: Checked (17.03.2025)
[2025-09-23 16:10:50]     ↳ preview: Checked (17.03.2025)
[2025-09-23 16:10:50] 🚫 IT: 'Checked' note for 21673 — dropping.
[2025-09-23 16:10:50]     ↳ first line: Checked (28.02.2025)
[2025-09-23 16:10:50]     ↳ preview: Checked (28.02.2025)  Amount is below 1000 EUR
[2025-09-23 16:10:50] 🚫 IT: 'Checked' note for 21675 — dropping.
[2025-09-23 16:10:50]     ↳ first line: Checked (28.02.2025)
[2025-09-23 16:10:50]     ↳ preview: Checked (28.02.2025)  Amount is below 1000 EUR
[2025-09-23 16:10:52] 🚫 IT: 'Checked' note for 21677 — dropping.
[2025-09-23 16:10:52]     ↳ first line: Checked (28.02.2025)
[2025-09-23 16:10:52]     ↳ preview: Checked (28.02.2025)
[2025-09-23 16:10:52] 🚫 IT: 'Checked' note for 21678 — dropping.
[2025-09-23 16:10:52]     ↳ first line: Checked (28.02.2025)
[2025-09-23 16:10:52]     ↳ preview: Checked (28.02.2025)  Amount is below 1000 EUR
[2025-09-23 16:10:52] 🚫 IT: 'Checked' note for 21679 — dropping.
[2025-09-23 16:10:52]     ↳ first line: Checked (28.02.2025)
[2025-09-23 16:10:52]     ↳ preview: Checked (28.02.2025)
[2025-09-23 16:10:55] 🚫 IT: 'Checked' note for 21684 — dropping.
[2025-09-23 16:10:55]     ↳ first line: Checked (28.02.2025)
[2025-09-23 16:10:55]     ↳ preview: Checked (28.02.2025)  Amount is below 1000 EUR
[2025-09-23 16:10:56] 🚫 IT: 'Checked' note for 21687 — dropping.
[2025-09-23 16:10:56]     ↳ first line: Checked (28.02.2025)
[2025-09-23 16:10:56]     ↳ preview: Checked (28.02.2025)  Amount is below 1000 EUR
[2025-09-23 16:10:58] 🚫 IT: 'Checked' note for 8439 — dropping.
[2025-09-23 16:10:58]     ↳ first line: Checked (24.02.2025)
[2025-09-23 16:10:58]     ↳ preview: Checked (24.02.2025)
[2025-09-23 16:10:58] 🚫 IT: 'Checked' note for 15373 — dropping.
[2025-09-23 16:10:58]     ↳ first line: Checked (28.02.2025)
[2025-09-23 16:10:58]     ↳ preview: Checked (28.02.2025)
[2025-09-23 16:10:58] 🚫 IT: 'Checked' note for 18588 — dropping.
[2025-09-23 16:10:58]     ↳ first line: Checked (7.7.2025)
[2025-09-23 16:10:58]     ↳ preview: Checked (7.7.2025)
