[2025-09-24 16:42:00] 📦 2528 | Jacobus Petrus (Sjaak) Bijman, 888 — 3 Excel file(s) — Opponent: 888
[2025-09-24 16:42:03] 📦 4058 | Rick van Beuningen, 888 — 1 Excel file(s) — Opponent: 888
[2025-09-24 16:42:03] 📦 11789 | Gijsbert Dompeling, William Hill — 1 Excel file(s) — Opponent: William Hill
[2025-09-24 16:42:08] 📄 6720 has no Excel; found 2 PDF(s).
[2025-09-24 16:42:08] 📦 6720 | Christian Hokse, Dreamz — 0 Excel file(s) — Opponent: Dreamz
[2025-09-24 16:42:13] 📄 8076 has no Excel; found 1 PDF(s).
[2025-09-24 16:42:13] 📦 8076 | Franklin Leurs Leurs, Pino Casino — 0 Excel file(s) — Opponent: Pino Casino
[2025-09-24 16:42:14] 📦 17052 | Jordi Stoffels, MasonSlots — 3 Excel file(s) — Opponent: MasonSlots
[2025-09-24 16:42:15] 📄 18986 has no Excel; found 1 PDF(s).
[2025-09-24 16:42:15] 📦 18986 | Demy Toornstra, One Casino — 0 Excel file(s) — Opponent: One Casino
[2025-09-24 16:42:16] 📦 19547 | David Hol, Betsson — 1 Excel file(s) — Opponent: Betsson
[2025-09-24 16:42:17] 📦 28311 | gino spijkers, 888 — 1 Excel file(s) — Opponent: 888
[2025-09-24 16:42:21] 📄 47140 has no Excel; found 3 PDF(s).
[2025-09-24 16:42:21] 📦 47140 | Mathijn Van Kessel, Unibet — 0 Excel file(s) — Opponent: Unibet
[2025-09-24 16:42:21] 📦 12113 | lamin sanha, BWIN — 3 Excel file(s) — Opponent: BWIN
[2025-09-24 16:42:23] 📄 26566 has no Excel; found 1 PDF(s).
[2025-09-24 16:42:23] 📦 26566 | Johannes Franciscus van Mierlo, Crazy Fox — 0 Excel file(s) — Opponent: Crazy Fox
[2025-09-24 16:42:27] 📦 51743 | huseyin tercan, N1 interactive Ltd — 2 Excel file(s) — Opponent: N1 interactive Ltd
[2025-09-24 16:42:29] 📦 2450 | Roel Hermans, William Hill — 1 Excel file(s) — Opponent: William Hill
[2025-09-24 16:42:30] 📦 25257 | Dennis Wanders, ComeOn — 1 Excel file(s) — Opponent: ComeOn
[2025-09-24 16:42:34] 📦 48031 | Andreas Voorbraak, N1 interactive Ltd — 6 Excel file(s) — Opponent: N1 interactive Ltd
[2025-09-24 16:42:38] 📦 52941 | Kamal Bizjan, N1 interactive Ltd — 2 Excel file(s) — Opponent: N1 interactive Ltd
[2025-09-24 16:42:41] 📦 28555 | Marcel Wollrabe, One Casino — 2 Excel file(s) — Opponent: One Casino
[2025-09-24 16:42:45] 📄 6844 has no Excel; found 1 PDF(s).
[2025-09-24 16:42:45] 📦 6844 | Daniel van der Bent, Spinia — 0 Excel file(s) — Opponent: Spinia
[2025-09-24 16:42:46] 📄 16578 has no Excel; found 2 PDF(s).
[2025-09-24 16:42:46] 📦 16578 | Robin Nawijn, N1 Casino — 0 Excel file(s) — Opponent: N1 Casino
[2025-09-24 16:42:47] 📄 24979 has no Excel; found 2 PDF(s).
[2025-09-24 16:42:47] 📦 24979 | Senno Michel, Betsafe — 0 Excel file(s) — Opponent: Betsafe
[2025-09-24 16:42:48] 📦 22709 | Steven Tavernier, ComeOn Casino — 1 Excel file(s) — Opponent: ComeOn Casino
[2025-09-24 16:42:51] 📦 40148 | Adnan menderes Dag, Bwin.com — 2 Excel file(s) — Opponent: Bwin.com
[2025-09-24 16:42:55] 📦 47331 | Tom Dam, William Hill — 1 Excel file(s) — Opponent: William Hill
[2025-09-24 16:42:55] 📤 Exported JSON to: C:\Users\salbahaca\Documents\Automations\Sorting Excel Dates\Excel Processor\to_calculate_files_20250924_164255.json
