[2025-09-23 14:52:01] 📦 37644 | Marc Perlo, 888 — 0 Excel file(s) found
[2025-09-23 14:52:05] 📦 45032 | Youri Thorig, Casumo — 0 Excel file(s) found
[2025-09-23 14:52:06] 📦 21676 | Fabian Wink, CasinoEuro — 2 Excel file(s) found
[2025-09-23 14:52:07] 📦 21680 | Fabian Wink, Millionaria — 0 Excel file(s) found
[2025-09-23 14:52:08] 📦 21683 | Fabian Wink, OctoCasino — 0 Excel file(s) found
[2025-09-23 14:52:09] 📦 21686 | Fabian Wink, Rizk — 2 Excel file(s) found
[2025-09-23 14:52:10] 📦 21688 | Fabian Wink, Spinia — 2 Excel file(s) found
[2025-09-23 14:52:10] 📦 10180 | Dennis Tjoonk, 888 — 0 Excel file(s) found
[2025-09-23 14:52:11] 📦 20000 | Michael Hovenga, Bobcasino — 0 Excel file(s) found
[2025-09-23 14:52:12] 📦 27583 | Sachs-Wissingh Petra, N1 interactive Ltd. — 2 Excel file(s) found
[2025-09-23 14:52:15] 📦 27919 | Koopmans Marc, William Hill — 0 Excel file(s) found
[2025-09-23 14:52:15] 📦 11930 | Max van Eijk, William Hill — 0 Excel file(s) found
[2025-09-23 14:52:17] 📦 27515 | jacek kowalczyk, Duxcasino — 0 Excel file(s) found
[2025-09-23 14:52:20] 📦 37865 | Maurice Van daalen, 888 — 0 Excel file(s) found
[2025-09-23 14:52:22] 📦 25362 | Benjamin Oderkerk, Krooncasino — 2 Excel file(s) found
[2025-09-23 14:52:23] 📦 28066 | Jelle Veenvliet, 888 — 1 Excel file(s) found
[2025-09-23 14:52:24] 📦 15690 | Mirwais Sefati, One Casino — 3 Excel file(s) found
[2025-09-23 14:52:26] 📦 29951 | Lukasz Władysław Bogusz Bogusz, One Casino — 1 Excel file(s) found
[2025-09-23 14:52:28] 📦 2528 | Jacobus Petrus (Sjaak) Bijman, 888 — 0 Excel file(s) found
[2025-09-23 14:52:31] 📦 4058 | Rick van Beuningen, 888 — 0 Excel file(s) found
[2025-09-23 14:52:31] 📦 11789 | Gijsbert Dompeling, William Hill — 0 Excel file(s) found
[2025-09-23 14:52:36] 📦 6720 | Christian Hokse, Dreamz — 0 Excel file(s) found
[2025-09-23 14:52:41] 📦 8076 | Franklin Leurs Leurs, Pino Casino — 0 Excel file(s) found
[2025-09-23 14:52:42] 📦 17052 | Jordi Stoffels, MasonSlots — 3 Excel file(s) found
[2025-09-23 14:52:43] 📦 18986 | Demy Toornstra, One Casino — 0 Excel file(s) found
[2025-09-23 14:52:44] 📦 19547 | David Hol, Betsson — 1 Excel file(s) found
[2025-09-23 14:52:46] 📦 28311 | gino spijkers, 888 — 0 Excel file(s) found
[2025-09-23 14:52:46] 📦 12113 | lamin sanha, BWIN — 3 Excel file(s) found
[2025-09-23 14:52:48] 📦 26566 | Johannes Franciscus van Mierlo, Crazy Fox — 0 Excel file(s) found
[2025-09-23 14:52:51] 📦 37816 | Ricardo Keur, PokerStars — 3 Excel file(s) found
[2025-09-23 14:52:56] 📦 51743 | huseyin tercan, N1 interactive Ltd — 2 Excel file(s) found
[2025-09-23 14:52:57] 📦 2450 | Roel Hermans, William Hill — 1 Excel file(s) found
[2025-09-23 14:52:59] 📦 25257 | Dennis Wanders, ComeOn — 1 Excel file(s) found
