[2025-09-24 10:37:02] 🧹 Filter result — total:137 kept:48 dropped_by_sharepoint:2 dropped_by_notes:87
[2025-09-24 10:37:03] 📦 15619 | Minas Calisir, One Casino — 1 Excel file(s) — Opponent: One Casino
[2025-09-24 10:37:05] 📦 23140 | Geijtenbeek-Vink Petra, Bobcasino — 6 Excel file(s) — Opponent: Bobcasino
[2025-09-24 10:37:06] 📦 23142 | Geijtenbeek-Vink Petra, Oranjecasino — 6 Excel file(s) — Opponent: Oranjecasino
[2025-09-24 10:37:07] 📦 24718 | (Hilde) Elke Drok, Oranjecasino — 3 Excel file(s) — Opponent: Oranjecasino
[2025-09-24 10:37:09] 📦 30096 | Robbie van Heertum, King Billy — 1 Excel file(s) — Opponent: King Billy
[2025-09-24 10:37:12] 📦 37644 | Marc Perlo, 888 — 1 Excel file(s) — Opponent: 888
[2025-09-24 10:37:16] 📦 45032 | Youri Thorig, Casumo — 1 Excel file(s) — Opponent: Casumo
[2025-09-24 10:37:21] 📦 53606 | muller freddie, Unibet — 1 Excel file(s) — Opponent: Unibet
[2025-09-24 10:37:23] 📦 21676 | Fabian Wink, CasinoEuro — 2 Excel file(s) — Opponent: CasinoEuro
[2025-09-24 10:37:24] 📦 21680 | Fabian Wink, Millionaria — 0 Excel file(s) — Opponent: Millionaria
[2025-09-24 10:37:24] 📦 21683 | Fabian Wink, OctoCasino — 1 Excel file(s) — Opponent: OctoCasino
[2025-09-24 10:37:25] 📦 21686 | Fabian Wink, Rizk — 2 Excel file(s) — Opponent: Rizk
[2025-09-24 10:37:26] 📦 21688 | Fabian Wink, Spinia — 2 Excel file(s) — Opponent: Spinia
[2025-09-24 10:37:26] 📦 10180 | Dennis Tjoonk, 888 — 1 Excel file(s) — Opponent: 888
[2025-09-24 10:37:27] 📄 20000 has no Excel; found 1 PDF(s).
[2025-09-24 10:37:27] 📦 20000 | Michael Hovenga, Bobcasino — 0 Excel file(s) — Opponent: Bobcasino
[2025-09-24 10:37:29] 📦 27583 | Sachs-Wissingh Petra, N1 interactive Ltd. — 2 Excel file(s) — Opponent: N1 interactive Ltd.
[2025-09-24 10:37:31] 📦 27919 | Koopmans Marc, William Hill — 1 Excel file(s) — Opponent: William Hill
[2025-09-24 10:37:32] 📦 11930 | Max van Eijk, William Hill — 1 Excel file(s) — Opponent: William Hill
[2025-09-24 10:37:34] 📦 27515 | jacek kowalczyk, Duxcasino — 1 Excel file(s) — Opponent: Duxcasino
[2025-09-24 10:37:37] 📦 37865 | Maurice Van daalen, 888 — 1 Excel file(s) — Opponent: 888
[2025-09-24 10:37:39] 📦 25362 | Benjamin Oderkerk, Krooncasino — 2 Excel file(s) — Opponent: Krooncasino
[2025-09-24 10:37:41] 📦 28066 | Jelle Veenvliet, 888 — 1 Excel file(s) — Opponent: 888
[2025-09-24 10:37:41] 📦 15690 | Mirwais Sefati, One Casino — 3 Excel file(s) — Opponent: One Casino
[2025-09-24 10:37:43] 📦 29951 | Lukasz Władysław Bogusz Bogusz, One Casino — 1 Excel file(s) — Opponent: One Casino
[2025-09-24 10:37:45] 📦 2528 | Jacobus Petrus (Sjaak) Bijman, 888 — 3 Excel file(s) — Opponent: 888
[2025-09-24 10:37:49] 📦 4058 | Rick van Beuningen, 888 — 1 Excel file(s) — Opponent: 888
[2025-09-24 10:37:49] 📦 11789 | Gijsbert Dompeling, William Hill — 1 Excel file(s) — Opponent: William Hill
[2025-09-24 10:37:54] 📄 6720 has no Excel; found 2 PDF(s).
[2025-09-24 10:37:54] 📦 6720 | Christian Hokse, Dreamz — 0 Excel file(s) — Opponent: Dreamz
[2025-09-24 10:37:59] 📄 8076 has no Excel; found 1 PDF(s).
[2025-09-24 10:37:59] 📦 8076 | Franklin Leurs Leurs, Pino Casino — 0 Excel file(s) — Opponent: Pino Casino
