[2025-07-17 09:38:59] ⚠️ Row 4: Unparsable date/time → '2025-02-15 00:00:00 16:10:00'
[2025-07-17 09:39:00] ⚠️ Row 5: Unparsable date/time → '2025-02-14 00:00:00 19:50:00'
[2025-07-17 09:39:00] ⚠️ Row 6: Unparsable date/time → '2025-02-13 00:00:00 23:03:00'
[2025-07-17 09:39:00] ⚠️ Row 7: Unparsable date/time → '2025-02-07 00:00:00 19:56:00'
[2025-07-17 09:39:00] ⚠️ Row 8: Unparsable date/time → '2025-02-01 00:00:00 22:50:00'
[2025-07-17 09:39:00] ⚠️ Row 9: Unparsable date/time → '2025-01-31 00:00:00 21:17:00'
[2025-07-17 09:39:00] ⚠️ Row 10: Unparsable date/time → '2025-01-19 00:00:00 16:38:00'
[2025-07-17 09:39:00] ⚠️ Row 11: Unparsable date/time → '2025-01-18 00:00:00 20:29:00'
[2025-07-17 09:39:00] ⚠️ Row 12: Unparsable date/time → '2025-01-18 00:00:00 18:01:00'
[2025-07-17 09:39:00] ⚠️ Row 13: Unparsable date/time → '2025-01-16 00:00:00 23:02:00'
[2025-07-17 09:39:00] ⚠️ Row 14: Unparsable date/time → '2025-01-16 00:00:00 18:02:00'
[2025-07-17 09:39:00] ⚠️ Row 15: Unparsable date/time → '2024-12-15 00:00:00 23:05:00'
[2025-07-17 09:39:00] ⚠️ Row 16: Unparsable date/time → '2024-12-15 00:00:00 21:50:00'
[2025-07-17 09:39:00] ⚠️ Row 17: Unparsable date/time → '2024-12-15 00:00:00 20:05:00'
[2025-07-17 09:39:00] ⚠️ Row 18: Unparsable date/time → '2024-11-22 00:00:00 15:59:00'
[2025-07-17 09:39:00] ⚠️ Row 19: Unparsable date/time → '2024-11-22 00:00:00 13:09:00'
[2025-07-17 09:39:01] ⚠️ Row 20: Unparsable date/time → '2024-11-16 00:00:00 20:05:00'
[2025-07-17 09:39:01] ⚠️ Row 21: Unparsable date/time → '2024-11-14 00:00:00 23:56:00'
[2025-07-17 09:39:01] ⚠️ Row 22: Unparsable date/time → '2024-11-14 00:00:00 21:06:00'
[2025-07-17 09:39:01] ⚠️ Row 23: Unparsable date/time → '2024-11-09 00:00:00 14:08:00'
[2025-07-17 09:39:01] ⚠️ Row 24: Unparsable date/time → '2024-11-07 00:00:00 20:55:00'
[2025-07-17 09:39:01] ⚠️ Row 25: Unparsable date/time → '2024-11-07 00:00:00 20:47:00'
[2025-07-17 09:39:01] ⚠️ Row 26: Unparsable date/time → '2024-11-06 00:00:00 20:33:00'
[2025-07-17 09:39:01] ⚠️ Row 27: Unparsable date/time → '2024-11-04 00:00:00 23:08:00'
[2025-07-17 09:39:01] ⚠️ Row 28: Unparsable date/time → '2024-11-01 00:00:00 19:02:00'
[2025-07-17 09:39:01] ⚠️ Row 29: Unparsable date/time → '2024-10-18 00:00:00 13:02:00'
[2025-07-17 09:39:01] ⚠️ Row 30: Unparsable date/time → '2024-10-09 00:00:00 19:38:00'
[2025-07-17 09:39:01] ⚠️ Row 31: Unparsable date/time → '2024-09-29 00:00:00 15:06:00'
[2025-07-17 09:39:01] ⚠️ Row 32: Unparsable date/time → '2024-09-28 00:00:00 13:27:00'
[2025-07-17 09:39:01] ⚠️ Row 33: Unparsable date/time → '2024-09-27 00:00:00 13:23:00'
[2025-07-17 09:39:01] ⚠️ Row 34: Unparsable date/time → '2024-09-22 00:00:00 18:51:00'
[2025-07-17 09:39:01] ⚠️ Row 35: Unparsable date/time → '2024-09-21 00:00:00 16:15:00'
[2025-07-17 09:39:01] ⚠️ Row 36: Unparsable date/time → '2024-09-21 00:00:00 13:33:00'
[2025-07-17 09:39:01] ⚠️ Row 37: Unparsable date/time → '2024-09-20 00:00:00 17:29:00'
[2025-07-17 09:39:01] ⚠️ Row 38: Unparsable date/time → '2024-09-20 00:00:00 16:56:00'
[2025-07-17 09:39:01] ⚠️ Row 39: Unparsable date/time → '2024-09-19 00:00:00 18:43:00'
[2025-07-17 09:39:01] ⚠️ Row 40: Unparsable date/time → '2024-09-14 00:00:00 23:11:00'
[2025-07-17 09:39:01] ⚠️ Row 41: Unparsable date/time → '2024-09-13 00:00:00 23:15:00'
[2025-07-17 09:39:01] ⚠️ Row 42: Unparsable date/time → '2024-09-06 00:00:00 13:23:00'
[2025-07-17 09:39:01] ⚠️ Row 43: Unparsable date/time → '2024-09-01 00:00:00 18:56:00'
[2025-07-17 09:39:01] ⚠️ Row 44: Unparsable date/time → '2024-08-31 00:00:00 20:45:00'
[2025-07-17 09:39:01] ⚠️ Row 45: Unparsable date/time → '2024-08-31 00:00:00 13:41:00'
[2025-07-17 09:39:01] ⚠️ Row 46: Unparsable date/time → '2024-08-30 00:00:00 19:48:00'
[2025-07-17 09:39:01] ⚠️ Row 47: Unparsable date/time → '2024-08-30 00:00:00 19:42:00'
[2025-07-17 09:39:01] ⚠️ Row 48: Unparsable date/time → '2024-08-11 00:00:00 16:38:00'
[2025-07-17 09:39:01] ⚠️ Row 49: Unparsable date/time → '2024-08-10 00:00:00 13:07:00'
[2025-07-17 09:39:01] ⚠️ Row 50: Unparsable date/time → '2024-08-09 00:00:00 15:00:00'
[2025-07-17 09:39:01] ⚠️ Row 51: Unparsable date/time → '2024-08-06 00:00:00 18:16:00'
[2025-07-17 09:39:01] ⚠️ Row 52: Unparsable date/time → '2024-08-04 00:00:00 17:26:00'
[2025-07-17 09:39:01] TA logic: Deposits = 0, Cashouts = 0, Net = 0
[2025-07-17 09:39:01] ✅ Created Payment Summary with 0 rows.
[2025-07-17 09:39:01] ⚠️ No valid dates found in Payment Summary.
[2025-07-17 09:39:01] 🧾 Final claim value (from Payment Summary): 0
[2025-07-17 09:39:01] ✅ Finished processing: TA_Unibet (4).xlsx
[2025-07-17 09:39:30] Cleared all files.
[2025-07-17 09:39:34] Added 1 file(s).
[2025-07-17 09:39:34] 📄 Processing TA_Unibet (4).xlsx...
[2025-07-17 09:39:34] 🧾 Detected TA file — using deposit/cashout logic.
[2025-07-17 09:39:34] Detected single combined transaction sheet. Attempting auto-detection...
[2025-07-17 09:39:34] ✅ Detected normal tabular structure. No CSV conversion needed.
[2025-07-17 09:39:34] 📋 Raw headers: ['Datum', 'Tijdzone', 'Transactie', 'ID', 'Context', 'ID', 'Activiteit', 'Omschrijving', 'Betalingskenmerk', 'aangevraagd', 'Cash', 'betaling', 'aangevraagd', 'Betalingskosten', 'Hoeveelheid', 'Cash', 'Niet', 'opneembare', 'hoeveelheid', 'cash', 'Bonus', 'aantal', 'Totaal', 'aantal']
[2025-07-17 09:39:34] 🔍 Normalized headers: ['datum', 'tijdzone', 'transactie', 'id', 'context', 'id', 'activiteit', 'omschrijving', 'betalingskenmerk', 'aangevraagd', 'cash', 'betaling', 'aangevraagd', 'betalingskosten', 'hoeveelheid', 'cash', 'niet', 'opneembare', 'hoeveelheid', 'cash', 'bonus', 'aantal', 'totaal', 'aantal']
[2025-07-17 09:39:34] ✅ Indexes — Date: 0, Time: None, Type: 6, Amount: 18, Status: None
[2025-07-17 09:39:34] ❌ Missing required headers in combined sheet: Missing required columns: datum/tijd/activiteit/hoeveelheid
[2025-07-17 09:39:35] TA logic: Deposits = 0, Cashouts = 0, Net = 0
[2025-07-17 09:39:35] ✅ Created Payment Summary with 0 rows.
[2025-07-17 09:39:35] ⚠️ No valid dates found in Payment Summary.
[2025-07-17 09:39:35] 🧾 Final claim value (from Payment Summary): 0
[2025-07-17 09:39:35] ✅ Finished processing: TA_Unibet (4).xlsx
