[2025-09-23 14:23:09] 🔎 SP: Deal 45032 → C:/Sharepoint/Golden-Tech GmbH/LeadDocuments - Casino Germany - Documents\45032 - Youri Thorig, Casumo
[2025-09-23 14:23:09] ✅ SP: No Checked_* files for deal 45032.
[2025-09-23 14:23:46] 🔎 SP: Deal 46370 → C:/Sharepoint/Golden-Tech GmbH/LeadDocuments - Casino Germany - Documents\46370 - de  Groot Haig, Avalon78
[2025-09-23 14:23:46]    ↳ SP matches:
[2025-09-23 14:23:46]       - Checked_IB_Avalon78_de  Groot Haig.xlsx
[2025-09-23 14:23:46] 🚫 SP: Found Checked_* file(s) for deal 46370 — filtering out.
[2025-09-23 14:23:48] 🔎 SP: Deal 19624 → C:/Sharepoint/Golden-Tech GmbH/LeadDocuments - Casino Germany - Documents\19624 - Chayen Wittmer, Betchan
[2025-09-23 14:23:48]    ↳ SP matches:
[2025-09-23 14:23:48]       - Checked_IB_Betchan_Chayen Wittmer.xlsx
[2025-09-23 14:23:48] 🚫 SP: Found Checked_* file(s) for deal 19624 — filtering out.
[2025-09-23 14:23:49] 🔎 SP: Deal 19637 → C:/Sharepoint/Golden-Tech GmbH/LeadDocuments - Casino Germany - Documents\19637 - Chayen Wittmer, LeoVegas
[2025-09-23 14:23:49]    ↳ SP matches:
[2025-09-23 14:23:49]       - Checked_IB_LeoVegas_Chayen Wittmer.xlsx
[2025-09-23 14:23:49] 🚫 SP: Found Checked_* file(s) for deal 19637 — filtering out.
[2025-09-23 14:23:51] 🔎 SP: Deal 21670 → C:/Sharepoint/Golden-Tech GmbH/LeadDocuments - Casino Germany - Documents\21670 - Fabian Wink, Avalon78
[2025-09-23 14:23:51]    ↳ SP matches:
[2025-09-23 14:23:51]       - Checked_IB_Avalon78_Fabian Wink.xlsx
[2025-09-23 14:23:51] 🚫 SP: Found Checked_* file(s) for deal 21670 — filtering out.
[2025-09-23 14:23:52] 🔎 SP: Deal 21672 → C:/Sharepoint/Golden-Tech GmbH/LeadDocuments - Casino Germany - Documents\21672 - Fabian Wink, Betsson
[2025-09-23 14:23:52]    ↳ SP matches:
[2025-09-23 14:23:52]       - Checked_IB_Betsson_Fabian Wink.xlsx
[2025-09-23 14:23:52] 🚫 SP: Found Checked_* file(s) for deal 21672 — filtering out.
[2025-09-23 14:23:53] 🔎 SP: Deal 21673 → C:/Sharepoint/Golden-Tech GmbH/LeadDocuments - Casino Germany - Documents\21673 - Fabian Wink, Bobcasino
[2025-09-23 14:23:54]    ↳ SP matches:
[2025-09-23 14:23:54]       - Checked_IB_Bobcasino_Fabian Wink.xlsx
[2025-09-23 14:23:54] 🚫 SP: Found Checked_* file(s) for deal 21673 — filtering out.
[2025-09-23 14:23:55] 🔎 SP: Deal 21675 → C:/Sharepoint/Golden-Tech GmbH/LeadDocuments - Casino Germany - Documents\21675 - Fabian Wink, Casino Rex
[2025-09-23 14:23:55]    ↳ SP matches:
[2025-09-23 14:23:55]       - Checked_IB_Casino Rex_Fabian Wink.xlsx
[2025-09-23 14:23:55] 🚫 SP: Found Checked_* file(s) for deal 21675 — filtering out.
[2025-09-23 14:23:56] 🔎 SP: Deal 21676 → C:/Sharepoint/Golden-Tech GmbH/LeadDocuments - Casino Germany - Documents\21676 - Fabian Wink, CasinoEuro
[2025-09-23 14:23:56] ✅ SP: No Checked_* files for deal 21676.
