[2025-09-23 14:51:00] 🔎 SP: Deal 28311 → C:/Sharepoint/Golden-Tech GmbH/LeadDocuments - Casino Germany - Documents\28311 - gino spijkers, 888
[2025-09-23 14:51:00] ✅ SP: No Checked_* files for deal 28311.
[2025-09-23 14:51:00] 🚫 IT: 'Checked' note found for deal 29214 — filtering out.
[2025-09-23 14:51:00]     ↳ first line: Checked (28.02.2025)
[2025-09-23 14:51:00]     ↳ preview: Checked (28.02.2025)
[2025-09-23 14:51:00] 🚫 IT: 'Checked' note found for deal 30101 — filtering out.
[2025-09-23 14:51:00]     ↳ first line: Checked (28.02.2025)
[2025-09-23 14:51:00]     ↳ preview: Checked (28.02.2025)
[2025-09-23 14:51:00] 🚫 IT: 'Checked' note found for deal 9866 — filtering out.
[2025-09-23 14:51:00]     ↳ first line: Checked (24.02.2025)
[2025-09-23 14:51:00]     ↳ preview: Checked (24.02.2025)  Amount is below 1000 EUR
[2025-09-23 14:51:00] 🚫 IT: 'Checked' note found for deal 9974 — filtering out.
[2025-09-23 14:51:00]     ↳ first line: Checked (24.02.2025)
[2025-09-23 14:51:00]     ↳ preview: Checked (24.02.2025)
[2025-09-23 14:51:00] 🚫 IT: 'Checked' note found for deal 10044 — filtering out.
[2025-09-23 14:51:00]     ↳ first line: Checked (24.02.2025)
[2025-09-23 14:51:00]     ↳ preview: Checked (24.02.2025)
[2025-09-23 14:51:00] 🚫 IT: 'Checked' note found for deal 12112 — filtering out.
[2025-09-23 14:51:00]     ↳ first line: Checked (27.02.2025)
[2025-09-23 14:51:00]     ↳ preview: Checked (27.02.2025)
[2025-09-23 14:51:01] 🔎 SP: Deal 12113 → C:/Sharepoint/Golden-Tech GmbH/LeadDocuments - Casino Germany - Documents\12113 - lamin sanha, BWIN
[2025-09-23 14:51:01] ✅ SP: No Checked_* files for deal 12113.
[2025-09-23 14:51:01] 🚫 IT: 'Checked' note found for deal 16251 — filtering out.
[2025-09-23 14:51:01]     ↳ first line: Checked (28.02.2025)
[2025-09-23 14:51:01]     ↳ preview: Checked (28.02.2025)  Amount is below 1000 EUR
[2025-09-23 14:51:01] 🚫 IT: 'Checked' note found for deal 16318 — filtering out.
[2025-09-23 14:51:01]     ↳ first line: Checked (28.02.2025)
[2025-09-23 14:51:01]     ↳ preview: Checked (28.02.2025)
[2025-09-23 14:51:01] 🚫 IT: 'Checked' note found for deal 17822 — filtering out.
[2025-09-23 14:51:01]     ↳ first line: Checked (28.02.2025)
[2025-09-23 14:51:01]     ↳ preview: Checked (28.02.2025)
[2025-09-23 14:51:01] 🚫 IT: 'Checked' note found for deal 20256 — filtering out.
[2025-09-23 14:51:01]     ↳ first line: Checked (28.02.2025)
[2025-09-23 14:51:01]     ↳ preview: Checked (28.02.2025)
[2025-09-23 14:51:01] 🚫 IT: 'Checked' note found for deal 22839 — filtering out.
[2025-09-23 14:51:01]     ↳ first line: Checked (28.02.2025)
[2025-09-23 14:51:01]     ↳ preview: Checked (28.02.2025)
[2025-09-23 14:51:01] 🚫 IT: 'Checked' note found for deal 25746 — filtering out.
[2025-09-23 14:51:01]     ↳ first line: Checked (28.02.2025)
[2025-09-23 14:51:01]     ↳ preview: Checked (28.02.2025)
[2025-09-23 14:51:01] 🚫 IT: 'Checked' note found for deal 25816 — filtering out.
[2025-09-23 14:51:01]     ↳ first line: Checked (28.02.2025)
[2025-09-23 14:51:01]     ↳ preview: Checked (28.02.2025)
[2025-09-23 14:51:03] 🔎 SP: Deal 26566 → C:/Sharepoint/Golden-Tech GmbH/LeadDocuments - Casino Germany - Documents\26566 - Johannes Franciscus van Mierlo, Crazy Fox
[2025-09-23 14:51:03] ✅ SP: No Checked_* files for deal 26566.
[2025-09-23 14:51:03] 🚫 IT: 'Checked' note found for deal 27330 — filtering out.
[2025-09-23 14:51:03]     ↳ first line: Checked (28.02.2025)
[2025-09-23 14:51:03]     ↳ preview: Checked (28.02.2025)
[2025-09-23 14:51:03] 🚫 IT: 'Checked' note found for deal 32048 — filtering out.
[2025-09-23 14:51:03]     ↳ first line: Checked (7.7.2025)
[2025-09-23 14:51:03]     ↳ preview: Checked (7.7.2025)
[2025-09-23 14:51:07] 🔎 SP: Deal 37816 → C:/Sharepoint/Golden-Tech GmbH/LeadDocuments - Casino Germany - Documents\37816 - Ricardo Keur, PokerStars
[2025-09-23 14:51:07] ✅ SP: No Checked_* files for deal 37816.
[2025-09-23 14:51:07] 🚫 IT: 'Checked' note found for deal 45549 — filtering out.
[2025-09-23 14:51:07]     ↳ first line: Checked (7.7.2025)
[2025-09-23 14:51:07]     ↳ preview: Checked (7.7.2025)
[2025-09-23 14:51:11] 🔎 SP: Deal 51743 → C:/Sharepoint/Golden-Tech GmbH/LeadDocuments - Casino Germany - Documents\51743 - huseyin tercan, Avalon78
[2025-09-23 14:51:11] ✅ SP: No Checked_* files for deal 51743.
[2025-09-23 14:51:11] 🚫 IT: 'Checked' note found for deal 15575 — filtering out.
[2025-09-23 14:51:11]     ↳ first line: Checked (28.02.2025)
[2025-09-23 14:51:11]     ↳ preview: Checked (28.02.2025)
[2025-09-23 14:51:11] 🚫 IT: 'Checked' note found for deal 2442 — filtering out.
[2025-09-23 14:51:12]     ↳ first line: Checked (2.20.2025)
[2025-09-23 14:51:12]     ↳ preview: Checked (2.20.2025)
[2025-09-23 14:51:12] 🚫 IT: 'Checked' note found for deal 2446 — filtering out.
[2025-09-23 14:51:12]     ↳ first line: Checked (7.7.2025)
[2025-09-23 14:51:12]     ↳ preview: Checked (7.7.2025)
[2025-09-23 14:51:12] 🚫 IT: 'Checked' note found for deal 2447 — filtering out.
[2025-09-23 14:51:12]     ↳ first line: Checked (2.20.2025)
[2025-09-23 14:51:12]     ↳ preview: Checked (2.20.2025)  Amount is below 1.000 EUR
[2025-09-23 14:51:13] 🔎 SP: Deal 2450 → C:/Sharepoint/Golden-Tech GmbH/LeadDocuments - Casino Germany - Documents\2450 - Roel Hermans, William Hill
[2025-09-23 14:51:13] ✅ SP: No Checked_* files for deal 2450.
[2025-09-23 14:51:14] 🚫 IT: 'Checked' note found for deal 2451 — filtering out.
[2025-09-23 14:51:14]     ↳ first line: Checked (2.20.2025)
[2025-09-23 14:51:14]     ↳ preview: Checked (2.20.2025)  Amount is below than 1000 EUR
[2025-09-23 14:51:14] 🚫 IT: 'Checked' note found for deal 4822 — filtering out.
[2025-09-23 14:51:14]     ↳ first line: Checked (24.02.2025)
[2025-09-23 14:51:14]     ↳ preview: Checked (24.02.2025)  Amount is below 1000 EUR
[2025-09-23 14:51:14] 🚫 IT: 'Checked' note found for deal 7171 — filtering out.
[2025-09-23 14:51:14]     ↳ first line: Checked (24.02.2025)
[2025-09-23 14:51:14]     ↳ preview: Checked (24.02.2025)
[2025-09-23 14:51:14] 🚫 IT: 'Checked' note found for deal 13167 — filtering out.
[2025-09-23 14:51:14]     ↳ first line: Checked (27.02.2025)
[2025-09-23 14:51:14]     ↳ preview: Checked (27.02.2025)  Amount is below 1000 EUR
[2025-09-23 14:51:14] 🔎 SP: Deal 13202 → C:/Sharepoint/Golden-Tech GmbH/LeadDocuments - Casino Germany - Documents\13202 - Michael De vries, Duxcasino
[2025-09-23 14:51:14] 🚫 SP: Found Checked_* file(s) for deal 13202 — filtering out.
[2025-09-23 14:51:14] 🚫 IT: 'Checked' note found for deal 13509 — filtering out.
[2025-09-23 14:51:14]     ↳ first line: Checked (27.02.2025)
[2025-09-23 14:51:14]     ↳ preview: Checked (27.02.2025)  Amount is below 1000 EUR
[2025-09-23 14:51:14] 🚫 IT: 'Checked' note found for deal 15176 — filtering out.
[2025-09-23 14:51:14]     ↳ first line: Checked (28.02.2025)
[2025-09-23 14:51:14]     ↳ preview: Checked (28.02.2025)  Amount is below 1000 EUR
[2025-09-23 14:51:14] 🚫 IT: 'Checked' note found for deal 20942 — filtering out.
[2025-09-23 14:51:14]     ↳ first line: Checked (28.02.2025)
[2025-09-23 14:51:14]     ↳ preview: Checked (28.02.2025)  Amount is below 1000 EUR
[2025-09-23 14:51:14] 🚫 IT: 'Checked' note found for deal 21477 — filtering out.
[2025-09-23 14:51:14]     ↳ first line: Checked (28.02.2025)
[2025-09-23 14:51:15]     ↳ preview: Checked (28.02.2025)  Amount is below 1000 EUR
[2025-09-23 14:51:15] 🚫 IT: 'Checked' note found for deal 25253 — filtering out.
[2025-09-23 14:51:15]     ↳ first line: Checked (28.02.2025)
[2025-09-23 14:51:15]     ↳ preview: Checked (28.02.2025)
[2025-09-23 14:51:16] 🔎 SP: Deal 25257 → C:/Sharepoint/Golden-Tech GmbH/LeadDocuments - Casino Germany - Documents\25257 - Dennis Wanders, ComeOn
[2025-09-23 14:51:16] ✅ SP: No Checked_* files for deal 25257.
[2025-09-23 14:51:16] 🚫 IT: 'Checked' note found for deal 30247 — filtering out.
[2025-09-23 14:51:16]     ↳ first line: Checked (28.02.2025)
[2025-09-23 14:51:16]     ↳ preview: Checked (28.02.2025)
[2025-09-23 14:51:20] 🔎 SP: Deal 48031 → C:/Sharepoint/Golden-Tech GmbH/LeadDocuments - Casino Germany - Documents\48031 - Andreas Voorbraak, Avalon78
[2025-09-23 14:51:20] ✅ SP: No Checked_* files for deal 48031.
[2025-09-23 14:51:24] 🔎 SP: Deal 52941 → C:/Sharepoint/Golden-Tech GmbH/LeadDocuments - Casino Germany - Documents\52941 - Kamal Bizjan, N1 Casino
[2025-09-23 14:51:24] ✅ SP: No Checked_* files for deal 52941.
[2025-09-23 14:51:27] 🔎 SP: Deal 28555 → C:/Sharepoint/Golden-Tech GmbH/LeadDocuments - Casino Germany - Documents\28555 - Wollrabe Marcel, One Casino
[2025-09-23 14:51:27] ✅ SP: No Checked_* files for deal 28555.
[2025-09-23 14:51:27] 🚫 IT: 'Checked' note found for deal 28624 — filtering out.
[2025-09-23 14:51:27]     ↳ first line: Checked (28.02.2025)
[2025-09-23 14:51:27]     ↳ preview: Checked (28.02.2025)
[2025-09-23 14:51:27] 🚫 IT: 'Checked' note found for deal 3262 — filtering out.
[2025-09-23 14:51:27]     ↳ first line: Checked (2.24.2025)
[2025-09-23 14:51:27]     ↳ preview: Checked (2.24.2025)  Amount is Below 1000 EUR
[2025-09-23 14:51:32] 🔎 SP: Deal 6844 → C:/Sharepoint/Golden-Tech GmbH/LeadDocuments - Casino Germany - Documents\6844 - Daniel van der Bent, Spinia
[2025-09-23 14:51:32] ✅ SP: No Checked_* files for deal 6844.
[2025-09-23 14:51:32] 🚫 IT: 'Checked' note found for deal 10024 — filtering out.
[2025-09-23 14:51:32]     ↳ first line: Checked (10.03.2025)
[2025-09-23 14:51:32]     ↳ preview: Checked (10.03.2025)
[2025-09-23 14:51:32] 🚫 IT: 'Checked' note found for deal 14926 — filtering out.
[2025-09-23 14:51:32]     ↳ first line: Checked (28.02.2025)
[2025-09-23 14:51:32]     ↳ preview: Checked (28.02.2025)
[2025-09-23 14:51:33] 🔎 SP: Deal 16578 → C:/Sharepoint/Golden-Tech GmbH/LeadDocuments - Casino Germany - Documents\16578 - Robin Nawijn, N1 Casino
[2025-09-23 14:51:33] ✅ SP: No Checked_* files for deal 16578.
[2025-09-23 14:51:33] 🚫 IT: 'Checked' note found for deal 19891 — filtering out.
[2025-09-23 14:51:33]     ↳ first line: Checked (28.02.2025)
[2025-09-23 14:51:33]     ↳ preview: Checked (28.02.2025)  Amount is below 1000 EUR
[2025-09-23 14:51:33] 🚫 IT: 'Checked' note found for deal 19893 — filtering out.
[2025-09-23 14:51:33]     ↳ first line: Checked (28.02.2025)
[2025-09-23 14:51:33]     ↳ preview: Checked (28.02.2025)  Amount is below 1000 EUR
[2025-09-23 14:51:33] 🚫 IT: 'Checked' note found for deal 20252 — filtering out.
[2025-09-23 14:51:33]     ↳ first line: Checked (17.03.2025)
[2025-09-23 14:51:33]     ↳ preview: Checked (17.03.2025)
[2025-09-23 14:51:33] 🚫 IT: 'Checked' note found for deal 20670 — filtering out.
[2025-09-23 14:51:33]     ↳ first line: Checked (28.02.2025)
[2025-09-23 14:51:33]     ↳ preview: Checked (28.02.2025)
[2025-09-23 14:51:35] 🔎 SP: Deal 24979 → C:/Sharepoint/Golden-Tech GmbH/LeadDocuments - Casino Germany - Documents\24979 - Senno Michel, Betsafe
[2025-09-23 14:51:35] ✅ SP: No Checked_* files for deal 24979.
[2025-09-23 14:51:35] 🚫 IT: 'Checked' note found for deal 29741 — filtering out.
[2025-09-23 14:51:35]     ↳ first line: Checked (28.02.2025)
[2025-09-23 14:51:35]     ↳ preview: Checked (28.02.2025)
[2025-09-23 14:51:35] 🚫 IT: 'Checked' note found for deal 29998 — filtering out.
[2025-09-23 14:51:35]     ↳ first line: Checked (7.7.2025)
[2025-09-23 14:51:35]     ↳ preview: Checked (7.7.2025)  Amount is below 1000 EUR
[2025-09-23 14:51:35] 🚫 IT: 'Checked' note found for deal 25929 — filtering out.
[2025-09-23 14:51:35]     ↳ first line: Checked (28.02.2025)
[2025-09-23 14:51:35]     ↳ preview: Checked (28.02.2025)  Amount is below 1000 EUR
[2025-09-23 14:51:35] 🚫 IT: 'Checked' note found for deal 25930 — filtering out.
[2025-09-23 14:51:35]     ↳ first line: Checked (28.02.2025)
[2025-09-23 14:51:35]     ↳ preview: Checked (28.02.2025)  Amount is below 1000 EUR
[2025-09-23 14:51:35] 🚫 IT: 'Checked' note found for deal 25931 — filtering out.
[2025-09-23 14:51:35]     ↳ first line: Checked (28.02.2025)
[2025-09-23 14:51:35]     ↳ preview: Checked (28.02.2025)
[2025-09-23 14:51:36] 🔎 SP: Deal 22709 → C:/Sharepoint/Golden-Tech GmbH/LeadDocuments - Casino Germany - Documents\22709 - Steven Tavernier, ComeOn Casino
[2025-09-23 14:51:36] ✅ SP: No Checked_* files for deal 22709.
[2025-09-23 14:51:39] 🔎 SP: Deal 40136 → C:/Sharepoint/Golden-Tech GmbH/LeadDocuments - Casino Germany - Documents\40136 - Job van Maastricht, Pokerstars
[2025-09-23 14:51:39] ✅ SP: No Checked_* files for deal 40136.
[2025-09-23 14:51:43] 🔎 SP: Deal 45122 → C:/Sharepoint/Golden-Tech GmbH/LeadDocuments - Casino Germany - Documents\45122 - Josh Daniel Dijkhuizen, PokerStars
[2025-09-23 14:51:43] ✅ SP: No Checked_* files for deal 45122.
[2025-09-23 14:51:47] 🔎 SP: Deal 47331 → C:/Sharepoint/Golden-Tech GmbH/LeadDocuments - Casino Germany - Documents\47331 - Tom Dam, Bwin.com
[2025-09-23 14:51:47] ✅ SP: No Checked_* files for deal 47331.
[2025-09-23 14:51:51] 🔎 SP: Deal 47336 → C:/Sharepoint/Golden-Tech GmbH/LeadDocuments - Casino Germany - Documents\47336 - Abderrahim Amazyan, Bwin.com
[2025-09-23 14:51:51] 🚫 SP: Found Checked_* file(s) for deal 47336 — filtering out.
[2025-09-23 14:51:51] 🧹 Filter result — total:139 kept:48 dropped_by_notes:88 dropped_by_sharepoint:3
[2025-09-23 14:51:52] 📦 15619 | Minas Calisir, One Casino — 1 Excel file(s) found
[2025-09-23 14:51:54] 📦 23140 | Geijtenbeek-Vink Petra, Bobcasino — 6 Excel file(s) found
[2025-09-23 14:51:55] 📦 23142 | Geijtenbeek-Vink Petra, Oranjecasino — 6 Excel file(s) found
[2025-09-23 14:51:56] 📦 24718 | (Hilde) Elke Drok, Oranjecasino — 3 Excel file(s) found
[2025-09-23 14:51:58] 📦 30096 | Robbie van Heertum, King Billy — 1 Excel file(s) found
