[2025-09-23 14:21:16] 🔎 SP: Deal 23544 → C:/Sharepoint/Golden-Tech GmbH/LeadDocuments - Casino Germany - Documents\23544 - De ruiter Kevin, Bobcasino
[2025-09-23 14:21:16]    ↳ SP matches:
[2025-09-23 14:21:16]       - Checked_IB_Bobcasino_De ruiter Kevin.xlsx
[2025-09-23 14:21:16] 🚫 SP: Found Checked_* file(s) for deal 23544 — filtering out.
[2025-09-23 14:21:17] 🔎 SP: Deal 23626 → C:/Sharepoint/Golden-Tech GmbH/LeadDocuments - Casino Germany - Documents\23626 - Petrus Johannes Frederik Dreise, Avalon78
[2025-09-23 14:21:17]    ↳ SP matches:
[2025-09-23 14:21:17]       - Checked_IB_Avalon78_Petrus Johannes Frederik Dreise.xlsx
[2025-09-23 14:21:17] 🚫 SP: Found Checked_* file(s) for deal 23626 — filtering out.
[2025-09-23 14:21:18] 🔎 SP: Deal 23632 → C:/Sharepoint/Golden-Tech GmbH/LeadDocuments - Casino Germany - Documents\23632 - Petrus Johannes Frederik Dreise, GSlot
[2025-09-23 14:21:18]    ↳ SP matches:
[2025-09-23 14:21:18]       - Checked_IB_GSlot_Petrus Johannes Frederik Dreise.xlsx
[2025-09-23 14:21:18] 🚫 SP: Found Checked_* file(s) for deal 23632 — filtering out.
[2025-09-23 14:21:20] 🔎 SP: Deal 23635 → C:/Sharepoint/Golden-Tech GmbH/LeadDocuments - Casino Germany - Documents\23635 - Petrus Johannes Frederik Dreise, LeoVegas
[2025-09-23 14:21:20]    ↳ SP matches:
[2025-09-23 14:21:20]       - Checked_IB_LeoVegas_Petrus Johannes Frederik Dreise.xlsx
[2025-09-23 14:21:20] 🚫 SP: Found Checked_* file(s) for deal 23635 — filtering out.
[2025-09-23 14:21:21] 🔎 SP: Deal 24718 → C:/Sharepoint/Golden-Tech GmbH/LeadDocuments - Casino Germany - Documents\24718 - (Hilde) Elke Drok, Oranjecasino
[2025-09-23 14:21:21] ✅ SP: No Checked_* files for deal 24718.
[2025-09-23 14:21:54] 🔎 SP: Deal 29441 → C:/Sharepoint/Golden-Tech GmbH/LeadDocuments - Casino Germany - Documents\29441 - Rafal Augustyniak, Avalon78
[2025-09-23 14:21:54]    ↳ SP matches:
[2025-09-23 14:21:54]       - Checked_IB_N1 Interactive Ltd._Rafal Augustyniak.xlsx
[2025-09-23 14:21:54] 🚫 SP: Found Checked_* file(s) for deal 29441 — filtering out.
[2025-09-23 14:21:57] 🔎 SP: Deal 30096 → C:/Sharepoint/Golden-Tech GmbH/LeadDocuments - Casino Germany - Documents\30096 - Robbie van Heertum, King Billy
[2025-09-23 14:21:57] ✅ SP: No Checked_* files for deal 30096.
