[2025-09-03 09:46:17] ➕ Added 1 file(s).
[2025-09-03 09:46:18] 📄 Processing TA_TA_pokerstars audit.xlsx in calculation Mode...
[2025-09-03 09:46:20] ✔ Deposit sheets: ['All']
[2025-09-03 09:46:20] ✔ Cashout sheets: ['All']
[2025-09-03 09:46:20] ℹ️ Same sheet in both lists → will parse once as combined: ['All']
[2025-09-03 09:46:20] ✅ Detected header row at Excel row 1: ['TransId', 'ParentId', 'Transaction Type', 'Started', 'Created', 'Currency', 'Amount', 'Status', 'Gateway', 'Country', 'Logged-In Reference']
[2025-09-03 09:46:20] 🧭 Columns: amount=6, currency=5, type=2, ref_date=3, conf_date=None, status=7, gateway=8, descr=10, drcr=None
[2025-09-03 09:46:20] TA logic: Deposits = 5457.78, Cashouts = 662.47, Net = 4795.3099999999995
[2025-09-03 09:46:20] ✅ Created Payment Summary with 75 rows.
[2025-09-03 09:46:20] ✅ Created styled Summary (Currency → Type → Year) with title row.
[2025-09-03 09:46:21] 🔁 ECB JSON 406 application/problem+json — {"type":"about:blank","title":"Not Acceptable","status":406,"detail":"Acceptable representations: [application/xml, text
[2025-09-03 09:46:21] 🌍 FX USD/EUR 2016-02-04…2016-02-04 via CSV: 1 pts, avg=1.120600
[2025-09-03 09:46:21] 🌍 FX USD→EUR 2016-02-04…2016-02-04: 1/( USD/EUR ) (mode CSV, 1 pts) => avg=0.892379
[2025-09-03 09:46:21] 🌍 FX USD→EUR 2016 (2016-02-04…2016-02-04) avg = 0.892379
[2025-09-03 09:46:21] 🔁 ECB JSON 406 application/problem+json — {"type":"about:blank","title":"Not Acceptable","status":406,"detail":"Acceptable representations: [application/xml, text
[2025-09-03 09:46:21] 🌍 FX USD/EUR 2017-05-26…2017-08-29 via CSV: 68 pts, avg=1.149079
[2025-09-03 09:46:21] 🌍 FX USD→EUR 2017-05-26…2017-08-29: 1/( USD/EUR ) (mode CSV, 68 pts) => avg=0.870262
[2025-09-03 09:46:21] 🌍 FX USD→EUR 2017 (2017-05-26…2017-08-29) avg = 0.870262
[2025-09-03 09:46:21] 🔁 ECB JSON 406 application/problem+json — {"type":"about:blank","title":"Not Acceptable","status":406,"detail":"Acceptable representations: [application/xml, text
[2025-09-03 09:46:21] 🌍 FX USD/EUR 2019-02-07…2019-12-03 via CSV: 211 pts, avg=1.117342
[2025-09-03 09:46:21] 🌍 FX USD→EUR 2019-02-07…2019-12-03: 1/( USD/EUR ) (mode CSV, 211 pts) => avg=0.894981
[2025-09-03 09:46:21] 🌍 FX USD→EUR 2019 (2019-02-07…2019-12-03) avg = 0.894981
[2025-09-03 09:46:21] ✅ Created 'Payment Summary EUR' (75 USD rows converted).
[2025-09-03 09:46:21] ✅ Created 'Summary EUR' (pivot-style Currency → Type → Year).
[2025-09-03 09:46:21] ✅ Finished processing: TA_TA_pokerstars audit.xlsx
[2025-09-03 09:46:41] 💾 Saved: C:/Users/salbahaca/Downloads\Checked_TA_TA_pokerstars audit.xlsx
