[2025-09-23 16:00:00] 🔎 SP: Deal 21680 → C:/Sharepoint/Golden-Tech GmbH/LeadDocuments - Casino Germany - Documents\21680 - Fabian Wink, Millionaria
[2025-09-23 16:00:00] ✅ SP: No Checked_* files for deal 21680.
[2025-09-23 16:00:01] 🔎 SP: Deal 21683 → C:/Sharepoint/Golden-Tech GmbH/LeadDocuments - Casino Germany - Documents\21683 - Fabian Wink, OctoCasino
[2025-09-23 16:00:01] ✅ SP: No Checked_* files for deal 21683.
[2025-09-23 16:00:01] 🚫 IT: 'Checked' note found for deal 21684 — filtering out.
[2025-09-23 16:00:01]     ↳ first line: Checked (28.02.2025)
[2025-09-23 16:00:01]     ↳ preview: Checked (28.02.2025)  Amount is below 1000 EUR
[2025-09-23 16:00:02] 🔎 SP: Deal 21686 → C:/Sharepoint/Golden-Tech GmbH/LeadDocuments - Casino Germany - Documents\21686 - Fabian Wink, Rizk
[2025-09-23 16:00:02] ✅ SP: No Checked_* files for deal 21686.
[2025-09-23 16:00:02] 🚫 IT: 'Checked' note found for deal 21687 — filtering out.
[2025-09-23 16:00:02]     ↳ first line: Checked (28.02.2025)
[2025-09-23 16:00:02]     ↳ preview: Checked (28.02.2025)  Amount is below 1000 EUR
[2025-09-23 16:00:03] 🔎 SP: Deal 21688 → C:/Sharepoint/Golden-Tech GmbH/LeadDocuments - Casino Germany - Documents\21688 - Fabian Wink, Spinia
[2025-09-23 16:00:03] ✅ SP: No Checked_* files for deal 21688.
[2025-09-23 16:00:03] 🚫 IT: 'Checked' note found for deal 8439 — filtering out.
[2025-09-23 16:00:03]     ↳ first line: Checked (24.02.2025)
[2025-09-23 16:00:03]     ↳ preview: Checked (24.02.2025)
[2025-09-23 16:00:03] 🔎 SP: Deal 10180 → C:/Sharepoint/Golden-Tech GmbH/LeadDocuments - Casino Germany - Documents\10180 - Dennis Tjoonk, 888
[2025-09-23 16:00:03] ✅ SP: No Checked_* files for deal 10180.
[2025-09-23 16:00:03] 🚫 IT: 'Checked' note found for deal 15373 — filtering out.
[2025-09-23 16:00:03]     ↳ first line: Checked (28.02.2025)
[2025-09-23 16:00:03]     ↳ preview: Checked (28.02.2025)
[2025-09-23 16:00:03] 🚫 IT: 'Checked' note found for deal 18588 — filtering out.
[2025-09-23 16:00:03]     ↳ first line: Checked (7.7.2025)
[2025-09-23 16:00:03]     ↳ preview: Checked (7.7.2025)
[2025-09-23 16:00:04] 🔎 SP: Deal 20000 → C:/Sharepoint/Golden-Tech GmbH/LeadDocuments - Casino Germany - Documents\20000 - Michael Hovenga, Bobcasino
[2025-09-23 16:00:04] ✅ SP: No Checked_* files for deal 20000.
[2025-09-23 16:00:06] 🔎 SP: Deal 27583 → C:/Sharepoint/Golden-Tech GmbH/LeadDocuments - Casino Germany - Documents\27583 - Sachs-Wissingh Petra, Cookie Casino
[2025-09-23 16:00:06] ✅ SP: No Checked_* files for deal 27583.
[2025-09-23 16:00:07] 🔎 SP: Deal 27919 → C:/Sharepoint/Golden-Tech GmbH/LeadDocuments - Casino Germany - Documents\27919 - Koopmans Marc, William Hill
[2025-09-23 16:00:07] ✅ SP: No Checked_* files for deal 27919.
[2025-09-23 16:00:07] 🚫 IT: 'Checked' note found for deal 27923 — filtering out.
[2025-09-23 16:00:07]     ↳ first line: Checked (28.02.2025)
[2025-09-23 16:00:07]     ↳ preview: Checked (28.02.2025)
[2025-09-23 16:00:07] 🚫 IT: 'Checked' note found for deal 3631 — filtering out.
[2025-09-23 16:00:07]     ↳ first line: Checked (24.02.2025)
[2025-09-23 16:00:07]     ↳ preview: Checked (24.02.2025)
[2025-09-23 16:00:07] 🔎 SP: Deal 11930 → C:/Sharepoint/Golden-Tech GmbH/LeadDocuments - Casino Germany - Documents\11930 - Max van Eijk, William Hill
[2025-09-23 16:00:07] ✅ SP: No Checked_* files for deal 11930.
[2025-09-23 16:00:07] 🚫 IT: 'Checked' note found for deal 12866 — filtering out.
[2025-09-23 16:00:08]     ↳ first line: Checked (27.02.2025)
[2025-09-23 16:00:08]     ↳ preview: Checked (27.02.2025)
[2025-09-23 16:00:09] 🔎 SP: Deal 27515 → C:/Sharepoint/Golden-Tech GmbH/LeadDocuments - Casino Germany - Documents\27515 - jacek kowalczyk, Duxcasino
[2025-09-23 16:00:09] ✅ SP: No Checked_* files for deal 27515.
[2025-09-23 16:00:12] 🔎 SP: Deal 37865 → C:/Sharepoint/Golden-Tech GmbH/LeadDocuments - Casino Germany - Documents\37865 - Maurice Van daalen, 888
[2025-09-23 16:00:12] ✅ SP: No Checked_* files for deal 37865.
[2025-09-23 16:00:12] 🚫 IT: 'Checked' note found for deal 5505 — filtering out.
[2025-09-23 16:00:12]     ↳ first line: Checked (24.02.2025)
[2025-09-23 16:00:12]     ↳ preview: Checked (24.02.2025)  Amount is below 1000 EUR
[2025-09-23 16:00:12] 🚫 IT: 'Checked' note found for deal 5507 — filtering out.
[2025-09-23 16:00:12]     ↳ first line: Checked (24.02.2025)
[2025-09-23 16:00:12]     ↳ preview: Checked (24.02.2025)
[2025-09-23 16:00:13] 🔎 SP: Deal 25362 → C:/Sharepoint/Golden-Tech GmbH/LeadDocuments - Casino Germany - Documents\25362 - Benjamin Oderkerk, Krooncasino
[2025-09-23 16:00:13] ✅ SP: No Checked_* files for deal 25362.
[2025-09-23 16:00:15] 🔎 SP: Deal 28066 → C:/Sharepoint/Golden-Tech GmbH/LeadDocuments - Casino Germany - Documents\28066 - Jelle Veenvliet, 888
[2025-09-23 16:00:15] ✅ SP: No Checked_* files for deal 28066.
[2025-09-23 16:00:15] 🚫 IT: 'Checked' note found for deal 5636 — filtering out.
[2025-09-23 16:00:15]     ↳ first line: Checked (24.02.2025)
[2025-09-23 16:00:15]     ↳ preview: Checked (24.02.2025)
[2025-09-23 16:00:15] 🚫 IT: 'Checked' note found for deal 15068 — filtering out.
[2025-09-23 16:00:15]     ↳ first line: Checked (27.02.2025)
[2025-09-23 16:00:15]     ↳ preview: Checked (27.02.2025)
[2025-09-23 16:00:16] 🔎 SP: Deal 15690 → C:/Sharepoint/Golden-Tech GmbH/LeadDocuments - Casino Germany - Documents\15690 - Mirwais Sefati, One Casino
[2025-09-23 16:00:16] ✅ SP: No Checked_* files for deal 15690.
[2025-09-23 16:00:17] 🔎 SP: Deal 29951 → C:/Sharepoint/Golden-Tech GmbH/LeadDocuments - Casino Germany - Documents\29951 - Lukasz Władysław Bogusz Bogusz, One Casino
[2025-09-23 16:00:17] ✅ SP: No Checked_* files for deal 29951.
[2025-09-23 16:00:17] 🚫 IT: 'Checked' note found for deal 29952 — filtering out.
[2025-09-23 16:00:17]     ↳ first line: Checked (28.02.2025)
[2025-09-23 16:00:17]     ↳ preview: Checked (28.02.2025)
[2025-09-23 16:00:17] 🚫 IT: 'Checked' note found for deal 40804 — filtering out.
[2025-09-23 16:00:17]     ↳ first line: Checked (7.7.2025)
[2025-09-23 16:00:18]     ↳ preview: Checked (7.7.2025)
[2025-09-23 16:00:19] 🔎 SP: Deal 2528 → C:/Sharepoint/Golden-Tech GmbH/LeadDocuments - Casino Germany - Documents\2528 - Sjaak Bijman, 888
[2025-09-23 16:00:19] ✅ SP: No Checked_* files for deal 2528.
[2025-09-23 16:00:22] 🔎 SP: Deal 4058 → C:/Sharepoint/Golden-Tech GmbH/LeadDocuments - Casino Germany - Documents\4058 - Rick van Beuningen, 888
[2025-09-23 16:00:22] ✅ SP: No Checked_* files for deal 4058.
[2025-09-23 16:00:22] 🚫 IT: 'Checked' note found for deal 4062 — filtering out.
[2025-09-23 16:00:22]     ↳ first line: Checked (24.02.2025)
[2025-09-23 16:00:22]     ↳ preview: Checked (24.02.2025)
[2025-09-23 16:00:27] 🔎 SP: Deal 5571 → C:/Sharepoint/Golden-Tech GmbH/LeadDocuments - Casino Germany - Documents\5571 - Roy Timmermans, Bobcasino
[2025-09-23 16:00:27] 🚫 SP: Found Checked_* file(s) for deal 5571 — filtering out.
[2025-09-23 16:00:27] 🚫 IT: 'Checked' note found for deal 6565 — filtering out.
[2025-09-23 16:00:27]     ↳ first line: Checked (19.08.2025)
[2025-09-23 16:00:27]     ↳ preview: Checked (19.08.2025)
[2025-09-23 16:00:27] 🚫 IT: 'Checked' note found for deal 7175 — filtering out.
[2025-09-23 16:00:27]     ↳ first line: Checked (24.02.2025)
[2025-09-23 16:00:27]     ↳ preview: Checked (24.02.2025)
[2025-09-23 16:00:27] 🚫 IT: 'Checked' note found for deal 9698 — filtering out.
[2025-09-23 16:00:27]     ↳ first line: Checked (25.02.2025)
[2025-09-23 16:00:27]     ↳ preview: Checked (25.02.2025)
[2025-09-23 16:00:28] 🔎 SP: Deal 11789 → C:/Sharepoint/Golden-Tech GmbH/LeadDocuments - Casino Germany - Documents\11789 - Gijsbert Dompeling, William Hill
[2025-09-23 16:00:28] ✅ SP: No Checked_* files for deal 11789.
[2025-09-23 16:00:28] 🚫 IT: 'Checked' note found for deal 24744 — filtering out.
[2025-09-23 16:00:28]     ↳ first line: Checked (17.03.2025)
[2025-09-23 16:00:28]     ↳ preview: Checked (17.03.2025)
[2025-09-23 16:00:28] 🚫 IT: 'Checked' note found for deal 32235 — filtering out.
[2025-09-23 16:00:28]     ↳ first line: Checked (28.02.2025)
[2025-09-23 16:00:28]     ↳ preview: Checked (28.02.2025)
[2025-09-23 16:00:28] 🚫 IT: 'Checked' note found for deal 2576 — filtering out.
[2025-09-23 16:00:28]     ↳ first line: Checked (10.03.2025)
[2025-09-23 16:00:28]     ↳ preview: Checked (10.03.2025)
[2025-09-23 16:00:28] 🚫 IT: 'Checked' note found for deal 3026 — filtering out.
[2025-09-23 16:00:28]     ↳ first line: Checked (10.03.2025)
[2025-09-23 16:00:28]     ↳ preview: Checked (10.03.2025)
[2025-09-23 16:00:28] 🚫 IT: 'Checked' note found for deal 3990 — filtering out.
[2025-09-23 16:00:28]     ↳ first line: Checked (25.02.2025)
[2025-09-23 16:00:28]     ↳ preview: Checked (25.02.2025)
[2025-09-23 16:00:33] 🔎 SP: Deal 6720 → C:/Sharepoint/Golden-Tech GmbH/LeadDocuments - Casino Germany - Documents\6720 - Christian Hokse, Dreamz
[2025-09-23 16:00:33] ✅ SP: No Checked_* files for deal 6720.
[2025-09-23 16:00:33] 🚫 IT: 'Checked' note found for deal 8059 — filtering out.
[2025-09-23 16:00:33]     ↳ first line: Checked (24.02.2025)
[2025-09-23 16:00:33]     ↳ preview: Checked (24.02.2025)  Amount is below 1000 EUR
[2025-09-23 16:00:38] 🔎 SP: Deal 8076 → C:/Sharepoint/Golden-Tech GmbH/LeadDocuments - Casino Germany - Documents\8076 - Franklin Leurs Leurs, Pino Casino
[2025-09-23 16:00:38] ✅ SP: No Checked_* files for deal 8076.
[2025-09-23 16:00:38] 🚫 IT: 'Checked' note found for deal 8084 — filtering out.
[2025-09-23 16:00:38]     ↳ first line: Checked (24.02.2025)
[2025-09-23 16:00:38]     ↳ preview: Checked (24.02.2025)
[2025-09-23 16:00:38] 🚫 IT: 'Checked' note found for deal 8376 — filtering out.
[2025-09-23 16:00:38]     ↳ first line: Checked (24.02.2025)
[2025-09-23 16:00:38]     ↳ preview: Checked (24.02.2025)  Amount is below 1000 EUR
[2025-09-23 16:00:38] 🚫 IT: 'Checked' note found for deal 11356 — filtering out.
[2025-09-23 16:00:38]     ↳ first line: Checked (27.02.2025)
[2025-09-23 16:00:38]     ↳ preview: Checked (27.02.2025)
[2025-09-23 16:00:39] 🔎 SP: Deal 17052 → C:/Sharepoint/Golden-Tech GmbH/LeadDocuments - Casino Germany - Documents\17052 - Jordi Stoffels, MasonSlots
[2025-09-23 16:00:39] ✅ SP: No Checked_* files for deal 17052.
[2025-09-23 16:00:40] 🔎 SP: Deal 18986 → C:/Sharepoint/Golden-Tech GmbH/LeadDocuments - Casino Germany - Documents\18986 - Demy Toornstra, One Casino
[2025-09-23 16:00:40] ✅ SP: No Checked_* files for deal 18986.
[2025-09-23 16:00:41] 🔎 SP: Deal 19547 → C:/Sharepoint/Golden-Tech GmbH/LeadDocuments - Casino Germany - Documents\19547 - David Hol, Betsson
[2025-09-23 16:00:41] ✅ SP: No Checked_* files for deal 19547.
[2025-09-23 16:00:41] 🚫 IT: 'Checked' note found for deal 21218 — filtering out.
[2025-09-23 16:00:41]     ↳ first line: Checked (28.02.2025)
[2025-09-23 16:00:41]     ↳ preview: Checked (28.02.2025)
[2025-09-23 16:00:43] 🔎 SP: Deal 28311 → C:/Sharepoint/Golden-Tech GmbH/LeadDocuments - Casino Germany - Documents\28311 - gino spijkers, 888
[2025-09-23 16:00:43] ✅ SP: No Checked_* files for deal 28311.
[2025-09-23 16:00:43] 🚫 IT: 'Checked' note found for deal 29214 — filtering out.
[2025-09-23 16:00:43]     ↳ first line: Checked (28.02.2025)
[2025-09-23 16:00:43]     ↳ preview: Checked (28.02.2025)
[2025-09-23 16:00:43] 🚫 IT: 'Checked' note found for deal 30101 — filtering out.
[2025-09-23 16:00:43]     ↳ first line: Checked (28.02.2025)
[2025-09-23 16:00:43]     ↳ preview: Checked (28.02.2025)
[2025-09-23 16:00:43] 🚫 IT: 'Checked' note found for deal 9866 — filtering out.
[2025-09-23 16:00:43]     ↳ first line: Checked (24.02.2025)
[2025-09-23 16:00:43]     ↳ preview: Checked (24.02.2025)  Amount is below 1000 EUR
[2025-09-23 16:00:43] 🚫 IT: 'Checked' note found for deal 9974 — filtering out.
[2025-09-23 16:00:43]     ↳ first line: Checked (24.02.2025)
[2025-09-23 16:00:43]     ↳ preview: Checked (24.02.2025)
[2025-09-23 16:00:43] 🚫 IT: 'Checked' note found for deal 10044 — filtering out.
[2025-09-23 16:00:43]     ↳ first line: Checked (24.02.2025)
[2025-09-23 16:00:43]     ↳ preview: Checked (24.02.2025)
[2025-09-23 16:00:43] 🚫 IT: 'Checked' note found for deal 12112 — filtering out.
[2025-09-23 16:00:43]     ↳ first line: Checked (27.02.2025)
[2025-09-23 16:00:43]     ↳ preview: Checked (27.02.2025)
[2025-09-23 16:00:43] 🔎 SP: Deal 12113 → C:/Sharepoint/Golden-Tech GmbH/LeadDocuments - Casino Germany - Documents\12113 - lamin sanha, BWIN
[2025-09-23 16:00:43] ✅ SP: No Checked_* files for deal 12113.
[2025-09-23 16:00:43] 🚫 IT: 'Checked' note found for deal 16251 — filtering out.
[2025-09-23 16:00:44]     ↳ first line: Checked (28.02.2025)
[2025-09-23 16:00:44]     ↳ preview: Checked (28.02.2025)  Amount is below 1000 EUR
[2025-09-23 16:00:44] 🚫 IT: 'Checked' note found for deal 16318 — filtering out.
[2025-09-23 16:00:44]     ↳ first line: Checked (28.02.2025)
[2025-09-23 16:00:44]     ↳ preview: Checked (28.02.2025)
[2025-09-23 16:00:44] 🚫 IT: 'Checked' note found for deal 17822 — filtering out.
[2025-09-23 16:00:44]     ↳ first line: Checked (28.02.2025)
[2025-09-23 16:00:44]     ↳ preview: Checked (28.02.2025)
[2025-09-23 16:00:44] 🚫 IT: 'Checked' note found for deal 20256 — filtering out.
[2025-09-23 16:00:44]     ↳ first line: Checked (28.02.2025)
[2025-09-23 16:00:44]     ↳ preview: Checked (28.02.2025)
[2025-09-23 16:00:44] 🚫 IT: 'Checked' note found for deal 22839 — filtering out.
[2025-09-23 16:00:44]     ↳ first line: Checked (28.02.2025)
[2025-09-23 16:00:44]     ↳ preview: Checked (28.02.2025)
[2025-09-23 16:00:44] 🚫 IT: 'Checked' note found for deal 25746 — filtering out.
[2025-09-23 16:00:44]     ↳ first line: Checked (28.02.2025)
[2025-09-23 16:00:44]     ↳ preview: Checked (28.02.2025)
[2025-09-23 16:00:44] 🚫 IT: 'Checked' note found for deal 25816 — filtering out.
[2025-09-23 16:00:44]     ↳ first line: Checked (28.02.2025)
[2025-09-23 16:00:44]     ↳ preview: Checked (28.02.2025)
[2025-09-23 16:00:45] 🔎 SP: Deal 26566 → C:/Sharepoint/Golden-Tech GmbH/LeadDocuments - Casino Germany - Documents\26566 - Johannes Franciscus van Mierlo, Crazy Fox
[2025-09-23 16:00:45] ✅ SP: No Checked_* files for deal 26566.
[2025-09-23 16:00:45] 🚫 IT: 'Checked' note found for deal 27330 — filtering out.
[2025-09-23 16:00:45]     ↳ first line: Checked (28.02.2025)
[2025-09-23 16:00:45]     ↳ preview: Checked (28.02.2025)
[2025-09-23 16:00:45] 🚫 IT: 'Checked' note found for deal 32048 — filtering out.
[2025-09-23 16:00:45]     ↳ first line: Checked (7.7.2025)
[2025-09-23 16:00:45]     ↳ preview: Checked (7.7.2025)
[2025-09-23 16:00:48] 🔎 SP: Deal 37816 → C:/Sharepoint/Golden-Tech GmbH/LeadDocuments - Casino Germany - Documents\37816 - Ricardo Keur, PokerStars
[2025-09-23 16:00:48] ✅ SP: No Checked_* files for deal 37816.
[2025-09-23 16:00:48] 🚫 IT: 'Checked' note found for deal 45549 — filtering out.
[2025-09-23 16:00:48]     ↳ first line: Checked (7.7.2025)
[2025-09-23 16:00:48]     ↳ preview: Checked (7.7.2025)
[2025-09-23 16:00:52] 🔎 SP: Deal 51743 → C:/Sharepoint/Golden-Tech GmbH/LeadDocuments - Casino Germany - Documents\51743 - huseyin tercan, Avalon78
[2025-09-23 16:00:52] ✅ SP: No Checked_* files for deal 51743.
[2025-09-23 16:00:52] 🚫 IT: 'Checked' note found for deal 15575 — filtering out.
[2025-09-23 16:00:52]     ↳ first line: Checked (28.02.2025)
[2025-09-23 16:00:52]     ↳ preview: Checked (28.02.2025)
[2025-09-23 16:00:52] 🚫 IT: 'Checked' note found for deal 2442 — filtering out.
[2025-09-23 16:00:52]     ↳ first line: Checked (2.20.2025)
[2025-09-23 16:00:53]     ↳ preview: Checked (2.20.2025)
[2025-09-23 16:00:53] 🚫 IT: 'Checked' note found for deal 2446 — filtering out.
[2025-09-23 16:00:53]     ↳ first line: Checked (7.7.2025)
[2025-09-23 16:00:53]     ↳ preview: Checked (7.7.2025)
[2025-09-23 16:00:53] 🚫 IT: 'Checked' note found for deal 2447 — filtering out.
[2025-09-23 16:00:53]     ↳ first line: Checked (2.20.2025)
[2025-09-23 16:00:53]     ↳ preview: Checked (2.20.2025)  Amount is below 1.000 EUR
[2025-09-23 16:00:54] 🔎 SP: Deal 2450 → C:/Sharepoint/Golden-Tech GmbH/LeadDocuments - Casino Germany - Documents\2450 - Roel Hermans, William Hill
[2025-09-23 16:00:54] ✅ SP: No Checked_* files for deal 2450.
[2025-09-23 16:00:54] 🚫 IT: 'Checked' note found for deal 2451 — filtering out.
[2025-09-23 16:00:54]     ↳ first line: Checked (2.20.2025)
[2025-09-23 16:00:54]     ↳ preview: Checked (2.20.2025)  Amount is below than 1000 EUR
[2025-09-23 16:00:54] 🚫 IT: 'Checked' note found for deal 4822 — filtering out.
[2025-09-23 16:00:54]     ↳ first line: Checked (24.02.2025)
[2025-09-23 16:00:54]     ↳ preview: Checked (24.02.2025)  Amount is below 1000 EUR
[2025-09-23 16:00:55] 🚫 IT: 'Checked' note found for deal 7171 — filtering out.
[2025-09-23 16:00:55]     ↳ first line: Checked (24.02.2025)
[2025-09-23 16:00:55]     ↳ preview: Checked (24.02.2025)
[2025-09-23 16:00:55] 🚫 IT: 'Checked' note found for deal 13167 — filtering out.
[2025-09-23 16:00:55]     ↳ first line: Checked (27.02.2025)
[2025-09-23 16:00:55]     ↳ preview: Checked (27.02.2025)  Amount is below 1000 EUR
[2025-09-23 16:00:55] 🔎 SP: Deal 13202 → C:/Sharepoint/Golden-Tech GmbH/LeadDocuments - Casino Germany - Documents\13202 - Michael De vries, Duxcasino
[2025-09-23 16:00:55] 🚫 SP: Found Checked_* file(s) for deal 13202 — filtering out.
[2025-09-23 16:00:55] 🚫 IT: 'Checked' note found for deal 13509 — filtering out.
[2025-09-23 16:00:55]     ↳ first line: Checked (27.02.2025)
[2025-09-23 16:00:55]     ↳ preview: Checked (27.02.2025)  Amount is below 1000 EUR
[2025-09-23 16:00:55] 🚫 IT: 'Checked' note found for deal 15176 — filtering out.
[2025-09-23 16:00:55]     ↳ first line: Checked (28.02.2025)
[2025-09-23 16:00:55]     ↳ preview: Checked (28.02.2025)  Amount is below 1000 EUR
[2025-09-23 16:00:55] 🚫 IT: 'Checked' note found for deal 20942 — filtering out.
[2025-09-23 16:00:55]     ↳ first line: Checked (28.02.2025)
[2025-09-23 16:00:55]     ↳ preview: Checked (28.02.2025)  Amount is below 1000 EUR
[2025-09-23 16:00:55] 🚫 IT: 'Checked' note found for deal 21477 — filtering out.
[2025-09-23 16:00:55]     ↳ first line: Checked (28.02.2025)
[2025-09-23 16:00:55]     ↳ preview: Checked (28.02.2025)  Amount is below 1000 EUR
[2025-09-23 16:00:55] 🚫 IT: 'Checked' note found for deal 25253 — filtering out.
[2025-09-23 16:00:55]     ↳ first line: Checked (28.02.2025)
[2025-09-23 16:00:55]     ↳ preview: Checked (28.02.2025)
[2025-09-23 16:00:56] 🔎 SP: Deal 25257 → C:/Sharepoint/Golden-Tech GmbH/LeadDocuments - Casino Germany - Documents\25257 - Dennis Wanders, ComeOn
[2025-09-23 16:00:56] ✅ SP: No Checked_* files for deal 25257.
[2025-09-23 16:00:56] 🚫 IT: 'Checked' note found for deal 30247 — filtering out.
[2025-09-23 16:00:56]     ↳ first line: Checked (28.02.2025)
[2025-09-23 16:00:56]     ↳ preview: Checked (28.02.2025)
