[2025-09-23 16:11:03] 🚫 IT: 'Checked' note for 27923 — dropping.
[2025-09-23 16:11:03]     ↳ first line: Checked (28.02.2025)
[2025-09-23 16:11:03]     ↳ preview: Checked (28.02.2025)
[2025-09-23 16:11:03] 🚫 IT: 'Checked' note for 3631 — dropping.
[2025-09-23 16:11:03]     ↳ first line: Checked (24.02.2025)
[2025-09-23 16:11:03]     ↳ preview: Checked (24.02.2025)
[2025-09-23 16:11:04] 🚫 IT: 'Checked' note for 12866 — dropping.
[2025-09-23 16:11:04]     ↳ first line: Checked (27.02.2025)
[2025-09-23 16:11:04]     ↳ preview: Checked (27.02.2025)
[2025-09-23 16:11:10] 🚫 IT: 'Checked' note for 5505 — dropping.
[2025-09-23 16:11:10]     ↳ first line: Checked (24.02.2025)
[2025-09-23 16:11:10]     ↳ preview: Checked (24.02.2025)  Amount is below 1000 EUR
[2025-09-23 16:11:10] 🚫 IT: 'Checked' note for 5507 — dropping.
[2025-09-23 16:11:10]     ↳ first line: Checked (24.02.2025)
[2025-09-23 16:11:10]     ↳ preview: Checked (24.02.2025)
[2025-09-23 16:11:14] 🚫 IT: 'Checked' note for 5636 — dropping.
[2025-09-23 16:11:14]     ↳ first line: Checked (24.02.2025)
[2025-09-23 16:11:14]     ↳ preview: Checked (24.02.2025)
[2025-09-23 16:11:14] 🚫 IT: 'Checked' note for 15068 — dropping.
[2025-09-23 16:11:14]     ↳ first line: Checked (27.02.2025)
[2025-09-23 16:11:14]     ↳ preview: Checked (27.02.2025)
[2025-09-23 16:11:18] 🚫 IT: 'Checked' note for 29952 — dropping.
[2025-09-23 16:11:18]     ↳ first line: Checked (28.02.2025)
[2025-09-23 16:11:18]     ↳ preview: Checked (28.02.2025)
[2025-09-23 16:11:18] 🚫 IT: 'Checked' note for 40804 — dropping.
[2025-09-23 16:11:18]     ↳ first line: Checked (7.7.2025)
[2025-09-23 16:11:18]     ↳ preview: Checked (7.7.2025)
[2025-09-23 16:11:25] 🚫 IT: 'Checked' note for 4062 — dropping.
[2025-09-23 16:11:25]     ↳ first line: Checked (24.02.2025)
[2025-09-23 16:11:25]     ↳ preview: Checked (24.02.2025)
[2025-09-23 16:11:32] 🚫 SP: Checked_* file(s) present for 5571 — dropping.
[2025-09-23 16:11:32] 🚫 IT: 'Checked' note for 6565 — dropping.
[2025-09-23 16:11:32]     ↳ first line: Checked (19.08.2025)
[2025-09-23 16:11:32]     ↳ preview: Checked (19.08.2025)
[2025-09-23 16:11:32] 🚫 IT: 'Checked' note for 7175 — dropping.
[2025-09-23 16:11:32]     ↳ first line: Checked (24.02.2025)
[2025-09-23 16:11:32]     ↳ preview: Checked (24.02.2025)
[2025-09-23 16:11:32] 🚫 IT: 'Checked' note for 9698 — dropping.
[2025-09-23 16:11:32]     ↳ first line: Checked (25.02.2025)
[2025-09-23 16:11:32]     ↳ preview: Checked (25.02.2025)
[2025-09-23 16:11:33] 🚫 IT: 'Checked' note for 24744 — dropping.
[2025-09-23 16:11:33]     ↳ first line: Checked (17.03.2025)
[2025-09-23 16:11:33]     ↳ preview: Checked (17.03.2025)
[2025-09-23 16:11:33] 🚫 IT: 'Checked' note for 32235 — dropping.
[2025-09-23 16:11:33]     ↳ first line: Checked (28.02.2025)
[2025-09-23 16:11:33]     ↳ preview: Checked (28.02.2025)
[2025-09-23 16:11:33] 🚫 IT: 'Checked' note for 2576 — dropping.
[2025-09-23 16:11:33]     ↳ first line: Checked (10.03.2025)
[2025-09-23 16:11:33]     ↳ preview: Checked (10.03.2025)
[2025-09-23 16:11:33] 🚫 IT: 'Checked' note for 3026 — dropping.
[2025-09-23 16:11:33]     ↳ first line: Checked (10.03.2025)
[2025-09-23 16:11:33]     ↳ preview: Checked (10.03.2025)
[2025-09-23 16:11:33] 🚫 IT: 'Checked' note for 3990 — dropping.
[2025-09-23 16:11:33]     ↳ first line: Checked (25.02.2025)
[2025-09-23 16:11:33]     ↳ preview: Checked (25.02.2025)
[2025-09-23 16:11:40] 🚫 IT: 'Checked' note for 8059 — dropping.
[2025-09-23 16:11:40]     ↳ first line: Checked (24.02.2025)
[2025-09-23 16:11:40]     ↳ preview: Checked (24.02.2025)  Amount is below 1000 EUR
[2025-09-23 16:11:48] 🚫 IT: 'Checked' note for 8084 — dropping.
[2025-09-23 16:11:48]     ↳ first line: Checked (24.02.2025)
[2025-09-23 16:11:48]     ↳ preview: Checked (24.02.2025)
[2025-09-23 16:11:48] 🚫 IT: 'Checked' note for 8376 — dropping.
[2025-09-23 16:11:48]     ↳ first line: Checked (24.02.2025)
[2025-09-23 16:11:48]     ↳ preview: Checked (24.02.2025)  Amount is below 1000 EUR
[2025-09-23 16:11:48] 🚫 IT: 'Checked' note for 11356 — dropping.
[2025-09-23 16:11:48]     ↳ first line: Checked (27.02.2025)
[2025-09-23 16:11:48]     ↳ preview: Checked (27.02.2025)
[2025-09-23 16:11:52] 🚫 IT: 'Checked' note for 21218 — dropping.
[2025-09-23 16:11:52]     ↳ first line: Checked (28.02.2025)
[2025-09-23 16:11:52]     ↳ preview: Checked (28.02.2025)
[2025-09-23 16:11:54] 🚫 IT: 'Checked' note for 29214 — dropping.
[2025-09-23 16:11:54]     ↳ first line: Checked (28.02.2025)
[2025-09-23 16:11:54]     ↳ preview: Checked (28.02.2025)
[2025-09-23 16:11:54] 🚫 IT: 'Checked' note for 30101 — dropping.
[2025-09-23 16:11:54]     ↳ first line: Checked (28.02.2025)
[2025-09-23 16:11:54]     ↳ preview: Checked (28.02.2025)
[2025-09-23 16:11:54] 🚫 IT: 'Checked' note for 9866 — dropping.
[2025-09-23 16:11:54]     ↳ first line: Checked (24.02.2025)
[2025-09-23 16:11:55]     ↳ preview: Checked (24.02.2025)  Amount is below 1000 EUR
[2025-09-23 16:11:55] 🚫 IT: 'Checked' note for 9974 — dropping.
[2025-09-23 16:11:55]     ↳ first line: Checked (24.02.2025)
[2025-09-23 16:11:55]     ↳ preview: Checked (24.02.2025)
[2025-09-23 16:11:55] 🚫 IT: 'Checked' note for 10044 — dropping.
[2025-09-23 16:11:55]     ↳ first line: Checked (24.02.2025)
[2025-09-23 16:11:55]     ↳ preview: Checked (24.02.2025)
[2025-09-23 16:11:55] 🚫 IT: 'Checked' note for 12112 — dropping.
[2025-09-23 16:11:55]     ↳ first line: Checked (27.02.2025)
[2025-09-23 16:11:55]     ↳ preview: Checked (27.02.2025)
[2025-09-23 16:11:55] 🚫 IT: 'Checked' note for 16251 — dropping.
[2025-09-23 16:11:55]     ↳ first line: Checked (28.02.2025)
[2025-09-23 16:11:55]     ↳ preview: Checked (28.02.2025)  Amount is below 1000 EUR
[2025-09-23 16:11:55] 🚫 IT: 'Checked' note for 16318 — dropping.
[2025-09-23 16:11:55]     ↳ first line: Checked (28.02.2025)
[2025-09-23 16:11:55]     ↳ preview: Checked (28.02.2025)
[2025-09-23 16:11:55] 🚫 IT: 'Checked' note for 17822 — dropping.
[2025-09-23 16:11:55]     ↳ first line: Checked (28.02.2025)
[2025-09-23 16:11:55]     ↳ preview: Checked (28.02.2025)
[2025-09-23 16:11:55] 🚫 IT: 'Checked' note for 20256 — dropping.
[2025-09-23 16:11:55]     ↳ first line: Checked (28.02.2025)
[2025-09-23 16:11:55]     ↳ preview: Checked (28.02.2025)
[2025-09-23 16:11:55] 🚫 IT: 'Checked' note for 22839 — dropping.
[2025-09-23 16:11:55]     ↳ first line: Checked (28.02.2025)
[2025-09-23 16:11:55]     ↳ preview: Checked (28.02.2025)
[2025-09-23 16:11:55] 🚫 IT: 'Checked' note for 25746 — dropping.
[2025-09-23 16:11:55]     ↳ first line: Checked (28.02.2025)
[2025-09-23 16:11:55]     ↳ preview: Checked (28.02.2025)
[2025-09-23 16:11:55] 🚫 IT: 'Checked' note for 25816 — dropping.
[2025-09-23 16:11:55]     ↳ first line: Checked (28.02.2025)
[2025-09-23 16:11:55]     ↳ preview: Checked (28.02.2025)
[2025-09-23 16:11:57] 🚫 IT: 'Checked' note for 27330 — dropping.
[2025-09-23 16:11:57]     ↳ first line: Checked (28.02.2025)
[2025-09-23 16:11:57]     ↳ preview: Checked (28.02.2025)
[2025-09-23 16:11:57] 🚫 IT: 'Checked' note for 32048 — dropping.
[2025-09-23 16:11:57]     ↳ first line: Checked (7.7.2025)
[2025-09-23 16:11:57]     ↳ preview: Checked (7.7.2025)
