[2025-09-23 16:01:00] 🔎 SP: Deal 48031 → C:/Sharepoint/Golden-Tech GmbH/LeadDocuments - Casino Germany - Documents\48031 - Andreas Voorbraak, Avalon78
[2025-09-23 16:01:00] ✅ SP: No Checked_* files for deal 48031.
[2025-09-23 16:01:05] 🔎 SP: Deal 52941 → C:/Sharepoint/Golden-Tech GmbH/LeadDocuments - Casino Germany - Documents\52941 - Kamal Bizjan, N1 Casino
[2025-09-23 16:01:05] ✅ SP: No Checked_* files for deal 52941.
[2025-09-23 16:01:07] 🔎 SP: Deal 28555 → C:/Sharepoint/Golden-Tech GmbH/LeadDocuments - Casino Germany - Documents\28555 - Wollrabe Marcel, One Casino
[2025-09-23 16:01:07] ✅ SP: No Checked_* files for deal 28555.
[2025-09-23 16:01:07] 🚫 IT: 'Checked' note found for deal 28624 — filtering out.
[2025-09-23 16:01:07]     ↳ first line: Checked (28.02.2025)
[2025-09-23 16:01:07]     ↳ preview: Checked (28.02.2025)
[2025-09-23 16:01:07] 🚫 IT: 'Checked' note found for deal 3262 — filtering out.
[2025-09-23 16:01:07]     ↳ first line: Checked (2.24.2025)
[2025-09-23 16:01:07]     ↳ preview: Checked (2.24.2025)  Amount is Below 1000 EUR
[2025-09-23 16:01:11] 🔎 SP: Deal 6844 → C:/Sharepoint/Golden-Tech GmbH/LeadDocuments - Casino Germany - Documents\6844 - Daniel van der Bent, Spinia
[2025-09-23 16:01:11] ✅ SP: No Checked_* files for deal 6844.
[2025-09-23 16:01:11] 🚫 IT: 'Checked' note found for deal 10024 — filtering out.
[2025-09-23 16:01:12]     ↳ first line: Checked (10.03.2025)
[2025-09-23 16:01:12]     ↳ preview: Checked (10.03.2025)
[2025-09-23 16:01:12] 🚫 IT: 'Checked' note found for deal 14926 — filtering out.
[2025-09-23 16:01:12]     ↳ first line: Checked (28.02.2025)
[2025-09-23 16:01:12]     ↳ preview: Checked (28.02.2025)
[2025-09-23 16:01:12] 🔎 SP: Deal 16578 → C:/Sharepoint/Golden-Tech GmbH/LeadDocuments - Casino Germany - Documents\16578 - Robin Nawijn, N1 Casino
[2025-09-23 16:01:12] ✅ SP: No Checked_* files for deal 16578.
[2025-09-23 16:01:12] 🚫 IT: 'Checked' note found for deal 19891 — filtering out.
[2025-09-23 16:01:12]     ↳ first line: Checked (28.02.2025)
[2025-09-23 16:01:12]     ↳ preview: Checked (28.02.2025)  Amount is below 1000 EUR
[2025-09-23 16:01:12] 🚫 IT: 'Checked' note found for deal 19893 — filtering out.
[2025-09-23 16:01:12]     ↳ first line: Checked (28.02.2025)
[2025-09-23 16:01:12]     ↳ preview: Checked (28.02.2025)  Amount is below 1000 EUR
[2025-09-23 16:01:12] 🚫 IT: 'Checked' note found for deal 20252 — filtering out.
[2025-09-23 16:01:13]     ↳ first line: Checked (17.03.2025)
[2025-09-23 16:01:13]     ↳ preview: Checked (17.03.2025)
[2025-09-23 16:01:13] 🚫 IT: 'Checked' note found for deal 20670 — filtering out.
[2025-09-23 16:01:13]     ↳ first line: Checked (28.02.2025)
[2025-09-23 16:01:13]     ↳ preview: Checked (28.02.2025)
[2025-09-23 16:01:14] 🔎 SP: Deal 24979 → C:/Sharepoint/Golden-Tech GmbH/LeadDocuments - Casino Germany - Documents\24979 - Senno Michel, Betsafe
[2025-09-23 16:01:14] ✅ SP: No Checked_* files for deal 24979.
[2025-09-23 16:01:14] 🚫 IT: 'Checked' note found for deal 29741 — filtering out.
[2025-09-23 16:01:14]     ↳ first line: Checked (28.02.2025)
[2025-09-23 16:01:14]     ↳ preview: Checked (28.02.2025)
[2025-09-23 16:01:14] 🚫 IT: 'Checked' note found for deal 29998 — filtering out.
[2025-09-23 16:01:14]     ↳ first line: Checked (7.7.2025)
[2025-09-23 16:01:14]     ↳ preview: Checked (7.7.2025)  Amount is below 1000 EUR
[2025-09-23 16:01:14] 🚫 IT: 'Checked' note found for deal 25929 — filtering out.
[2025-09-23 16:01:14]     ↳ first line: Checked (28.02.2025)
[2025-09-23 16:01:14]     ↳ preview: Checked (28.02.2025)  Amount is below 1000 EUR
[2025-09-23 16:01:14] 🚫 IT: 'Checked' note found for deal 25930 — filtering out.
[2025-09-23 16:01:14]     ↳ first line: Checked (28.02.2025)
[2025-09-23 16:01:14]     ↳ preview: Checked (28.02.2025)  Amount is below 1000 EUR
[2025-09-23 16:01:14] 🚫 IT: 'Checked' note found for deal 25931 — filtering out.
[2025-09-23 16:01:14]     ↳ first line: Checked (28.02.2025)
[2025-09-23 16:01:14]     ↳ preview: Checked (28.02.2025)
[2025-09-23 16:01:15] 🔎 SP: Deal 22709 → C:/Sharepoint/Golden-Tech GmbH/LeadDocuments - Casino Germany - Documents\22709 - Steven Tavernier, ComeOn Casino
[2025-09-23 16:01:15] ✅ SP: No Checked_* files for deal 22709.
[2025-09-23 16:01:19] 🔎 SP: Deal 40136 → C:/Sharepoint/Golden-Tech GmbH/LeadDocuments - Casino Germany - Documents\40136 - Job van Maastricht, Pokerstars
[2025-09-23 16:01:19] ✅ SP: No Checked_* files for deal 40136.
[2025-09-23 16:01:23] 🔎 SP: Deal 45122 → C:/Sharepoint/Golden-Tech GmbH/LeadDocuments - Casino Germany - Documents\45122 - Josh Daniel Dijkhuizen, PokerStars
[2025-09-23 16:01:23] ✅ SP: No Checked_* files for deal 45122.
[2025-09-23 16:01:27] 🔎 SP: Deal 47331 → C:/Sharepoint/Golden-Tech GmbH/LeadDocuments - Casino Germany - Documents\47331 - Tom Dam, Bwin.com
[2025-09-23 16:01:27] ✅ SP: No Checked_* files for deal 47331.
[2025-09-23 16:01:31] 🔎 SP: Deal 47336 → C:/Sharepoint/Golden-Tech GmbH/LeadDocuments - Casino Germany - Documents\47336 - Abderrahim Amazyan, Bwin.com
[2025-09-23 16:01:31] 🚫 SP: Found Checked_* file(s) for deal 47336 — filtering out.
[2025-09-23 16:01:31] 🧹 Filter result — total:139 kept:48 dropped_by_notes:88 dropped_by_sharepoint:3
[2025-09-23 16:01:32] 📦 15619 | Minas Calisir, One Casino — 1 Excel file(s)
[2025-09-23 16:01:33] 📦 23140 | Geijtenbeek-Vink Petra, Bobcasino — 6 Excel file(s)
[2025-09-23 16:01:34] 📦 23142 | Geijtenbeek-Vink Petra, Oranjecasino — 6 Excel file(s)
[2025-09-23 16:01:36] 📦 24718 | (Hilde) Elke Drok, Oranjecasino — 3 Excel file(s)
[2025-09-23 16:01:38] 📦 30096 | Robbie van Heertum, King Billy — 1 Excel file(s)
[2025-09-23 16:01:41] 📄 37644 has no Excel; found 3 PDF(s).
[2025-09-23 16:01:41] 📦 37644 | Marc Perlo, 888 — 0 Excel file(s)
[2025-09-23 16:01:45] 📄 45032 has no Excel; found 3 PDF(s).
[2025-09-23 16:01:45] 📦 45032 | Youri Thorig, Casumo — 0 Excel file(s)
[2025-09-23 16:01:46] 📦 21676 | Fabian Wink, CasinoEuro — 2 Excel file(s)
[2025-09-23 16:01:47] 📦 21680 | Fabian Wink, Millionaria — 0 Excel file(s)
[2025-09-23 16:01:48] 📄 21683 has no Excel; found 1 PDF(s).
[2025-09-23 16:01:48] 📦 21683 | Fabian Wink, OctoCasino — 0 Excel file(s)
[2025-09-23 16:01:49] 📦 21686 | Fabian Wink, Rizk — 2 Excel file(s)
[2025-09-23 16:01:50] 📦 21688 | Fabian Wink, Spinia — 2 Excel file(s)
[2025-09-23 16:01:50] 📄 10180 has no Excel; found 2 PDF(s).
[2025-09-23 16:01:50] 📦 10180 | Dennis Tjoonk, 888 — 0 Excel file(s)
[2025-09-23 16:01:51] 📄 20000 has no Excel; found 1 PDF(s).
[2025-09-23 16:01:51] 📦 20000 | Michael Hovenga, Bobcasino — 0 Excel file(s)
[2025-09-23 16:01:53] 📦 27583 | Sachs-Wissingh Petra, N1 interactive Ltd. — 2 Excel file(s)
[2025-09-23 16:01:54] 📄 27919 has no Excel; found 3 PDF(s).
[2025-09-23 16:01:54] 📦 27919 | Koopmans Marc, William Hill — 0 Excel file(s)
[2025-09-23 16:01:54] 📄 11930 has no Excel; found 2 PDF(s).
[2025-09-23 16:01:54] 📦 11930 | Max van Eijk, William Hill — 0 Excel file(s)
[2025-09-23 16:01:56] 📄 27515 has no Excel; found 2 PDF(s).
[2025-09-23 16:01:56] 📦 27515 | jacek kowalczyk, Duxcasino — 0 Excel file(s)
[2025-09-23 16:01:59] 📄 37865 has no Excel; found 5 PDF(s).
[2025-09-23 16:01:59] 📦 37865 | Maurice Van daalen, 888 — 0 Excel file(s)
