[2025-09-03 13:12:59] 🔎 row 1039: ⏭️ skip — bad date ref='7/22/2020 10:50:01 AM' conf=None
[2025-09-03 13:13:00] 🔎 row 1040: ⏭️ skip — bad date ref='7/22/2020 10:50:55 AM' conf=None
[2025-09-03 13:13:00] 🔎 row 1041: ⏭️ skip — bad date ref='7/22/2020 3:13:22 PM' conf=None
[2025-09-03 13:13:00] 🔎 row 1042: ⏭️ skip — bad date ref='7/23/2020 1:00:38 PM' conf=None
[2025-09-03 13:13:00] 🔎 row 1043: ⏭️ skip — bad date ref='7/23/2021 2:13:31 PM' conf=None
[2025-09-03 13:13:00] 🔎 row 1044: ⏭️ skip — bad date ref='7/23/2021 2:18:54 PM' conf=None
[2025-09-03 13:13:00] 🔎 row 1045: ⏭️ skip — bad date ref='7/24/2018 1:42:40 PM' conf=None
[2025-09-03 13:13:00] 🔎 row 1046: ⏭️ skip — bad date ref='7/24/2019 5:01:29 AM' conf=None
[2025-09-03 13:13:00] 🔎 row 1047: ⏭️ skip — bad date ref='7/24/2020 3:52:38 PM' conf=None
[2025-09-03 13:13:00] 🔎 row 1048: ⏭️ skip — bad date ref='7/24/2020 7:31:49 AM' conf=None
[2025-09-03 13:13:00] 🔎 row 1049: ⏭️ skip — bad date ref='7/25/2018 9:25:54 AM' conf=None
[2025-09-03 13:13:00] 🔎 row 1050: ⏭️ skip — bad date ref='7/25/2020 3:20:16 PM' conf=None
[2025-09-03 13:13:00] 🔎 row 1051: ⏭️ skip — bad date ref='7/25/2020 6:38:32 AM' conf=None
[2025-09-03 13:13:00] 🔎 row 1052: ⏭️ skip — bad date ref='7/26/2020 3:30:54 PM' conf=None
[2025-09-03 13:13:00] 🔎 row 1053: ⏭️ skip — bad date ref='7/26/2021 3:36:26 PM' conf=None
[2025-09-03 13:13:00] 🔎 row 1054: ⏭️ skip — bad date ref='7/27/2020 1:53:49 AM' conf=None
[2025-09-03 13:13:00] 🔎 row 1055: ⏭️ skip — bad date ref='7/27/2020 3:16:16 PM' conf=None
[2025-09-03 13:13:00] 🔎 row 1056: ⏭️ skip — bad date ref='7/27/2020 3:52:00 PM' conf=None
[2025-09-03 13:13:00] 🔎 row 1057: ⏭️ skip — bad date ref='7/27/2021 3:07:05 PM' conf=None
[2025-09-03 13:13:00] 🔎 row 1058: ⏭️ skip — bad date ref='7/29/2018 8:38:19 AM' conf=None
[2025-09-03 13:13:00] 🔎 row 1059: ⏭️ skip — bad date ref='7/29/2020 3:26:39 PM' conf=None
[2025-09-03 13:13:00] 🔎 row 1060: ⏭️ skip — bad date ref='7/29/2021 2:34:00 PM' conf=None
[2025-09-03 13:13:00] 🔎 row 1061: ⏭️ skip — bad date ref='7/30/2018 4:10:26 PM' conf=None
[2025-09-03 13:13:00] 🔎 row 1062: ⏭️ skip — bad date ref='7/30/2020 3:23:14 PM' conf=None
[2025-09-03 13:13:00] 🔎 row 1063: ⏭️ skip — bad date ref='7/31/2018 1:18:49 PM' conf=None
[2025-09-03 13:13:00] 🔎 row 1064: ⏭️ skip — bad date ref='7/31/2020 2:00:08 PM' conf=None
[2025-09-03 13:13:00] 🔎 row 1065: ⏭️ skip — bad date ref='7/31/2020 3:27:37 PM' conf=None
[2025-09-03 13:13:00] 🔎 row 1066: ⏭️ skip — bad date ref='7/31/2020 8:38:07 AM' conf=None
[2025-09-03 13:13:00] 🔎 row 1067: ⏭️ skip — bad date ref='7/31/2021 2:33:44 PM' conf=None
[2025-09-03 13:13:00] 🔎 row 1068: ⏭️ skip — bad date ref='8/13/2017 6:47:26 PM' conf=None
[2025-09-03 13:13:00] 🔎 row 1069: ⏭️ skip — bad date ref='8/13/2017 7:22:53 PM' conf=None
[2025-09-03 13:13:00] 🔎 row 1070: ⏭️ skip — bad date ref='8/13/2017 7:38:28 PM' conf=None
[2025-09-03 13:13:00] 🔎 row 1071: ⏭️ skip — bad date ref='8/13/2018 1:44:40 PM' conf=None
[2025-09-03 13:13:00] 🔎 row 1072: ⏭️ skip — bad date ref='8/13/2018 2:40:29 PM' conf=None
[2025-09-03 13:13:00] 🔎 row 1073: ⏭️ skip — bad date ref='8/14/2018 1:26:46 PM' conf=None
[2025-09-03 13:13:00] 🔎 row 1074: ⏭️ skip — bad date ref='8/14/2021 12:27:04 PM' conf=None
[2025-09-03 13:13:00] 🔎 row 1075: ⏭️ skip — bad date ref='8/16/2018 11:53:30 AM' conf=None
[2025-09-03 13:13:00] 🔎 row 1076: ⏭️ skip — bad date ref='8/16/2018 4:25:00 PM' conf=None
[2025-09-03 13:13:00] 🔎 row 1077: ⏭️ skip — bad date ref='8/16/2018 5:18:22 PM' conf=None
[2025-09-03 13:13:00] 🔎 row 1078: ⏭️ skip — bad date ref='8/16/2018 6:24:15 PM' conf=None
[2025-09-03 13:13:00] 🔎 row 1079: ⏭️ skip — bad date ref='8/16/2018 6:44:37 PM' conf=None
[2025-09-03 13:13:00] 🔎 row 1080: ⏭️ skip — bad date ref='8/16/2018 7:29:45 AM' conf=None
[2025-09-03 13:13:00] 🔎 row 1081: ⏭️ skip — bad date ref='8/16/2018 7:57:05 AM' conf=None
[2025-09-03 13:13:00] 🔎 row 1082: ⏭️ skip — bad date ref='8/17/2018 6:57:34 AM' conf=None
[2025-09-03 13:13:00] 🔎 row 1083: ⏭️ skip — bad date ref='8/18/2017 5:17:40 AM' conf=None
[2025-09-03 13:13:00] 🔎 row 1084: ⏭️ skip — bad date ref='8/18/2018 1:44:41 PM' conf=None
[2025-09-03 13:13:00] 🔎 row 1085: ⏭️ skip — bad date ref='8/18/2021 4:00:32 PM' conf=None
[2025-09-03 13:13:00] 🔎 row 1086: ⏭️ skip — bad date ref='8/19/2018 1:50:06 PM' conf=None
[2025-09-03 13:13:00] 🔎 row 1087: ⏭️ skip — bad date ref='8/19/2018 9:54:23 AM' conf=None
[2025-09-03 13:13:00] 🔎 row 1088: ⏭️ skip — bad date ref='8/20/2017 7:36:12 PM' conf=None
[2025-09-03 13:13:00] 🔎 row 1089: ⏭️ skip — bad date ref='8/20/2017 7:44:36 PM' conf=None
[2025-09-03 13:13:00] 🔎 row 1090: ⏭️ skip — bad date ref='8/20/2017 7:51:20 PM' conf=None
[2025-09-03 13:13:00] 🔎 row 1091: ⏭️ skip — bad date ref='8/20/2018 1:09:18 PM' conf=None
[2025-09-03 13:13:00] 🔎 row 1092: ⏭️ skip — bad date ref='8/20/2021 3:20:32 PM' conf=None
[2025-09-03 13:13:00] 🔎 row 1093: ⏭️ skip — bad date ref='8/21/2018 12:43:58 PM' conf=None
[2025-09-03 13:13:00] 🔎 row 1094: ⏭️ skip — bad date ref='8/21/2021 2:44:04 PM' conf=None
[2025-09-03 13:13:00] 🔎 row 1095: ⏭️ skip — bad date ref='8/21/2021 5:38:55 AM' conf=None
[2025-09-03 13:13:00] 🔎 row 1096: ⏭️ skip — bad date ref='8/23/2018 1:21:03 PM' conf=None
[2025-09-03 13:13:00] 🔎 row 1097: ⏭️ skip — bad date ref='8/23/2021 2:37:39 PM' conf=None
[2025-09-03 13:13:00] 🔎 row 1098: ⏭️ skip — bad date ref='8/24/2018 10:35:55 AM' conf=None
[2025-09-03 13:13:00] 🔎 row 1099: ⏭️ skip — bad date ref='8/24/2018 10:50:24 AM' conf=None
[2025-09-03 13:13:00] 🔎 row 1100: ⏭️ skip — bad date ref='8/24/2021 3:09:26 PM' conf=None
[2025-09-03 13:13:00] 🔎 row 1101: ⏭️ skip — bad date ref='8/25/2021 3:18:22 PM' conf=None
[2025-09-03 13:13:00] 🔎 row 1102: ⏭️ skip — bad date ref='8/25/2021 4:22:45 AM' conf=None
[2025-09-03 13:13:00] 🔎 row 1103: ⏭️ skip — bad date ref='8/26/2018 1:07:39 PM' conf=None
[2025-09-03 13:13:00] 🔎 row 1104: ⏭️ skip — bad date ref='8/26/2018 10:27:22 AM' conf=None
[2025-09-03 13:13:00] 🔎 row 1105: ⏭️ skip — bad date ref='8/26/2021 1:25:46 PM' conf=None
[2025-09-03 13:13:00] 🔎 row 1106: ⏭️ skip — bad date ref='8/27/2021 3:17:20 PM' conf=None
[2025-09-03 13:13:00] 🔎 row 1107: ⏭️ skip — bad date ref='8/28/2018 1:02:16 PM' conf=None
[2025-09-03 13:13:00] 🔎 row 1108: ⏭️ skip — bad date ref='8/28/2018 1:05:58 PM' conf=None
[2025-09-03 13:13:00] 🔎 row 1109: ⏭️ skip — bad date ref='8/28/2018 2:06:35 PM' conf=None
[2025-09-03 13:13:00] 🔎 row 1110: ⏭️ skip — bad date ref='8/28/2019 1:12:53 AM' conf=None
[2025-09-03 13:13:00] 🔎 row 1111: ⏭️ skip — bad date ref='8/28/2019 1:24:42 PM' conf=None
[2025-09-03 13:13:00] 🔎 row 1112: ⏭️ skip — bad date ref='8/28/2021 12:59:03 PM' conf=None
[2025-09-03 13:13:00] 🔎 row 1113: ⏭️ skip — bad date ref='8/28/2021 2:31:37 PM' conf=None
[2025-09-03 13:13:00] 🔎 row 1114: ⏭️ skip — bad date ref='8/28/2021 2:50:30 PM' conf=None
[2025-09-03 13:13:00] 🔎 row 1115: ⏭️ skip — bad date ref='8/29/2018 12:31:11 PM' conf=None
[2025-09-03 13:13:00] 🔎 row 1116: ⏭️ skip — bad date ref='8/29/2019 5:57:52 AM' conf=None
[2025-09-03 13:13:00] 🔎 row 1117: ⏭️ skip — bad date ref='8/29/2021 3:36:21 AM' conf=None
[2025-09-03 13:13:00] 🔎 row 1118: ⏭️ skip — bad date ref='8/30/2018 10:52:57 AM' conf=None
[2025-09-03 13:13:00] 🔎 row 1119: ⏭️ skip — bad date ref='8/30/2021 2:33:03 PM' conf=None
[2025-09-03 13:13:00] 🔎 row 1120: ⏭️ skip — bad date ref='8/30/2021 2:50:29 PM' conf=None
[2025-09-03 13:13:00] 🔎 row 1121: ⏭️ skip — bad date ref='8/30/2021 7:15:04 AM' conf=None
[2025-09-03 13:13:00] 🔎 row 1122: ⏭️ skip — bad date ref='8/31/2019 3:46:32 AM' conf=None
[2025-09-03 13:13:00] 🔎 row 1123: ⏭️ skip — bad date ref='8/31/2021 9:13:06 AM' conf=None
[2025-09-03 13:13:00] 🔎 row 1124: ⏭️ skip — bad date ref='9/13/2021 1:11:41 PM' conf=None
[2025-09-03 13:13:00] 🔎 row 1125: ⏭️ skip — bad date ref='9/13/2021 2:22:36 PM' conf=None
[2025-09-03 13:13:00] 🔎 row 1126: ⏭️ skip — bad date ref='9/14/2021 2:45:29 PM' conf=None
[2025-09-03 13:13:00] 🔎 row 1127: ⏭️ skip — bad date ref='9/14/2021 3:47:22 PM' conf=None
[2025-09-03 13:13:00] 🔎 row 1128: ⏭️ skip — bad date ref='9/15/2021 2:06:57 PM' conf=None
[2025-09-03 13:13:00] 🔎 row 1129: ⏭️ skip — bad date ref='9/15/2021 2:08:41 PM' conf=None
[2025-09-03 13:13:00] 🔎 row 1130: ⏭️ skip — bad date ref='9/15/2021 2:41:07 AM' conf=None
[2025-09-03 13:13:00] 🔎 row 1131: ⏭️ skip — bad date ref='9/16/2019 1:17:37 PM' conf=None
[2025-09-03 13:13:00] 🔎 row 1132: ⏭️ skip — bad date ref='9/16/2019 2:16:51 PM' conf=None
[2025-09-03 13:13:00] 🔎 row 1133: ⏭️ skip — bad date ref='9/16/2021 1:27:31 PM' conf=None
[2025-09-03 13:13:00] 🔎 row 1134: ⏭️ skip — bad date ref='9/16/2021 12:17:12 PM' conf=None
[2025-09-03 13:13:00] 🔎 row 1135: ⏭️ skip — bad date ref='9/16/2021 3:24:51 PM' conf=None
[2025-09-03 13:13:00] 🔎 row 1136: ⏭️ skip — bad date ref='9/17/2017 6:52:58 PM' conf=None
[2025-09-03 13:13:00] 🔎 row 1137: ⏭️ skip — bad date ref='9/17/2017 7:25:59 PM' conf=None
[2025-09-03 13:13:00] 🔎 row 1138: ⏭️ skip — bad date ref='9/17/2019 10:53:46 AM' conf=None
[2025-09-03 13:13:00] 🔎 row 1139: ⏭️ skip — bad date ref='9/17/2020 3:21:06 AM' conf=None
[2025-09-03 13:13:00] 🔎 row 1140: ⏭️ skip — bad date ref='9/17/2020 3:24:37 AM' conf=None
[2025-09-03 13:13:00] 🔎 row 1141: ⏭️ skip — bad date ref='9/18/2017 8:18:38 PM' conf=None
[2025-09-03 13:13:00] 🔎 row 1142: ⏭️ skip — bad date ref='9/18/2018 12:29:32 PM' conf=None
[2025-09-03 13:13:00] 🔎 row 1143: ⏭️ skip — bad date ref='9/18/2019 4:24:53 AM' conf=None
[2025-09-03 13:13:00] 🔎 row 1144: ⏭️ skip — bad date ref='9/18/2020 1:57:14 PM' conf=None
[2025-09-03 13:13:00] 🔎 row 1145: ⏭️ skip — bad date ref='9/18/2020 3:05:01 PM' conf=None
[2025-09-03 13:13:01] 🔎 row 1146: ⏭️ skip — bad date ref='9/18/2021 2:08:22 PM' conf=None
[2025-09-03 13:13:01] 🔎 row 1147: ⏭️ skip — bad date ref='9/19/2017 12:22:02 PM' conf=None
[2025-09-03 13:13:01] 🔎 row 1148: ⏭️ skip — bad date ref='9/19/2019 4:47:19 PM' conf=None
[2025-09-03 13:13:01] 🔎 row 1149: ⏭️ skip — bad date ref='9/19/2020 12:59:59 PM' conf=None
[2025-09-03 13:13:01] 🔎 row 1150: ⏭️ skip — bad date ref='9/19/2020 2:04:10 PM' conf=None
[2025-09-03 13:13:01] 🔎 row 1151: ⏭️ skip — bad date ref='9/19/2020 5:12:02 PM' conf=None
[2025-09-03 13:13:01] 🔎 row 1152: ⏭️ skip — bad date ref='9/19/2021 3:01:58 PM' conf=None
[2025-09-03 13:13:01] 🔎 row 1153: ⏭️ skip — bad date ref='9/19/2021 3:56:14 PM' conf=None
[2025-09-03 13:13:01] 🔎 row 1154: ⏭️ skip — bad date ref='9/20/2017 5:19:56 AM' conf=None
[2025-09-03 13:13:01] 🔎 row 1155: ⏭️ skip — bad date ref='9/20/2017 9:06:56 AM' conf=None
[2025-09-03 13:13:01] 🔎 row 1156: ⏭️ skip — bad date ref='9/20/2019 1:07:08 PM' conf=None
[2025-09-03 13:13:01] 🔎 row 1157: ⏭️ skip — bad date ref='9/21/2017 4:49:10 AM' conf=None
[2025-09-03 13:13:01] 🔎 row 1158: ⏭️ skip — bad date ref='9/21/2020 10:42:28 AM' conf=None
[2025-09-03 13:13:01] 🔎 row 1159: ⏭️ skip — bad date ref='9/21/2020 3:09:16 PM' conf=None
[2025-09-03 13:13:01] 🔎 row 1160: ⏭️ skip — bad date ref='9/22/2017 8:23:31 AM' conf=None
[2025-09-03 13:13:01] 🔎 row 1161: ⏭️ skip — bad date ref='9/22/2019 3:02:47 PM' conf=None
[2025-09-03 13:13:01] 🔎 row 1162: ⏭️ skip — bad date ref='9/22/2019 3:53:40 AM' conf=None
[2025-09-03 13:13:01] 🔎 row 1163: ⏭️ skip — bad date ref='9/22/2019 6:49:19 AM' conf=None
[2025-09-03 13:13:01] 🔎 row 1164: ⏭️ skip — bad date ref='9/22/2020 3:22:37 PM' conf=None
[2025-09-03 13:13:01] 🔎 row 1165: ⏭️ skip — bad date ref='9/23/2017 5:28:05 AM' conf=None
[2025-09-03 13:13:01] 🔎 row 1166: ⏭️ skip — bad date ref='9/23/2019 1:19:44 AM' conf=None
[2025-09-03 13:13:01] 🔎 row 1167: ⏭️ skip — bad date ref='9/23/2020 2:30:15 PM' conf=None
[2025-09-03 13:13:01] 🔎 row 1168: ⏭️ skip — bad date ref='9/23/2020 2:35:15 PM' conf=None
[2025-09-03 13:13:01] 🔎 row 1169: ⏭️ skip — bad date ref='9/23/2020 3:27:04 PM' conf=None
[2025-09-03 13:13:01] 🔎 row 1170: ⏭️ skip — bad date ref='9/23/2020 9:30:46 AM' conf=None
[2025-09-03 13:13:01] 🔎 row 1171: ⏭️ skip — bad date ref='9/24/2020 3:04:40 PM' conf=None
[2025-09-03 13:13:01] 🔎 row 1172: ⏭️ skip — bad date ref='9/25/2019 11:06:56 AM' conf=None
[2025-09-03 13:13:01] 🔎 row 1173: ⏭️ skip — bad date ref='9/25/2019 11:30:13 AM' conf=None
[2025-09-03 13:13:01] 🔎 row 1174: ⏭️ skip — bad date ref='9/25/2019 4:24:25 AM' conf=None
[2025-09-03 13:13:01] 🔎 row 1175: ⏭️ skip — bad date ref='9/25/2020 2:06:20 PM' conf=None
[2025-09-03 13:13:01] 🔎 row 1176: ⏭️ skip — bad date ref='9/25/2021 12:42:05 PM' conf=None
[2025-09-03 13:13:01] 🔎 row 1177: ⏭️ skip — bad date ref='9/25/2021 2:59:31 PM' conf=None
[2025-09-03 13:13:01] 🔎 row 1178: ⏭️ skip — bad date ref='9/25/2021 3:15:30 AM' conf=None
[2025-09-03 13:13:01] 🔎 row 1179: ⏭️ skip — bad date ref='9/25/2021 3:44:58 PM' conf=None
[2025-09-03 13:13:01] 🔎 row 1180: ⏭️ skip — bad date ref='9/26/2017 1:14:45 PM' conf=None
[2025-09-03 13:13:01] 🔎 row 1181: ⏭️ skip — bad date ref='9/26/2017 11:00:08 AM' conf=None
[2025-09-03 13:13:01] 🔎 row 1182: ⏭️ skip — bad date ref='9/26/2018 6:35:30 AM' conf=None
[2025-09-03 13:13:01] 🔎 row 1183: ⏭️ skip — bad date ref='9/26/2020 2:10:03 PM' conf=None
[2025-09-03 13:13:01] 🔎 row 1184: ⏭️ skip — bad date ref='9/27/2019 10:31:22 AM' conf=None
[2025-09-03 13:13:01] 🔎 row 1185: ⏭️ skip — bad date ref='9/27/2019 3:05:44 AM' conf=None
[2025-09-03 13:13:01] 🔎 row 1186: ⏭️ skip — bad date ref='9/27/2020 8:09:11 AM' conf=None
[2025-09-03 13:13:01] 🔎 row 1187: ⏭️ skip — bad date ref='9/27/2021 1:32:38 PM' conf=None
[2025-09-03 13:13:01] 🔎 row 1188: ⏭️ skip — bad date ref='9/27/2021 1:34:13 PM' conf=None
[2025-09-03 13:13:01] 🔎 row 1189: ⏭️ skip — bad date ref='9/27/2021 2:23:13 PM' conf=None
[2025-09-03 13:13:01] 🔎 row 1190: ⏭️ skip — bad date ref='9/28/2019 10:41:07 AM' conf=None
[2025-09-03 13:13:01] 🔎 row 1191: ⏭️ skip — bad date ref='9/28/2019 5:38:37 PM' conf=None
[2025-09-03 13:13:01] 🔎 row 1192: ⏭️ skip — bad date ref='9/28/2020 1:34:14 PM' conf=None
[2025-09-03 13:13:01] 🔎 row 1193: ⏭️ skip — bad date ref='9/28/2020 4:38:21 AM' conf=None
[2025-09-03 13:13:01] 🔎 row 1194: ⏭️ skip — bad date ref='9/28/2021 10:43:39 AM' conf=None
[2025-09-03 13:13:01] 🔎 row 1195: ⏭️ skip — bad date ref='9/28/2021 2:23:41 PM' conf=None
[2025-09-03 13:13:01] 🔎 row 1196: ⏭️ skip — bad date ref='9/28/2021 2:58:21 AM' conf=None
[2025-09-03 13:13:01] 🔎 row 1197: ⏭️ skip — bad date ref='9/29/2019 3:16:58 PM' conf=None
[2025-09-03 13:13:01] 🔎 row 1198: ⏭️ skip — bad date ref='9/29/2019 5:54:52 AM' conf=None
[2025-09-03 13:13:01] 🔎 row 1199: ⏭️ skip — bad date ref='9/29/2020 2:30:59 PM' conf=None
[2025-09-03 13:13:01] 🔎 row 1200: ⏭️ skip — bad date ref='9/29/2020 3:13:07 AM' conf=None
[2025-09-03 13:13:01] 🔎 row 1201: ⏭️ skip — bad date ref='9/30/2020 3:02:34 PM' conf=None
[2025-09-03 13:13:01] 🔎 row 1202: ⏭️ skip — bad date ref='9/30/2020 4:33:11 AM' conf=None
[2025-09-03 13:13:01] 🔎 row 1203: ⏭️ skip — bad date ref='9/30/2020 4:47:57 PM' conf=None
[2025-09-03 13:13:01] 🔎 recap: deposits=10055.19, cashouts=322.91, net=9732.28
[2025-09-03 13:13:01] TA logic: Deposits = 10055.19, Cashouts = 322.91, Net = 9732.28
[2025-09-03 13:13:01] ✅ Created Payment Summary with 460 rows.
[2025-09-03 13:13:01] ✅ Created styled Summary (Currency → Type → Year) with title row.
[2025-09-03 13:13:02] 🔁 ECB JSON 406 application/problem+json — {"type":"about:blank","title":"Not Acceptable","status":406,"detail":"Acceptable representations: [application/xml, text
[2025-09-03 13:13:02] 🌍 FX USD/EUR 2017-01-02…2017-12-12 via CSV: 244 pts, avg=1.127173
[2025-09-03 13:13:02] 🌍 FX USD→EUR 2017-01-02…2017-12-12: 1/( USD/EUR ) (mode CSV, 244 pts) => avg=0.887175
[2025-09-03 13:13:02] 🌍 FX USD→EUR 2017 (2017-01-02…2017-12-12) avg = 0.887175
[2025-09-03 13:13:02] 🔁 ECB JSON 406 application/problem+json — {"type":"about:blank","title":"Not Acceptable","status":406,"detail":"Acceptable representations: [application/xml, text
[2025-09-03 13:13:02] 🌍 FX USD/EUR 2018-01-02…2018-12-08 via CSV: 241 pts, avg=1.183382
[2025-09-03 13:13:02] 🌍 FX USD→EUR 2018-01-02…2018-12-08: 1/( USD/EUR ) (mode CSV, 241 pts) => avg=0.845036
[2025-09-03 13:13:02] 🌍 FX USD→EUR 2018 (2018-01-02…2018-12-08) avg = 0.845036
[2025-09-03 13:13:02] 🔁 ECB JSON 406 application/problem+json — {"type":"about:blank","title":"Not Acceptable","status":406,"detail":"Acceptable representations: [application/xml, text
[2025-09-03 13:13:02] 🌍 FX USD/EUR 2019-01-07…2019-12-09 via CSV: 238 pts, avg=1.119614
[2025-09-03 13:13:02] 🌍 FX USD→EUR 2019-01-07…2019-12-09: 1/( USD/EUR ) (mode CSV, 238 pts) => avg=0.893165
[2025-09-03 13:13:02] 🌍 FX USD→EUR 2019 (2019-01-07…2019-12-09) avg = 0.893165
[2025-09-03 13:13:03] 🔁 ECB JSON 406 application/problem+json — {"type":"about:blank","title":"Not Acceptable","status":406,"detail":"Acceptable representations: [application/xml, text
[2025-09-03 13:13:03] 🌍 FX USD/EUR 2020-01-01…2020-12-12 via CSV: 244 pts, avg=1.137970
[2025-09-03 13:13:03] 🌍 FX USD→EUR 2020-01-01…2020-12-12: 1/( USD/EUR ) (mode CSV, 244 pts) => avg=0.878758
[2025-09-03 13:13:03] 🌍 FX USD→EUR 2020 (2020-01-01…2020-12-12) avg = 0.878758
[2025-09-03 13:13:03] 🔁 ECB JSON 406 application/problem+json — {"type":"about:blank","title":"Not Acceptable","status":406,"detail":"Acceptable representations: [application/xml, text
[2025-09-03 13:13:03] 🌍 FX USD/EUR 2021-01-08…2021-12-09 via CSV: 238 pts, avg=1.185462
[2025-09-03 13:13:03] 🌍 FX USD→EUR 2021-01-08…2021-12-09: 1/( USD/EUR ) (mode CSV, 238 pts) => avg=0.843553
[2025-09-03 13:13:03] 🌍 FX USD→EUR 2021 (2021-01-08…2021-12-09) avg = 0.843553
[2025-09-03 13:13:03] ✅ Created 'Payment Summary EUR' (439 USD rows converted).
[2025-09-03 13:13:03] ✅ Created 'Summary EUR' (pivot-style Currency → Type → Year).
[2025-09-03 13:13:03] ✅ Finished processing: TA_Pokerstars (20).xlsx
