[2025-09-24 09:21:37] ℹ️ IT: received 139 lead(s).
[2025-09-24 09:21:37] 📂 SharePoint root: C:/Sharepoint/Golden-Tech GmbH/LeadDocuments - Casino Germany - Documents
[2025-09-24 09:21:38] 🚫 IT: 'Checked' note for 22332 — dropping.
[2025-09-24 09:21:38]     ↳ first line: Checked (28.02.2025)
[2025-09-24 09:21:38]     ↳ preview: Checked (28.02.2025)
[2025-09-24 09:21:38] 🚫 IT: 'Checked' note for 22334 — dropping.
[2025-09-24 09:21:38]     ↳ first line: Checked (28.02.2025)
[2025-09-24 09:21:38]     ↳ preview: Checked (28.02.2025)
[2025-09-24 09:21:40] 🚫 IT: 'Checked' note for 23544 — dropping.
[2025-09-24 09:21:40]     ↳ first line: Checked (28.02.2025)
[2025-09-24 09:21:40]     ↳ preview: Checked (28.02.2025)
[2025-09-24 09:21:40] 🚫 IT: 'Checked' note for 23626 — dropping.
[2025-09-24 09:21:40]     ↳ first line: Checked (28.02.2025)
[2025-09-24 09:21:40]     ↳ preview: Checked (28.02.2025)
[2025-09-24 09:21:40] 🚫 IT: 'Checked' note for 23632 — dropping.
[2025-09-24 09:21:40]     ↳ first line: Checked (28.02.2025)
[2025-09-24 09:21:40]     ↳ preview: Checked (28.02.2025)
[2025-09-24 09:21:40] 🚫 IT: 'Checked' note for 23635 — dropping.
[2025-09-24 09:21:40]     ↳ first line: Checked (28.02.2025)
[2025-09-24 09:21:40]     ↳ preview: Checked (28.02.2025)  Amount is below 1000 EUR
[2025-09-24 09:21:41] 🚫 IT: 'Checked' note for 29441 — dropping.
[2025-09-24 09:21:41]     ↳ first line: Checked (28.02.2025)
[2025-09-24 09:21:41]     ↳ preview: Checked (28.02.2025)
[2025-09-24 09:21:50] 🚫 IT: 'Checked' note for 46370 — dropping.
[2025-09-24 09:21:50]     ↳ first line: Checked (7.7.2025)
[2025-09-24 09:21:50]     ↳ preview: Checked (7.7.2025)
[2025-09-24 09:21:50] 🚫 IT: 'Checked' note for 19624 — dropping.
[2025-09-24 09:21:50]     ↳ first line: Checked (28.02.2025)
[2025-09-24 09:21:50]     ↳ preview: Checked (28.02.2025)
[2025-09-24 09:21:50] 🚫 IT: 'Checked' note for 19637 — dropping.
[2025-09-24 09:21:50]     ↳ first line: Checked (28.02.2025)
[2025-09-24 09:21:50]     ↳ preview: Checked (28.02.2025)
[2025-09-24 09:21:50] 🚫 IT: 'Checked' note for 21670 — dropping.
[2025-09-24 09:21:50]     ↳ first line: Checked (28.02.2025)
[2025-09-24 09:21:50]     ↳ preview: Checked (28.02.2025)  Amount is below 1000 EUR
[2025-09-24 09:21:50] 🚫 IT: 'Checked' note for 21672 — dropping.
[2025-09-24 09:21:50]     ↳ first line: Checked (17.03.2025)
[2025-09-24 09:21:50]     ↳ preview: Checked (17.03.2025)
[2025-09-24 09:21:50] 🚫 IT: 'Checked' note for 21673 — dropping.
[2025-09-24 09:21:50]     ↳ first line: Checked (28.02.2025)
[2025-09-24 09:21:50]     ↳ preview: Checked (28.02.2025)  Amount is below 1000 EUR
[2025-09-24 09:21:50] 🚫 IT: 'Checked' note for 21675 — dropping.
[2025-09-24 09:21:50]     ↳ first line: Checked (28.02.2025)
[2025-09-24 09:21:50]     ↳ preview: Checked (28.02.2025)  Amount is below 1000 EUR
[2025-09-24 09:21:51] 🚫 IT: 'Checked' note for 21677 — dropping.
[2025-09-24 09:21:51]     ↳ first line: Checked (28.02.2025)
[2025-09-24 09:21:51]     ↳ preview: Checked (28.02.2025)
[2025-09-24 09:21:51] 🚫 IT: 'Checked' note for 21678 — dropping.
[2025-09-24 09:21:51]     ↳ first line: Checked (28.02.2025)
[2025-09-24 09:21:51]     ↳ preview: Checked (28.02.2025)  Amount is below 1000 EUR
[2025-09-24 09:21:51] 🚫 IT: 'Checked' note for 21679 — dropping.
[2025-09-24 09:21:51]     ↳ first line: Checked (28.02.2025)
[2025-09-24 09:21:51]     ↳ preview: Checked (28.02.2025)
[2025-09-24 09:21:53] 🚫 IT: 'Checked' note for 21684 — dropping.
[2025-09-24 09:21:53]     ↳ first line: Checked (28.02.2025)
[2025-09-24 09:21:53]     ↳ preview: Checked (28.02.2025)  Amount is below 1000 EUR
[2025-09-24 09:21:54] 🚫 IT: 'Checked' note for 21687 — dropping.
[2025-09-24 09:21:54]     ↳ first line: Checked (28.02.2025)
[2025-09-24 09:21:54]     ↳ preview: Checked (28.02.2025)  Amount is below 1000 EUR
[2025-09-24 09:21:55] 🚫 IT: 'Checked' note for 8439 — dropping.
[2025-09-24 09:21:55]     ↳ first line: Checked (24.02.2025)
[2025-09-24 09:21:55]     ↳ preview: Checked (24.02.2025)
[2025-09-24 09:21:55] 🚫 IT: 'Checked' note for 15373 — dropping.
[2025-09-24 09:21:55]     ↳ first line: Checked (28.02.2025)
[2025-09-24 09:21:55]     ↳ preview: Checked (28.02.2025)
[2025-09-24 09:21:55] 🚫 IT: 'Checked' note for 18588 — dropping.
[2025-09-24 09:21:55]     ↳ first line: Checked (7.7.2025)
[2025-09-24 09:21:55]     ↳ preview: Checked (7.7.2025)
[2025-09-24 09:21:59] 🚫 IT: 'Checked' note for 27923 — dropping.
[2025-09-24 09:21:59]     ↳ first line: Checked (28.02.2025)
[2025-09-24 09:21:59]     ↳ preview: Checked (28.02.2025)
[2025-09-24 09:21:59] 🚫 IT: 'Checked' note for 3631 — dropping.
[2025-09-24 09:21:59]     ↳ first line: Checked (24.02.2025)
[2025-09-24 09:21:59]     ↳ preview: Checked (24.02.2025)
[2025-09-24 09:21:59] 🚫 IT: 'Checked' note for 12866 — dropping.
[2025-09-24 09:21:59]     ↳ first line: Checked (27.02.2025)
[2025-09-24 09:21:59]     ↳ preview: Checked (27.02.2025)
