[2025-09-24 10:10:06] ℹ️ IT: received 138 lead(s).
[2025-09-24 10:10:06] 📂 SharePoint root: C:/Sharepoint/Golden-Tech GmbH/LeadDocuments - Casino Germany - Documents
[2025-09-24 10:10:07] 🚫 IT: 'Checked' note for 22332 — dropping.
[2025-09-24 10:10:07]     ↳ first line: Checked (28.02.2025)
[2025-09-24 10:10:07]     ↳ preview: Checked (28.02.2025)
[2025-09-24 10:10:07] 🚫 IT: 'Checked' note for 22334 — dropping.
[2025-09-24 10:10:07]     ↳ first line: Checked (28.02.2025)
[2025-09-24 10:10:07]     ↳ preview: Checked (28.02.2025)
[2025-09-24 10:10:10] 🚫 IT: 'Checked' note for 23544 — dropping.
[2025-09-24 10:10:10]     ↳ first line: Checked (28.02.2025)
[2025-09-24 10:10:10]     ↳ preview: Checked (28.02.2025)
[2025-09-24 10:10:10] 🚫 IT: 'Checked' note for 23626 — dropping.
[2025-09-24 10:10:10]     ↳ first line: Checked (28.02.2025)
[2025-09-24 10:10:10]     ↳ preview: Checked (28.02.2025)
[2025-09-24 10:10:10] 🚫 IT: 'Checked' note for 23632 — dropping.
[2025-09-24 10:10:10]     ↳ first line: Checked (28.02.2025)
[2025-09-24 10:10:10]     ↳ preview: Checked (28.02.2025)
[2025-09-24 10:10:10] 🚫 IT: 'Checked' note for 23635 — dropping.
[2025-09-24 10:10:10]     ↳ first line: Checked (28.02.2025)
[2025-09-24 10:10:10]     ↳ preview: Checked (28.02.2025)  Amount is below 1000 EUR
[2025-09-24 10:10:11] 🚫 IT: 'Checked' note for 29441 — dropping.
[2025-09-24 10:10:11]     ↳ first line: Checked (28.02.2025)
[2025-09-24 10:10:11]     ↳ preview: Checked (28.02.2025)
[2025-09-24 10:10:20] 🚫 IT: 'Checked' note for 46370 — dropping.
[2025-09-24 10:10:20]     ↳ first line: Checked (7.7.2025)
[2025-09-24 10:10:20]     ↳ preview: Checked (7.7.2025)
[2025-09-24 10:10:24] 🚫 IT: 'Checked' note for 19624 — dropping.
[2025-09-24 10:10:24]     ↳ first line: Checked (28.02.2025)
[2025-09-24 10:10:24]     ↳ preview: Checked (28.02.2025)
[2025-09-24 10:10:24] 🚫 IT: 'Checked' note for 19637 — dropping.
[2025-09-24 10:10:24]     ↳ first line: Checked (28.02.2025)
[2025-09-24 10:10:24]     ↳ preview: Checked (28.02.2025)
[2025-09-24 10:10:24] 🚫 IT: 'Checked' note for 21670 — dropping.
[2025-09-24 10:10:24]     ↳ first line: Checked (28.02.2025)
[2025-09-24 10:10:24]     ↳ preview: Checked (28.02.2025)  Amount is below 1000 EUR
[2025-09-24 10:10:24] 🚫 IT: 'Checked' note for 21672 — dropping.
[2025-09-24 10:10:24]     ↳ first line: Checked (17.03.2025)
[2025-09-24 10:10:24]     ↳ preview: Checked (17.03.2025)
[2025-09-24 10:10:24] 🚫 IT: 'Checked' note for 21673 — dropping.
[2025-09-24 10:10:24]     ↳ first line: Checked (28.02.2025)
[2025-09-24 10:10:24]     ↳ preview: Checked (28.02.2025)  Amount is below 1000 EUR
[2025-09-24 10:10:24] 🚫 IT: 'Checked' note for 21675 — dropping.
[2025-09-24 10:10:24]     ↳ first line: Checked (28.02.2025)
[2025-09-24 10:10:25]     ↳ preview: Checked (28.02.2025)  Amount is below 1000 EUR
[2025-09-24 10:10:26] 🚫 IT: 'Checked' note for 21677 — dropping.
[2025-09-24 10:10:26]     ↳ first line: Checked (28.02.2025)
[2025-09-24 10:10:26]     ↳ preview: Checked (28.02.2025)
[2025-09-24 10:10:26] 🚫 IT: 'Checked' note for 21678 — dropping.
[2025-09-24 10:10:26]     ↳ first line: Checked (28.02.2025)
[2025-09-24 10:10:26]     ↳ preview: Checked (28.02.2025)  Amount is below 1000 EUR
[2025-09-24 10:10:26] 🚫 IT: 'Checked' note for 21679 — dropping.
[2025-09-24 10:10:26]     ↳ first line: Checked (28.02.2025)
[2025-09-24 10:10:26]     ↳ preview: Checked (28.02.2025)
[2025-09-24 10:10:28] 🚫 IT: 'Checked' note for 21684 — dropping.
[2025-09-24 10:10:28]     ↳ first line: Checked (28.02.2025)
[2025-09-24 10:10:28]     ↳ preview: Checked (28.02.2025)  Amount is below 1000 EUR
[2025-09-24 10:10:29] 🚫 IT: 'Checked' note for 21687 — dropping.
[2025-09-24 10:10:29]     ↳ first line: Checked (28.02.2025)
[2025-09-24 10:10:29]     ↳ preview: Checked (28.02.2025)  Amount is below 1000 EUR
[2025-09-24 10:10:30] 🚫 IT: 'Checked' note for 8439 — dropping.
[2025-09-24 10:10:30]     ↳ first line: Checked (24.02.2025)
[2025-09-24 10:10:30]     ↳ preview: Checked (24.02.2025)
[2025-09-24 10:10:30] 🚫 IT: 'Checked' note for 15373 — dropping.
[2025-09-24 10:10:30]     ↳ first line: Checked (28.02.2025)
[2025-09-24 10:10:30]     ↳ preview: Checked (28.02.2025)
[2025-09-24 10:10:30] 🚫 IT: 'Checked' note for 18588 — dropping.
[2025-09-24 10:10:30]     ↳ first line: Checked (7.7.2025)
[2025-09-24 10:10:30]     ↳ preview: Checked (7.7.2025)
[2025-09-24 10:10:34] 🚫 IT: 'Checked' note for 27923 — dropping.
[2025-09-24 10:10:34]     ↳ first line: Checked (28.02.2025)
[2025-09-24 10:10:34]     ↳ preview: Checked (28.02.2025)
[2025-09-24 10:10:34] 🚫 IT: 'Checked' note for 3631 — dropping.
[2025-09-24 10:10:34]     ↳ first line: Checked (24.02.2025)
[2025-09-24 10:10:34]     ↳ preview: Checked (24.02.2025)
[2025-09-24 10:10:34] 🚫 IT: 'Checked' note for 12866 — dropping.
[2025-09-24 10:10:34]     ↳ first line: Checked (27.02.2025)
[2025-09-24 10:10:34]     ↳ preview: Checked (27.02.2025)
[2025-09-24 10:10:38] 🚫 IT: 'Checked' note for 5505 — dropping.
[2025-09-24 10:10:38]     ↳ first line: Checked (24.02.2025)
[2025-09-24 10:10:38]     ↳ preview: Checked (24.02.2025)  Amount is below 1000 EUR
[2025-09-24 10:10:38] 🚫 IT: 'Checked' note for 5507 — dropping.
[2025-09-24 10:10:38]     ↳ first line: Checked (24.02.2025)
[2025-09-24 10:10:38]     ↳ preview: Checked (24.02.2025)
[2025-09-24 10:10:41] 🚫 IT: 'Checked' note for 5636 — dropping.
[2025-09-24 10:10:41]     ↳ first line: Checked (24.02.2025)
[2025-09-24 10:10:41]     ↳ preview: Checked (24.02.2025)
[2025-09-24 10:10:41] 🚫 IT: 'Checked' note for 15068 — dropping.
[2025-09-24 10:10:41]     ↳ first line: Checked (27.02.2025)
[2025-09-24 10:10:41]     ↳ preview: Checked (27.02.2025)
[2025-09-24 10:10:43] 🚫 IT: 'Checked' note for 29952 — dropping.
[2025-09-24 10:10:43]     ↳ first line: Checked (28.02.2025)
[2025-09-24 10:10:43]     ↳ preview: Checked (28.02.2025)
[2025-09-24 10:10:43] 🚫 IT: 'Checked' note for 40804 — dropping.
[2025-09-24 10:10:43]     ↳ first line: Checked (7.7.2025)
[2025-09-24 10:10:43]     ↳ preview: Checked (7.7.2025)
[2025-09-24 10:10:48] 🚫 IT: 'Checked' note for 4062 — dropping.
[2025-09-24 10:10:48]     ↳ first line: Checked (24.02.2025)
[2025-09-24 10:10:48]     ↳ preview: Checked (24.02.2025)
[2025-09-24 10:10:52] 🚫 SP: Checked_* file(s) present for 5571 — dropping. Samples: Checked_IB_Bobcasino_Roy Timmermans.xlsx
[2025-09-24 10:10:52] 🚫 IT: 'Checked' note for 7175 — dropping.
[2025-09-24 10:10:52]     ↳ first line: Checked (24.02.2025)
[2025-09-24 10:10:52]     ↳ preview: Checked (24.02.2025)
[2025-09-24 10:10:52] 🚫 IT: 'Checked' note for 9698 — dropping.
[2025-09-24 10:10:52]     ↳ first line: Checked (25.02.2025)
[2025-09-24 10:10:52]     ↳ preview: Checked (25.02.2025)
[2025-09-24 10:10:53] 🚫 IT: 'Checked' note for 24744 — dropping.
[2025-09-24 10:10:53]     ↳ first line: Checked (17.03.2025)
[2025-09-24 10:10:53]     ↳ preview: Checked (17.03.2025)
[2025-09-24 10:10:53] 🚫 IT: 'Checked' note for 32235 — dropping.
[2025-09-24 10:10:53]     ↳ first line: Checked (28.02.2025)
[2025-09-24 10:10:53]     ↳ preview: Checked (28.02.2025)
[2025-09-24 10:10:53] 🚫 IT: 'Checked' note for 2576 — dropping.
[2025-09-24 10:10:53]     ↳ first line: Checked (10.03.2025)
[2025-09-24 10:10:53]     ↳ preview: Checked (10.03.2025)
[2025-09-24 10:10:53] 🚫 IT: 'Checked' note for 3026 — dropping.
[2025-09-24 10:10:53]     ↳ first line: Checked (10.03.2025)
[2025-09-24 10:10:53]     ↳ preview: Checked (10.03.2025)
[2025-09-24 10:10:53] 🚫 IT: 'Checked' note for 3990 — dropping.
[2025-09-24 10:10:53]     ↳ first line: Checked (25.02.2025)
[2025-09-24 10:10:53]     ↳ preview: Checked (25.02.2025)
[2025-09-24 10:10:57] 🚫 IT: 'Checked' note for 8059 — dropping.
[2025-09-24 10:10:58]     ↳ first line: Checked (24.02.2025)
[2025-09-24 10:10:58]     ↳ preview: Checked (24.02.2025)  Amount is below 1000 EUR
