[2025-09-23 14:44:01] 📦 30096 | Robbie van Heertum, King Billy — 1 Excel file(s) found
[2025-09-23 14:44:04] 📦 37644 | Marc Perlo, 888 — 0 Excel file(s) found
[2025-09-23 14:44:08] 📦 45032 | Youri Thorig, Casumo — 0 Excel file(s) found
[2025-09-23 14:44:10] 📦 21676 | Fabian Wink, CasinoEuro — 2 Excel file(s) found
[2025-09-23 14:44:11] 📦 21680 | Fabian Wink, Millionaria — 0 Excel file(s) found
[2025-09-23 14:44:11] 📦 21683 | Fabian Wink, OctoCasino — 0 Excel file(s) found
[2025-09-23 14:44:12] 📦 21686 | Fabian Wink, Rizk — 2 Excel file(s) found
[2025-09-23 14:44:13] 📦 21688 | Fabian Wink, Spinia — 2 Excel file(s) found
[2025-09-23 14:44:13] 📦 10180 | Dennis Tjoonk, 888 — 0 Excel file(s) found
[2025-09-23 14:44:14] 📦 20000 | Michael Hovenga, Bobcasino — 0 Excel file(s) found
[2025-09-23 14:44:16] 📦 27583 | Sachs-Wissingh Petra, N1 interactive Ltd. — 2 Excel file(s) found
[2025-09-23 14:44:18] 📦 27919 | Koopmans Marc, William Hill — 0 Excel file(s) found
[2025-09-23 14:44:19] 📦 11930 | Max van Eijk, William Hill — 0 Excel file(s) found
[2025-09-23 14:44:21] 📦 27515 | jacek kowalczyk, Duxcasino — 0 Excel file(s) found
[2025-09-23 14:44:24] 📦 37865 | Maurice Van daalen, 888 — 0 Excel file(s) found
[2025-09-23 14:44:26] 📦 25362 | Benjamin Oderkerk, Krooncasino — 2 Excel file(s) found
[2025-09-23 14:44:28] 📦 28066 | Jelle Veenvliet, 888 — 1 Excel file(s) found
[2025-09-23 14:44:28] 📦 15690 | Mirwais Sefati, One Casino — 3 Excel file(s) found
[2025-09-23 14:44:31] 📦 29951 | Lukasz Władysław Bogusz Bogusz, One Casino — 1 Excel file(s) found
[2025-09-23 14:44:32] 📦 2528 | Jacobus Petrus (Sjaak) Bijman, 888 — 0 Excel file(s) found
[2025-09-23 14:44:35] 📦 4058 | Rick van Beuningen, 888 — 0 Excel file(s) found
[2025-09-23 14:44:36] 📦 11789 | Gijsbert Dompeling, William Hill — 0 Excel file(s) found
[2025-09-23 14:44:41] 📦 6720 | Christian Hokse, Dreamz — 0 Excel file(s) found
[2025-09-23 14:44:47] 📦 8076 | Franklin Leurs Leurs, Pino Casino — 0 Excel file(s) found
[2025-09-23 14:44:48] 📦 17052 | Jordi Stoffels, MasonSlots — 3 Excel file(s) found
[2025-09-23 14:44:49] 📦 18986 | Demy Toornstra, One Casino — 0 Excel file(s) found
[2025-09-23 14:44:49] 📦 19547 | David Hol, Betsson — 1 Excel file(s) found
[2025-09-23 14:44:51] 📦 28311 | gino spijkers, 888 — 0 Excel file(s) found
[2025-09-23 14:44:52] 📦 12113 | lamin sanha, BWIN — 3 Excel file(s) found
[2025-09-23 14:44:54] 📦 26566 | Johannes Franciscus van Mierlo, Crazy Fox — 0 Excel file(s) found
[2025-09-23 14:44:57] 📦 37816 | Ricardo Keur, PokerStars — 3 Excel file(s) found
