[2025-09-23 16:14:02] 📦 25362 | Benjamin Oderkerk, Krooncasino — 2 Excel file(s)
[2025-09-23 16:14:04] 📦 28066 | Jelle Veenvliet, 888 — 1 Excel file(s)
[2025-09-23 16:14:05] 📦 15690 | Mirwais Sefati, One Casino — 3 Excel file(s)
[2025-09-23 16:14:07] 📦 29951 | Lukasz Władysław Bogusz Bogusz, One Casino — 1 Excel file(s)
[2025-09-23 16:14:10] 📦 2528 | Jacobus Petrus (Sjaak) Bijman, 888 — 3 Excel file(s)
[2025-09-23 16:14:15] 📦 4058 | Rick van Beuningen, 888 — 1 Excel file(s)
[2025-09-23 16:14:15] 📦 11789 | Gijsbert Dompeling, William Hill — 1 Excel file(s)
[2025-09-23 16:14:23] 📄 6720 has no Excel; found 2 PDF(s).
[2025-09-23 16:14:23] 📦 6720 | Christian Hokse, Dreamz — 0 Excel file(s)
[2025-09-23 16:14:30] 📄 8076 has no Excel; found 1 PDF(s).
[2025-09-23 16:14:30] 📦 8076 | Franklin Leurs Leurs, Pino Casino — 0 Excel file(s)
[2025-09-23 16:14:32] 📦 17052 | Jordi Stoffels, MasonSlots — 3 Excel file(s)
[2025-09-23 16:14:33] 📄 18986 has no Excel; found 1 PDF(s).
[2025-09-23 16:14:33] 📦 18986 | Demy Toornstra, One Casino — 0 Excel file(s)
[2025-09-23 16:14:34] 📦 19547 | David Hol, Betsson — 1 Excel file(s)
[2025-09-23 16:14:37] 📦 28311 | gino spijkers, 888 — 1 Excel file(s)
[2025-09-23 16:14:37] 📦 12113 | lamin sanha, BWIN — 3 Excel file(s)
[2025-09-23 16:14:39] 📄 26566 has no Excel; found 1 PDF(s).
[2025-09-23 16:14:39] 📦 26566 | Johannes Franciscus van Mierlo, Crazy Fox — 0 Excel file(s)
[2025-09-23 16:14:43] 📦 37816 | Ricardo Keur, PokerStars — 3 Excel file(s)
[2025-09-23 16:14:50] 📦 51743 | huseyin tercan, N1 interactive Ltd — 2 Excel file(s)
[2025-09-23 16:14:53] 📦 2450 | Roel Hermans, William Hill — 1 Excel file(s)
[2025-09-23 16:14:54] 📦 25257 | Dennis Wanders, ComeOn — 1 Excel file(s)
