[2025-09-02 14:11:51] ➕ Added 1 file(s).
[2025-09-02 14:11:54] 📄 Processing TA_Pokerstars (18).xlsx in calculation Mode...
[2025-09-02 14:11:56] ✔ Deposit sheets: ['Sheet2']
[2025-09-02 14:11:56] ✔ Cashout sheets: ['Sheet2']
[2025-09-02 14:11:56] ℹ️ Same sheet in both lists → will parse once as combined: ['Sheet2']
[2025-09-02 14:11:57] ✅ Detected header row at Excel row 1: ['Date', 'Type', 'TransId', 'Account Currency', 'Billing Currency', 'Billing Amount', 'GateWay', 'Descriptor', 'Original Trans']
[2025-09-02 14:11:57] 🧭 Columns: amount=5, currency=3, type=1, ref_date=0, conf_date=None, status=None
[2025-09-02 14:11:57] TA logic: Deposits = 775144.25, Cashouts = 0, Net = 775144.25
[2025-09-02 14:11:57] ✅ Created Payment Summary with 1184 rows.
[2025-09-02 14:11:57] ✅ Created styled Summary (Currency → Type → Year) with title row.
[2025-09-02 14:11:58] 🔁 ECB JSON 406 application/problem+json — {"type":"about:blank","title":"Not Acceptable","status":406,"detail":"Acceptable representations: [application/xml, text
[2025-09-02 14:11:59] 🌍 FX USD/EUR 2013-01-09…2013-11-25 via CSV: 226 pts, avg=1.324240
[2025-09-02 14:11:59] 🌍 FX USD→EUR 2013-01-09…2013-11-25: 1/( USD/EUR ) (mode CSV, 226 pts) => avg=0.755150
[2025-09-02 14:11:59] 🌍 FX USD→EUR 2013 (2013-01-09…2013-11-25) avg = 0.755150
[2025-09-02 14:11:59] 🔁 ECB JSON 406 application/problem+json — {"type":"about:blank","title":"Not Acceptable","status":406,"detail":"Acceptable representations: [application/xml, text
[2025-09-02 14:11:59] 🌍 FX USD/EUR 2014-01-13…2014-12-30 via CSV: 247 pts, avg=1.328019
[2025-09-02 14:11:59] 🌍 FX USD→EUR 2014-01-13…2014-12-30: 1/( USD/EUR ) (mode CSV, 247 pts) => avg=0.753001
[2025-09-02 14:11:59] 🌍 FX USD→EUR 2014 (2014-01-13…2014-12-30) avg = 0.753001
[2025-09-02 14:11:59] 🔁 ECB JSON 406 application/problem+json — {"type":"about:blank","title":"Not Acceptable","status":406,"detail":"Acceptable representations: [application/xml, text
[2025-09-02 14:11:59] 🌍 FX USD/EUR 2015-01-02…2015-12-21 via CSV: 249 pts, avg=1.109964
[2025-09-02 14:11:59] 🌍 FX USD→EUR 2015-01-02…2015-12-21: 1/( USD/EUR ) (mode CSV, 249 pts) => avg=0.900930
[2025-09-02 14:11:59] 🌍 FX USD→EUR 2015 (2015-01-02…2015-12-21) avg = 0.900930
[2025-09-02 14:11:59] 🔁 ECB JSON 406 application/problem+json — {"type":"about:blank","title":"Not Acceptable","status":406,"detail":"Acceptable representations: [application/xml, text
