[2025-09-23 16:02:00] 📦 25362 | Benjamin Oderkerk, Krooncasino — 2 Excel file(s)
[2025-09-23 16:02:02] 📦 28066 | Jelle Veenvliet, 888 — 1 Excel file(s)
[2025-09-23 16:02:03] 📦 15690 | Mirwais Sefati, One Casino — 3 Excel file(s)
[2025-09-23 16:02:04] 📦 29951 | Lukasz Władysław Bogusz Bogusz, One Casino — 1 Excel file(s)
[2025-09-23 16:02:06] 📄 2528 has no Excel; found 6 PDF(s).
[2025-09-23 16:02:06] 📦 2528 | Jacobus Petrus (Sjaak) Bijman, 888 — 0 Excel file(s)
[2025-09-23 16:02:09] 📄 4058 has no Excel; found 7 PDF(s).
[2025-09-23 16:02:09] 📦 4058 | Rick van Beuningen, 888 — 0 Excel file(s)
[2025-09-23 16:02:09] 📄 11789 has no Excel; found 9 PDF(s).
[2025-09-23 16:02:09] 📦 11789 | Gijsbert Dompeling, William Hill — 0 Excel file(s)
[2025-09-23 16:02:14] 📄 6720 has no Excel; found 2 PDF(s).
[2025-09-23 16:02:14] 📦 6720 | Christian Hokse, Dreamz — 0 Excel file(s)
[2025-09-23 16:02:19] 📄 8076 has no Excel; found 1 PDF(s).
[2025-09-23 16:02:20] 📦 8076 | Franklin Leurs Leurs, Pino Casino — 0 Excel file(s)
[2025-09-23 16:02:20] 📦 17052 | Jordi Stoffels, MasonSlots — 3 Excel file(s)
[2025-09-23 16:02:21] 📄 18986 has no Excel; found 1 PDF(s).
[2025-09-23 16:02:21] 📦 18986 | Demy Toornstra, One Casino — 0 Excel file(s)
[2025-09-23 16:02:22] 📦 19547 | David Hol, Betsson — 1 Excel file(s)
[2025-09-23 16:02:24] 📄 28311 has no Excel; found 2 PDF(s).
[2025-09-23 16:02:24] 📦 28311 | gino spijkers, 888 — 0 Excel file(s)
[2025-09-23 16:02:25] 📦 12113 | lamin sanha, BWIN — 3 Excel file(s)
[2025-09-23 16:02:26] 📄 26566 has no Excel; found 1 PDF(s).
[2025-09-23 16:02:26] 📦 26566 | Johannes Franciscus van Mierlo, Crazy Fox — 0 Excel file(s)
[2025-09-23 16:02:29] 📦 37816 | Ricardo Keur, PokerStars — 3 Excel file(s)
[2025-09-23 16:02:35] 📦 51743 | huseyin tercan, N1 interactive Ltd — 2 Excel file(s)
[2025-09-23 16:02:37] 📦 2450 | Roel Hermans, William Hill — 1 Excel file(s)
[2025-09-23 16:02:38] 📦 25257 | Dennis Wanders, ComeOn — 1 Excel file(s)
[2025-09-23 16:02:43] 📦 48031 | Andreas Voorbraak, N1 interactive Ltd — 6 Excel file(s)
[2025-09-23 16:02:48] 📦 52941 | Kamal Bizjan, N1 interactive Ltd — 2 Excel file(s)
[2025-09-23 16:02:51] 📦 28555 | Marcel Wollrabe, One Casino — 2 Excel file(s)
[2025-09-23 16:02:55] 📄 6844 has no Excel; found 1 PDF(s).
[2025-09-23 16:02:55] 📦 6844 | Daniel van der Bent, Spinia — 0 Excel file(s)
[2025-09-23 16:02:56] 📄 16578 has no Excel; found 2 PDF(s).
[2025-09-23 16:02:56] 📦 16578 | Robin Nawijn, N1 Casino — 0 Excel file(s)
[2025-09-23 16:02:58] 📄 24979 has no Excel; found 2 PDF(s).
[2025-09-23 16:02:58] 📦 24979 | Senno Michel, Betsafe — 0 Excel file(s)
[2025-09-23 16:02:59] 📦 22709 | Steven Tavernier, ComeOn Casino — 1 Excel file(s)
