[2025-09-23 15:26:19] ℹ️ IT: received 139 lead(s).
[2025-09-23 15:26:19] 📂 SharePoint root: C:/Sharepoint/Golden-Tech GmbH/LeadDocuments - Casino Germany - Documents
[2025-09-23 15:26:19] 🔎 SP: Deal 15619 → C:/Sharepoint/Golden-Tech GmbH/LeadDocuments - Casino Germany - Documents\15619 - Minas Calisir, One Casino
[2025-09-23 15:26:19] ✅ SP: No Checked_* files for deal 15619.
[2025-09-23 15:26:19] 🚫 IT: 'Checked' note found for deal 22332 — filtering out.
[2025-09-23 15:26:19]     ↳ first line: Checked (28.02.2025)
[2025-09-23 15:26:19]     ↳ preview: Checked (28.02.2025)
[2025-09-23 15:26:19] 🚫 IT: 'Checked' note found for deal 22334 — filtering out.
[2025-09-23 15:26:19]     ↳ first line: Checked (28.02.2025)
[2025-09-23 15:26:20]     ↳ preview: Checked (28.02.2025)
[2025-09-23 15:26:21] 🔎 SP: Deal 23140 → C:/Sharepoint/Golden-Tech GmbH/LeadDocuments - Casino Germany - Documents\23140 - Geijtenbeek-Vink Petra, Bobcasino
[2025-09-23 15:26:21] ✅ SP: No Checked_* files for deal 23140.
[2025-09-23 15:26:23] 🔎 SP: Deal 23142 → C:/Sharepoint/Golden-Tech GmbH/LeadDocuments - Casino Germany - Documents\23142 - Geijtenbeek-Vink Petra, Oranjecasino
[2025-09-23 15:26:23] ✅ SP: No Checked_* files for deal 23142.
[2025-09-23 15:26:23] 🚫 IT: 'Checked' note found for deal 23544 — filtering out.
[2025-09-23 15:26:23]     ↳ first line: Checked (28.02.2025)
[2025-09-23 15:26:23]     ↳ preview: Checked (28.02.2025)
[2025-09-23 15:26:23] 🚫 IT: 'Checked' note found for deal 23626 — filtering out.
[2025-09-23 15:26:23]     ↳ first line: Checked (28.02.2025)
[2025-09-23 15:26:23]     ↳ preview: Checked (28.02.2025)
[2025-09-23 15:26:23] 🚫 IT: 'Checked' note found for deal 23632 — filtering out.
[2025-09-23 15:26:23]     ↳ first line: Checked (28.02.2025)
[2025-09-23 15:26:23]     ↳ preview: Checked (28.02.2025)
[2025-09-23 15:26:23] 🚫 IT: 'Checked' note found for deal 23635 — filtering out.
[2025-09-23 15:26:23]     ↳ first line: Checked (28.02.2025)
[2025-09-23 15:26:23]     ↳ preview: Checked (28.02.2025)  Amount is below 1000 EUR
[2025-09-23 15:26:24] 🔎 SP: Deal 24718 → C:/Sharepoint/Golden-Tech GmbH/LeadDocuments - Casino Germany - Documents\24718 - (Hilde) Elke Drok, Oranjecasino
[2025-09-23 15:26:24] ✅ SP: No Checked_* files for deal 24718.
[2025-09-23 15:26:25] 🚫 IT: 'Checked' note found for deal 29441 — filtering out.
[2025-09-23 15:26:25]     ↳ first line: Checked (28.02.2025)
[2025-09-23 15:26:25]     ↳ preview: Checked (28.02.2025)
[2025-09-23 15:26:27] 🔎 SP: Deal 30096 → C:/Sharepoint/Golden-Tech GmbH/LeadDocuments - Casino Germany - Documents\30096 - Robbie van Heertum, King Billy
[2025-09-23 15:26:27] ✅ SP: No Checked_* files for deal 30096.
[2025-09-23 15:26:31] 🔎 SP: Deal 37644 → C:/Sharepoint/Golden-Tech GmbH/LeadDocuments - Casino Germany - Documents\37644 - Marc Perlo, 888
[2025-09-23 15:26:31] ✅ SP: No Checked_* files for deal 37644.
[2025-09-23 15:26:36] 🔎 SP: Deal 45032 → C:/Sharepoint/Golden-Tech GmbH/LeadDocuments - Casino Germany - Documents\45032 - Youri Thorig, Casumo
[2025-09-23 15:26:36] ✅ SP: No Checked_* files for deal 45032.
[2025-09-23 15:26:36] 🚫 IT: 'Checked' note found for deal 46370 — filtering out.
[2025-09-23 15:26:36]     ↳ first line: Checked (7.7.2025)
[2025-09-23 15:26:36]     ↳ preview: Checked (7.7.2025)
[2025-09-23 15:26:36] 🚫 IT: 'Checked' note found for deal 19624 — filtering out.
[2025-09-23 15:26:36]     ↳ first line: Checked (28.02.2025)
[2025-09-23 15:26:36]     ↳ preview: Checked (28.02.2025)
[2025-09-23 15:26:36] 🚫 IT: 'Checked' note found for deal 19637 — filtering out.
[2025-09-23 15:26:36]     ↳ first line: Checked (28.02.2025)
[2025-09-23 15:26:36]     ↳ preview: Checked (28.02.2025)
[2025-09-23 15:26:36] 🚫 IT: 'Checked' note found for deal 21670 — filtering out.
[2025-09-23 15:26:36]     ↳ first line: Checked (28.02.2025)
[2025-09-23 15:26:36]     ↳ preview: Checked (28.02.2025)  Amount is below 1000 EUR
[2025-09-23 15:26:36] 🚫 IT: 'Checked' note found for deal 21672 — filtering out.
[2025-09-23 15:26:36]     ↳ first line: Checked (17.03.2025)
[2025-09-23 15:26:36]     ↳ preview: Checked (17.03.2025)
[2025-09-23 15:26:36] 🚫 IT: 'Checked' note found for deal 21673 — filtering out.
[2025-09-23 15:26:36]     ↳ first line: Checked (28.02.2025)
[2025-09-23 15:26:36]     ↳ preview: Checked (28.02.2025)  Amount is below 1000 EUR
[2025-09-23 15:26:36] 🚫 IT: 'Checked' note found for deal 21675 — filtering out.
[2025-09-23 15:26:36]     ↳ first line: Checked (28.02.2025)
[2025-09-23 15:26:36]     ↳ preview: Checked (28.02.2025)  Amount is below 1000 EUR
[2025-09-23 15:26:38] 🔎 SP: Deal 21676 → C:/Sharepoint/Golden-Tech GmbH/LeadDocuments - Casino Germany - Documents\21676 - Fabian Wink, CasinoEuro
[2025-09-23 15:26:38] ✅ SP: No Checked_* files for deal 21676.
[2025-09-23 15:26:38] 🚫 IT: 'Checked' note found for deal 21677 — filtering out.
[2025-09-23 15:26:38]     ↳ first line: Checked (28.02.2025)
[2025-09-23 15:26:38]     ↳ preview: Checked (28.02.2025)
[2025-09-23 15:26:38] 🚫 IT: 'Checked' note found for deal 21678 — filtering out.
[2025-09-23 15:26:38]     ↳ first line: Checked (28.02.2025)
[2025-09-23 15:26:38]     ↳ preview: Checked (28.02.2025)  Amount is below 1000 EUR
[2025-09-23 15:26:38] 🚫 IT: 'Checked' note found for deal 21679 — filtering out.
[2025-09-23 15:26:38]     ↳ first line: Checked (28.02.2025)
[2025-09-23 15:26:38]     ↳ preview: Checked (28.02.2025)
[2025-09-23 15:26:39] 🔎 SP: Deal 21680 → C:/Sharepoint/Golden-Tech GmbH/LeadDocuments - Casino Germany - Documents\21680 - Fabian Wink, Millionaria
[2025-09-23 15:26:39] ✅ SP: No Checked_* files for deal 21680.
[2025-09-23 15:26:40] 🔎 SP: Deal 21683 → C:/Sharepoint/Golden-Tech GmbH/LeadDocuments - Casino Germany - Documents\21683 - Fabian Wink, OctoCasino
[2025-09-23 15:26:40] ✅ SP: No Checked_* files for deal 21683.
[2025-09-23 15:26:40] 🚫 IT: 'Checked' note found for deal 21684 — filtering out.
[2025-09-23 15:26:40]     ↳ first line: Checked (28.02.2025)
[2025-09-23 15:26:40]     ↳ preview: Checked (28.02.2025)  Amount is below 1000 EUR
[2025-09-23 15:26:42] 🔎 SP: Deal 21686 → C:/Sharepoint/Golden-Tech GmbH/LeadDocuments - Casino Germany - Documents\21686 - Fabian Wink, Rizk
[2025-09-23 15:26:42] ✅ SP: No Checked_* files for deal 21686.
[2025-09-23 15:26:42] 🚫 IT: 'Checked' note found for deal 21687 — filtering out.
[2025-09-23 15:26:42]     ↳ first line: Checked (28.02.2025)
[2025-09-23 15:26:42]     ↳ preview: Checked (28.02.2025)  Amount is below 1000 EUR
[2025-09-23 15:26:43] 🔎 SP: Deal 21688 → C:/Sharepoint/Golden-Tech GmbH/LeadDocuments - Casino Germany - Documents\21688 - Fabian Wink, Spinia
[2025-09-23 15:26:43] ✅ SP: No Checked_* files for deal 21688.
[2025-09-23 15:26:43] 🚫 IT: 'Checked' note found for deal 8439 — filtering out.
[2025-09-23 15:26:43]     ↳ first line: Checked (24.02.2025)
[2025-09-23 15:26:43]     ↳ preview: Checked (24.02.2025)
[2025-09-23 15:26:43] 🔎 SP: Deal 10180 → C:/Sharepoint/Golden-Tech GmbH/LeadDocuments - Casino Germany - Documents\10180 - Dennis Tjoonk, 888
[2025-09-23 15:26:43] ✅ SP: No Checked_* files for deal 10180.
[2025-09-23 15:26:43] 🚫 IT: 'Checked' note found for deal 15373 — filtering out.
[2025-09-23 15:26:43]     ↳ first line: Checked (28.02.2025)
[2025-09-23 15:26:43]     ↳ preview: Checked (28.02.2025)
[2025-09-23 15:26:43] 🚫 IT: 'Checked' note found for deal 18588 — filtering out.
[2025-09-23 15:26:43]     ↳ first line: Checked (7.7.2025)
[2025-09-23 15:26:43]     ↳ preview: Checked (7.7.2025)
[2025-09-23 15:26:44] 🔎 SP: Deal 20000 → C:/Sharepoint/Golden-Tech GmbH/LeadDocuments - Casino Germany - Documents\20000 - Michael Hovenga, Bobcasino
[2025-09-23 15:26:44] ✅ SP: No Checked_* files for deal 20000.
[2025-09-23 15:26:46] 🔎 SP: Deal 27583 → C:/Sharepoint/Golden-Tech GmbH/LeadDocuments - Casino Germany - Documents\27583 - Sachs-Wissingh Petra, Cookie Casino
[2025-09-23 15:26:46] ✅ SP: No Checked_* files for deal 27583.
[2025-09-23 15:26:48] 🔎 SP: Deal 27919 → C:/Sharepoint/Golden-Tech GmbH/LeadDocuments - Casino Germany - Documents\27919 - Koopmans Marc, William Hill
[2025-09-23 15:26:48] ✅ SP: No Checked_* files for deal 27919.
[2025-09-23 15:26:48] 🚫 IT: 'Checked' note found for deal 27923 — filtering out.
[2025-09-23 15:26:48]     ↳ first line: Checked (28.02.2025)
[2025-09-23 15:26:48]     ↳ preview: Checked (28.02.2025)
[2025-09-23 15:26:48] 🚫 IT: 'Checked' note found for deal 3631 — filtering out.
[2025-09-23 15:26:48]     ↳ first line: Checked (24.02.2025)
[2025-09-23 15:26:48]     ↳ preview: Checked (24.02.2025)
[2025-09-23 15:26:49] 🔎 SP: Deal 11930 → C:/Sharepoint/Golden-Tech GmbH/LeadDocuments - Casino Germany - Documents\11930 - Max van Eijk, William Hill
[2025-09-23 15:26:49] ✅ SP: No Checked_* files for deal 11930.
[2025-09-23 15:26:49] 🚫 IT: 'Checked' note found for deal 12866 — filtering out.
[2025-09-23 15:26:49]     ↳ first line: Checked (27.02.2025)
[2025-09-23 15:26:49]     ↳ preview: Checked (27.02.2025)
[2025-09-23 15:26:50] 🔎 SP: Deal 27515 → C:/Sharepoint/Golden-Tech GmbH/LeadDocuments - Casino Germany - Documents\27515 - jacek kowalczyk, Duxcasino
[2025-09-23 15:26:50] ✅ SP: No Checked_* files for deal 27515.
[2025-09-23 15:26:54] 🔎 SP: Deal 37865 → C:/Sharepoint/Golden-Tech GmbH/LeadDocuments - Casino Germany - Documents\37865 - Maurice Van daalen, 888
[2025-09-23 15:26:54] ✅ SP: No Checked_* files for deal 37865.
[2025-09-23 15:26:54] 🚫 IT: 'Checked' note found for deal 5505 — filtering out.
[2025-09-23 15:26:54]     ↳ first line: Checked (24.02.2025)
[2025-09-23 15:26:54]     ↳ preview: Checked (24.02.2025)  Amount is below 1000 EUR
[2025-09-23 15:26:54] 🚫 IT: 'Checked' note found for deal 5507 — filtering out.
[2025-09-23 15:26:54]     ↳ first line: Checked (24.02.2025)
[2025-09-23 15:26:54]     ↳ preview: Checked (24.02.2025)
[2025-09-23 15:26:56] 🔎 SP: Deal 25362 → C:/Sharepoint/Golden-Tech GmbH/LeadDocuments - Casino Germany - Documents\25362 - Benjamin Oderkerk, Krooncasino
[2025-09-23 15:26:56] ✅ SP: No Checked_* files for deal 25362.
[2025-09-23 15:26:58] 🔎 SP: Deal 28066 → C:/Sharepoint/Golden-Tech GmbH/LeadDocuments - Casino Germany - Documents\28066 - Jelle Veenvliet, 888
[2025-09-23 15:26:58] ✅ SP: No Checked_* files for deal 28066.
[2025-09-23 15:26:58] 🚫 IT: 'Checked' note found for deal 5636 — filtering out.
[2025-09-23 15:26:58]     ↳ first line: Checked (24.02.2025)
[2025-09-23 15:26:58]     ↳ preview: Checked (24.02.2025)
[2025-09-23 15:26:58] 🚫 IT: 'Checked' note found for deal 15068 — filtering out.
[2025-09-23 15:26:58]     ↳ first line: Checked (27.02.2025)
[2025-09-23 15:26:58]     ↳ preview: Checked (27.02.2025)
[2025-09-23 15:26:59] 🔎 SP: Deal 15690 → C:/Sharepoint/Golden-Tech GmbH/LeadDocuments - Casino Germany - Documents\15690 - Mirwais Sefati, One Casino
[2025-09-23 15:26:59] ✅ SP: No Checked_* files for deal 15690.
