[2025-09-02 15:02:14] ➕ Added 1 file(s).
[2025-09-02 15:02:15] 📄 Processing TA_Financial History Niels Feijen Unibet.xlsx in calculation Mode...
[2025-09-02 15:02:19] ✔ Deposit sheets: ['Transaction History']
[2025-09-02 15:02:19] ✔ Cashout sheets: ['Transaction History']
[2025-09-02 15:02:19] ℹ️ Same sheet in both lists → will parse once as combined: ['Transaction History']
[2025-09-02 15:02:20] ⚠️ No distinct header row found (scanned 758 rows).
[2025-09-02 15:02:20] 🧭 Columns: amount=3, currency=4, type=None, ref_date=None, conf_date=2, status=None
[2025-09-02 15:02:20] 🧮 Labeling: Deposit labeled=756, Redeem labeled=0; accepted → Deposit=756, Redeem=0; rejected by status → Deposit=0, Redeem=0
[2025-09-02 15:02:20] TA logic: Deposits = 69728.36, Cashouts = 0, Net = 69728.36
[2025-09-02 15:02:20] ✅ Created Payment Summary with 756 rows.
[2025-09-02 15:02:20] ✅ Created styled Summary (Currency → Type → Year) with title row.
[2025-09-02 15:02:20] ✅ Created 'Payment Summary EUR' (0 USD rows converted).
[2025-09-02 15:02:20] ✅ Created 'Summary EUR' (pivot-style Currency → Type → Year).
[2025-09-02 15:02:20] ✅ Finished processing: TA_Financial History Niels Feijen Unibet.xlsx
[2025-09-02 15:02:20] 📄 Processing TA_Pokerstars.xlsx in calculation Mode...
[2025-09-02 15:02:23] ✔ Deposit sheets: ['PS Transactions']
[2025-09-02 15:02:23] ✔ Cashout sheets: ['PS Transactions']
[2025-09-02 15:02:23] ℹ️ Same sheet in both lists → will parse once as combined: ['PS Transactions']
[2025-09-02 15:02:24] ✅ Detected header row at Excel row 8: ['TransId', 'ParentId', 'TransType', 'Started', 'Completed', 'Account Currency', 'Amount', 'Status', 'PaySystem', 'Country', 'Logged-In', 'Reference']
[2025-09-02 15:02:24] 🧭 Columns: amount=6, currency=5, type=2, ref_date=3, conf_date=4, status=7
[2025-09-02 15:02:24] 🔎 Sample Type values (top 10 / first 200 rows): deposit×199, redeem×1
[2025-09-02 15:02:24] 🧮 Labeling: Deposit labeled=629, Redeem labeled=97; accepted → Deposit=558, Redeem=36; rejected by status → Deposit=71, Redeem=61
[2025-09-02 15:02:24] 🧪 Skipped Redeem example → row=361, type_raw='Redeem', status_raw='Cancelled', norm_status='cancelled', amount=60.0, date=2019-01-21 08:28:01
[2025-09-02 15:02:24] 🧪 Skipped Redeem example → row=388, type_raw='Redeem', status_raw='Cancelled', norm_status='cancelled', amount=32.0, date=2019-03-15 08:38:24
[2025-09-02 15:02:24] 🧪 Skipped Redeem example → row=389, type_raw='Redeem', status_raw='Cancelled', norm_status='cancelled', amount=92.0, date=2019-03-17 14:09:47
[2025-09-02 15:02:24] 🧪 Skipped Redeem example → row=405, type_raw='Redeem', status_raw='Cancelled', norm_status='cancelled', amount=320.0, date=2019-03-30 19:10:05
[2025-09-02 15:02:24] 🧪 Skipped Redeem example → row=406, type_raw='Redeem', status_raw='Cancelled', norm_status='cancelled', amount=379.0, date=2019-03-31 07:36:22
[2025-09-02 15:02:24] TA logic: Deposits = 13771.79, Cashouts = 10173.06, Net = 3598.7300000000014
[2025-09-02 15:02:24] ✅ Created Payment Summary with 594 rows.
[2025-09-02 15:02:24] ✅ Created styled Summary (Currency → Type → Year) with title row.
[2025-09-02 15:02:24] 🔁 ECB JSON 406 application/problem+json — {"type":"about:blank","title":"Not Acceptable","status":406,"detail":"Acceptable representations: [application/xml, text
[2025-09-02 15:02:24] 🌍 FX USD/EUR 2014-11-06…2014-12-22 via CSV: 33 pts, avg=1.242379
[2025-09-02 15:02:24] 🌍 FX USD→EUR 2014-11-06…2014-12-22: 1/( USD/EUR ) (mode CSV, 33 pts) => avg=0.804907
[2025-09-02 15:02:24] 🌍 FX USD→EUR 2014 (2014-11-06…2014-12-22) avg = 0.804907
[2025-09-02 15:02:24] 🔁 ECB JSON 406 application/problem+json — {"type":"about:blank","title":"Not Acceptable","status":406,"detail":"Acceptable representations: [application/xml, text
[2025-09-02 15:02:25] 🌍 FX USD/EUR 2015-01-09…2015-12-26 via CSV: 247 pts, avg=1.108160
[2025-09-02 15:02:25] 🌍 FX USD→EUR 2015-01-09…2015-12-26: 1/( USD/EUR ) (mode CSV, 247 pts) => avg=0.902397
[2025-09-02 15:02:25] 🌍 FX USD→EUR 2015 (2015-01-09…2015-12-26) avg = 0.902397
[2025-09-02 15:02:25] 🔁 ECB JSON 406 application/problem+json — {"type":"about:blank","title":"Not Acceptable","status":406,"detail":"Acceptable representations: [application/xml, text
[2025-09-02 15:02:25] 🌍 FX USD/EUR 2016-01-02…2016-12-29 via CSV: 256 pts, avg=1.107109
[2025-09-02 15:02:25] 🌍 FX USD→EUR 2016-01-02…2016-12-29: 1/( USD/EUR ) (mode CSV, 256 pts) => avg=0.903253
[2025-09-02 15:02:25] 🌍 FX USD→EUR 2016 (2016-01-02…2016-12-29) avg = 0.903253
[2025-09-02 15:02:25] 🔁 ECB JSON 406 application/problem+json — {"type":"about:blank","title":"Not Acceptable","status":406,"detail":"Acceptable representations: [application/xml, text
[2025-09-02 15:02:25] 🌍 FX USD/EUR 2017-01-04…2017-12-11 via CSV: 241 pts, avg=1.127671
[2025-09-02 15:02:25] 🌍 FX USD→EUR 2017-01-04…2017-12-11: 1/( USD/EUR ) (mode CSV, 241 pts) => avg=0.886784
[2025-09-02 15:02:25] 🌍 FX USD→EUR 2017 (2017-01-04…2017-12-11) avg = 0.886784
[2025-09-02 15:02:25] 🔁 ECB JSON 406 application/problem+json — {"type":"about:blank","title":"Not Acceptable","status":406,"detail":"Acceptable representations: [application/xml, text
[2025-09-02 15:02:26] 🌍 FX USD/EUR 2018-01-18…2018-12-22 via CSV: 239 pts, avg=1.180245
[2025-09-02 15:02:26] 🌍 FX USD→EUR 2018-01-18…2018-12-22: 1/( USD/EUR ) (mode CSV, 239 pts) => avg=0.847282
[2025-09-02 15:02:26] 🌍 FX USD→EUR 2018 (2018-01-18…2018-12-22) avg = 0.847282
[2025-09-02 15:02:26] 🔁 ECB JSON 406 application/problem+json — {"type":"about:blank","title":"Not Acceptable","status":406,"detail":"Acceptable representations: [application/xml, text
[2025-09-02 15:02:26] 🌍 FX USD/EUR 2019-01-18…2019-12-30 via CSV: 242 pts, avg=1.118262
[2025-09-02 15:02:26] 🌍 FX USD→EUR 2019-01-18…2019-12-30: 1/( USD/EUR ) (mode CSV, 242 pts) => avg=0.894245
[2025-09-02 15:02:26] 🌍 FX USD→EUR 2019 (2019-01-18…2019-12-30) avg = 0.894245
[2025-09-02 15:02:26] 🔁 ECB JSON 406 application/problem+json — {"type":"about:blank","title":"Not Acceptable","status":406,"detail":"Acceptable representations: [application/xml, text
[2025-09-02 15:02:26] 🌍 FX USD/EUR 2020-01-01…2020-11-28 via CSV: 234 pts, avg=1.134927
[2025-09-02 15:02:26] 🌍 FX USD→EUR 2020-01-01…2020-11-28: 1/( USD/EUR ) (mode CSV, 234 pts) => avg=0.881114
[2025-09-02 15:02:26] 🌍 FX USD→EUR 2020 (2020-01-01…2020-11-28) avg = 0.881114
[2025-09-02 15:02:27] 🔁 ECB JSON 406 application/problem+json — {"type":"about:blank","title":"Not Acceptable","status":406,"detail":"Acceptable representations: [application/xml, text
[2025-09-02 15:02:27] 🌍 FX USD/EUR 2021-01-30…2021-08-12 via CSV: 137 pts, avg=1.198269
[2025-09-02 15:02:27] 🌍 FX USD→EUR 2021-01-30…2021-08-12: 1/( USD/EUR ) (mode CSV, 137 pts) => avg=0.834537
[2025-09-02 15:02:27] 🌍 FX USD→EUR 2021 (2021-01-30…2021-08-12) avg = 0.834537
[2025-09-02 15:02:27] ✅ Created 'Payment Summary EUR' (585 USD rows converted).
[2025-09-02 15:02:27] ✅ Created 'Summary EUR' (pivot-style Currency → Type → Year).
[2025-09-02 15:02:27] ✅ Finished processing: TA_Pokerstars.xlsx
