[2025-09-23 16:13:19] 🚫 SP: Checked_* file(s) present for 47336 — dropping.
[2025-09-23 16:13:19] 🧹 Filter result — total:139 kept:48 dropped_by_sharepoint:3 dropped_by_notes:88
[2025-09-23 16:13:20] 📦 15619 | Minas Calisir, One Casino — 1 Excel file(s)
[2025-09-23 16:13:23] 📦 23140 | Geijtenbeek-Vink Petra, Bobcasino — 6 Excel file(s)
[2025-09-23 16:13:24] 📦 23142 | Geijtenbeek-Vink Petra, Oranjecasino — 6 Excel file(s)
[2025-09-23 16:13:27] 📦 24718 | (Hilde) Elke Drok, Oranjecasino — 3 Excel file(s)
[2025-09-23 16:13:30] 📦 30096 | Robbie van Heertum, King Billy — 1 Excel file(s)
[2025-09-23 16:13:33] 📦 37644 | Marc Perlo, 888 — 1 Excel file(s)
[2025-09-23 16:13:39] 📦 45032 | Youri Thorig, Casumo — 1 Excel file(s)
[2025-09-23 16:13:41] 📦 21676 | Fabian Wink, CasinoEuro — 2 Excel file(s)
[2025-09-23 16:13:43] 📦 21680 | Fabian Wink, Millionaria — 0 Excel file(s)
[2025-09-23 16:13:44] 📦 21683 | Fabian Wink, OctoCasino — 1 Excel file(s)
[2025-09-23 16:13:45] 📦 21686 | Fabian Wink, Rizk — 2 Excel file(s)
[2025-09-23 16:13:47] 📦 21688 | Fabian Wink, Spinia — 2 Excel file(s)
[2025-09-23 16:13:47] 📦 10180 | Dennis Tjoonk, 888 — 1 Excel file(s)
[2025-09-23 16:13:48] 📄 20000 has no Excel; found 1 PDF(s).
[2025-09-23 16:13:48] 📦 20000 | Michael Hovenga, Bobcasino — 0 Excel file(s)
[2025-09-23 16:13:50] 📦 27583 | Sachs-Wissingh Petra, N1 interactive Ltd. — 2 Excel file(s)
[2025-09-23 16:13:52] 📦 27919 | Koopmans Marc, William Hill — 1 Excel file(s)
[2025-09-23 16:13:53] 📦 11930 | Max van Eijk, William Hill — 1 Excel file(s)
[2025-09-23 16:13:55] 📦 27515 | jacek kowalczyk, Duxcasino — 1 Excel file(s)
[2025-09-23 16:13:59] 📦 37865 | Maurice Van daalen, 888 — 1 Excel file(s)
