[2025-09-26 11:26:00] 🔎 row 758: ✅ accept → dt=2020-04-15 amt=0.00 sign=+0 curr=EUR label=Redeem (type/gateway/descr/drcr/sign) status='rdm_closed'
[2025-09-26 11:26:00] 🔎 row 759: ✅ accept → dt=2020-04-15 amt=0.00 sign=+0 curr=EUR label=Redeem (type/gateway/descr/drcr/sign) status='rdm_closed'
[2025-09-26 11:26:00] 🔎 row 760: ✅ accept → dt=2020-04-13 amt=675.00 sign=+1 curr=EUR label=Redeem (type/gateway/descr/drcr/sign) status='rdm_closed'
[2025-09-26 11:26:00] 🔎 row 761: ✅ accept → dt=2020-04-01 amt=595.00 sign=+1 curr=EUR label=Redeem (type/gateway/descr/drcr/sign) status='rdm_closed'
[2025-09-26 11:26:00] 🔎 row 762: ✅ accept → dt=2020-03-29 amt=118.00 sign=+1 curr=EUR label=Redeem (type/gateway/descr/drcr/sign) status='rdm_closed'
[2025-09-26 11:26:00] 🔎 row 763: ✅ accept → dt=2020-03-26 amt=45.00 sign=+1 curr=EUR label=Redeem (type/gateway/descr/drcr/sign) status='rdm_closed'
[2025-09-26 11:26:00] 🔎 row 764: ✅ accept → dt=2020-03-25 amt=180.00 sign=+1 curr=EUR label=Redeem (type/gateway/descr/drcr/sign) status='rdm_closed'
[2025-09-26 11:26:00] 🔎 row 765: ✅ accept → dt=2020-03-14 amt=96.00 sign=+1 curr=EUR label=Redeem (type/gateway/descr/drcr/sign) status='rdm_closed'
[2025-09-26 11:26:00] 🔎 row 766: ✅ accept → dt=2020-02-26 amt=202.00 sign=+1 curr=EUR label=Redeem (type/gateway/descr/drcr/sign) status='rdm_closed'
[2025-09-26 11:26:00] 🔎 row 767: ✅ accept → dt=2020-02-11 amt=222.00 sign=+1 curr=EUR label=Redeem (type/gateway/descr/drcr/sign) status='rdm_closed'
[2025-09-26 11:26:00] 🔎 row 768: ✅ accept → dt=2020-02-10 amt=0.00 sign=+0 curr=EUR label=Redeem (type/gateway/descr/drcr/sign) status='rdm_closed'
[2025-09-26 11:26:00] 🔎 row 769: ✅ accept → dt=2020-02-07 amt=144.00 sign=+1 curr=EUR label=Redeem (type/gateway/descr/drcr/sign) status='rdm_closed'
[2025-09-26 11:26:00] 🔎 row 770: ✅ accept → dt=2020-02-07 amt=0.00 sign=+0 curr=EUR label=Redeem (type/gateway/descr/drcr/sign) status='rdm_closed'
[2025-09-26 11:26:00] 🔎 row 771: ✅ accept → dt=2020-01-25 amt=0.00 sign=+0 curr=EUR label=Redeem (type/gateway/descr/drcr/sign) status='rdm_closed'
[2025-09-26 11:26:00] 🔎 row 772: ✅ accept → dt=2020-01-24 amt=0.00 sign=+0 curr=EUR label=Redeem (type/gateway/descr/drcr/sign) status='rdm_closed'
[2025-09-26 11:26:00] 🔎 row 773: ✅ accept → dt=2020-01-24 amt=0.00 sign=+0 curr=EUR label=Redeem (type/gateway/descr/drcr/sign) status='rdm_closed'
[2025-09-26 11:26:00] 🔎 row 774: ✅ accept → dt=2020-01-23 amt=440.00 sign=+1 curr=EUR label=Redeem (type/gateway/descr/drcr/sign) status='rdm_closed'
[2025-09-26 11:26:00] 🔎 row 775: ✅ accept → dt=2020-01-23 amt=0.00 sign=+0 curr=EUR label=Redeem (type/gateway/descr/drcr/sign) status='rdm_closed'
[2025-09-26 11:26:00] 🔎 row 776: ✅ accept → dt=2020-01-23 amt=0.00 sign=+0 curr=EUR label=Redeem (type/gateway/descr/drcr/sign) status='rdm_closed'
[2025-09-26 11:26:00] 🔎 row 777: ✅ accept → dt=2020-01-09 amt=160.00 sign=+1 curr=EUR label=Redeem (type/gateway/descr/drcr/sign) status='rdm_closed'
[2025-09-26 11:26:00] 🔎 row 778: ✅ accept → dt=2020-01-08 amt=280.00 sign=+1 curr=EUR label=Redeem (type/gateway/descr/drcr/sign) status='rdm_closed'
[2025-09-26 11:26:00] 🔎 row 779: ✅ accept → dt=2019-12-20 amt=1501.60 sign=+1 curr=EUR label=Redeem (type/gateway/descr/drcr/sign) status='rdm_closed'
[2025-09-26 11:26:00] 🔎 row 780: ✅ accept → dt=2019-12-20 amt=930.00 sign=+1 curr=EUR label=Redeem (type/gateway/descr/drcr/sign) status='rdm_closed'
[2025-09-26 11:26:00] 🔎 row 781: ✅ accept → dt=2019-12-19 amt=0.00 sign=+0 curr=EUR label=Redeem (type/gateway/descr/drcr/sign) status='rdm_closed'
[2025-09-26 11:26:00] 🔎 row 782: ✅ accept → dt=2019-12-12 amt=760.00 sign=+1 curr=EUR label=Redeem (type/gateway/descr/drcr/sign) status='rdm_closed'
[2025-09-26 11:26:00] 🔎 row 783: ✅ accept → dt=2019-11-30 amt=919.00 sign=+1 curr=EUR label=Redeem (type/gateway/descr/drcr/sign) status='rdm_closed'
[2025-09-26 11:26:00] 🔎 row 784: ✅ accept → dt=2019-11-29 amt=0.00 sign=+0 curr=EUR label=Redeem (type/gateway/descr/drcr/sign) status='rdm_closed'
[2025-09-26 11:26:00] 🔎 row 785: ✅ accept → dt=2019-11-24 amt=535.00 sign=+1 curr=EUR label=Redeem (type/gateway/descr/drcr/sign) status='rdm_closed'
[2025-09-26 11:26:00] 🔎 row 786: ✅ accept → dt=2019-11-18 amt=288.00 sign=+1 curr=EUR label=Redeem (type/gateway/descr/drcr/sign) status='rdm_closed'
[2025-09-26 11:26:00] 🔎 row 787: ✅ accept → dt=2019-11-11 amt=100.00 sign=+1 curr=EUR label=Redeem (type/gateway/descr/drcr/sign) status='rdm_closed'
[2025-09-26 11:26:00] 🔎 row 788: ✅ accept → dt=2019-11-11 amt=0.00 sign=+0 curr=EUR label=Redeem (type/gateway/descr/drcr/sign) status='rdm_closed'
[2025-09-26 11:26:00] 🔎 row 789: ✅ accept → dt=2019-10-15 amt=95.25 sign=+1 curr=EUR label=Redeem (type/gateway/descr/drcr/sign) status='rdm_closed'
[2025-09-26 11:26:00] 🔎 row 790: ✅ accept → dt=2019-10-07 amt=0.00 sign=+0 curr=EUR label=Redeem (type/gateway/descr/drcr/sign) status='rdm_closed'
[2025-09-26 11:26:00] 🔎 row 791: ✅ accept → dt=2019-08-19 amt=0.00 sign=+0 curr=EUR label=Redeem (type/gateway/descr/drcr/sign) status='rdm_closed'
[2025-09-26 11:26:00] 🔎 row 792: ✅ accept → dt=2019-08-19 amt=0.00 sign=+0 curr=EUR label=Redeem (type/gateway/descr/drcr/sign) status='rdm_closed'
[2025-09-26 11:26:00] 🔎 row 793: ✅ accept → dt=2019-08-19 amt=0.00 sign=+0 curr=EUR label=Redeem (type/gateway/descr/drcr/sign) status='rdm_closed'
[2025-09-26 11:26:00] 🔎 row 794: ✅ accept → dt=2019-08-19 amt=0.00 sign=+0 curr=EUR label=Redeem (type/gateway/descr/drcr/sign) status='rdm_closed'
[2025-09-26 11:26:00] 🔎 row 795: ✅ accept → dt=2019-08-19 amt=0.00 sign=+0 curr=EUR label=Redeem (type/gateway/descr/drcr/sign) status='rdm_closed'
[2025-09-26 11:26:00] 🔎 row 796: ✅ accept → dt=2019-08-19 amt=0.00 sign=+0 curr=EUR label=Redeem (type/gateway/descr/drcr/sign) status='rdm_closed'
[2025-09-26 11:26:00] 🔎 row 797: ✅ accept → dt=2019-08-19 amt=0.00 sign=+0 curr=EUR label=Redeem (type/gateway/descr/drcr/sign) status='rdm_closed'
[2025-09-26 11:26:00] 🔎 row 798: ✅ accept → dt=2019-08-19 amt=0.00 sign=+0 curr=EUR label=Redeem (type/gateway/descr/drcr/sign) status='rdm_closed'
[2025-09-26 11:26:00] 🔎 row 799: ✅ accept → dt=2019-08-18 amt=8920.00 sign=+1 curr=EUR label=Redeem (type/gateway/descr/drcr/sign) status='rdm_closed'
[2025-09-26 11:26:00] 🔎 row 800: ✅ accept → dt=2019-08-17 amt=1000.00 sign=+1 curr=EUR label=Redeem (type/gateway/descr/drcr/sign) status='rdm_closed'
[2025-09-26 11:26:00] 🔎 row 801: ✅ accept → dt=2019-08-16 amt=2380.00 sign=+1 curr=EUR label=Redeem (type/gateway/descr/drcr/sign) status='rdm_closed'
[2025-09-26 11:26:00] 🔎 row 802: ✅ accept → dt=2019-08-16 amt=0.00 sign=+0 curr=EUR label=Redeem (type/gateway/descr/drcr/sign) status='rdm_closed'
[2025-09-26 11:26:00] 🔎 row 803: ✅ accept → dt=2019-08-16 amt=0.00 sign=+0 curr=EUR label=Redeem (type/gateway/descr/drcr/sign) status='rdm_closed'
[2025-09-26 11:26:00] 🔎 row 804: ✅ accept → dt=2019-08-14 amt=0.00 sign=+0 curr=EUR label=Redeem (type/gateway/descr/drcr/sign) status='rdm_closed'
[2025-09-26 11:26:00] 🔎 row 805: ✅ accept → dt=2019-08-14 amt=0.00 sign=+0 curr=EUR label=Redeem (type/gateway/descr/drcr/sign) status='rdm_closed'
[2025-09-26 11:26:00] 🔎 row 806: ✅ accept → dt=2019-08-14 amt=0.00 sign=+0 curr=EUR label=Redeem (type/gateway/descr/drcr/sign) status='rdm_closed'
[2025-09-26 11:26:00] 🔎 row 807: ✅ accept → dt=2019-08-14 amt=0.00 sign=+0 curr=EUR label=Redeem (type/gateway/descr/drcr/sign) status='rdm_closed'
[2025-09-26 11:26:00] 🔎 row 808: ✅ accept → dt=2019-08-14 amt=0.00 sign=+0 curr=EUR label=Redeem (type/gateway/descr/drcr/sign) status='rdm_closed'
[2025-09-26 11:26:00] 🔎 row 809: ✅ accept → dt=2019-08-13 amt=0.00 sign=+0 curr=EUR label=Redeem (type/gateway/descr/drcr/sign) status='rdm_closed'
[2025-09-26 11:26:00] 🔎 row 810: ✅ accept → dt=2019-08-13 amt=0.00 sign=+0 curr=EUR label=Redeem (type/gateway/descr/drcr/sign) status='rdm_closed'
[2025-09-26 11:26:00] 🔎 row 811: ✅ accept → dt=2019-08-13 amt=0.00 sign=+0 curr=EUR label=Redeem (type/gateway/descr/drcr/sign) status='rdm_closed'
[2025-09-26 11:26:00] 🔎 row 812: ✅ accept → dt=2019-08-13 amt=0.00 sign=+0 curr=EUR label=Redeem (type/gateway/descr/drcr/sign) status='rdm_closed'
[2025-09-26 11:26:00] 🔎 row 813: ✅ accept → dt=2019-08-13 amt=0.00 sign=+0 curr=EUR label=Redeem (type/gateway/descr/drcr/sign) status='rdm_closed'
[2025-09-26 11:26:00] 🔎 row 814: ✅ accept → dt=2019-08-13 amt=0.00 sign=+0 curr=EUR label=Redeem (type/gateway/descr/drcr/sign) status='rdm_closed'
[2025-09-26 11:26:00] 🔎 row 815: ✅ accept → dt=2019-08-13 amt=0.00 sign=+0 curr=EUR label=Redeem (type/gateway/descr/drcr/sign) status='rdm_closed'
[2025-09-26 11:26:00] 🔎 row 816: ✅ accept → dt=2019-08-12 amt=0.00 sign=+0 curr=EUR label=Redeem (type/gateway/descr/drcr/sign) status='rdm_closed'
[2025-09-26 11:26:00] 🔎 row 817: ✅ accept → dt=2019-08-12 amt=0.00 sign=+0 curr=EUR label=Redeem (type/gateway/descr/drcr/sign) status='rdm_closed'
[2025-09-26 11:26:00] 🔎 row 818: ✅ accept → dt=2019-08-12 amt=0.00 sign=+0 curr=EUR label=Redeem (type/gateway/descr/drcr/sign) status='rdm_closed'
[2025-09-26 11:26:00] 🔎 row 819: ✅ accept → dt=2019-08-12 amt=0.00 sign=+0 curr=EUR label=Redeem (type/gateway/descr/drcr/sign) status='rdm_closed'
[2025-09-26 11:26:00] 🔎 row 820: ✅ accept → dt=2019-08-12 amt=0.00 sign=+0 curr=EUR label=Redeem (type/gateway/descr/drcr/sign) status='rdm_closed'
[2025-09-26 11:26:00] 🔎 row 821: ✅ accept → dt=2019-08-11 amt=0.00 sign=+0 curr=EUR label=Redeem (type/gateway/descr/drcr/sign) status='rdm_closed'
[2025-09-26 11:26:00] 🔎 row 822: ✅ accept → dt=2019-08-11 amt=0.00 sign=+0 curr=EUR label=Redeem (type/gateway/descr/drcr/sign) status='rdm_closed'
[2025-09-26 11:26:00] 🔎 row 823: ✅ accept → dt=2019-08-11 amt=0.00 sign=+0 curr=EUR label=Redeem (type/gateway/descr/drcr/sign) status='rdm_closed'
[2025-09-26 11:26:00] 🔎 row 824: ✅ accept → dt=2019-08-11 amt=680.00 sign=+1 curr=EUR label=Redeem (type/gateway/descr/drcr/sign) status='rdm_closed'
[2025-09-26 11:26:00] 🔎 row 825: ✅ accept → dt=2019-08-11 amt=0.00 sign=+0 curr=EUR label=Redeem (type/gateway/descr/drcr/sign) status='rdm_closed'
[2025-09-26 11:26:00] 🔎 row 826: ✅ accept → dt=2019-08-10 amt=0.00 sign=+0 curr=EUR label=Redeem (type/gateway/descr/drcr/sign) status='rdm_closed'
[2025-09-26 11:26:00] 🔎 row 827: ✅ accept → dt=2019-08-10 amt=0.00 sign=+0 curr=EUR label=Redeem (type/gateway/descr/drcr/sign) status='rdm_closed'
[2025-09-26 11:26:00] 🔎 row 828: ✅ accept → dt=2019-08-10 amt=0.00 sign=+0 curr=EUR label=Redeem (type/gateway/descr/drcr/sign) status='rdm_closed'
[2025-09-26 11:26:00] 🔎 row 829: ✅ accept → dt=2019-08-10 amt=0.00 sign=+0 curr=EUR label=Redeem (type/gateway/descr/drcr/sign) status='rdm_closed'
[2025-09-26 11:26:00] 🔎 row 830: ✅ accept → dt=2019-08-10 amt=0.00 sign=+0 curr=EUR label=Redeem (type/gateway/descr/drcr/sign) status='rdm_closed'
[2025-09-26 11:26:00] 🔎 row 831: ✅ accept → dt=2019-08-10 amt=0.00 sign=+0 curr=EUR label=Redeem (type/gateway/descr/drcr/sign) status='rdm_closed'
[2025-09-26 11:26:00] 🔎 row 832: ✅ accept → dt=2019-08-10 amt=0.00 sign=+0 curr=EUR label=Redeem (type/gateway/descr/drcr/sign) status='rdm_closed'
[2025-09-26 11:26:00] 🔎 row 833: ✅ accept → dt=2019-08-10 amt=0.00 sign=+0 curr=EUR label=Redeem (type/gateway/descr/drcr/sign) status='rdm_closed'
[2025-09-26 11:26:00] 🔎 row 834: ✅ accept → dt=2019-08-10 amt=2810.00 sign=+1 curr=EUR label=Redeem (type/gateway/descr/drcr/sign) status='rdm_closed'
[2025-09-26 11:26:00] 🔎 row 835: ✅ accept → dt=2019-08-09 amt=0.00 sign=+0 curr=EUR label=Redeem (type/gateway/descr/drcr/sign) status='rdm_closed'
[2025-09-26 11:26:00] 🔎 row 836: ✅ accept → dt=2019-08-09 amt=0.00 sign=+0 curr=EUR label=Redeem (type/gateway/descr/drcr/sign) status='rdm_closed'
[2025-09-26 11:26:00] 🔎 row 837: ✅ accept → dt=2019-08-09 amt=3500.00 sign=+1 curr=EUR label=Redeem (type/gateway/descr/drcr/sign) status='rdm_closed'
[2025-09-26 11:26:00] 🔎 row 838: ✅ accept → dt=2019-08-09 amt=3002.00 sign=+1 curr=EUR label=Redeem (type/gateway/descr/drcr/sign) status='rdm_closed'
[2025-09-26 11:26:00] 🔎 row 839: ✅ accept → dt=2019-08-08 amt=0.00 sign=+0 curr=EUR label=Redeem (type/gateway/descr/drcr/sign) status='rdm_closed'
[2025-09-26 11:26:00] 🔎 row 840: ✅ accept → dt=2019-08-08 amt=0.00 sign=+0 curr=EUR label=Redeem (type/gateway/descr/drcr/sign) status='rdm_closed'
[2025-09-26 11:26:00] 🔎 row 841: ✅ accept → dt=2019-08-08 amt=0.00 sign=+0 curr=EUR label=Redeem (type/gateway/descr/drcr/sign) status='rdm_closed'
[2025-09-26 11:26:00] 🔎 row 842: ✅ accept → dt=2019-08-08 amt=0.00 sign=+0 curr=EUR label=Redeem (type/gateway/descr/drcr/sign) status='rdm_closed'
[2025-09-26 11:26:00] 🔎 row 843: ✅ accept → dt=2019-08-08 amt=0.00 sign=+0 curr=EUR label=Redeem (type/gateway/descr/drcr/sign) status='rdm_closed'
[2025-09-26 11:26:00] 🔎 row 844: ✅ accept → dt=2019-08-08 amt=0.00 sign=+0 curr=EUR label=Redeem (type/gateway/descr/drcr/sign) status='rdm_closed'
[2025-09-26 11:26:00] 🔎 row 845: ✅ accept → dt=2019-08-08 amt=3460.00 sign=+1 curr=EUR label=Redeem (type/gateway/descr/drcr/sign) status='rdm_closed'
[2025-09-26 11:26:00] 🔎 row 846: ✅ accept → dt=2019-08-08 amt=0.00 sign=+0 curr=EUR label=Redeem (type/gateway/descr/drcr/sign) status='rdm_closed'
[2025-09-26 11:26:00] 🔎 row 847: ✅ accept → dt=2019-08-08 amt=0.00 sign=+0 curr=EUR label=Redeem (type/gateway/descr/drcr/sign) status='rdm_closed'
[2025-09-26 11:26:00] 🔎 row 848: ✅ accept → dt=2019-08-07 amt=0.00 sign=+0 curr=EUR label=Redeem (type/gateway/descr/drcr/sign) status='rdm_closed'
[2025-09-26 11:26:00] 🔎 row 849: ✅ accept → dt=2019-08-07 amt=3800.00 sign=+1 curr=EUR label=Redeem (type/gateway/descr/drcr/sign) status='rdm_closed'
[2025-09-26 11:26:00] 🔎 row 850: ✅ accept → dt=2019-08-05 amt=2455.00 sign=+1 curr=EUR label=Redeem (type/gateway/descr/drcr/sign) status='rdm_closed'
[2025-09-26 11:26:00] 🔎 row 851: ✅ accept → dt=2019-08-05 amt=0.00 sign=+0 curr=EUR label=Redeem (type/gateway/descr/drcr/sign) status='rdm_closed'
[2025-09-26 11:26:00] 🔎 row 852: ✅ accept → dt=2019-08-05 amt=0.00 sign=+0 curr=EUR label=Redeem (type/gateway/descr/drcr/sign) status='rdm_closed'
[2025-09-26 11:26:00] 🔎 row 853: ✅ accept → dt=2019-08-05 amt=0.00 sign=+0 curr=EUR label=Redeem (type/gateway/descr/drcr/sign) status='rdm_closed'
[2025-09-26 11:26:00] 🔎 row 854: ✅ accept → dt=2019-08-05 amt=0.00 sign=+0 curr=EUR label=Redeem (type/gateway/descr/drcr/sign) status='rdm_closed'
[2025-09-26 11:26:00] 🔎 row 855: ✅ accept → dt=2019-08-01 amt=2000.00 sign=+1 curr=EUR label=Redeem (type/gateway/descr/drcr/sign) status='rdm_closed'
[2025-09-26 11:26:00] 🔎 row 856: ✅ accept → dt=2019-08-01 amt=2950.00 sign=+1 curr=EUR label=Redeem (type/gateway/descr/drcr/sign) status='rdm_closed'
[2025-09-26 11:26:00] 🔎 row 857: ✅ accept → dt=2019-07-29 amt=1865.00 sign=+1 curr=EUR label=Redeem (type/gateway/descr/drcr/sign) status='rdm_closed'
[2025-09-26 11:26:00] 🔎 row 858: ✅ accept → dt=2019-07-29 amt=0.00 sign=+0 curr=EUR label=Redeem (type/gateway/descr/drcr/sign) status='rdm_closed'
[2025-09-26 11:26:00] 🔎 row 859: ✅ accept → dt=2019-07-29 amt=0.00 sign=+0 curr=EUR label=Redeem (type/gateway/descr/drcr/sign) status='rdm_closed'
[2025-09-26 11:26:00] 🔎 row 860: ✅ accept → dt=2019-07-29 amt=2000.00 sign=+1 curr=EUR label=Redeem (type/gateway/descr/drcr/sign) status='rdm_closed'
[2025-09-26 11:26:00] 🔎 row 861: ✅ accept → dt=2019-07-29 amt=2265.00 sign=+1 curr=EUR label=Redeem (type/gateway/descr/drcr/sign) status='rdm_closed'
[2025-09-26 11:26:00] 🔎 row 862: ✅ accept → dt=2019-07-29 amt=0.00 sign=+0 curr=EUR label=Redeem (type/gateway/descr/drcr/sign) status='rdm_closed'
[2025-09-26 11:26:00] 🔎 row 863: ✅ accept → dt=2019-07-29 amt=0.00 sign=+0 curr=EUR label=Redeem (type/gateway/descr/drcr/sign) status='rdm_closed'
[2025-09-26 11:26:00] 🔎 row 864: ✅ accept → dt=2019-07-29 amt=0.00 sign=+0 curr=EUR label=Redeem (type/gateway/descr/drcr/sign) status='rdm_closed'
[2025-09-26 11:26:00] 🔎 row 865: ✅ accept → dt=2019-07-29 amt=0.00 sign=+0 curr=EUR label=Redeem (type/gateway/descr/drcr/sign) status='rdm_closed'
[2025-09-26 11:26:00] 🔎 row 866: ✅ accept → dt=2019-07-29 amt=0.00 sign=+0 curr=EUR label=Redeem (type/gateway/descr/drcr/sign) status='rdm_closed'
[2025-09-26 11:26:00] 🔎 row 867: ✅ accept → dt=2019-07-28 amt=0.00 sign=+0 curr=EUR label=Redeem (type/gateway/descr/drcr/sign) status='rdm_closed'
[2025-09-26 11:26:00] 🔎 row 868: ✅ accept → dt=2019-07-28 amt=0.00 sign=+0 curr=EUR label=Redeem (type/gateway/descr/drcr/sign) status='rdm_closed'
[2025-09-26 11:26:00] 🔎 row 869: ✅ accept → dt=2019-07-28 amt=0.00 sign=+0 curr=EUR label=Redeem (type/gateway/descr/drcr/sign) status='rdm_closed'
[2025-09-26 11:26:00] 🔎 row 870: ✅ accept → dt=2019-07-27 amt=0.00 sign=+0 curr=EUR label=Redeem (type/gateway/descr/drcr/sign) status='rdm_closed'
[2025-09-26 11:26:00] 🔎 row 871: ✅ accept → dt=2019-07-27 amt=0.00 sign=+0 curr=EUR label=Redeem (type/gateway/descr/drcr/sign) status='rdm_closed'
[2025-09-26 11:26:00] 🔎 row 872: ✅ accept → dt=2019-07-27 amt=0.00 sign=+0 curr=EUR label=Redeem (type/gateway/descr/drcr/sign) status='rdm_closed'
[2025-09-26 11:26:00] 🔎 row 873: ✅ accept → dt=2019-07-27 amt=0.00 sign=+0 curr=EUR label=Redeem (type/gateway/descr/drcr/sign) status='rdm_closed'
[2025-09-26 11:26:00] 🔎 row 874: ✅ accept → dt=2019-07-27 amt=0.00 sign=+0 curr=EUR label=Redeem (type/gateway/descr/drcr/sign) status='rdm_closed'
[2025-09-26 11:26:00] 🔎 row 875: ✅ accept → dt=2019-07-26 amt=0.00 sign=+0 curr=EUR label=Redeem (type/gateway/descr/drcr/sign) status='rdm_closed'
[2025-09-26 11:26:00] 🔎 row 876: ✅ accept → dt=2019-07-26 amt=0.00 sign=+0 curr=EUR label=Redeem (type/gateway/descr/drcr/sign) status='rdm_closed'
[2025-09-26 11:26:00] 🔎 row 877: ✅ accept → dt=2019-07-26 amt=0.00 sign=+0 curr=EUR label=Redeem (type/gateway/descr/drcr/sign) status='rdm_closed'
[2025-09-26 11:26:00] 🔎 row 878: ✅ accept → dt=2019-07-26 amt=0.00 sign=+0 curr=EUR label=Redeem (type/gateway/descr/drcr/sign) status='rdm_closed'
[2025-09-26 11:26:00] 🔎 row 879: ✅ accept → dt=2019-07-25 amt=0.00 sign=+0 curr=EUR label=Redeem (type/gateway/descr/drcr/sign) status='rdm_closed'
[2025-09-26 11:26:00] 🔎 row 880: ✅ accept → dt=2019-07-24 amt=782.80 sign=+1 curr=EUR label=Redeem (type/gateway/descr/drcr/sign) status='rdm_closed'
[2025-09-26 11:26:00] 🔎 row 881: ✅ accept → dt=2019-07-24 amt=0.00 sign=+0 curr=EUR label=Redeem (type/gateway/descr/drcr/sign) status='rdm_closed'
[2025-09-26 11:26:00] 🔎 row 882: ✅ accept → dt=2019-07-24 amt=0.00 sign=+0 curr=EUR label=Redeem (type/gateway/descr/drcr/sign) status='rdm_closed'
[2025-09-26 11:26:00] 🔎 row 883: ✅ accept → dt=2019-07-24 amt=1000.95 sign=+1 curr=EUR label=Redeem (type/gateway/descr/drcr/sign) status='rdm_closed'
[2025-09-26 11:26:00] 🔎 row 884: ✅ accept → dt=2019-07-23 amt=0.00 sign=+0 curr=EUR label=Redeem (type/gateway/descr/drcr/sign) status='rdm_closed'
[2025-09-26 11:26:00] 🔎 row 885: ✅ accept → dt=2019-07-23 amt=0.00 sign=+0 curr=EUR label=Redeem (type/gateway/descr/drcr/sign) status='rdm_closed'
[2025-09-26 11:26:00] 🔎 row 886: ✅ accept → dt=2019-07-23 amt=0.00 sign=+0 curr=EUR label=Redeem (type/gateway/descr/drcr/sign) status='rdm_closed'
[2025-09-26 11:26:00] 🔎 row 887: ✅ accept → dt=2019-07-23 amt=0.00 sign=+0 curr=EUR label=Redeem (type/gateway/descr/drcr/sign) status='rdm_closed'
[2025-09-26 11:26:00] 🔎 row 888: ✅ accept → dt=2019-07-23 amt=0.00 sign=+0 curr=EUR label=Redeem (type/gateway/descr/drcr/sign) status='rdm_closed'
[2025-09-26 11:26:00] 🔎 row 889: ✅ accept → dt=2019-07-22 amt=0.00 sign=+0 curr=EUR label=Redeem (type/gateway/descr/drcr/sign) status='rdm_closed'
[2025-09-26 11:26:00] 🔎 row 890: ✅ accept → dt=2019-07-22 amt=0.00 sign=+0 curr=EUR label=Redeem (type/gateway/descr/drcr/sign) status='rdm_closed'
[2025-09-26 11:26:00] 🔎 row 891: ✅ accept → dt=2019-07-22 amt=0.00 sign=+0 curr=EUR label=Redeem (type/gateway/descr/drcr/sign) status='rdm_closed'
[2025-09-26 11:26:00] 🔎 row 892: ✅ accept → dt=2019-07-21 amt=0.00 sign=+0 curr=EUR label=Redeem (type/gateway/descr/drcr/sign) status='rdm_closed'
[2025-09-26 11:26:00] 🔎 row 893: ✅ accept → dt=2019-07-21 amt=0.00 sign=+0 curr=EUR label=Redeem (type/gateway/descr/drcr/sign) status='rdm_closed'
[2025-09-26 11:26:00] 🔎 row 894: ✅ accept → dt=2019-07-21 amt=0.00 sign=+0 curr=EUR label=Redeem (type/gateway/descr/drcr/sign) status='rdm_closed'
[2025-09-26 11:26:00] 🔎 row 895: ✅ accept → dt=2019-07-21 amt=1300.30 sign=+1 curr=EUR label=Redeem (type/gateway/descr/drcr/sign) status='rdm_closed'
[2025-09-26 11:26:00] 🔎 row 896: ✅ accept → dt=2019-07-21 amt=0.00 sign=+0 curr=EUR label=Redeem (type/gateway/descr/drcr/sign) status='rdm_closed'
[2025-09-26 11:26:00] 🔎 row 897: ✅ accept → dt=2019-07-20 amt=0.00 sign=+0 curr=EUR label=Redeem (type/gateway/descr/drcr/sign) status='rdm_closed'
[2025-09-26 11:26:00] 🔎 row 898: ✅ accept → dt=2019-07-20 amt=0.00 sign=+0 curr=EUR label=Redeem (type/gateway/descr/drcr/sign) status='rdm_closed'
[2025-09-26 11:26:00] 🔎 row 899: ✅ accept → dt=2019-07-20 amt=0.00 sign=+0 curr=EUR label=Redeem (type/gateway/descr/drcr/sign) status='rdm_closed'
[2025-09-26 11:26:00] 🔎 row 900: ✅ accept → dt=2019-07-20 amt=0.00 sign=+0 curr=EUR label=Redeem (type/gateway/descr/drcr/sign) status='rdm_closed'
[2025-09-26 11:26:00] 🔎 row 901: ✅ accept → dt=2019-07-20 amt=0.00 sign=+0 curr=EUR label=Redeem (type/gateway/descr/drcr/sign) status='rdm_closed'
[2025-09-26 11:26:00] 🔎 row 902: ✅ accept → dt=2019-07-20 amt=0.00 sign=+0 curr=EUR label=Redeem (type/gateway/descr/drcr/sign) status='rdm_closed'
[2025-09-26 11:26:01] 🔎 row 903: ✅ accept → dt=2019-07-20 amt=0.00 sign=+0 curr=EUR label=Redeem (type/gateway/descr/drcr/sign) status='rdm_closed'
[2025-09-26 11:26:01] 🔎 row 904: ✅ accept → dt=2019-07-19 amt=0.00 sign=+0 curr=EUR label=Redeem (type/gateway/descr/drcr/sign) status='rdm_closed'
[2025-09-26 11:26:01] 🔎 row 905: ✅ accept → dt=2019-07-19 amt=0.00 sign=+0 curr=EUR label=Redeem (type/gateway/descr/drcr/sign) status='rdm_closed'
[2025-09-26 11:26:01] 🔎 row 906: ✅ accept → dt=2019-07-19 amt=2196.00 sign=+1 curr=EUR label=Redeem (type/gateway/descr/drcr/sign) status='rdm_closed'
[2025-09-26 11:26:01] 🔎 row 907: ✅ accept → dt=2019-07-19 amt=0.00 sign=+0 curr=EUR label=Redeem (type/gateway/descr/drcr/sign) status='rdm_closed'
[2025-09-26 11:26:01] 🔎 row 908: ✅ accept → dt=2019-07-19 amt=0.00 sign=+0 curr=EUR label=Redeem (type/gateway/descr/drcr/sign) status='rdm_closed'
[2025-09-26 11:26:01] 🔎 row 909: ✅ accept → dt=2019-07-19 amt=0.00 sign=+0 curr=EUR label=Redeem (type/gateway/descr/drcr/sign) status='rdm_closed'
[2025-09-26 11:26:01] 🔎 row 910: ✅ accept → dt=2019-07-19 amt=1000.63 sign=+1 curr=EUR label=Redeem (type/gateway/descr/drcr/sign) status='rdm_closed'
[2025-09-26 11:26:01] 🔎 row 911: ✅ accept → dt=2019-07-18 amt=0.00 sign=+0 curr=EUR label=Redeem (type/gateway/descr/drcr/sign) status='rdm_closed'
[2025-09-26 11:26:01] 🔎 row 912: ✅ accept → dt=2019-07-18 amt=0.00 sign=+0 curr=EUR label=Redeem (type/gateway/descr/drcr/sign) status='rdm_closed'
[2025-09-26 11:26:01] 🔎 row 913: ✅ accept → dt=2019-07-18 amt=0.00 sign=+0 curr=EUR label=Redeem (type/gateway/descr/drcr/sign) status='rdm_closed'
[2025-09-26 11:26:01] 🔎 row 914: ✅ accept → dt=2019-07-17 amt=100.00 sign=+1 curr=EUR label=Redeem (type/gateway/descr/drcr/sign) status='rdm_closed'
[2025-09-26 11:26:01] 🔎 row 915: ✅ accept → dt=2019-07-17 amt=0.00 sign=+0 curr=EUR label=Redeem (type/gateway/descr/drcr/sign) status='rdm_closed'
[2025-09-26 11:26:01] 🔎 row 916: ✅ accept → dt=2019-07-17 amt=0.00 sign=+0 curr=EUR label=Redeem (type/gateway/descr/drcr/sign) status='rdm_closed'
[2025-09-26 11:26:01] 🔎 row 917: ✅ accept → dt=2019-07-17 amt=0.00 sign=+0 curr=EUR label=Redeem (type/gateway/descr/drcr/sign) status='rdm_closed'
[2025-09-26 11:26:01] 🔎 row 918: ✅ accept → dt=2019-07-17 amt=0.00 sign=+0 curr=EUR label=Redeem (type/gateway/descr/drcr/sign) status='rdm_closed'
[2025-09-26 11:26:01] 🔎 row 919: ✅ accept → dt=2019-07-17 amt=0.00 sign=+0 curr=EUR label=Redeem (type/gateway/descr/drcr/sign) status='rdm_closed'
[2025-09-26 11:26:01] 🔎 row 920: ✅ accept → dt=2019-07-17 amt=0.00 sign=+0 curr=EUR label=Redeem (type/gateway/descr/drcr/sign) status='rdm_closed'
[2025-09-26 11:26:01] 🔎 row 921: ✅ accept → dt=2019-07-17 amt=0.00 sign=+0 curr=EUR label=Redeem (type/gateway/descr/drcr/sign) status='rdm_closed'
[2025-09-26 11:26:01] 🔎 row 922: ✅ accept → dt=2019-07-17 amt=0.00 sign=+0 curr=EUR label=Redeem (type/gateway/descr/drcr/sign) status='rdm_closed'
[2025-09-26 11:26:01] 🔎 row 923: ✅ accept → dt=2019-07-17 amt=0.00 sign=+0 curr=EUR label=Redeem (type/gateway/descr/drcr/sign) status='rdm_closed'
[2025-09-26 11:26:01] 🔎 row 924: ✅ accept → dt=2019-07-17 amt=0.00 sign=+0 curr=EUR label=Redeem (type/gateway/descr/drcr/sign) status='rdm_closed'
[2025-09-26 11:26:01] 🔎 row 925: ✅ accept → dt=2019-07-17 amt=0.00 sign=+0 curr=EUR label=Redeem (type/gateway/descr/drcr/sign) status='rdm_closed'
[2025-09-26 11:26:01] 🔎 row 926: ✅ accept → dt=2019-07-16 amt=1000.00 sign=+1 curr=EUR label=Redeem (type/gateway/descr/drcr/sign) status='rdm_closed'
[2025-09-26 11:26:01] 🔎 row 927: ✅ accept → dt=2019-07-16 amt=0.00 sign=+0 curr=EUR label=Redeem (type/gateway/descr/drcr/sign) status='rdm_closed'
[2025-09-26 11:26:01] 🔎 row 928: ✅ accept → dt=2019-07-16 amt=0.00 sign=+0 curr=EUR label=Redeem (type/gateway/descr/drcr/sign) status='rdm_closed'
[2025-09-26 11:26:01] 🔎 row 929: ✅ accept → dt=2019-07-16 amt=0.00 sign=+0 curr=EUR label=Redeem (type/gateway/descr/drcr/sign) status='rdm_closed'
[2025-09-26 11:26:01] 🔎 row 930: ✅ accept → dt=2019-07-15 amt=0.00 sign=+0 curr=EUR label=Redeem (type/gateway/descr/drcr/sign) status='rdm_closed'
[2025-09-26 11:26:01] 🔎 row 931: ✅ accept → dt=2019-07-15 amt=0.00 sign=+0 curr=EUR label=Redeem (type/gateway/descr/drcr/sign) status='rdm_closed'
[2025-09-26 11:26:01] 🔎 row 932: ✅ accept → dt=2019-07-15 amt=0.00 sign=+0 curr=EUR label=Redeem (type/gateway/descr/drcr/sign) status='rdm_closed'
[2025-09-26 11:26:01] 🔎 row 933: ✅ accept → dt=2019-07-12 amt=0.00 sign=+0 curr=EUR label=Redeem (type/gateway/descr/drcr/sign) status='rdm_closed'
[2025-09-26 11:26:01] 🔎 row 934: ✅ accept → dt=2019-07-12 amt=601.50 sign=+1 curr=EUR label=Redeem (type/gateway/descr/drcr/sign) status='rdm_closed'
[2025-09-26 11:26:01] 🔎 row 935: ✅ accept → dt=2019-07-12 amt=0.00 sign=+0 curr=EUR label=Redeem (type/gateway/descr/drcr/sign) status='rdm_closed'
[2025-09-26 11:26:01] 🔎 row 936: ✅ accept → dt=2019-07-12 amt=0.00 sign=+0 curr=EUR label=Redeem (type/gateway/descr/drcr/sign) status='rdm_closed'
[2025-09-26 11:26:01] 🔎 row 937: ✅ accept → dt=2019-07-12 amt=0.00 sign=+0 curr=EUR label=Redeem (type/gateway/descr/drcr/sign) status='rdm_closed'
[2025-09-26 11:26:01] 🔎 row 938: ✅ accept → dt=2019-07-12 amt=0.00 sign=+0 curr=EUR label=Redeem (type/gateway/descr/drcr/sign) status='rdm_closed'
[2025-09-26 11:26:01] 🔎 row 939: ✅ accept → dt=2019-07-12 amt=1400.05 sign=+1 curr=EUR label=Redeem (type/gateway/descr/drcr/sign) status='rdm_closed'
[2025-09-26 11:26:01] 🔎 row 940: ✅ accept → dt=2019-07-12 amt=0.00 sign=+0 curr=EUR label=Redeem (type/gateway/descr/drcr/sign) status='rdm_closed'
[2025-09-26 11:26:01] 🔎 row 941: ✅ accept → dt=2019-07-12 amt=0.00 sign=+0 curr=EUR label=Redeem (type/gateway/descr/drcr/sign) status='rdm_closed'
[2025-09-26 11:26:01] 🔎 row 942: ✅ accept → dt=2019-07-12 amt=0.00 sign=+0 curr=EUR label=Redeem (type/gateway/descr/drcr/sign) status='rdm_closed'
[2025-09-26 11:26:01] 🔎 row 943: ✅ accept → dt=2019-07-12 amt=0.00 sign=+0 curr=EUR label=Redeem (type/gateway/descr/drcr/sign) status='rdm_closed'
[2025-09-26 11:26:01] 🔎 row 944: ✅ accept → dt=2019-07-11 amt=0.00 sign=+0 curr=EUR label=Redeem (type/gateway/descr/drcr/sign) status='rdm_closed'
[2025-09-26 11:26:01] 🔎 row 945: ✅ accept → dt=2019-07-11 amt=366.73 sign=+1 curr=EUR label=Redeem (type/gateway/descr/drcr/sign) status='rdm_closed'
[2025-09-26 11:26:01] 🔎 row 946: ✅ accept → dt=2019-07-11 amt=184.40 sign=+1 curr=EUR label=Redeem (type/gateway/descr/drcr/sign) status='rdm_closed'
[2025-09-26 11:26:01] 🔎 row 947: ✅ accept → dt=2019-07-10 amt=243.50 sign=+1 curr=EUR label=Redeem (type/gateway/descr/drcr/sign) status='rdm_closed'
[2025-09-26 11:26:01] 🔎 row 948: ✅ accept → dt=2019-07-10 amt=0.00 sign=+0 curr=EUR label=Redeem (type/gateway/descr/drcr/sign) status='rdm_closed'
[2025-09-26 11:26:01] 🔎 row 949: ✅ accept → dt=2019-07-10 amt=0.00 sign=+0 curr=EUR label=Redeem (type/gateway/descr/drcr/sign) status='rdm_closed'
[2025-09-26 11:26:01] 🔎 recap: deposits=162004.00, cashouts=132275.71, net=29728.29
[2025-09-26 11:26:01] TA logic: Deposits = 162004.0, Cashouts = 132275.71000000002, Net = 29728.28999999998
[2025-09-26 11:26:01] ✅ Created Payment Summary with 948 rows.
[2025-09-26 11:26:01] ✅ Created styled Summary (Currency → Type → Year) with title row.
[2025-09-26 11:26:01] ✅ Created 'Payment Summary EUR' (0 USD rows converted).
[2025-09-26 11:26:01] ✅ Created 'Summary EUR' (pivot-style Currency → Type → Year).
[2025-09-26 11:26:01] ✅ Finished processing: TA_Adnan Transaction History.xlsx
[2025-09-26 11:26:25] ↪️ No moves selected.
[2025-09-26 11:26:25] ❌ Batch AC dialog failed: '_tkinter.tkapp' object has no attribute '_title_for_deal'
