[2025-09-23 14:27:04] 🔎 SP: Deal 5505 → C:/Sharepoint/Golden-Tech GmbH/LeadDocuments - Casino Germany - Documents\5505 - Kevin Van uden, Bobcasino
[2025-09-23 14:27:04]    ↳ SP matches:
[2025-09-23 14:27:04]       - Checked_IB_Bobcasino_Kevin Van uden.xlsx
[2025-09-23 14:27:04] 🚫 SP: Found Checked_* file(s) for deal 5505 — filtering out.
[2025-09-23 14:27:09] 🔎 SP: Deal 5507 → C:/Sharepoint/Golden-Tech GmbH/LeadDocuments - Casino Germany - Documents\5507 - Kevin Van uden, Crazy Fox
[2025-09-23 14:27:09]    ↳ SP matches:
[2025-09-23 14:27:09]       - Checked_IB_Crazy Fox_Kevin Van uden.xlsx
[2025-09-23 14:27:09] 🚫 SP: Found Checked_* file(s) for deal 5507 — filtering out.
[2025-09-23 14:27:11] 🔎 SP: Deal 25362 → C:/Sharepoint/Golden-Tech GmbH/LeadDocuments - Casino Germany - Documents\25362 - Benjamin Oderkerk, Krooncasino
[2025-09-23 14:27:11] ✅ SP: No Checked_* files for deal 25362.
[2025-09-23 14:27:13] 🔎 SP: Deal 28066 → C:/Sharepoint/Golden-Tech GmbH/LeadDocuments - Casino Germany - Documents\28066 - Jelle Veenvliet, 888
[2025-09-23 14:27:13] ✅ SP: No Checked_* files for deal 28066.
[2025-09-23 14:27:17] 🔎 SP: Deal 5636 → C:/Sharepoint/Golden-Tech GmbH/LeadDocuments - Casino Germany - Documents\5636 - Daniel Coen, King Billy
[2025-09-23 14:27:17]    ↳ SP matches:
[2025-09-23 14:27:17]       - Checked_IB_King Billy_Daniel Coen.xlsx
[2025-09-23 14:27:17] 🚫 SP: Found Checked_* file(s) for deal 5636 — filtering out.
[2025-09-23 14:27:18] 🔎 SP: Deal 15068 → C:/Sharepoint/Golden-Tech GmbH/LeadDocuments - Casino Germany - Documents\15068 - Kursad Budak, Spinia
[2025-09-23 14:27:18]    ↳ SP matches:
[2025-09-23 14:27:18]       - Checked_IB_Spinia_Kursad Budak.xlsx
[2025-09-23 14:27:18] 🚫 SP: Found Checked_* file(s) for deal 15068 — filtering out.
[2025-09-23 14:27:19] 🔎 SP: Deal 15690 → C:/Sharepoint/Golden-Tech GmbH/LeadDocuments - Casino Germany - Documents\15690 - Mirwais Sefati, One Casino
[2025-09-23 14:27:19] ✅ SP: No Checked_* files for deal 15690.
[2025-09-23 14:27:21] 🔎 SP: Deal 29951 → C:/Sharepoint/Golden-Tech GmbH/LeadDocuments - Casino Germany - Documents\29951 - Lukasz Władysław Bogusz Bogusz, One Casino
[2025-09-23 14:27:21] ✅ SP: No Checked_* files for deal 29951.
[2025-09-23 14:27:23] 🔎 SP: Deal 29952 → C:/Sharepoint/Golden-Tech GmbH/LeadDocuments - Casino Germany - Documents\29952 - Lukasz Władysław Bogusz Bogusz, Rizk
[2025-09-23 14:27:23]    ↳ SP matches:
[2025-09-23 14:27:23]       - Checked_IB_Rizk_Lukasz Władysław Bogusz Bogusz.xlsx
[2025-09-23 14:27:23] 🚫 SP: Found Checked_* file(s) for deal 29952 — filtering out.
[2025-09-23 14:27:27] 🔎 SP: Deal 40804 → C:/Sharepoint/Golden-Tech GmbH/LeadDocuments - Casino Germany - Documents\40804 - Daan Pouw, MasonSlots
[2025-09-23 14:27:27]    ↳ SP matches:
[2025-09-23 14:27:27]       - Checked_IB_MasonSlots_Daan Pouw.xlsx
[2025-09-23 14:27:27] 🚫 SP: Found Checked_* file(s) for deal 40804 — filtering out.
[2025-09-23 14:27:29] 🔎 SP: Deal 2528 → C:/Sharepoint/Golden-Tech GmbH/LeadDocuments - Casino Germany - Documents\2528 - Sjaak Bijman, 888
[2025-09-23 14:27:29] ✅ SP: No Checked_* files for deal 2528.
[2025-09-23 14:27:32] 🔎 SP: Deal 4058 → C:/Sharepoint/Golden-Tech GmbH/LeadDocuments - Casino Germany - Documents\4058 - Rick van Beuningen, 888
[2025-09-23 14:27:32] ✅ SP: No Checked_* files for deal 4058.
[2025-09-23 14:27:35] 🔎 SP: Deal 4062 → C:/Sharepoint/Golden-Tech GmbH/LeadDocuments - Casino Germany - Documents\4062 - Rick van Beuningen, LeoVegas
[2025-09-23 14:27:35]    ↳ SP matches:
[2025-09-23 14:27:35]       - Checked_IB_LeoVegas_Rick van Beuningen.xlsx
[2025-09-23 14:27:35] 🚫 SP: Found Checked_* file(s) for deal 4062 — filtering out.
[2025-09-23 14:27:40] 🔎 SP: Deal 5571 → C:/Sharepoint/Golden-Tech GmbH/LeadDocuments - Casino Germany - Documents\5571 - Roy Timmermans, Bobcasino
[2025-09-23 14:27:40]    ↳ SP matches:
[2025-09-23 14:27:40]       - Checked_IB_Bobcasino_Roy Timmermans.xlsx
[2025-09-23 14:27:40] 🚫 SP: Found Checked_* file(s) for deal 5571 — filtering out.
[2025-09-23 14:27:45] 🔎 SP: Deal 6565 → C:/Sharepoint/Golden-Tech GmbH/LeadDocuments - Casino Germany - Documents\6565 - Bertus Stik, PokerStars
[2025-09-23 14:27:45]    ↳ SP matches:
[2025-09-23 14:27:45]       - Checked_TA_Pokerstars-6565-Report 2.xlsx
[2025-09-23 14:27:45] 🚫 SP: Found Checked_* file(s) for deal 6565 — filtering out.
[2025-09-23 14:27:50] 🔎 SP: Deal 7175 → C:/Sharepoint/Golden-Tech GmbH/LeadDocuments - Casino Germany - Documents\7175 - Gok Gulveli, Bobcasino
[2025-09-23 14:27:50]    ↳ SP matches:
[2025-09-23 14:27:50]       - Checked_IB_Bobcasino_Gok Gulveli.xlsx
[2025-09-23 14:27:50] 🚫 SP: Found Checked_* file(s) for deal 7175 — filtering out.
[2025-09-23 14:27:56] 🔎 SP: Deal 9698 → C:/Sharepoint/Golden-Tech GmbH/LeadDocuments - Casino Germany - Documents\9698 - Jordy Degeling, LeoVegas
[2025-09-23 14:27:56]    ↳ SP matches:
[2025-09-23 14:27:56]       - Checked_IB_LeoVegas_Jordy Degeling.xlsx
[2025-09-23 14:27:56] 🚫 SP: Found Checked_* file(s) for deal 9698 — filtering out.
[2025-09-23 14:27:56] 🔎 SP: Deal 11789 → C:/Sharepoint/Golden-Tech GmbH/LeadDocuments - Casino Germany - Documents\11789 - Gijsbert Dompeling, William Hill
[2025-09-23 14:27:56] ✅ SP: No Checked_* files for deal 11789.
[2025-09-23 14:27:58] 🔎 SP: Deal 24744 → C:/Sharepoint/Golden-Tech GmbH/LeadDocuments - Casino Germany - Documents\24744 - Sebastiaan van der Meulen, Royal Panda
[2025-09-23 14:27:58]    ↳ SP matches:
[2025-09-23 14:27:58]       - Checked_IB_Royal Panda_Sebastiaan van der Meulen.xlsx
[2025-09-23 14:27:58] 🚫 SP: Found Checked_* file(s) for deal 24744 — filtering out.
