[2025-09-23 16:12:01] 🚫 IT: 'Checked' note for 45549 — dropping.
[2025-09-23 16:12:01]     ↳ first line: Checked (7.7.2025)
[2025-09-23 16:12:01]     ↳ preview: Checked (7.7.2025)
[2025-09-23 16:12:08] 🚫 IT: 'Checked' note for 15575 — dropping.
[2025-09-23 16:12:08]     ↳ first line: Checked (28.02.2025)
[2025-09-23 16:12:08]     ↳ preview: Checked (28.02.2025)
[2025-09-23 16:12:08] 🚫 IT: 'Checked' note for 2442 — dropping.
[2025-09-23 16:12:08]     ↳ first line: Checked (2.20.2025)
[2025-09-23 16:12:08]     ↳ preview: Checked (2.20.2025)
[2025-09-23 16:12:08] 🚫 IT: 'Checked' note for 2446 — dropping.
[2025-09-23 16:12:08]     ↳ first line: Checked (7.7.2025)
[2025-09-23 16:12:08]     ↳ preview: Checked (7.7.2025)
[2025-09-23 16:12:08] 🚫 IT: 'Checked' note for 2447 — dropping.
[2025-09-23 16:12:08]     ↳ first line: Checked (2.20.2025)
[2025-09-23 16:12:08]     ↳ preview: Checked (2.20.2025)  Amount is below 1.000 EUR
[2025-09-23 16:12:11] 🚫 IT: 'Checked' note for 2451 — dropping.
[2025-09-23 16:12:11]     ↳ first line: Checked (2.20.2025)
[2025-09-23 16:12:11]     ↳ preview: Checked (2.20.2025)  Amount is below than 1000 EUR
[2025-09-23 16:12:11] 🚫 IT: 'Checked' note for 4822 — dropping.
[2025-09-23 16:12:11]     ↳ first line: Checked (24.02.2025)
[2025-09-23 16:12:11]     ↳ preview: Checked (24.02.2025)  Amount is below 1000 EUR
[2025-09-23 16:12:11] 🚫 IT: 'Checked' note for 7171 — dropping.
[2025-09-23 16:12:11]     ↳ first line: Checked (24.02.2025)
[2025-09-23 16:12:11]     ↳ preview: Checked (24.02.2025)
[2025-09-23 16:12:11] 🚫 IT: 'Checked' note for 13167 — dropping.
[2025-09-23 16:12:11]     ↳ first line: Checked (27.02.2025)
[2025-09-23 16:12:11]     ↳ preview: Checked (27.02.2025)  Amount is below 1000 EUR
[2025-09-23 16:12:11] 🚫 SP: Checked_* file(s) present for 13202 — dropping.
[2025-09-23 16:12:11] 🚫 IT: 'Checked' note for 13509 — dropping.
[2025-09-23 16:12:11]     ↳ first line: Checked (27.02.2025)
[2025-09-23 16:12:11]     ↳ preview: Checked (27.02.2025)  Amount is below 1000 EUR
[2025-09-23 16:12:11] 🚫 IT: 'Checked' note for 15176 — dropping.
[2025-09-23 16:12:11]     ↳ first line: Checked (28.02.2025)
[2025-09-23 16:12:11]     ↳ preview: Checked (28.02.2025)  Amount is below 1000 EUR
[2025-09-23 16:12:11] 🚫 IT: 'Checked' note for 20942 — dropping.
[2025-09-23 16:12:11]     ↳ first line: Checked (28.02.2025)
[2025-09-23 16:12:11]     ↳ preview: Checked (28.02.2025)  Amount is below 1000 EUR
[2025-09-23 16:12:11] 🚫 IT: 'Checked' note for 21477 — dropping.
[2025-09-23 16:12:11]     ↳ first line: Checked (28.02.2025)
[2025-09-23 16:12:11]     ↳ preview: Checked (28.02.2025)  Amount is below 1000 EUR
[2025-09-23 16:12:11] 🚫 IT: 'Checked' note for 25253 — dropping.
[2025-09-23 16:12:11]     ↳ first line: Checked (28.02.2025)
[2025-09-23 16:12:11]     ↳ preview: Checked (28.02.2025)
[2025-09-23 16:12:13] 🚫 IT: 'Checked' note for 30247 — dropping.
[2025-09-23 16:12:13]     ↳ first line: Checked (28.02.2025)
[2025-09-23 16:12:13]     ↳ preview: Checked (28.02.2025)
[2025-09-23 16:12:29] 🚫 IT: 'Checked' note for 28624 — dropping.
[2025-09-23 16:12:29]     ↳ first line: Checked (28.02.2025)
[2025-09-23 16:12:29]     ↳ preview: Checked (28.02.2025)
[2025-09-23 16:12:29] 🚫 IT: 'Checked' note for 3262 — dropping.
[2025-09-23 16:12:29]     ↳ first line: Checked (2.24.2025)
[2025-09-23 16:12:29]     ↳ preview: Checked (2.24.2025)  Amount is Below 1000 EUR
[2025-09-23 16:12:42] 🚫 IT: 'Checked' note for 10024 — dropping.
[2025-09-23 16:12:42]     ↳ first line: Checked (10.03.2025)
[2025-09-23 16:12:42]     ↳ preview: Checked (10.03.2025)
[2025-09-23 16:12:42] 🚫 IT: 'Checked' note for 14926 — dropping.
[2025-09-23 16:12:42]     ↳ first line: Checked (28.02.2025)
[2025-09-23 16:12:42]     ↳ preview: Checked (28.02.2025)
[2025-09-23 16:12:43] 🚫 IT: 'Checked' note for 19891 — dropping.
[2025-09-23 16:12:43]     ↳ first line: Checked (28.02.2025)
[2025-09-23 16:12:43]     ↳ preview: Checked (28.02.2025)  Amount is below 1000 EUR
[2025-09-23 16:12:43] 🚫 IT: 'Checked' note for 19893 — dropping.
[2025-09-23 16:12:43]     ↳ first line: Checked (28.02.2025)
[2025-09-23 16:12:43]     ↳ preview: Checked (28.02.2025)  Amount is below 1000 EUR
[2025-09-23 16:12:43] 🚫 IT: 'Checked' note for 20252 — dropping.
[2025-09-23 16:12:43]     ↳ first line: Checked (17.03.2025)
[2025-09-23 16:12:43]     ↳ preview: Checked (17.03.2025)
[2025-09-23 16:12:43] 🚫 IT: 'Checked' note for 20670 — dropping.
[2025-09-23 16:12:43]     ↳ first line: Checked (28.02.2025)
[2025-09-23 16:12:43]     ↳ preview: Checked (28.02.2025)
[2025-09-23 16:12:46] 🚫 IT: 'Checked' note for 29741 — dropping.
[2025-09-23 16:12:46]     ↳ first line: Checked (28.02.2025)
[2025-09-23 16:12:46]     ↳ preview: Checked (28.02.2025)
[2025-09-23 16:12:46] 🚫 IT: 'Checked' note for 29998 — dropping.
[2025-09-23 16:12:46]     ↳ first line: Checked (7.7.2025)
[2025-09-23 16:12:46]     ↳ preview: Checked (7.7.2025)  Amount is below 1000 EUR
[2025-09-23 16:12:46] 🚫 IT: 'Checked' note for 25929 — dropping.
[2025-09-23 16:12:46]     ↳ first line: Checked (28.02.2025)
[2025-09-23 16:12:46]     ↳ preview: Checked (28.02.2025)  Amount is below 1000 EUR
[2025-09-23 16:12:46] 🚫 IT: 'Checked' note for 25930 — dropping.
[2025-09-23 16:12:46]     ↳ first line: Checked (28.02.2025)
[2025-09-23 16:12:46]     ↳ preview: Checked (28.02.2025)  Amount is below 1000 EUR
[2025-09-23 16:12:46] 🚫 IT: 'Checked' note for 25931 — dropping.
[2025-09-23 16:12:46]     ↳ first line: Checked (28.02.2025)
[2025-09-23 16:12:46]     ↳ preview: Checked (28.02.2025)
