[2025-09-23 15:55:00] 📦 24718 | (Hilde) Elke Drok, Oranjecasino — 3 Excel file(s)
[2025-09-23 15:55:02] 📦 30096 | Robbie van Heertum, King Billy — 1 Excel file(s)
[2025-09-23 15:55:05] 📄 37644 has no Excel; found 3 PDF(s).
[2025-09-23 15:55:05] 📦 37644 | Marc Perlo, 888 — 0 Excel file(s)
[2025-09-23 15:55:09] 📄 45032 has no Excel; found 3 PDF(s).
[2025-09-23 15:55:09] 📦 45032 | Youri Thorig, Casumo — 0 Excel file(s)
[2025-09-23 15:55:10] 📦 21676 | Fabian Wink, CasinoEuro — 2 Excel file(s)
[2025-09-23 15:55:11] 📦 21680 | Fabian Wink, Millionaria — 0 Excel file(s)
[2025-09-23 15:55:12] 📄 21683 has no Excel; found 1 PDF(s).
[2025-09-23 15:55:12] 📦 21683 | Fabian Wink, OctoCasino — 0 Excel file(s)
[2025-09-23 15:55:13] 📦 21686 | Fabian Wink, Rizk — 2 Excel file(s)
[2025-09-23 15:55:14] 📦 21688 | Fabian Wink, Spinia — 2 Excel file(s)
[2025-09-23 15:55:14] 📄 10180 has no Excel; found 2 PDF(s).
[2025-09-23 15:55:15] 📦 10180 | Dennis Tjoonk, 888 — 0 Excel file(s)
[2025-09-23 15:55:15] 📄 20000 has no Excel; found 1 PDF(s).
[2025-09-23 15:55:15] 📦 20000 | Michael Hovenga, Bobcasino — 0 Excel file(s)
[2025-09-23 15:55:17] 📦 27583 | Sachs-Wissingh Petra, N1 interactive Ltd. — 2 Excel file(s)
[2025-09-23 15:55:19] 📄 27919 has no Excel; found 3 PDF(s).
[2025-09-23 15:55:19] 📦 27919 | Koopmans Marc, William Hill — 0 Excel file(s)
[2025-09-23 15:55:19] 📄 11930 has no Excel; found 2 PDF(s).
[2025-09-23 15:55:19] 📦 11930 | Max van Eijk, William Hill — 0 Excel file(s)
[2025-09-23 15:55:20] 📄 27515 has no Excel; found 2 PDF(s).
[2025-09-23 15:55:20] 📦 27515 | jacek kowalczyk, Duxcasino — 0 Excel file(s)
[2025-09-23 15:55:23] 📄 37865 has no Excel; found 5 PDF(s).
[2025-09-23 15:55:23] 📦 37865 | Maurice Van daalen, 888 — 0 Excel file(s)
[2025-09-23 15:55:25] 📦 25362 | Benjamin Oderkerk, Krooncasino — 2 Excel file(s)
[2025-09-23 15:55:26] 📦 28066 | Jelle Veenvliet, 888 — 1 Excel file(s)
[2025-09-23 15:55:27] 📦 15690 | Mirwais Sefati, One Casino — 3 Excel file(s)
[2025-09-23 15:55:28] 📦 29951 | Lukasz Władysław Bogusz Bogusz, One Casino — 1 Excel file(s)
[2025-09-23 15:55:30] 📄 2528 has no Excel; found 6 PDF(s).
[2025-09-23 15:55:30] 📦 2528 | Jacobus Petrus (Sjaak) Bijman, 888 — 0 Excel file(s)
[2025-09-23 15:55:33] 📄 4058 has no Excel; found 7 PDF(s).
[2025-09-23 15:55:33] 📦 4058 | Rick van Beuningen, 888 — 0 Excel file(s)
[2025-09-23 15:55:33] 📄 11789 has no Excel; found 9 PDF(s).
[2025-09-23 15:55:34] 📦 11789 | Gijsbert Dompeling, William Hill — 0 Excel file(s)
[2025-09-23 15:55:39] 📄 6720 has no Excel; found 2 PDF(s).
[2025-09-23 15:55:39] 📦 6720 | Christian Hokse, Dreamz — 0 Excel file(s)
[2025-09-23 15:55:44] 📄 8076 has no Excel; found 1 PDF(s).
[2025-09-23 15:55:44] 📦 8076 | Franklin Leurs Leurs, Pino Casino — 0 Excel file(s)
[2025-09-23 15:55:45] 📦 17052 | Jordi Stoffels, MasonSlots — 3 Excel file(s)
[2025-09-23 15:55:46] 📄 18986 has no Excel; found 1 PDF(s).
[2025-09-23 15:55:46] 📦 18986 | Demy Toornstra, One Casino — 0 Excel file(s)
[2025-09-23 15:55:47] 📦 19547 | David Hol, Betsson — 1 Excel file(s)
[2025-09-23 15:55:49] 📄 28311 has no Excel; found 2 PDF(s).
[2025-09-23 15:55:49] 📦 28311 | gino spijkers, 888 — 0 Excel file(s)
[2025-09-23 15:55:49] 📦 12113 | lamin sanha, BWIN — 3 Excel file(s)
[2025-09-23 15:55:50] 📄 26566 has no Excel; found 1 PDF(s).
[2025-09-23 15:55:50] 📦 26566 | Johannes Franciscus van Mierlo, Crazy Fox — 0 Excel file(s)
[2025-09-23 15:55:53] 📦 37816 | Ricardo Keur, PokerStars — 3 Excel file(s)
[2025-09-23 15:55:57] 📦 51743 | huseyin tercan, N1 interactive Ltd — 2 Excel file(s)
[2025-09-23 15:55:59] 📦 2450 | Roel Hermans, William Hill — 1 Excel file(s)
