[2025-09-03 11:43:01] Cleared all files.
[2025-09-03 11:43:09] ➕ Added 1 file(s).
[2025-09-03 11:43:11] 📄 Processing TA_Pokerstars (20).xlsx in checking Mode...
[2025-09-03 11:43:15] ✔ Deposit sheets: ['Sheet3']
[2025-09-03 11:43:15] ✔ Cashout sheets: ['Sheet3']
[2025-09-03 11:43:15] ℹ️ Same sheet in both lists → will parse once as combined: ['Sheet3']
[2025-09-03 11:43:15] ✅ Detected header row at Excel row 1: ['Date/Time', 'Type', 'TransId', 'Account Currency', 'Account', 'Currency', 'Billing', 'Amount', 'Balance', 'GateWay', 'Descriptor', 'Original Trans']
[2025-09-03 11:43:15] 🧭 Columns: amount=7, currency=3, type=1, ref_date=0, conf_date=None, status=None, gateway=9, descr=None, drcr=None
[2025-09-03 11:43:15] TA logic: Deposits = 10055.19, Cashouts = 322.91, Net = 9732.28
[2025-09-03 11:43:15] ✅ Created Payment Summary with 460 rows.
[2025-09-03 11:43:15] ✅ Created Summary sheet (Currency → Type → Year).
[2025-09-03 11:43:15] ✅ Created styled Summary (Currency → Type → Year) with title row.
[2025-09-03 11:43:15] 🌍 FX USD→EUR 2017 (2017-01-02…2017-12-12) avg = 0.887175
[2025-09-03 11:43:15] 🌍 FX USD→EUR 2018 (2018-01-02…2018-12-08) avg = 0.845036
[2025-09-03 11:43:15] 🌍 FX USD→EUR 2019 (2019-01-07…2019-12-09) avg = 0.893165
[2025-09-03 11:43:15] 🌍 FX USD→EUR 2020 (2020-01-01…2020-12-12) avg = 0.878758
[2025-09-03 11:43:15] 🌍 FX USD→EUR 2021 (2021-01-08…2021-12-09) avg = 0.843553
[2025-09-03 11:43:15] ✅ Created 'Payment Summary EUR' (439 USD rows converted).
[2025-09-03 11:43:15] ✅ Created 'Summary EUR' (pivot-style Currency → Type → Year).
[2025-09-03 11:43:15] 🧾 Final claim value (from Payment Summary): 9732.28
[2025-09-03 11:43:15] ✅ Finished processing: TA_Pokerstars (20).xlsx
