[2025-09-23 14:30:00] 🔎 SP: Deal 28555 → C:/Sharepoint/Golden-Tech GmbH/LeadDocuments - Casino Germany - Documents\28555 - Wollrabe Marcel, One Casino
[2025-09-23 14:30:00] ✅ SP: No Checked_* files for deal 28555.
[2025-09-23 14:30:03] 🔎 SP: Deal 28624 → C:/Sharepoint/Golden-Tech GmbH/LeadDocuments - Casino Germany - Documents\28624 - Vincent Hoekman, Rizk
[2025-09-23 14:30:03]    ↳ SP matches:
[2025-09-23 14:30:03]       - Checked_IB_Rizk, Guts_Vincent Hoekman.xlsx
[2025-09-23 14:30:03] 🚫 SP: Found Checked_* file(s) for deal 28624 — filtering out.
[2025-09-23 14:30:05] 🔎 SP: Deal 3262 → C:/Sharepoint/Golden-Tech GmbH/LeadDocuments - Casino Germany - Documents\3262 - Tarik Benamar, MasonSlots
[2025-09-23 14:30:05]    ↳ SP matches:
[2025-09-23 14:30:05]       - Checked_IB_MasonSlots_Tarik Benamar.xlsx
[2025-09-23 14:30:05] 🚫 SP: Found Checked_* file(s) for deal 3262 — filtering out.
[2025-09-23 14:30:11] 🔎 SP: Deal 6844 → C:/Sharepoint/Golden-Tech GmbH/LeadDocuments - Casino Germany - Documents\6844 - Daniel van der Bent, Spinia
[2025-09-23 14:30:11] ✅ SP: No Checked_* files for deal 6844.
[2025-09-23 14:30:11] 🔎 SP: Deal 10024 → C:/Sharepoint/Golden-Tech GmbH/LeadDocuments - Casino Germany - Documents\10024 - Alexander Laarman, LeoVegas
[2025-09-23 14:30:11]    ↳ SP matches:
[2025-09-23 14:30:11]       - Checked_IB_LeoVegas_Alexander Laarman.xlsx
[2025-09-23 14:30:11] 🚫 SP: Found Checked_* file(s) for deal 10024 — filtering out.
[2025-09-23 14:30:12] 🔎 SP: Deal 14926 → C:/Sharepoint/Golden-Tech GmbH/LeadDocuments - Casino Germany - Documents\14926 - Helene van der Meer, Spinia
[2025-09-23 14:30:12]    ↳ SP matches:
[2025-09-23 14:30:12]       - Checked_IB_Spinia_Helene van der Meer.xlsx
[2025-09-23 14:30:12] 🚫 SP: Found Checked_* file(s) for deal 14926 — filtering out.
[2025-09-23 14:30:12] 🔎 SP: Deal 16578 → C:/Sharepoint/Golden-Tech GmbH/LeadDocuments - Casino Germany - Documents\16578 - Robin Nawijn, N1 Casino
[2025-09-23 14:30:12] ✅ SP: No Checked_* files for deal 16578.
[2025-09-23 14:30:13] 🔎 SP: Deal 19891 → C:/Sharepoint/Golden-Tech GmbH/LeadDocuments - Casino Germany - Documents\19891 - Kaj van Wamel, N1 Casino
[2025-09-23 14:30:13]    ↳ SP matches:
[2025-09-23 14:30:13]       - Checked_IB_N1 Casino_Kaj van Wamel.xlsx
[2025-09-23 14:30:13] 🚫 SP: Found Checked_* file(s) for deal 19891 — filtering out.
[2025-09-23 14:30:14] 🔎 SP: Deal 19893 → C:/Sharepoint/Golden-Tech GmbH/LeadDocuments - Casino Germany - Documents\19893 - Kaj van Wamel, Slothunter
[2025-09-23 14:30:14]    ↳ SP matches:
[2025-09-23 14:30:14]       - Checked_IB_Slothunter_Kaj van Wamel.xlsx
[2025-09-23 14:30:14] 🚫 SP: Found Checked_* file(s) for deal 19893 — filtering out.
[2025-09-23 14:30:15] 🔎 SP: Deal 20252 → C:/Sharepoint/Golden-Tech GmbH/LeadDocuments - Casino Germany - Documents\20252 - Nick Bottenheft, Krooncasino
[2025-09-23 14:30:15]    ↳ SP matches:
[2025-09-23 14:30:15]       - Checked_IB_Krooncasino_Nick Bottenheft.xlsx
[2025-09-23 14:30:15] 🚫 SP: Found Checked_* file(s) for deal 20252 — filtering out.
[2025-09-23 14:30:16] 🔎 SP: Deal 20670 → C:/Sharepoint/Golden-Tech GmbH/LeadDocuments - Casino Germany - Documents\20670 - Michael Smit, Cookie Casino
[2025-09-23 14:30:16]    ↳ SP matches:
[2025-09-23 14:30:16]       - Checked_IB_Cookie Casino_Michael Smit.xlsx
[2025-09-23 14:30:16] 🚫 SP: Found Checked_* file(s) for deal 20670 — filtering out.
[2025-09-23 14:30:17] 🔎 SP: Deal 24979 → C:/Sharepoint/Golden-Tech GmbH/LeadDocuments - Casino Germany - Documents\24979 - Senno Michel, Betsafe
[2025-09-23 14:30:17] ✅ SP: No Checked_* files for deal 24979.
[2025-09-23 14:30:19] 🔎 SP: Deal 29741 → C:/Sharepoint/Golden-Tech GmbH/LeadDocuments - Casino Germany - Documents\29741 - timo neijts, Cookie Casino
[2025-09-23 14:30:19]    ↳ SP matches:
[2025-09-23 14:30:19]       - Checked_IB_Cookie Casino_timo neijts.xlsx
[2025-09-23 14:30:19] 🚫 SP: Found Checked_* file(s) for deal 29741 — filtering out.
[2025-09-23 14:30:22] 🔎 SP: Deal 29998 → C:/Sharepoint/Golden-Tech GmbH/LeadDocuments - Casino Germany - Documents\29998 - Nasrudin Abdulkadir ahmed, Cookie Casino
[2025-09-23 14:30:22]    ↳ SP matches:
[2025-09-23 14:30:22]       - Checked_IB_Cookie Casino_Nasrudin Abdulkadir ahmed.xlsx
[2025-09-23 14:30:22] 🚫 SP: Found Checked_* file(s) for deal 29998 — filtering out.
[2025-09-23 14:30:24] 🔎 SP: Deal 25929 → C:/Sharepoint/Golden-Tech GmbH/LeadDocuments - Casino Germany - Documents\25929 - Fabian Wink, Casino Kakadu
[2025-09-23 14:30:24]    ↳ SP matches:
[2025-09-23 14:30:24]       - Checked_IB_Casino Kakadu_Fabian Wink.xlsx
[2025-09-23 14:30:24] 🚫 SP: Found Checked_* file(s) for deal 25929 — filtering out.
[2025-09-23 14:30:25] 🔎 SP: Deal 25930 → C:/Sharepoint/Golden-Tech GmbH/LeadDocuments - Casino Germany - Documents\25930 - Fabian Wink, Duxcasino
[2025-09-23 14:30:25]    ↳ SP matches:
[2025-09-23 14:30:25]       - Checked_IB_Duxcasino_Fabian Wink.xlsx
[2025-09-23 14:30:25] 🚫 SP: Found Checked_* file(s) for deal 25930 — filtering out.
[2025-09-23 14:30:26] 🔎 SP: Deal 25931 → C:/Sharepoint/Golden-Tech GmbH/LeadDocuments - Casino Germany - Documents\25931 - Fabian Wink, Oranjecasino
[2025-09-23 14:30:26]    ↳ SP matches:
[2025-09-23 14:30:26]       - Checked_IB_Oranjecasino_Fabian Wink.xlsx
[2025-09-23 14:30:26] 🚫 SP: Found Checked_* file(s) for deal 25931 — filtering out.
[2025-09-23 14:30:27] 🔎 SP: Deal 22709 → C:/Sharepoint/Golden-Tech GmbH/LeadDocuments - Casino Germany - Documents\22709 - Steven Tavernier, ComeOn Casino
[2025-09-23 14:30:27] ✅ SP: No Checked_* files for deal 22709.
[2025-09-23 14:30:30] 🔎 SP: Deal 40136 → C:/Sharepoint/Golden-Tech GmbH/LeadDocuments - Casino Germany - Documents\40136 - Job van Maastricht, Pokerstars
[2025-09-23 14:30:30] ✅ SP: No Checked_* files for deal 40136.
[2025-09-23 14:30:34] 🔎 SP: Deal 45122 → C:/Sharepoint/Golden-Tech GmbH/LeadDocuments - Casino Germany - Documents\45122 - Josh Daniel Dijkhuizen, PokerStars
[2025-09-23 14:30:34] ✅ SP: No Checked_* files for deal 45122.
[2025-09-23 14:30:39] 🔎 SP: Deal 47331 → C:/Sharepoint/Golden-Tech GmbH/LeadDocuments - Casino Germany - Documents\47331 - Tom Dam, Bwin.com
[2025-09-23 14:30:39] ✅ SP: No Checked_* files for deal 47331.
[2025-09-23 14:30:43] 🔎 SP: Deal 47336 → C:/Sharepoint/Golden-Tech GmbH/LeadDocuments - Casino Germany - Documents\47336 - Abderrahim Amazyan, Bwin.com
[2025-09-23 14:30:43]    ↳ SP matches:
[2025-09-23 14:30:43]       - Checked_TA_DSAR - NPR45732472_ Noble Casino.xlsx
[2025-09-23 14:30:43] 🚫 SP: Found Checked_* file(s) for deal 47336 — filtering out.
[2025-09-23 14:30:43] 🧹 Filter result — total:139 kept:48 dropped_by_sharepoint:91 dropped_by_notes:0
[2025-09-23 14:30:43] ✅ Deals to calculate:
[2025-09-23 14:30:43]    • 15619 | Minas Calisir, One Casino
[2025-09-23 14:30:43]    • 23140 | Geijtenbeek-Vink Petra, Bobcasino
[2025-09-23 14:30:43]    • 23142 | Geijtenbeek-Vink Petra, Oranjecasino
[2025-09-23 14:30:43]    • 24718 | (Hilde) Elke Drok, Oranjecasino
[2025-09-23 14:30:43]    • 30096 | Robbie van Heertum, King Billy
[2025-09-23 14:30:44]    • 37644 | Marc Perlo, 888
[2025-09-23 14:30:44]    • 45032 | Youri Thorig, Casumo
[2025-09-23 14:30:44]    • 21676 | Fabian Wink, CasinoEuro
[2025-09-23 14:30:44]    • 21680 | Fabian Wink, Millionaria
[2025-09-23 14:30:44]    • 21683 | Fabian Wink, OctoCasino
[2025-09-23 14:30:44]    • 21686 | Fabian Wink, Rizk
[2025-09-23 14:30:44]    • 21688 | Fabian Wink, Spinia
[2025-09-23 14:30:44]    • 10180 | Dennis Tjoonk, 888
[2025-09-23 14:30:44]    • 20000 | Michael Hovenga, Bobcasino
[2025-09-23 14:30:44]    • 27583 | Sachs-Wissingh Petra, N1 interactive Ltd.
[2025-09-23 14:30:44]    • 27919 | Koopmans Marc, William Hill
[2025-09-23 14:30:44]    • 11930 | Max van Eijk, William Hill
[2025-09-23 14:30:44]    • 27515 | jacek kowalczyk, Duxcasino
[2025-09-23 14:30:44]    • 37865 | Maurice Van daalen, 888
[2025-09-23 14:30:44]    • 25362 | Benjamin Oderkerk, Krooncasino
[2025-09-23 14:30:44]    • 28066 | Jelle Veenvliet, 888
[2025-09-23 14:30:44]    • 15690 | Mirwais Sefati, One Casino
[2025-09-23 14:30:44]    • 29951 | Lukasz Władysław Bogusz Bogusz, One Casino
[2025-09-23 14:30:44]    • 2528 | Jacobus Petrus (Sjaak) Bijman, 888
[2025-09-23 14:30:44]    • 4058 | Rick van Beuningen, 888
[2025-09-23 14:30:44]    • 11789 | Gijsbert Dompeling, William Hill
[2025-09-23 14:30:44]    • 6720 | Christian Hokse, Dreamz
[2025-09-23 14:30:44]    • 8076 | Franklin Leurs Leurs, Pino Casino
[2025-09-23 14:30:44]    • 17052 | Jordi Stoffels, MasonSlots
[2025-09-23 14:30:44]    • 18986 | Demy Toornstra, One Casino
[2025-09-23 14:30:44]    • 19547 | David Hol, Betsson
[2025-09-23 14:30:44]    • 28311 | gino spijkers, 888
[2025-09-23 14:30:44]    • 12113 | lamin sanha, BWIN
[2025-09-23 14:30:44]    • 26566 | Johannes Franciscus van Mierlo, Crazy Fox
[2025-09-23 14:30:44]    • 37816 | Ricardo Keur, PokerStars
[2025-09-23 14:30:44]    • 51743 | huseyin tercan, N1 interactive Ltd
[2025-09-23 14:30:44]    • 2450 | Roel Hermans, William Hill
[2025-09-23 14:30:44]    • 25257 | Dennis Wanders, ComeOn
[2025-09-23 14:30:44]    • 48031 | Andreas Voorbraak, N1 interactive Ltd
[2025-09-23 14:30:44]    • 52941 | Kamal Bizjan, N1 interactive Ltd
[2025-09-23 14:30:44]    • 28555 | Marcel Wollrabe, One Casino
[2025-09-23 14:30:44]    • 6844 | Daniel van der Bent, Spinia
[2025-09-23 14:30:44]    • 16578 | Robin Nawijn, N1 Casino
[2025-09-23 14:30:44]    • 24979 | Senno Michel, Betsafe
[2025-09-23 14:30:44]    • 22709 | Steven Tavernier, ComeOn Casino
[2025-09-23 14:30:44]    • 40136 | Job van Maastricht, Pokerstars
[2025-09-23 14:30:44]    • 45122 | Josh Daniel Dijkhuizen, PokerStars
[2025-09-23 14:30:44]    • 47331 | Tom Dam, William Hill
