[2025-09-24 10:38:00] 📦 17052 | Jordi Stoffels, MasonSlots — 3 Excel file(s) — Opponent: MasonSlots
[2025-09-24 10:38:01] 📄 18986 has no Excel; found 1 PDF(s).
[2025-09-24 10:38:01] 📦 18986 | Demy Toornstra, One Casino — 0 Excel file(s) — Opponent: One Casino
[2025-09-24 10:38:02] 📦 19547 | David Hol, Betsson — 1 Excel file(s) — Opponent: Betsson
[2025-09-24 10:38:04] 📦 28311 | gino spijkers, 888 — 1 Excel file(s) — Opponent: 888
[2025-09-24 10:38:08] 📄 47140 has no Excel; found 3 PDF(s).
[2025-09-24 10:38:09] 📦 47140 | Mathijn Van Kessel, Unibet — 0 Excel file(s) — Opponent: Unibet
[2025-09-24 10:38:09] 📦 12113 | lamin sanha, BWIN — 3 Excel file(s) — Opponent: BWIN
[2025-09-24 10:38:11] 📄 26566 has no Excel; found 1 PDF(s).
[2025-09-24 10:38:11] 📦 26566 | Johannes Franciscus van Mierlo, Crazy Fox — 0 Excel file(s) — Opponent: Crazy Fox
[2025-09-24 10:38:16] 📦 51743 | huseyin tercan, N1 interactive Ltd — 2 Excel file(s) — Opponent: N1 interactive Ltd
[2025-09-24 10:38:17] 📦 2450 | Roel Hermans, William Hill — 1 Excel file(s) — Opponent: William Hill
[2025-09-24 10:38:19] 📦 25257 | Dennis Wanders, ComeOn — 1 Excel file(s) — Opponent: ComeOn
[2025-09-24 10:38:23] 📦 48031 | Andreas Voorbraak, N1 interactive Ltd — 6 Excel file(s) — Opponent: N1 interactive Ltd
[2025-09-24 10:38:28] 📦 52941 | Kamal Bizjan, N1 interactive Ltd — 2 Excel file(s) — Opponent: N1 interactive Ltd
[2025-09-24 10:38:30] 📦 28555 | Marcel Wollrabe, One Casino — 2 Excel file(s) — Opponent: One Casino
[2025-09-24 10:38:36] 📄 6844 has no Excel; found 1 PDF(s).
[2025-09-24 10:38:36] 📦 6844 | Daniel van der Bent, Spinia — 0 Excel file(s) — Opponent: Spinia
[2025-09-24 10:38:37] 📄 16578 has no Excel; found 2 PDF(s).
[2025-09-24 10:38:37] 📦 16578 | Robin Nawijn, N1 Casino — 0 Excel file(s) — Opponent: N1 Casino
[2025-09-24 10:38:38] 📄 24979 has no Excel; found 2 PDF(s).
[2025-09-24 10:38:38] 📦 24979 | Senno Michel, Betsafe — 0 Excel file(s) — Opponent: Betsafe
[2025-09-24 10:38:39] 📦 22709 | Steven Tavernier, ComeOn Casino — 1 Excel file(s) — Opponent: ComeOn Casino
[2025-09-24 10:38:42] 📦 40148 | Adnan menderes Dag, Bwin.com — 2 Excel file(s) — Opponent: Bwin.com
[2025-09-24 10:38:47] 📦 47331 | Tom Dam, William Hill — 1 Excel file(s) — Opponent: William Hill
[2025-09-24 10:38:47] 📤 Exported JSON to: C:\Users\salbahaca\Documents\Automations\Sorting Excel Dates\Excel Processor\to_calculate_files_20250924_103847.json
