[2025-09-23 14:45:02] 📦 51743 | huseyin tercan, N1 interactive Ltd — 2 Excel file(s) found
[2025-09-23 14:45:04] 📦 2450 | Roel Hermans, William Hill — 1 Excel file(s) found
[2025-09-23 14:45:05] 📦 25257 | Dennis Wanders, ComeOn — 1 Excel file(s) found
[2025-09-23 14:45:09] 📦 48031 | Andreas Voorbraak, N1 interactive Ltd — 6 Excel file(s) found
[2025-09-23 14:45:14] 📦 52941 | Kamal Bizjan, N1 interactive Ltd — 2 Excel file(s) found
[2025-09-23 14:45:16] 📦 28555 | Marcel Wollrabe, One Casino — 2 Excel file(s) found
[2025-09-23 14:45:22] 📦 6844 | Daniel van der Bent, Spinia — 0 Excel file(s) found
[2025-09-23 14:45:22] 📦 16578 | Robin Nawijn, N1 Casino — 0 Excel file(s) found
[2025-09-23 14:45:24] 📦 24979 | Senno Michel, Betsafe — 0 Excel file(s) found
[2025-09-23 14:45:25] 📦 22709 | Steven Tavernier, ComeOn Casino — 1 Excel file(s) found
[2025-09-23 14:45:28] 📦 40136 | Job van Maastricht, Pokerstars — 3 Excel file(s) found
[2025-09-23 14:45:32] 📦 45122 | Josh Daniel Dijkhuizen, PokerStars — 3 Excel file(s) found
[2025-09-23 14:45:37] 📦 47331 | Tom Dam, William Hill — 0 Excel file(s) found
[2025-09-23 14:45:37] 📤 Exported JSON to: C:/Sharepoint/Golden-Tech GmbH/LeadDocuments - Casino Germany - Documents\to_calculate_files_20250923_144537.json
[2025-09-23 14:45:37] 🗂️ SP-drop evidence (sample filenames):
[2025-09-23 14:45:37]     • 22332: Checked_IB_Betsson_Jan Nathanael Hoekstra.xlsx
[2025-09-23 14:45:37]     • 22334: Checked_IB_Krooncasino_Jan Nathanael Hoekstra.xlsx
[2025-09-23 14:45:37]     • 23544: Checked_IB_Bobcasino_De ruiter Kevin.xlsx
[2025-09-23 14:45:37]     • 23626: Checked_IB_Avalon78_Petrus Johannes Frederik Dreise.xlsx
[2025-09-23 14:45:37]     • 23632: Checked_IB_GSlot_Petrus Johannes Frederik Dreise.xlsx
[2025-09-23 14:45:37]     • 23635: Checked_IB_LeoVegas_Petrus Johannes Frederik Dreise.xlsx
[2025-09-23 14:45:37]     • 29441: Checked_IB_N1 Interactive Ltd._Rafal Augustyniak.xlsx
[2025-09-23 14:45:37]     • 46370: Checked_IB_Avalon78_de  Groot Haig.xlsx
[2025-09-23 14:45:37]     • 19624: Checked_IB_Betchan_Chayen Wittmer.xlsx
[2025-09-23 14:45:37]     • 19637: Checked_IB_LeoVegas_Chayen Wittmer.xlsx
[2025-09-23 14:45:37] ✅ Deals to calculate:
[2025-09-23 14:45:37]    • 15619 | Minas Calisir, One Casino
[2025-09-23 14:45:37]    • 23140 | Geijtenbeek-Vink Petra, Bobcasino
[2025-09-23 14:45:38]    • 23142 | Geijtenbeek-Vink Petra, Oranjecasino
[2025-09-23 14:45:38]    • 24718 | (Hilde) Elke Drok, Oranjecasino
[2025-09-23 14:45:38]    • 30096 | Robbie van Heertum, King Billy
[2025-09-23 14:45:38]    • 37644 | Marc Perlo, 888
[2025-09-23 14:45:38]    • 45032 | Youri Thorig, Casumo
[2025-09-23 14:45:38]    • 21676 | Fabian Wink, CasinoEuro
[2025-09-23 14:45:38]    • 21680 | Fabian Wink, Millionaria
[2025-09-23 14:45:38]    • 21683 | Fabian Wink, OctoCasino
[2025-09-23 14:45:38]    • 21686 | Fabian Wink, Rizk
[2025-09-23 14:45:38]    • 21688 | Fabian Wink, Spinia
[2025-09-23 14:45:38]    • 10180 | Dennis Tjoonk, 888
[2025-09-23 14:45:38]    • 20000 | Michael Hovenga, Bobcasino
[2025-09-23 14:45:38]    • 27583 | Sachs-Wissingh Petra, N1 interactive Ltd.
[2025-09-23 14:45:38]    • 27919 | Koopmans Marc, William Hill
[2025-09-23 14:45:38]    • 11930 | Max van Eijk, William Hill
[2025-09-23 14:45:38]    • 27515 | jacek kowalczyk, Duxcasino
[2025-09-23 14:45:38]    • 37865 | Maurice Van daalen, 888
[2025-09-23 14:45:38]    • 25362 | Benjamin Oderkerk, Krooncasino
[2025-09-23 14:45:38]    • 28066 | Jelle Veenvliet, 888
[2025-09-23 14:45:38]    • 15690 | Mirwais Sefati, One Casino
[2025-09-23 14:45:38]    • 29951 | Lukasz Władysław Bogusz Bogusz, One Casino
[2025-09-23 14:45:38]    • 2528 | Jacobus Petrus (Sjaak) Bijman, 888
[2025-09-23 14:45:38]    • 4058 | Rick van Beuningen, 888
[2025-09-23 14:45:38]    • 11789 | Gijsbert Dompeling, William Hill
[2025-09-23 14:45:38]    • 6720 | Christian Hokse, Dreamz
[2025-09-23 14:45:38]    • 8076 | Franklin Leurs Leurs, Pino Casino
[2025-09-23 14:45:38]    • 17052 | Jordi Stoffels, MasonSlots
[2025-09-23 14:45:38]    • 18986 | Demy Toornstra, One Casino
[2025-09-23 14:45:38]    • 19547 | David Hol, Betsson
[2025-09-23 14:45:38]    • 28311 | gino spijkers, 888
[2025-09-23 14:45:38]    • 12113 | lamin sanha, BWIN
[2025-09-23 14:45:38]    • 26566 | Johannes Franciscus van Mierlo, Crazy Fox
[2025-09-23 14:45:38]    • 37816 | Ricardo Keur, PokerStars
[2025-09-23 14:45:38]    • 51743 | huseyin tercan, N1 interactive Ltd
[2025-09-23 14:45:38]    • 2450 | Roel Hermans, William Hill
[2025-09-23 14:45:38]    • 25257 | Dennis Wanders, ComeOn
[2025-09-23 14:45:38]    • 48031 | Andreas Voorbraak, N1 interactive Ltd
[2025-09-23 14:45:39]    • 52941 | Kamal Bizjan, N1 interactive Ltd
[2025-09-23 14:45:39]    • 28555 | Marcel Wollrabe, One Casino
[2025-09-23 14:45:39]    • 6844 | Daniel van der Bent, Spinia
[2025-09-23 14:45:39]    • 16578 | Robin Nawijn, N1 Casino
[2025-09-23 14:45:39]    • 24979 | Senno Michel, Betsafe
[2025-09-23 14:45:39]    • 22709 | Steven Tavernier, ComeOn Casino
[2025-09-23 14:45:39]    • 40136 | Job van Maastricht, Pokerstars
[2025-09-23 14:45:39]    • 45122 | Josh Daniel Dijkhuizen, PokerStars
[2025-09-23 14:45:39]    • 47331 | Tom Dam, William Hill
