[2025-09-23 14:41:03] 🔎 SP: Deal 9698 → C:/Sharepoint/Golden-Tech GmbH/LeadDocuments - Casino Germany - Documents\9698 - Jordy Degeling, LeoVegas
[2025-09-23 14:41:03] 🚫 SP: Found Checked_* file(s) for deal 9698 — filtering out.
[2025-09-23 14:41:03] 🔎 SP: Deal 11789 → C:/Sharepoint/Golden-Tech GmbH/LeadDocuments - Casino Germany - Documents\11789 - Gijsbert Dompeling, William Hill
[2025-09-23 14:41:03] ✅ SP: No Checked_* files for deal 11789.
[2025-09-23 14:41:05] 🔎 SP: Deal 24744 → C:/Sharepoint/Golden-Tech GmbH/LeadDocuments - Casino Germany - Documents\24744 - Sebastiaan van der Meulen, Royal Panda
[2025-09-23 14:41:05] 🚫 SP: Found Checked_* file(s) for deal 24744 — filtering out.
[2025-09-23 14:41:07] 🔎 SP: Deal 32235 → C:/Sharepoint/Golden-Tech GmbH/LeadDocuments - Casino Germany - Documents\32235 - Mohamed Essaghir, MasonSlots
[2025-09-23 14:41:07] 🚫 SP: Found Checked_* file(s) for deal 32235 — filtering out.
[2025-09-23 14:41:09] 🔎 SP: Deal 2576 → C:/Sharepoint/Golden-Tech GmbH/LeadDocuments - Casino Germany - Documents\2576 - Brian Molema, Cookie Casino
[2025-09-23 14:41:10] 🚫 SP: Found Checked_* file(s) for deal 2576 — filtering out.
[2025-09-23 14:41:11] 🔎 SP: Deal 3026 → C:/Sharepoint/Golden-Tech GmbH/LeadDocuments - Casino Germany - Documents\3026 - Van den Berg Robin, Maneki
[2025-09-23 14:41:12] 🚫 SP: Found Checked_* file(s) for deal 3026 — filtering out.
[2025-09-23 14:41:15] 🔎 SP: Deal 3990 → C:/Sharepoint/Golden-Tech GmbH/LeadDocuments - Casino Germany - Documents\3990 - Weustenraad Joris, LeoVegas
[2025-09-23 14:41:15] 🚫 SP: Found Checked_* file(s) for deal 3990 — filtering out.
[2025-09-23 14:41:21] 🔎 SP: Deal 6720 → C:/Sharepoint/Golden-Tech GmbH/LeadDocuments - Casino Germany - Documents\6720 - Christian Hokse, Dreamz
[2025-09-23 14:41:21] ✅ SP: No Checked_* files for deal 6720.
[2025-09-23 14:41:26] 🔎 SP: Deal 8059 → C:/Sharepoint/Golden-Tech GmbH/LeadDocuments - Casino Germany - Documents\8059 - Franklin Leurs Leurs, Evospin
[2025-09-23 14:41:26] 🚫 SP: Found Checked_* file(s) for deal 8059 — filtering out.
[2025-09-23 14:41:32] 🔎 SP: Deal 8076 → C:/Sharepoint/Golden-Tech GmbH/LeadDocuments - Casino Germany - Documents\8076 - Franklin Leurs Leurs, Pino Casino
[2025-09-23 14:41:32] ✅ SP: No Checked_* files for deal 8076.
[2025-09-23 14:41:37] 🔎 SP: Deal 8084 → C:/Sharepoint/Golden-Tech GmbH/LeadDocuments - Casino Germany - Documents\8084 - Franklin Leurs Leurs, Spinia
[2025-09-23 14:41:37] 🚫 SP: Found Checked_* file(s) for deal 8084 — filtering out.
[2025-09-23 14:41:43] 🔎 SP: Deal 8376 → C:/Sharepoint/Golden-Tech GmbH/LeadDocuments - Casino Germany - Documents\8376 - Meltem Erdogan Erdogan, Krooncasino
[2025-09-23 14:41:43] 🚫 SP: Found Checked_* file(s) for deal 8376 — filtering out.
[2025-09-23 14:41:43] 🔎 SP: Deal 11356 → C:/Sharepoint/Golden-Tech GmbH/LeadDocuments - Casino Germany - Documents\11356 - Eef Tuitert, GiooCasino
[2025-09-23 14:41:43] 🚫 SP: Found Checked_* file(s) for deal 11356 — filtering out.
[2025-09-23 14:41:44] 🔎 SP: Deal 17052 → C:/Sharepoint/Golden-Tech GmbH/LeadDocuments - Casino Germany - Documents\17052 - Jordi Stoffels, MasonSlots
[2025-09-23 14:41:44] ✅ SP: No Checked_* files for deal 17052.
[2025-09-23 14:41:45] 🔎 SP: Deal 18986 → C:/Sharepoint/Golden-Tech GmbH/LeadDocuments - Casino Germany - Documents\18986 - Demy Toornstra, One Casino
[2025-09-23 14:41:45] ✅ SP: No Checked_* files for deal 18986.
[2025-09-23 14:41:46] 🔎 SP: Deal 19547 → C:/Sharepoint/Golden-Tech GmbH/LeadDocuments - Casino Germany - Documents\19547 - David Hol, Betsson
[2025-09-23 14:41:46] ✅ SP: No Checked_* files for deal 19547.
[2025-09-23 14:41:47] 🔎 SP: Deal 21218 → C:/Sharepoint/Golden-Tech GmbH/LeadDocuments - Casino Germany - Documents\21218 - gijs dekkers, N1 Casino
[2025-09-23 14:41:47] 🚫 SP: Found Checked_* file(s) for deal 21218 — filtering out.
[2025-09-23 14:41:49] 🔎 SP: Deal 28311 → C:/Sharepoint/Golden-Tech GmbH/LeadDocuments - Casino Germany - Documents\28311 - gino spijkers, 888
[2025-09-23 14:41:49] ✅ SP: No Checked_* files for deal 28311.
[2025-09-23 14:41:51] 🔎 SP: Deal 29214 → C:/Sharepoint/Golden-Tech GmbH/LeadDocuments - Casino Germany - Documents\29214 - Nigel Inpijn, MasonSlots
[2025-09-23 14:41:51] 🚫 SP: Found Checked_* file(s) for deal 29214 — filtering out.
[2025-09-23 14:41:54] 🔎 SP: Deal 30101 → C:/Sharepoint/Golden-Tech GmbH/LeadDocuments - Casino Germany - Documents\30101 - Bert Relker, LeoVegas
[2025-09-23 14:41:54] 🚫 SP: Found Checked_* file(s) for deal 30101 — filtering out.
