[2025-09-23 14:43:02] 🔎 SP: Deal 48031 → C:/Sharepoint/Golden-Tech GmbH/LeadDocuments - Casino Germany - Documents\48031 - Andreas Voorbraak, Avalon78
[2025-09-23 14:43:02] ✅ SP: No Checked_* files for deal 48031.
[2025-09-23 14:43:07] 🔎 SP: Deal 52941 → C:/Sharepoint/Golden-Tech GmbH/LeadDocuments - Casino Germany - Documents\52941 - Kamal Bizjan, N1 Casino
[2025-09-23 14:43:07] ✅ SP: No Checked_* files for deal 52941.
[2025-09-23 14:43:10] 🔎 SP: Deal 28555 → C:/Sharepoint/Golden-Tech GmbH/LeadDocuments - Casino Germany - Documents\28555 - Wollrabe Marcel, One Casino
[2025-09-23 14:43:10] ✅ SP: No Checked_* files for deal 28555.
[2025-09-23 14:43:12] 🔎 SP: Deal 28624 → C:/Sharepoint/Golden-Tech GmbH/LeadDocuments - Casino Germany - Documents\28624 - Vincent Hoekman, Rizk
[2025-09-23 14:43:12] 🚫 SP: Found Checked_* file(s) for deal 28624 — filtering out.
[2025-09-23 14:43:15] 🔎 SP: Deal 3262 → C:/Sharepoint/Golden-Tech GmbH/LeadDocuments - Casino Germany - Documents\3262 - Tarik Benamar, MasonSlots
[2025-09-23 14:43:15] 🚫 SP: Found Checked_* file(s) for deal 3262 — filtering out.
[2025-09-23 14:43:20] 🔎 SP: Deal 6844 → C:/Sharepoint/Golden-Tech GmbH/LeadDocuments - Casino Germany - Documents\6844 - Daniel van der Bent, Spinia
[2025-09-23 14:43:20] ✅ SP: No Checked_* files for deal 6844.
[2025-09-23 14:43:21] 🔎 SP: Deal 10024 → C:/Sharepoint/Golden-Tech GmbH/LeadDocuments - Casino Germany - Documents\10024 - Alexander Laarman, LeoVegas
[2025-09-23 14:43:21] 🚫 SP: Found Checked_* file(s) for deal 10024 — filtering out.
[2025-09-23 14:43:21] 🔎 SP: Deal 14926 → C:/Sharepoint/Golden-Tech GmbH/LeadDocuments - Casino Germany - Documents\14926 - Helene van der Meer, Spinia
[2025-09-23 14:43:21] 🚫 SP: Found Checked_* file(s) for deal 14926 — filtering out.
[2025-09-23 14:43:22] 🔎 SP: Deal 16578 → C:/Sharepoint/Golden-Tech GmbH/LeadDocuments - Casino Germany - Documents\16578 - Robin Nawijn, N1 Casino
[2025-09-23 14:43:22] ✅ SP: No Checked_* files for deal 16578.
[2025-09-23 14:43:23] 🔎 SP: Deal 19891 → C:/Sharepoint/Golden-Tech GmbH/LeadDocuments - Casino Germany - Documents\19891 - Kaj van Wamel, N1 Casino
[2025-09-23 14:43:23] 🚫 SP: Found Checked_* file(s) for deal 19891 — filtering out.
[2025-09-23 14:43:24] 🔎 SP: Deal 19893 → C:/Sharepoint/Golden-Tech GmbH/LeadDocuments - Casino Germany - Documents\19893 - Kaj van Wamel, Slothunter
[2025-09-23 14:43:24] 🚫 SP: Found Checked_* file(s) for deal 19893 — filtering out.
[2025-09-23 14:43:25] 🔎 SP: Deal 20252 → C:/Sharepoint/Golden-Tech GmbH/LeadDocuments - Casino Germany - Documents\20252 - Nick Bottenheft, Krooncasino
[2025-09-23 14:43:25] 🚫 SP: Found Checked_* file(s) for deal 20252 — filtering out.
[2025-09-23 14:43:26] 🔎 SP: Deal 20670 → C:/Sharepoint/Golden-Tech GmbH/LeadDocuments - Casino Germany - Documents\20670 - Michael Smit, Cookie Casino
[2025-09-23 14:43:26] 🚫 SP: Found Checked_* file(s) for deal 20670 — filtering out.
[2025-09-23 14:43:27] 🔎 SP: Deal 24979 → C:/Sharepoint/Golden-Tech GmbH/LeadDocuments - Casino Germany - Documents\24979 - Senno Michel, Betsafe
[2025-09-23 14:43:27] ✅ SP: No Checked_* files for deal 24979.
[2025-09-23 14:43:29] 🔎 SP: Deal 29741 → C:/Sharepoint/Golden-Tech GmbH/LeadDocuments - Casino Germany - Documents\29741 - timo neijts, Cookie Casino
[2025-09-23 14:43:29] 🚫 SP: Found Checked_* file(s) for deal 29741 — filtering out.
[2025-09-23 14:43:32] 🔎 SP: Deal 29998 → C:/Sharepoint/Golden-Tech GmbH/LeadDocuments - Casino Germany - Documents\29998 - Nasrudin Abdulkadir ahmed, Cookie Casino
[2025-09-23 14:43:32] 🚫 SP: Found Checked_* file(s) for deal 29998 — filtering out.
[2025-09-23 14:43:34] 🔎 SP: Deal 25929 → C:/Sharepoint/Golden-Tech GmbH/LeadDocuments - Casino Germany - Documents\25929 - Fabian Wink, Casino Kakadu
[2025-09-23 14:43:34] 🚫 SP: Found Checked_* file(s) for deal 25929 — filtering out.
[2025-09-23 14:43:35] 🔎 SP: Deal 25930 → C:/Sharepoint/Golden-Tech GmbH/LeadDocuments - Casino Germany - Documents\25930 - Fabian Wink, Duxcasino
[2025-09-23 14:43:35] 🚫 SP: Found Checked_* file(s) for deal 25930 — filtering out.
[2025-09-23 14:43:37] 🔎 SP: Deal 25931 → C:/Sharepoint/Golden-Tech GmbH/LeadDocuments - Casino Germany - Documents\25931 - Fabian Wink, Oranjecasino
[2025-09-23 14:43:37] 🚫 SP: Found Checked_* file(s) for deal 25931 — filtering out.
[2025-09-23 14:43:38] 🔎 SP: Deal 22709 → C:/Sharepoint/Golden-Tech GmbH/LeadDocuments - Casino Germany - Documents\22709 - Steven Tavernier, ComeOn Casino
[2025-09-23 14:43:38] ✅ SP: No Checked_* files for deal 22709.
[2025-09-23 14:43:41] 🔎 SP: Deal 40136 → C:/Sharepoint/Golden-Tech GmbH/LeadDocuments - Casino Germany - Documents\40136 - Job van Maastricht, Pokerstars
[2025-09-23 14:43:41] ✅ SP: No Checked_* files for deal 40136.
[2025-09-23 14:43:45] 🔎 SP: Deal 45122 → C:/Sharepoint/Golden-Tech GmbH/LeadDocuments - Casino Germany - Documents\45122 - Josh Daniel Dijkhuizen, PokerStars
[2025-09-23 14:43:45] ✅ SP: No Checked_* files for deal 45122.
[2025-09-23 14:43:50] 🔎 SP: Deal 47331 → C:/Sharepoint/Golden-Tech GmbH/LeadDocuments - Casino Germany - Documents\47331 - Tom Dam, Bwin.com
[2025-09-23 14:43:50] ✅ SP: No Checked_* files for deal 47331.
[2025-09-23 14:43:54] 🔎 SP: Deal 47336 → C:/Sharepoint/Golden-Tech GmbH/LeadDocuments - Casino Germany - Documents\47336 - Abderrahim Amazyan, Bwin.com
[2025-09-23 14:43:54] 🚫 SP: Found Checked_* file(s) for deal 47336 — filtering out.
[2025-09-23 14:43:54] 🧹 Filter result — total:139 kept:48 dropped_by_sharepoint:91 dropped_by_notes:0
[2025-09-23 14:43:55] 📦 15619 | Minas Calisir, One Casino — 1 Excel file(s) found
[2025-09-23 14:43:56] 📦 23140 | Geijtenbeek-Vink Petra, Bobcasino — 6 Excel file(s) found
[2025-09-23 14:43:57] 📦 23142 | Geijtenbeek-Vink Petra, Oranjecasino — 6 Excel file(s) found
[2025-09-23 14:43:59] 📦 24718 | (Hilde) Elke Drok, Oranjecasino — 3 Excel file(s) found
