[2025-09-02 13:50:00] ⚠️ No distinct header row found (scanned 1186 rows).
[2025-09-02 13:50:00] ❌ No recognizable amount/date columns (Unibet and generic fallbacks failed).
[2025-09-02 13:50:00] TA logic: Deposits = 0, Cashouts = 0, Net = 0
[2025-09-02 13:50:00] ✅ Created Payment Summary with 0 rows.
[2025-09-02 13:50:00] ✅ Created styled Summary (Currency → Type → Year) with title row.
[2025-09-02 13:50:00] ✅ Created 'Payment Summary EUR' (0 USD rows converted).
[2025-09-02 13:50:00] ✅ Created 'Summary EUR' (pivot-style Currency → Type → Year).
[2025-09-02 13:50:00] ✅ Finished processing: TA_Pokerstars (18).xlsx
[2025-09-02 13:50:11] ✔ Deposit sheets: ['Sheet2']
[2025-09-02 13:50:11] ✔ Cashout sheets: ['Sheet2']
[2025-09-02 13:50:11] ℹ️ Same sheet in both lists → will parse once as combined: ['Sheet2']
[2025-09-02 13:50:13] ⚠️ No distinct header row found (scanned 1186 rows).
[2025-09-02 13:50:13] ❌ No recognizable amount/date columns (Unibet and generic fallbacks failed).
[2025-09-02 13:50:13] TA logic: Deposits = 0, Cashouts = 0, Net = 0
[2025-09-02 13:50:13] ✅ Created Payment Summary with 0 rows.
[2025-09-02 13:50:13] ✅ Created styled Summary (Currency → Type → Year) with title row.
[2025-09-02 13:50:13] ✅ Created 'Payment Summary EUR' (0 USD rows converted).
[2025-09-02 13:50:13] ✅ Created 'Summary EUR' (pivot-style Currency → Type → Year).
[2025-09-02 13:50:14] ✅ Finished processing: TA_Pokerstars (18).xlsx
[2025-09-02 13:50:27] Cleared all files.
[2025-09-02 13:50:33] ➕ Added 1 file(s).
[2025-09-02 13:50:35] 📄 Processing TA_Pokerstars (18).xlsx in calculation Mode...
[2025-09-02 13:50:38] ✔ Deposit sheets: ['Sheet2']
[2025-09-02 13:50:38] ✔ Cashout sheets: ['Sheet2']
[2025-09-02 13:50:39] ℹ️ Same sheet in both lists → will parse once as combined: ['Sheet2']
[2025-09-02 13:50:41] ⚠️ No distinct header row found (scanned 1185 rows).
[2025-09-02 13:50:41] ❌ No recognizable amount/date columns (Unibet and generic fallbacks failed).
[2025-09-02 13:50:41] TA logic: Deposits = 0, Cashouts = 0, Net = 0
[2025-09-02 13:50:41] ✅ Created Payment Summary with 0 rows.
[2025-09-02 13:50:41] ✅ Created styled Summary (Currency → Type → Year) with title row.
[2025-09-02 13:50:41] ✅ Created 'Payment Summary EUR' (0 USD rows converted).
[2025-09-02 13:50:41] ✅ Created 'Summary EUR' (pivot-style Currency → Type → Year).
[2025-09-02 13:50:41] ✅ Finished processing: TA_Pokerstars (18).xlsx
[2025-09-02 13:50:44] 📄 Processing TA_Pokerstars (18).xlsx in calculation Mode...
[2025-09-02 13:50:46] ✔ Deposit sheets: ['Sheet2']
[2025-09-02 13:50:46] ✔ Cashout sheets: ['Sheet2']
[2025-09-02 13:50:46] ℹ️ Same sheet in both lists → will parse once as combined: ['Sheet2']
[2025-09-02 13:50:48] ⚠️ No distinct header row found (scanned 1185 rows).
[2025-09-02 13:50:48] ❌ No recognizable amount/date columns (Unibet and generic fallbacks failed).
[2025-09-02 13:50:48] TA logic: Deposits = 0, Cashouts = 0, Net = 0
[2025-09-02 13:50:48] ✅ Created Payment Summary with 0 rows.
[2025-09-02 13:50:48] ✅ Created styled Summary (Currency → Type → Year) with title row.
[2025-09-02 13:50:48] ✅ Created 'Payment Summary EUR' (0 USD rows converted).
[2025-09-02 13:50:48] ✅ Created 'Summary EUR' (pivot-style Currency → Type → Year).
[2025-09-02 13:50:48] ✅ Finished processing: TA_Pokerstars (18).xlsx
