[2025-09-24 09:22:03] 🚫 IT: 'Checked' note for 5505 — dropping.
[2025-09-24 09:22:03]     ↳ first line: Checked (24.02.2025)
[2025-09-24 09:22:03]     ↳ preview: Checked (24.02.2025)  Amount is below 1000 EUR
[2025-09-24 09:22:03] 🚫 IT: 'Checked' note for 5507 — dropping.
[2025-09-24 09:22:03]     ↳ first line: Checked (24.02.2025)
[2025-09-24 09:22:03]     ↳ preview: Checked (24.02.2025)
[2025-09-24 09:22:06] 🚫 IT: 'Checked' note for 5636 — dropping.
[2025-09-24 09:22:06]     ↳ first line: Checked (24.02.2025)
[2025-09-24 09:22:06]     ↳ preview: Checked (24.02.2025)
[2025-09-24 09:22:06] 🚫 IT: 'Checked' note for 15068 — dropping.
[2025-09-24 09:22:06]     ↳ first line: Checked (27.02.2025)
[2025-09-24 09:22:06]     ↳ preview: Checked (27.02.2025)
[2025-09-24 09:22:08] 🚫 IT: 'Checked' note for 29952 — dropping.
[2025-09-24 09:22:08]     ↳ first line: Checked (28.02.2025)
[2025-09-24 09:22:08]     ↳ preview: Checked (28.02.2025)
[2025-09-24 09:22:08] 🚫 IT: 'Checked' note for 40804 — dropping.
[2025-09-24 09:22:08]     ↳ first line: Checked (7.7.2025)
[2025-09-24 09:22:08]     ↳ preview: Checked (7.7.2025)
[2025-09-24 09:22:13] 🚫 IT: 'Checked' note for 4062 — dropping.
[2025-09-24 09:22:13]     ↳ first line: Checked (24.02.2025)
[2025-09-24 09:22:13]     ↳ preview: Checked (24.02.2025)
[2025-09-24 09:22:17] 🚫 SP: Checked_* file(s) present for 5571 — dropping. Samples: Checked_IB_Bobcasino_Roy Timmermans.xlsx
[2025-09-24 09:22:17] 🚫 IT: 'Checked' note for 6565 — dropping.
[2025-09-24 09:22:17]     ↳ first line: Checked (19.08.2025)
[2025-09-24 09:22:17]     ↳ preview: Checked (19.08.2025)
[2025-09-24 09:22:17] 🚫 IT: 'Checked' note for 7175 — dropping.
[2025-09-24 09:22:17]     ↳ first line: Checked (24.02.2025)
[2025-09-24 09:22:17]     ↳ preview: Checked (24.02.2025)
[2025-09-24 09:22:17] 🚫 IT: 'Checked' note for 9698 — dropping.
[2025-09-24 09:22:17]     ↳ first line: Checked (25.02.2025)
[2025-09-24 09:22:17]     ↳ preview: Checked (25.02.2025)
[2025-09-24 09:22:17] 🚫 IT: 'Checked' note for 24744 — dropping.
[2025-09-24 09:22:18]     ↳ first line: Checked (17.03.2025)
[2025-09-24 09:22:18]     ↳ preview: Checked (17.03.2025)
[2025-09-24 09:22:18] 🚫 IT: 'Checked' note for 32235 — dropping.
[2025-09-24 09:22:18]     ↳ first line: Checked (28.02.2025)
[2025-09-24 09:22:18]     ↳ preview: Checked (28.02.2025)
[2025-09-24 09:22:18] 🚫 IT: 'Checked' note for 2576 — dropping.
[2025-09-24 09:22:18]     ↳ first line: Checked (10.03.2025)
[2025-09-24 09:22:18]     ↳ preview: Checked (10.03.2025)
[2025-09-24 09:22:18] 🚫 IT: 'Checked' note for 3026 — dropping.
[2025-09-24 09:22:18]     ↳ first line: Checked (10.03.2025)
[2025-09-24 09:22:18]     ↳ preview: Checked (10.03.2025)
[2025-09-24 09:22:18] 🚫 IT: 'Checked' note for 3990 — dropping.
[2025-09-24 09:22:18]     ↳ first line: Checked (25.02.2025)
[2025-09-24 09:22:18]     ↳ preview: Checked (25.02.2025)
[2025-09-24 09:22:22] 🚫 IT: 'Checked' note for 8059 — dropping.
[2025-09-24 09:22:22]     ↳ first line: Checked (24.02.2025)
[2025-09-24 09:22:22]     ↳ preview: Checked (24.02.2025)  Amount is below 1000 EUR
[2025-09-24 09:22:27] 🚫 IT: 'Checked' note for 8084 — dropping.
[2025-09-24 09:22:27]     ↳ first line: Checked (24.02.2025)
[2025-09-24 09:22:27]     ↳ preview: Checked (24.02.2025)
[2025-09-24 09:22:27] 🚫 IT: 'Checked' note for 8376 — dropping.
[2025-09-24 09:22:27]     ↳ first line: Checked (24.02.2025)
[2025-09-24 09:22:27]     ↳ preview: Checked (24.02.2025)  Amount is below 1000 EUR
[2025-09-24 09:22:27] 🚫 IT: 'Checked' note for 11356 — dropping.
[2025-09-24 09:22:27]     ↳ first line: Checked (27.02.2025)
[2025-09-24 09:22:27]     ↳ preview: Checked (27.02.2025)
[2025-09-24 09:22:30] 🚫 IT: 'Checked' note for 21218 — dropping.
[2025-09-24 09:22:30]     ↳ first line: Checked (28.02.2025)
[2025-09-24 09:22:30]     ↳ preview: Checked (28.02.2025)
[2025-09-24 09:22:31] 🚫 IT: 'Checked' note for 29214 — dropping.
[2025-09-24 09:22:31]     ↳ first line: Checked (28.02.2025)
[2025-09-24 09:22:31]     ↳ preview: Checked (28.02.2025)
[2025-09-24 09:22:31] 🚫 IT: 'Checked' note for 30101 — dropping.
[2025-09-24 09:22:31]     ↳ first line: Checked (28.02.2025)
[2025-09-24 09:22:31]     ↳ preview: Checked (28.02.2025)
[2025-09-24 09:22:32] 🚫 IT: 'Checked' note for 9866 — dropping.
[2025-09-24 09:22:32]     ↳ first line: Checked (24.02.2025)
[2025-09-24 09:22:32]     ↳ preview: Checked (24.02.2025)  Amount is below 1000 EUR
[2025-09-24 09:22:32] 🚫 IT: 'Checked' note for 9974 — dropping.
[2025-09-24 09:22:32]     ↳ first line: Checked (24.02.2025)
[2025-09-24 09:22:32]     ↳ preview: Checked (24.02.2025)
[2025-09-24 09:22:32] 🚫 IT: 'Checked' note for 10044 — dropping.
[2025-09-24 09:22:32]     ↳ first line: Checked (24.02.2025)
[2025-09-24 09:22:32]     ↳ preview: Checked (24.02.2025)
[2025-09-24 09:22:32] 🚫 IT: 'Checked' note for 12112 — dropping.
[2025-09-24 09:22:32]     ↳ first line: Checked (27.02.2025)
[2025-09-24 09:22:32]     ↳ preview: Checked (27.02.2025)
[2025-09-24 09:22:32] 🚫 IT: 'Checked' note for 16251 — dropping.
[2025-09-24 09:22:32]     ↳ first line: Checked (28.02.2025)
[2025-09-24 09:22:32]     ↳ preview: Checked (28.02.2025)  Amount is below 1000 EUR
[2025-09-24 09:22:32] 🚫 IT: 'Checked' note for 16318 — dropping.
[2025-09-24 09:22:32]     ↳ first line: Checked (28.02.2025)
[2025-09-24 09:22:32]     ↳ preview: Checked (28.02.2025)
[2025-09-24 09:22:32] 🚫 IT: 'Checked' note for 17822 — dropping.
[2025-09-24 09:22:32]     ↳ first line: Checked (28.02.2025)
[2025-09-24 09:22:32]     ↳ preview: Checked (28.02.2025)
[2025-09-24 09:22:32] 🚫 IT: 'Checked' note for 20256 — dropping.
[2025-09-24 09:22:32]     ↳ first line: Checked (28.02.2025)
[2025-09-24 09:22:32]     ↳ preview: Checked (28.02.2025)
[2025-09-24 09:22:32] 🚫 IT: 'Checked' note for 22839 — dropping.
[2025-09-24 09:22:32]     ↳ first line: Checked (28.02.2025)
[2025-09-24 09:22:32]     ↳ preview: Checked (28.02.2025)
[2025-09-24 09:22:32] 🚫 IT: 'Checked' note for 25746 — dropping.
[2025-09-24 09:22:32]     ↳ first line: Checked (28.02.2025)
[2025-09-24 09:22:32]     ↳ preview: Checked (28.02.2025)
[2025-09-24 09:22:32] 🚫 IT: 'Checked' note for 25816 — dropping.
[2025-09-24 09:22:32]     ↳ first line: Checked (28.02.2025)
[2025-09-24 09:22:32]     ↳ preview: Checked (28.02.2025)
[2025-09-24 09:22:34] 🚫 IT: 'Checked' note for 27330 — dropping.
[2025-09-24 09:22:34]     ↳ first line: Checked (28.02.2025)
[2025-09-24 09:22:34]     ↳ preview: Checked (28.02.2025)
[2025-09-24 09:22:34] 🚫 IT: 'Checked' note for 32048 — dropping.
[2025-09-24 09:22:34]     ↳ first line: Checked (7.7.2025)
[2025-09-24 09:22:34]     ↳ preview: Checked (7.7.2025)
[2025-09-24 09:22:36] 🚫 IT: 'Checked' note for 45549 — dropping.
[2025-09-24 09:22:36]     ↳ first line: Checked (7.7.2025)
[2025-09-24 09:22:36]     ↳ preview: Checked (7.7.2025)
[2025-09-24 09:22:40] 🚫 IT: 'Checked' note for 15575 — dropping.
[2025-09-24 09:22:40]     ↳ first line: Checked (28.02.2025)
[2025-09-24 09:22:40]     ↳ preview: Checked (28.02.2025)
[2025-09-24 09:22:40] 🚫 IT: 'Checked' note for 2442 — dropping.
[2025-09-24 09:22:40]     ↳ first line: Checked (2.20.2025)
[2025-09-24 09:22:40]     ↳ preview: Checked (2.20.2025)
[2025-09-24 09:22:40] 🚫 IT: 'Checked' note for 2446 — dropping.
[2025-09-24 09:22:40]     ↳ first line: Checked (7.7.2025)
[2025-09-24 09:22:40]     ↳ preview: Checked (7.7.2025)
[2025-09-24 09:22:40] 🚫 IT: 'Checked' note for 2447 — dropping.
[2025-09-24 09:22:40]     ↳ first line: Checked (2.20.2025)
[2025-09-24 09:22:40]     ↳ preview: Checked (2.20.2025)  Amount is below 1.000 EUR
[2025-09-24 09:22:42] 🚫 IT: 'Checked' note for 2451 — dropping.
[2025-09-24 09:22:42]     ↳ first line: Checked (2.20.2025)
[2025-09-24 09:22:42]     ↳ preview: Checked (2.20.2025)  Amount is below than 1000 EUR
[2025-09-24 09:22:42] 🚫 IT: 'Checked' note for 4822 — dropping.
[2025-09-24 09:22:42]     ↳ first line: Checked (24.02.2025)
[2025-09-24 09:22:42]     ↳ preview: Checked (24.02.2025)  Amount is below 1000 EUR
[2025-09-24 09:22:42] 🚫 IT: 'Checked' note for 7171 — dropping.
[2025-09-24 09:22:42]     ↳ first line: Checked (24.02.2025)
[2025-09-24 09:22:42]     ↳ preview: Checked (24.02.2025)
[2025-09-24 09:22:42] 🚫 IT: 'Checked' note for 13167 — dropping.
[2025-09-24 09:22:42]     ↳ first line: Checked (27.02.2025)
[2025-09-24 09:22:42]     ↳ preview: Checked (27.02.2025)  Amount is below 1000 EUR
[2025-09-24 09:22:42] 🚫 SP: Checked_* file(s) present for 13202 — dropping. Samples: Checked_IB_Duxcasino_Michael De vries.xlsx
[2025-09-24 09:22:42] 🚫 IT: 'Checked' note for 13509 — dropping.
[2025-09-24 09:22:42]     ↳ first line: Checked (27.02.2025)
[2025-09-24 09:22:42]     ↳ preview: Checked (27.02.2025)  Amount is below 1000 EUR
[2025-09-24 09:22:42] 🚫 IT: 'Checked' note for 15176 — dropping.
[2025-09-24 09:22:42]     ↳ first line: Checked (28.02.2025)
[2025-09-24 09:22:42]     ↳ preview: Checked (28.02.2025)  Amount is below 1000 EUR
[2025-09-24 09:22:42] 🚫 IT: 'Checked' note for 20942 — dropping.
[2025-09-24 09:22:42]     ↳ first line: Checked (28.02.2025)
[2025-09-24 09:22:42]     ↳ preview: Checked (28.02.2025)  Amount is below 1000 EUR
[2025-09-24 09:22:43] 🚫 IT: 'Checked' note for 21477 — dropping.
[2025-09-24 09:22:43]     ↳ first line: Checked (28.02.2025)
[2025-09-24 09:22:43]     ↳ preview: Checked (28.02.2025)  Amount is below 1000 EUR
[2025-09-24 09:22:43] 🚫 IT: 'Checked' note for 25253 — dropping.
[2025-09-24 09:22:43]     ↳ first line: Checked (28.02.2025)
[2025-09-24 09:22:43]     ↳ preview: Checked (28.02.2025)
[2025-09-24 09:22:44] 🚫 IT: 'Checked' note for 30247 — dropping.
[2025-09-24 09:22:44]     ↳ first line: Checked (28.02.2025)
[2025-09-24 09:22:44]     ↳ preview: Checked (28.02.2025)
[2025-09-24 09:22:54] 🚫 IT: 'Checked' note for 28624 — dropping.
[2025-09-24 09:22:54]     ↳ first line: Checked (28.02.2025)
[2025-09-24 09:22:54]     ↳ preview: Checked (28.02.2025)
[2025-09-24 09:22:54] 🚫 IT: 'Checked' note for 3262 — dropping.
[2025-09-24 09:22:54]     ↳ first line: Checked (2.24.2025)
[2025-09-24 09:22:54]     ↳ preview: Checked (2.24.2025)  Amount is Below 1000 EUR
[2025-09-24 09:22:58] 🚫 IT: 'Checked' note for 10024 — dropping.
[2025-09-24 09:22:58]     ↳ first line: Checked (10.03.2025)
[2025-09-24 09:22:58]     ↳ preview: Checked (10.03.2025)
[2025-09-24 09:22:58] 🚫 IT: 'Checked' note for 14926 — dropping.
[2025-09-24 09:22:58]     ↳ first line: Checked (28.02.2025)
[2025-09-24 09:22:58]     ↳ preview: Checked (28.02.2025)
[2025-09-24 09:22:59] 🚫 IT: 'Checked' note for 19891 — dropping.
[2025-09-24 09:22:59]     ↳ first line: Checked (28.02.2025)
[2025-09-24 09:22:59]     ↳ preview: Checked (28.02.2025)  Amount is below 1000 EUR
[2025-09-24 09:22:59] 🚫 IT: 'Checked' note for 19893 — dropping.
[2025-09-24 09:22:59]     ↳ first line: Checked (28.02.2025)
[2025-09-24 09:22:59]     ↳ preview: Checked (28.02.2025)  Amount is below 1000 EUR
[2025-09-24 09:22:59] 🚫 IT: 'Checked' note for 20252 — dropping.
[2025-09-24 09:22:59]     ↳ first line: Checked (17.03.2025)
[2025-09-24 09:22:59]     ↳ preview: Checked (17.03.2025)
[2025-09-24 09:22:59] 🚫 IT: 'Checked' note for 20670 — dropping.
[2025-09-24 09:22:59]     ↳ first line: Checked (28.02.2025)
[2025-09-24 09:22:59]     ↳ preview: Checked (28.02.2025)
