[2025-09-23 14:39:00] 🔎 SP: Deal 22332 → C:/Sharepoint/Golden-Tech GmbH/LeadDocuments - Casino Germany - Documents\22332 - Jan Nathanael Hoekstra, Betsson
[2025-09-23 14:39:00] 🚫 SP: Found Checked_* file(s) for deal 22332 — filtering out.
[2025-09-23 14:39:01] 🔎 SP: Deal 22334 → C:/Sharepoint/Golden-Tech GmbH/LeadDocuments - Casino Germany - Documents\22334 - Jan Nathanael Hoekstra, Krooncasino
[2025-09-23 14:39:01] 🚫 SP: Found Checked_* file(s) for deal 22334 — filtering out.
[2025-09-23 14:39:02] 🔎 SP: Deal 23140 → C:/Sharepoint/Golden-Tech GmbH/LeadDocuments - Casino Germany - Documents\23140 - Geijtenbeek-Vink Petra, Bobcasino
[2025-09-23 14:39:02] ✅ SP: No Checked_* files for deal 23140.
[2025-09-23 14:39:03] 🔎 SP: Deal 23142 → C:/Sharepoint/Golden-Tech GmbH/LeadDocuments - Casino Germany - Documents\23142 - Geijtenbeek-Vink Petra, Oranjecasino
[2025-09-23 14:39:03] ✅ SP: No Checked_* files for deal 23142.
[2025-09-23 14:39:04] 🔎 SP: Deal 23544 → C:/Sharepoint/Golden-Tech GmbH/LeadDocuments - Casino Germany - Documents\23544 - De ruiter Kevin, Bobcasino
[2025-09-23 14:39:04] 🚫 SP: Found Checked_* file(s) for deal 23544 — filtering out.
[2025-09-23 14:39:05] 🔎 SP: Deal 23626 → C:/Sharepoint/Golden-Tech GmbH/LeadDocuments - Casino Germany - Documents\23626 - Petrus Johannes Frederik Dreise, Avalon78
[2025-09-23 14:39:05] 🚫 SP: Found Checked_* file(s) for deal 23626 — filtering out.
[2025-09-23 14:39:06] 🔎 SP: Deal 23632 → C:/Sharepoint/Golden-Tech GmbH/LeadDocuments - Casino Germany - Documents\23632 - Petrus Johannes Frederik Dreise, GSlot
[2025-09-23 14:39:06] 🚫 SP: Found Checked_* file(s) for deal 23632 — filtering out.
[2025-09-23 14:39:07] 🔎 SP: Deal 23635 → C:/Sharepoint/Golden-Tech GmbH/LeadDocuments - Casino Germany - Documents\23635 - Petrus Johannes Frederik Dreise, LeoVegas
[2025-09-23 14:39:07] 🚫 SP: Found Checked_* file(s) for deal 23635 — filtering out.
[2025-09-23 14:39:08] 🔎 SP: Deal 24718 → C:/Sharepoint/Golden-Tech GmbH/LeadDocuments - Casino Germany - Documents\24718 - (Hilde) Elke Drok, Oranjecasino
[2025-09-23 14:39:08] ✅ SP: No Checked_* files for deal 24718.
[2025-09-23 14:39:10] 🔎 SP: Deal 29441 → C:/Sharepoint/Golden-Tech GmbH/LeadDocuments - Casino Germany - Documents\29441 - Rafal Augustyniak, Avalon78
[2025-09-23 14:39:10] 🚫 SP: Found Checked_* file(s) for deal 29441 — filtering out.
[2025-09-23 14:39:12] 🔎 SP: Deal 30096 → C:/Sharepoint/Golden-Tech GmbH/LeadDocuments - Casino Germany - Documents\30096 - Robbie van Heertum, King Billy
[2025-09-23 14:39:12] ✅ SP: No Checked_* files for deal 30096.
[2025-09-23 14:39:15] 🔎 SP: Deal 37644 → C:/Sharepoint/Golden-Tech GmbH/LeadDocuments - Casino Germany - Documents\37644 - Marc Perlo, 888
[2025-09-23 14:39:15] ✅ SP: No Checked_* files for deal 37644.
[2025-09-23 14:39:19] 🔎 SP: Deal 45032 → C:/Sharepoint/Golden-Tech GmbH/LeadDocuments - Casino Germany - Documents\45032 - Youri Thorig, Casumo
[2025-09-23 14:39:19] ✅ SP: No Checked_* files for deal 45032.
[2025-09-23 14:39:23] 🔎 SP: Deal 46370 → C:/Sharepoint/Golden-Tech GmbH/LeadDocuments - Casino Germany - Documents\46370 - de  Groot Haig, Avalon78
[2025-09-23 14:39:23] 🚫 SP: Found Checked_* file(s) for deal 46370 — filtering out.
[2025-09-23 14:39:25] 🔎 SP: Deal 19624 → C:/Sharepoint/Golden-Tech GmbH/LeadDocuments - Casino Germany - Documents\19624 - Chayen Wittmer, Betchan
[2025-09-23 14:39:25] 🚫 SP: Found Checked_* file(s) for deal 19624 — filtering out.
[2025-09-23 14:39:26] 🔎 SP: Deal 19637 → C:/Sharepoint/Golden-Tech GmbH/LeadDocuments - Casino Germany - Documents\19637 - Chayen Wittmer, LeoVegas
[2025-09-23 14:39:26] 🚫 SP: Found Checked_* file(s) for deal 19637 — filtering out.
[2025-09-23 14:39:27] 🔎 SP: Deal 21670 → C:/Sharepoint/Golden-Tech GmbH/LeadDocuments - Casino Germany - Documents\21670 - Fabian Wink, Avalon78
[2025-09-23 14:39:27] 🚫 SP: Found Checked_* file(s) for deal 21670 — filtering out.
[2025-09-23 14:39:28] 🔎 SP: Deal 21672 → C:/Sharepoint/Golden-Tech GmbH/LeadDocuments - Casino Germany - Documents\21672 - Fabian Wink, Betsson
[2025-09-23 14:39:28] 🚫 SP: Found Checked_* file(s) for deal 21672 — filtering out.
[2025-09-23 14:39:28] 🔎 SP: Deal 21673 → C:/Sharepoint/Golden-Tech GmbH/LeadDocuments - Casino Germany - Documents\21673 - Fabian Wink, Bobcasino
[2025-09-23 14:39:29] 🚫 SP: Found Checked_* file(s) for deal 21673 — filtering out.
[2025-09-23 14:39:29] 🔎 SP: Deal 21675 → C:/Sharepoint/Golden-Tech GmbH/LeadDocuments - Casino Germany - Documents\21675 - Fabian Wink, Casino Rex
[2025-09-23 14:39:30] 🚫 SP: Found Checked_* file(s) for deal 21675 — filtering out.
[2025-09-23 14:39:30] 🔎 SP: Deal 21676 → C:/Sharepoint/Golden-Tech GmbH/LeadDocuments - Casino Germany - Documents\21676 - Fabian Wink, CasinoEuro
[2025-09-23 14:39:30] ✅ SP: No Checked_* files for deal 21676.
[2025-09-23 14:39:31] 🔎 SP: Deal 21677 → C:/Sharepoint/Golden-Tech GmbH/LeadDocuments - Casino Germany - Documents\21677 - Fabian Wink, Cookie Casino
[2025-09-23 14:39:31] 🚫 SP: Found Checked_* file(s) for deal 21677 — filtering out.
[2025-09-23 14:39:32] 🔎 SP: Deal 21678 → C:/Sharepoint/Golden-Tech GmbH/LeadDocuments - Casino Germany - Documents\21678 - Fabian Wink, Evospin
[2025-09-23 14:39:32] 🚫 SP: Found Checked_* file(s) for deal 21678 — filtering out.
[2025-09-23 14:39:33] 🔎 SP: Deal 21679 → C:/Sharepoint/Golden-Tech GmbH/LeadDocuments - Casino Germany - Documents\21679 - Fabian Wink, Maneki
[2025-09-23 14:39:33] 🚫 SP: Found Checked_* file(s) for deal 21679 — filtering out.
[2025-09-23 14:39:34] 🔎 SP: Deal 21680 → C:/Sharepoint/Golden-Tech GmbH/LeadDocuments - Casino Germany - Documents\21680 - Fabian Wink, Millionaria
[2025-09-23 14:39:34] ✅ SP: No Checked_* files for deal 21680.
[2025-09-23 14:39:35] 🔎 SP: Deal 21683 → C:/Sharepoint/Golden-Tech GmbH/LeadDocuments - Casino Germany - Documents\21683 - Fabian Wink, OctoCasino
[2025-09-23 14:39:35] ✅ SP: No Checked_* files for deal 21683.
[2025-09-23 14:39:36] 🔎 SP: Deal 21684 → C:/Sharepoint/Golden-Tech GmbH/LeadDocuments - Casino Germany - Documents\21684 - Fabian Wink, Pino Casino
[2025-09-23 14:39:36] 🚫 SP: Found Checked_* file(s) for deal 21684 — filtering out.
[2025-09-23 14:39:37] 🔎 SP: Deal 21686 → C:/Sharepoint/Golden-Tech GmbH/LeadDocuments - Casino Germany - Documents\21686 - Fabian Wink, Rizk
[2025-09-23 14:39:37] ✅ SP: No Checked_* files for deal 21686.
[2025-09-23 14:39:38] 🔎 SP: Deal 21687 → C:/Sharepoint/Golden-Tech GmbH/LeadDocuments - Casino Germany - Documents\21687 - Fabian Wink, Slothunter
[2025-09-23 14:39:38] 🚫 SP: Found Checked_* file(s) for deal 21687 — filtering out.
[2025-09-23 14:39:39] 🔎 SP: Deal 21688 → C:/Sharepoint/Golden-Tech GmbH/LeadDocuments - Casino Germany - Documents\21688 - Fabian Wink, Spinia
[2025-09-23 14:39:39] ✅ SP: No Checked_* files for deal 21688.
[2025-09-23 14:39:44] 🔎 SP: Deal 8439 → C:/Sharepoint/Golden-Tech GmbH/LeadDocuments - Casino Germany - Documents\8439 - Roy Deneke, Krooncasino
[2025-09-23 14:39:44] 🚫 SP: Found Checked_* file(s) for deal 8439 — filtering out.
[2025-09-23 14:39:44] 🔎 SP: Deal 10180 → C:/Sharepoint/Golden-Tech GmbH/LeadDocuments - Casino Germany - Documents\10180 - Dennis Tjoonk, 888
[2025-09-23 14:39:44] ✅ SP: No Checked_* files for deal 10180.
[2025-09-23 14:39:45] 🔎 SP: Deal 15373 → C:/Sharepoint/Golden-Tech GmbH/LeadDocuments - Casino Germany - Documents\15373 - Justin Vangent1@hotnail.com, Betchan
[2025-09-23 14:39:45] 🚫 SP: Found Checked_* file(s) for deal 15373 — filtering out.
[2025-09-23 14:39:46] 🔎 SP: Deal 18588 → C:/Sharepoint/Golden-Tech GmbH/LeadDocuments - Casino Germany - Documents\18588 - stephan westerdijk, Krooncasino
[2025-09-23 14:39:46] 🚫 SP: Found Checked_* file(s) for deal 18588 — filtering out.
[2025-09-23 14:39:47] 🔎 SP: Deal 20000 → C:/Sharepoint/Golden-Tech GmbH/LeadDocuments - Casino Germany - Documents\20000 - Michael Hovenga, Bobcasino
[2025-09-23 14:39:47] ✅ SP: No Checked_* files for deal 20000.
[2025-09-23 14:39:49] 🔎 SP: Deal 27583 → C:/Sharepoint/Golden-Tech GmbH/LeadDocuments - Casino Germany - Documents\27583 - Sachs-Wissingh Petra, Cookie Casino
[2025-09-23 14:39:49] ✅ SP: No Checked_* files for deal 27583.
[2025-09-23 14:39:52] 🔎 SP: Deal 27919 → C:/Sharepoint/Golden-Tech GmbH/LeadDocuments - Casino Germany - Documents\27919 - Koopmans Marc, William Hill
[2025-09-23 14:39:52] ✅ SP: No Checked_* files for deal 27919.
[2025-09-23 14:39:54] 🔎 SP: Deal 27923 → C:/Sharepoint/Golden-Tech GmbH/LeadDocuments - Casino Germany - Documents\27923 - Ronald Poots, N1 Casino
[2025-09-23 14:39:54] 🚫 SP: Found Checked_* file(s) for deal 27923 — filtering out.
[2025-09-23 14:39:57] 🔎 SP: Deal 3631 → C:/Sharepoint/Golden-Tech GmbH/LeadDocuments - Casino Germany - Documents\3631 - Roy Van der Velde, N1 Casino
[2025-09-23 14:39:57] 🚫 SP: Found Checked_* file(s) for deal 3631 — filtering out.
[2025-09-23 14:39:58] 🔎 SP: Deal 11930 → C:/Sharepoint/Golden-Tech GmbH/LeadDocuments - Casino Germany - Documents\11930 - Max van Eijk, William Hill
[2025-09-23 14:39:58] ✅ SP: No Checked_* files for deal 11930.
[2025-09-23 14:39:58] 🔎 SP: Deal 12866 → C:/Sharepoint/Golden-Tech GmbH/LeadDocuments - Casino Germany - Documents\12866 - Shugailys Sophia, Pino Casino
[2025-09-23 14:39:58] 🚫 SP: Found Checked_* file(s) for deal 12866 — filtering out.
