[2025-09-23 16:04:04] ✅ Created Excel: TA_TA_746193273 Thierry van Daalen - Financial Report.xlsx with 1717 rows, 17 cols
[2025-09-23 16:04:04] ✅ Converted: TA_746193273 Thierry van Daalen - Financial Report.pdf → TA_TA_746193273 Thierry van Daalen - Financial Report.xlsx
[2025-09-23 16:04:04] 🧪 Converting TA PDF → Excel: TA_Financial Report_888.pdf
[2025-09-23 16:04:04] 🧩 Converting PDF → Excel (default headers): TA_Financial Report_888.pdf
[2025-09-23 16:04:07] ✅ Created Excel: TA_TA_Financial Report_888.xlsx with 320 rows, 16 cols
[2025-09-23 16:04:07] ✅ Converted: TA_Financial Report_888.pdf → TA_TA_Financial Report_888.xlsx
[2025-09-23 16:04:07] 🧪 Converting TA PDF → Excel: TA_Financial Report_888_2.pdf
[2025-09-23 16:04:07] 🧩 Converting PDF → Excel (default headers): TA_Financial Report_888_2.pdf
[2025-09-23 16:04:08] ✅ Created Excel: TA_TA_Financial Report_888_2.xlsx with 3 rows, 16 cols
[2025-09-23 16:04:08] ✅ Converted: TA_Financial Report_888_2.pdf → TA_TA_Financial Report_888_2.xlsx
[2025-09-23 16:04:08] 🧪 Converting TA PDF → Excel: TA_Financial Report_888_3.pdf
[2025-09-23 16:04:08] 🧩 Converting PDF → Excel (default headers): TA_Financial Report_888_3.pdf
[2025-09-23 16:04:10] ✅ Created Excel: TA_TA_Financial Report_888_3.xlsx with 4 rows, 16 cols
[2025-09-23 16:04:10] ✅ Converted: TA_Financial Report_888_3.pdf → TA_TA_Financial Report_888_3.xlsx
[2025-09-23 16:04:10] 🧪 Converting TA PDF → Excel: TA_888.pdf
[2025-09-23 16:04:10] 🧩 Converting PDF → Excel (default headers): TA_888.pdf
[2025-09-23 16:04:14] ✅ Created Excel: TA_TA_888.xlsx with 131 rows, 17 cols
[2025-09-23 16:04:14] ✅ Converted: TA_888.pdf → TA_TA_888.xlsx
[2025-09-23 16:04:14] 🧪 Converting TA PDF → Excel: TA_Transaction History - deposit withdrawals.pdf
[2025-09-23 16:04:14] 🧩 Converting PDF → Excel (default headers): TA_Transaction History - deposit withdrawals.pdf
[2025-09-23 16:04:20] ✅ Created Excel: TA_TA_Transaction History - deposit withdrawals.xlsx with 590 rows, 8 cols
[2025-09-23 16:04:20] ✅ Converted: TA_Transaction History - deposit withdrawals.pdf → TA_TA_Transaction History - deposit withdrawals.xlsx
[2025-09-23 16:04:20] 🧪 Converting TA PDF → Excel: TA_888.pdf
[2025-09-23 16:04:20] 🧩 Converting PDF → Excel (default headers): TA_888.pdf
[2025-09-23 16:04:23] ✅ Created Excel: TA_TA_888.xlsx with 281 rows, 16 cols
[2025-09-23 16:04:23] ✅ Converted: TA_888.pdf → TA_TA_888.xlsx
[2025-09-23 16:04:23] 🧪 Converting TA PDF → Excel: TA_WilliamHill.pdf
[2025-09-23 16:04:23] 🧩 Converting PDF → Excel (default headers): TA_WilliamHill.pdf
