[2025-09-23 14:26:00] 🔎 SP: Deal 23632 → C:/Sharepoint/Golden-Tech GmbH/LeadDocuments - Casino Germany - Documents\23632 - Petrus Johannes Frederik Dreise, GSlot
[2025-09-23 14:26:00]    ↳ SP matches:
[2025-09-23 14:26:00]       - Checked_IB_GSlot_Petrus Johannes Frederik Dreise.xlsx
[2025-09-23 14:26:00] 🚫 SP: Found Checked_* file(s) for deal 23632 — filtering out.
[2025-09-23 14:26:02] 🔎 SP: Deal 23635 → C:/Sharepoint/Golden-Tech GmbH/LeadDocuments - Casino Germany - Documents\23635 - Petrus Johannes Frederik Dreise, LeoVegas
[2025-09-23 14:26:02]    ↳ SP matches:
[2025-09-23 14:26:02]       - Checked_IB_LeoVegas_Petrus Johannes Frederik Dreise.xlsx
[2025-09-23 14:26:02] 🚫 SP: Found Checked_* file(s) for deal 23635 — filtering out.
[2025-09-23 14:26:03] 🔎 SP: Deal 24718 → C:/Sharepoint/Golden-Tech GmbH/LeadDocuments - Casino Germany - Documents\24718 - (Hilde) Elke Drok, Oranjecasino
[2025-09-23 14:26:03] ✅ SP: No Checked_* files for deal 24718.
[2025-09-23 14:26:05] 🔎 SP: Deal 29441 → C:/Sharepoint/Golden-Tech GmbH/LeadDocuments - Casino Germany - Documents\29441 - Rafal Augustyniak, Avalon78
[2025-09-23 14:26:05]    ↳ SP matches:
[2025-09-23 14:26:05]       - Checked_IB_N1 Interactive Ltd._Rafal Augustyniak.xlsx
[2025-09-23 14:26:05] 🚫 SP: Found Checked_* file(s) for deal 29441 — filtering out.
[2025-09-23 14:26:08] 🔎 SP: Deal 30096 → C:/Sharepoint/Golden-Tech GmbH/LeadDocuments - Casino Germany - Documents\30096 - Robbie van Heertum, King Billy
[2025-09-23 14:26:08] ✅ SP: No Checked_* files for deal 30096.
[2025-09-23 14:26:11] 🔎 SP: Deal 37644 → C:/Sharepoint/Golden-Tech GmbH/LeadDocuments - Casino Germany - Documents\37644 - Marc Perlo, 888
[2025-09-23 14:26:11] ✅ SP: No Checked_* files for deal 37644.
[2025-09-23 14:26:16] 🔎 SP: Deal 45032 → C:/Sharepoint/Golden-Tech GmbH/LeadDocuments - Casino Germany - Documents\45032 - Youri Thorig, Casumo
[2025-09-23 14:26:16] ✅ SP: No Checked_* files for deal 45032.
[2025-09-23 14:26:20] 🔎 SP: Deal 46370 → C:/Sharepoint/Golden-Tech GmbH/LeadDocuments - Casino Germany - Documents\46370 - de  Groot Haig, Avalon78
[2025-09-23 14:26:20]    ↳ SP matches:
[2025-09-23 14:26:20]       - Checked_IB_Avalon78_de  Groot Haig.xlsx
[2025-09-23 14:26:20] 🚫 SP: Found Checked_* file(s) for deal 46370 — filtering out.
[2025-09-23 14:26:21] 🔎 SP: Deal 19624 → C:/Sharepoint/Golden-Tech GmbH/LeadDocuments - Casino Germany - Documents\19624 - Chayen Wittmer, Betchan
[2025-09-23 14:26:21]    ↳ SP matches:
[2025-09-23 14:26:21]       - Checked_IB_Betchan_Chayen Wittmer.xlsx
[2025-09-23 14:26:21] 🚫 SP: Found Checked_* file(s) for deal 19624 — filtering out.
[2025-09-23 14:26:22] 🔎 SP: Deal 19637 → C:/Sharepoint/Golden-Tech GmbH/LeadDocuments - Casino Germany - Documents\19637 - Chayen Wittmer, LeoVegas
[2025-09-23 14:26:22]    ↳ SP matches:
[2025-09-23 14:26:22]       - Checked_IB_LeoVegas_Chayen Wittmer.xlsx
[2025-09-23 14:26:22] 🚫 SP: Found Checked_* file(s) for deal 19637 — filtering out.
[2025-09-23 14:26:23] 🔎 SP: Deal 21670 → C:/Sharepoint/Golden-Tech GmbH/LeadDocuments - Casino Germany - Documents\21670 - Fabian Wink, Avalon78
[2025-09-23 14:26:23]    ↳ SP matches:
[2025-09-23 14:26:23]       - Checked_IB_Avalon78_Fabian Wink.xlsx
[2025-09-23 14:26:23] 🚫 SP: Found Checked_* file(s) for deal 21670 — filtering out.
[2025-09-23 14:26:24] 🔎 SP: Deal 21672 → C:/Sharepoint/Golden-Tech GmbH/LeadDocuments - Casino Germany - Documents\21672 - Fabian Wink, Betsson
[2025-09-23 14:26:24]    ↳ SP matches:
[2025-09-23 14:26:24]       - Checked_IB_Betsson_Fabian Wink.xlsx
[2025-09-23 14:26:24] 🚫 SP: Found Checked_* file(s) for deal 21672 — filtering out.
[2025-09-23 14:26:25] 🔎 SP: Deal 21673 → C:/Sharepoint/Golden-Tech GmbH/LeadDocuments - Casino Germany - Documents\21673 - Fabian Wink, Bobcasino
[2025-09-23 14:26:25]    ↳ SP matches:
[2025-09-23 14:26:25]       - Checked_IB_Bobcasino_Fabian Wink.xlsx
[2025-09-23 14:26:25] 🚫 SP: Found Checked_* file(s) for deal 21673 — filtering out.
[2025-09-23 14:26:26] 🔎 SP: Deal 21675 → C:/Sharepoint/Golden-Tech GmbH/LeadDocuments - Casino Germany - Documents\21675 - Fabian Wink, Casino Rex
[2025-09-23 14:26:26]    ↳ SP matches:
[2025-09-23 14:26:26]       - Checked_IB_Casino Rex_Fabian Wink.xlsx
[2025-09-23 14:26:26] 🚫 SP: Found Checked_* file(s) for deal 21675 — filtering out.
[2025-09-23 14:26:27] 🔎 SP: Deal 21676 → C:/Sharepoint/Golden-Tech GmbH/LeadDocuments - Casino Germany - Documents\21676 - Fabian Wink, CasinoEuro
[2025-09-23 14:26:27] ✅ SP: No Checked_* files for deal 21676.
[2025-09-23 14:26:28] 🔎 SP: Deal 21677 → C:/Sharepoint/Golden-Tech GmbH/LeadDocuments - Casino Germany - Documents\21677 - Fabian Wink, Cookie Casino
[2025-09-23 14:26:28]    ↳ SP matches:
[2025-09-23 14:26:28]       - Checked_IB_Cookie Casino_Fabian Wink.xlsx
[2025-09-23 14:26:28] 🚫 SP: Found Checked_* file(s) for deal 21677 — filtering out.
[2025-09-23 14:26:29] 🔎 SP: Deal 21678 → C:/Sharepoint/Golden-Tech GmbH/LeadDocuments - Casino Germany - Documents\21678 - Fabian Wink, Evospin
[2025-09-23 14:26:29]    ↳ SP matches:
[2025-09-23 14:26:29]       - Checked_IB_Evospin_Fabian Wink.xlsx
[2025-09-23 14:26:29] 🚫 SP: Found Checked_* file(s) for deal 21678 — filtering out.
[2025-09-23 14:26:30] 🔎 SP: Deal 21679 → C:/Sharepoint/Golden-Tech GmbH/LeadDocuments - Casino Germany - Documents\21679 - Fabian Wink, Maneki
[2025-09-23 14:26:30]    ↳ SP matches:
[2025-09-23 14:26:30]       - Checked_IB_Maneki_Fabian Wink.xlsx
[2025-09-23 14:26:30] 🚫 SP: Found Checked_* file(s) for deal 21679 — filtering out.
[2025-09-23 14:26:31] 🔎 SP: Deal 21680 → C:/Sharepoint/Golden-Tech GmbH/LeadDocuments - Casino Germany - Documents\21680 - Fabian Wink, Millionaria
[2025-09-23 14:26:31] ✅ SP: No Checked_* files for deal 21680.
[2025-09-23 14:26:32] 🔎 SP: Deal 21683 → C:/Sharepoint/Golden-Tech GmbH/LeadDocuments - Casino Germany - Documents\21683 - Fabian Wink, OctoCasino
[2025-09-23 14:26:32] ✅ SP: No Checked_* files for deal 21683.
[2025-09-23 14:26:33] 🔎 SP: Deal 21684 → C:/Sharepoint/Golden-Tech GmbH/LeadDocuments - Casino Germany - Documents\21684 - Fabian Wink, Pino Casino
[2025-09-23 14:26:33]    ↳ SP matches:
[2025-09-23 14:26:33]       - Checked_IB_Pino Casino_Fabian Wink.xlsx
[2025-09-23 14:26:33] 🚫 SP: Found Checked_* file(s) for deal 21684 — filtering out.
[2025-09-23 14:26:34] 🔎 SP: Deal 21686 → C:/Sharepoint/Golden-Tech GmbH/LeadDocuments - Casino Germany - Documents\21686 - Fabian Wink, Rizk
[2025-09-23 14:26:34] ✅ SP: No Checked_* files for deal 21686.
[2025-09-23 14:26:35] 🔎 SP: Deal 21687 → C:/Sharepoint/Golden-Tech GmbH/LeadDocuments - Casino Germany - Documents\21687 - Fabian Wink, Slothunter
[2025-09-23 14:26:35]    ↳ SP matches:
[2025-09-23 14:26:35]       - Checked_IB_Slothunter_Fabian Wink.xlsx
[2025-09-23 14:26:35] 🚫 SP: Found Checked_* file(s) for deal 21687 — filtering out.
[2025-09-23 14:26:36] 🔎 SP: Deal 21688 → C:/Sharepoint/Golden-Tech GmbH/LeadDocuments - Casino Germany - Documents\21688 - Fabian Wink, Spinia
[2025-09-23 14:26:36] ✅ SP: No Checked_* files for deal 21688.
[2025-09-23 14:26:41] 🔎 SP: Deal 8439 → C:/Sharepoint/Golden-Tech GmbH/LeadDocuments - Casino Germany - Documents\8439 - Roy Deneke, Krooncasino
[2025-09-23 14:26:41]    ↳ SP matches:
[2025-09-23 14:26:41]       - Checked_IB_Krooncasino_Roy Deneke.xlsx
[2025-09-23 14:26:41] 🚫 SP: Found Checked_* file(s) for deal 8439 — filtering out.
[2025-09-23 14:26:41] 🔎 SP: Deal 10180 → C:/Sharepoint/Golden-Tech GmbH/LeadDocuments - Casino Germany - Documents\10180 - Dennis Tjoonk, 888
[2025-09-23 14:26:41] ✅ SP: No Checked_* files for deal 10180.
[2025-09-23 14:26:42] 🔎 SP: Deal 15373 → C:/Sharepoint/Golden-Tech GmbH/LeadDocuments - Casino Germany - Documents\15373 - Justin Vangent1@hotnail.com, Betchan
[2025-09-23 14:26:42]    ↳ SP matches:
[2025-09-23 14:26:42]       - Checked_IB_Betchan_Justin Vangent1@hotmail.com.xlsx
[2025-09-23 14:26:42] 🚫 SP: Found Checked_* file(s) for deal 15373 — filtering out.
[2025-09-23 14:26:43] 🔎 SP: Deal 18588 → C:/Sharepoint/Golden-Tech GmbH/LeadDocuments - Casino Germany - Documents\18588 - stephan westerdijk, Krooncasino
[2025-09-23 14:26:43]    ↳ SP matches:
[2025-09-23 14:26:43]       - Checked_IB_Krooncasino_Stephan Westerdijk.xlsx
[2025-09-23 14:26:43] 🚫 SP: Found Checked_* file(s) for deal 18588 — filtering out.
[2025-09-23 14:26:44] 🔎 SP: Deal 20000 → C:/Sharepoint/Golden-Tech GmbH/LeadDocuments - Casino Germany - Documents\20000 - Michael Hovenga, Bobcasino
[2025-09-23 14:26:44] ✅ SP: No Checked_* files for deal 20000.
[2025-09-23 14:26:46] 🔎 SP: Deal 27583 → C:/Sharepoint/Golden-Tech GmbH/LeadDocuments - Casino Germany - Documents\27583 - Sachs-Wissingh Petra, Cookie Casino
[2025-09-23 14:26:46] ✅ SP: No Checked_* files for deal 27583.
[2025-09-23 14:26:48] 🔎 SP: Deal 27919 → C:/Sharepoint/Golden-Tech GmbH/LeadDocuments - Casino Germany - Documents\27919 - Koopmans Marc, William Hill
[2025-09-23 14:26:48] ✅ SP: No Checked_* files for deal 27919.
[2025-09-23 14:26:50] 🔎 SP: Deal 27923 → C:/Sharepoint/Golden-Tech GmbH/LeadDocuments - Casino Germany - Documents\27923 - Ronald Poots, N1 Casino
[2025-09-23 14:26:50]    ↳ SP matches:
[2025-09-23 14:26:50]       - Checked_IB_N1 Casino_Ronald Poots.xlsx
[2025-09-23 14:26:50] 🚫 SP: Found Checked_* file(s) for deal 27923 — filtering out.
[2025-09-23 14:26:53] 🔎 SP: Deal 3631 → C:/Sharepoint/Golden-Tech GmbH/LeadDocuments - Casino Germany - Documents\3631 - Roy Van der Velde, N1 Casino
[2025-09-23 14:26:53]    ↳ SP matches:
[2025-09-23 14:26:53]       - Checked_IB_N1 Casino_Roy Van der Velde.xlsx
[2025-09-23 14:26:53] 🚫 SP: Found Checked_* file(s) for deal 3631 — filtering out.
[2025-09-23 14:26:54] 🔎 SP: Deal 11930 → C:/Sharepoint/Golden-Tech GmbH/LeadDocuments - Casino Germany - Documents\11930 - Max van Eijk, William Hill
[2025-09-23 14:26:54] ✅ SP: No Checked_* files for deal 11930.
[2025-09-23 14:26:54] 🔎 SP: Deal 12866 → C:/Sharepoint/Golden-Tech GmbH/LeadDocuments - Casino Germany - Documents\12866 - Shugailys Sophia, Pino Casino
[2025-09-23 14:26:54]    ↳ SP matches:
[2025-09-23 14:26:54]       - Checked_IB_Pino Casino_Shugailys Sophia.xlsx
[2025-09-23 14:26:54] 🚫 SP: Found Checked_* file(s) for deal 12866 — filtering out.
[2025-09-23 14:26:56] 🔎 SP: Deal 27515 → C:/Sharepoint/Golden-Tech GmbH/LeadDocuments - Casino Germany - Documents\27515 - jacek kowalczyk, Duxcasino
[2025-09-23 14:26:56] ✅ SP: No Checked_* files for deal 27515.
[2025-09-23 14:26:59] 🔎 SP: Deal 37865 → C:/Sharepoint/Golden-Tech GmbH/LeadDocuments - Casino Germany - Documents\37865 - Maurice Van daalen, 888
[2025-09-23 14:26:59] ✅ SP: No Checked_* files for deal 37865.
