[2025-09-24 10:44:08] 🎯 Opponent filter: BWIN
[2025-09-24 10:44:13] 📄 Processing TA_DSAR - lamin22 (bwin.com).xlsx (Deal 12113) in checking Mode...
[2025-09-24 10:44:26] ✔ Deposit sheets: ['Deposits']
[2025-09-24 10:44:26] ✔ Cashout sheets: ['Cashouts']
[2025-09-24 10:44:26] TA logic: Deposits = 57471.0, Cashouts = 20041.440000000002, Net = 37429.56
[2025-09-24 10:44:26] ✅ Created Payment Summary with 631 rows.
[2025-09-24 10:44:26] ✅ Created Summary sheet (Currency → Type → Year).
[2025-09-24 10:44:26] ✅ Created styled Summary (Currency → Type → Year) with title row.
[2025-09-24 10:44:26] ✅ Created 'Payment Summary EUR' (0 USD rows converted).
[2025-09-24 10:44:26] ✅ Created 'Summary EUR' (pivot-style Currency → Type → Year).
[2025-09-24 10:44:26] 🧾 Final claim value (from Payment Summary): 37429.56
[2025-09-24 10:44:26] ✅ Finished processing: TA_DSAR - lamin22 (bwin.com).xlsx
[2025-09-24 10:44:26] 📄 Processing TA_DSAR - lamin22 (partypoker.com).xlsx (Deal 12113) in checking Mode...
[2025-09-24 10:44:40] ✔ Deposit sheets: —
[2025-09-24 10:44:40] ✔ Cashout sheets: —
[2025-09-24 10:44:40] 🔎 Header row 1: ['Account name', 'lamin22']
[2025-09-24 10:44:40] 🧭 Columns: amount=None, currency=None, type=None, ref_date=None, conf_date=None, status=None, gateway=None, descr=None, drcr=None
[2025-09-24 10:44:40] ❌ No recognizable amount/date columns (fallbacks failed).
[2025-09-24 10:44:40] TA logic: Deposits = 0, Cashouts = 0, Net = 0
[2025-09-24 10:44:40] ✅ Created Payment Summary with 0 rows.
[2025-09-24 10:44:40] ⚠️ No valid dates found in Payment Summary.
[2025-09-24 10:44:40] ✅ Created styled Summary (Currency → Type → Year) with title row.
[2025-09-24 10:44:40] ✅ Created 'Payment Summary EUR' (0 USD rows converted).
[2025-09-24 10:44:40] ✅ Created 'Summary EUR' (pivot-style Currency → Type → Year).
[2025-09-24 10:44:40] 🧾 Final claim value (from Payment Summary): 0.0
[2025-09-24 10:44:40] ✅ Finished processing: TA_DSAR - lamin22 (partypoker.com).xlsx
[2025-09-24 10:44:40] 📄 Processing TA_DSAR - lamin2705 (ladbrokes.com).xlsx (Deal 12113) in checking Mode...
[2025-09-24 10:44:48] ✔ Deposit sheets: ['Deposits']
[2025-09-24 10:44:48] ✔ Cashout sheets: ['Withdrawals']
[2025-09-24 10:44:48] TA logic: Deposits = 240.0, Cashouts = 60.0, Net = 180.0
[2025-09-24 10:44:48] ✅ Created Payment Summary with 14 rows.
[2025-09-24 10:44:48] ⚠️ No valid dates found in Payment Summary.
[2025-09-24 10:44:48] ✅ Created styled Summary (Currency → Type → Year) with title row.
[2025-09-24 10:44:48] ✅ Created 'Payment Summary EUR' (0 USD rows converted).
[2025-09-24 10:44:48] ✅ Created 'Summary EUR' (pivot-style Currency → Type → Year).
[2025-09-24 10:44:48] 🧾 Final claim value (from Payment Summary): 180.0
[2025-09-24 10:44:48] ✅ Finished processing: TA_DSAR - lamin2705 (ladbrokes.com).xlsx
[2025-09-24 10:44:48] 📄 Processing TA_Adnan Dag withdrawl.xlsx (Deal 40148) in checking Mode...
