[2025-09-23 14:29:00]       - Checked_IB_Spinia_Tessa Zuiderveld.xlsx
[2025-09-23 14:29:00] 🚫 SP: Found Checked_* file(s) for deal 17822 — filtering out.
[2025-09-23 14:29:00] 🔎 SP: Deal 20256 → C:/Sharepoint/Golden-Tech GmbH/LeadDocuments - Casino Germany - Documents\20256 - Tom Veenstra, Krooncasino
[2025-09-23 14:29:00]    ↳ SP matches:
[2025-09-23 14:29:01]       - Checked_IB_Krooncasino_Tom Veenstra.xlsx
[2025-09-23 14:29:01] 🚫 SP: Found Checked_* file(s) for deal 20256 — filtering out.
[2025-09-23 14:29:02] 🔎 SP: Deal 22839 → C:/Sharepoint/Golden-Tech GmbH/LeadDocuments - Casino Germany - Documents\22839 - Femke Janssens, Cookie Casino
[2025-09-23 14:29:02]    ↳ SP matches:
[2025-09-23 14:29:02]       - Checked_IB_Cookie Casino_Femke Janssens.xlsx
[2025-09-23 14:29:02] 🚫 SP: Found Checked_* file(s) for deal 22839 — filtering out.
[2025-09-23 14:29:03] 🔎 SP: Deal 25746 → C:/Sharepoint/Golden-Tech GmbH/LeadDocuments - Casino Germany - Documents\25746 - Schoonheijm Ophra, Winny
[2025-09-23 14:29:03]    ↳ SP matches:
[2025-09-23 14:29:03]       - Checked_IB_Winny_Schoonheijm Ophra.xlsx
[2025-09-23 14:29:03] 🚫 SP: Found Checked_* file(s) for deal 25746 — filtering out.
[2025-09-23 14:29:04] 🔎 SP: Deal 25816 → C:/Sharepoint/Golden-Tech GmbH/LeadDocuments - Casino Germany - Documents\25816 - Tiago jorge Dia santos, Duxcasino
[2025-09-23 14:29:04]    ↳ SP matches:
[2025-09-23 14:29:04]       - Checked_IB_Duxcasino_Tiago jorge Dia santos.xlsx
[2025-09-23 14:29:04] 🚫 SP: Found Checked_* file(s) for deal 25816 — filtering out.
[2025-09-23 14:29:06] 🔎 SP: Deal 26566 → C:/Sharepoint/Golden-Tech GmbH/LeadDocuments - Casino Germany - Documents\26566 - Johannes Franciscus van Mierlo, Crazy Fox
[2025-09-23 14:29:06] ✅ SP: No Checked_* files for deal 26566.
[2025-09-23 14:29:08] 🔎 SP: Deal 27330 → C:/Sharepoint/Golden-Tech GmbH/LeadDocuments - Casino Germany - Documents\27330 - Thijs Opten, Avalon78
[2025-09-23 14:29:08]    ↳ SP matches:
[2025-09-23 14:29:08]       - Checked_IB_Avalon78_Thijs Opten.xlsx
[2025-09-23 14:29:08] 🚫 SP: Found Checked_* file(s) for deal 27330 — filtering out.
[2025-09-23 14:29:10] 🔎 SP: Deal 32048 → C:/Sharepoint/Golden-Tech GmbH/LeadDocuments - Casino Germany - Documents\32048 - Tobias Horsten, LeoVegas
[2025-09-23 14:29:11]    ↳ SP matches:
[2025-09-23 14:29:11]       - Checked_IB_LeoVegas_Tobias Horsten.xlsx
[2025-09-23 14:29:11] 🚫 SP: Found Checked_* file(s) for deal 32048 — filtering out.
[2025-09-23 14:29:14] 🔎 SP: Deal 37816 → C:/Sharepoint/Golden-Tech GmbH/LeadDocuments - Casino Germany - Documents\37816 - Ricardo Keur, PokerStars
[2025-09-23 14:29:14] ✅ SP: No Checked_* files for deal 37816.
[2025-09-23 14:29:18] 🔎 SP: Deal 45549 → C:/Sharepoint/Golden-Tech GmbH/LeadDocuments - Casino Germany - Documents\45549 - Lath Al-Jawrani, Betchan
[2025-09-23 14:29:18]    ↳ SP matches:
[2025-09-23 14:29:18]       - Checked_IB_Betchan_Lath Al-Jawrani.xlsx
[2025-09-23 14:29:18] 🚫 SP: Found Checked_* file(s) for deal 45549 — filtering out.
[2025-09-23 14:29:23] 🔎 SP: Deal 51743 → C:/Sharepoint/Golden-Tech GmbH/LeadDocuments - Casino Germany - Documents\51743 - huseyin tercan, Avalon78
[2025-09-23 14:29:23] ✅ SP: No Checked_* files for deal 51743.
[2025-09-23 14:29:23] 🔎 SP: Deal 15575 → C:/Sharepoint/Golden-Tech GmbH/LeadDocuments - Casino Germany - Documents\15575 - Aiko Vegter, Oranjecasino
[2025-09-23 14:29:23]    ↳ SP matches:
[2025-09-23 14:29:24]       - Checked_IB_Oranjecasino_Aiko Vegter.xlsx
[2025-09-23 14:29:24] 🚫 SP: Found Checked_* file(s) for deal 15575 — filtering out.
[2025-09-23 14:29:25] 🔎 SP: Deal 2442 → C:/Sharepoint/Golden-Tech GmbH/LeadDocuments - Casino Germany - Documents\2442 - Roel Hermans, Avalon78
[2025-09-23 14:29:25]    ↳ SP matches:
[2025-09-23 14:29:25]       - Checked_IB_Avalon78_Roel Hermans.xlsx
[2025-09-23 14:29:25] 🚫 SP: Found Checked_* file(s) for deal 2442 — filtering out.
[2025-09-23 14:29:26] 🔎 SP: Deal 2446 → C:/Sharepoint/Golden-Tech GmbH/LeadDocuments - Casino Germany - Documents\2446 - Roel Hermans, Mr. Green
[2025-09-23 14:29:26]    ↳ SP matches:
[2025-09-23 14:29:26]       - Checked_IB_Mr. Green_Roel Hermans.xlsx
[2025-09-23 14:29:26] 🚫 SP: Found Checked_* file(s) for deal 2446 — filtering out.
[2025-09-23 14:29:27] 🔎 SP: Deal 2447 → C:/Sharepoint/Golden-Tech GmbH/LeadDocuments - Casino Germany - Documents\2447 - Roel Hermans, Oranjecasino
[2025-09-23 14:29:27]    ↳ SP matches:
[2025-09-23 14:29:27]       - Checked_IB_Oranjecasino_Roel Hermans.xlsx
[2025-09-23 14:29:27] 🚫 SP: Found Checked_* file(s) for deal 2447 — filtering out.
[2025-09-23 14:29:29] 🔎 SP: Deal 2450 → C:/Sharepoint/Golden-Tech GmbH/LeadDocuments - Casino Germany - Documents\2450 - Roel Hermans, William Hill
[2025-09-23 14:29:29] ✅ SP: No Checked_* files for deal 2450.
[2025-09-23 14:29:30] 🔎 SP: Deal 2451 → C:/Sharepoint/Golden-Tech GmbH/LeadDocuments - Casino Germany - Documents\2451 - Roel Hermans, Krooncasino
[2025-09-23 14:29:30]    ↳ SP matches:
[2025-09-23 14:29:30]       - Checked_IB_Krooncasino_Roel Hermans.xlsx
[2025-09-23 14:29:30] 🚫 SP: Found Checked_* file(s) for deal 2451 — filtering out.
[2025-09-23 14:29:34] 🔎 SP: Deal 4822 → C:/Sharepoint/Golden-Tech GmbH/LeadDocuments - Casino Germany - Documents\4822 - Wesley Kamphuis, Maneki
[2025-09-23 14:29:34]    ↳ SP matches:
[2025-09-23 14:29:34]       - Checked_IB_Maneki_Wesley Kamphuis.xlsx
[2025-09-23 14:29:34] 🚫 SP: Found Checked_* file(s) for deal 4822 — filtering out.
[2025-09-23 14:29:39] 🔎 SP: Deal 7171 → C:/Sharepoint/Golden-Tech GmbH/LeadDocuments - Casino Germany - Documents\7171 - Mart Spijkerman, LeoVegas
[2025-09-23 14:29:39]    ↳ SP matches:
[2025-09-23 14:29:39]       - Checked_IB_LeoVegas_Mart Spijkerman.xlsx
[2025-09-23 14:29:39] 🚫 SP: Found Checked_* file(s) for deal 7171 — filtering out.
[2025-09-23 14:29:40] 🔎 SP: Deal 13167 → C:/Sharepoint/Golden-Tech GmbH/LeadDocuments - Casino Germany - Documents\13167 - Bram van Boesschoten, Spinia
[2025-09-23 14:29:40]    ↳ SP matches:
[2025-09-23 14:29:40]       - Checked_IB_Spinia_Bram van Boesschoten.xlsx
[2025-09-23 14:29:40] 🚫 SP: Found Checked_* file(s) for deal 13167 — filtering out.
[2025-09-23 14:29:40] 🔎 SP: Deal 13202 → C:/Sharepoint/Golden-Tech GmbH/LeadDocuments - Casino Germany - Documents\13202 - Michael De vries, Duxcasino
[2025-09-23 14:29:40]    ↳ SP matches:
[2025-09-23 14:29:40]       - Checked_IB_Duxcasino_Michael De vries.xlsx
[2025-09-23 14:29:40] 🚫 SP: Found Checked_* file(s) for deal 13202 — filtering out.
[2025-09-23 14:29:41] 🔎 SP: Deal 13509 → C:/Sharepoint/Golden-Tech GmbH/LeadDocuments - Casino Germany - Documents\13509 - Dennis Tijs, Avalon78
[2025-09-23 14:29:41]    ↳ SP matches:
[2025-09-23 14:29:41]       - Checked_IB_Avalon78_Dennis Tijs.xlsx
[2025-09-23 14:29:41] 🚫 SP: Found Checked_* file(s) for deal 13509 — filtering out.
[2025-09-23 14:29:41] 🔎 SP: Deal 15176 → C:/Sharepoint/Golden-Tech GmbH/LeadDocuments - Casino Germany - Documents\15176 - Steven Tavernier, LeoVegas
[2025-09-23 14:29:41]    ↳ SP matches:
[2025-09-23 14:29:41]       - Checked_IB_LeoVegas_Steven Tavernier.xlsx
[2025-09-23 14:29:41] 🚫 SP: Found Checked_* file(s) for deal 15176 — filtering out.
[2025-09-23 14:29:42] 🔎 SP: Deal 20942 → C:/Sharepoint/Golden-Tech GmbH/LeadDocuments - Casino Germany - Documents\20942 - Abdoullah Bousaada, GSlot
[2025-09-23 14:29:42]    ↳ SP matches:
[2025-09-23 14:29:42]       - Checked_IB_GSlot_Abdoullah Bousaada.xlsx
[2025-09-23 14:29:42] 🚫 SP: Found Checked_* file(s) for deal 20942 — filtering out.
[2025-09-23 14:29:43] 🔎 SP: Deal 21477 → C:/Sharepoint/Golden-Tech GmbH/LeadDocuments - Casino Germany - Documents\21477 - Naseer Yaqoob, Spinia
[2025-09-23 14:29:43]    ↳ SP matches:
[2025-09-23 14:29:43]       - Checked_IB_Spinia_Naseer Yaqoob.xlsx
[2025-09-23 14:29:43] 🚫 SP: Found Checked_* file(s) for deal 21477 — filtering out.
[2025-09-23 14:29:45] 🔎 SP: Deal 25253 → C:/Sharepoint/Golden-Tech GmbH/LeadDocuments - Casino Germany - Documents\25253 - Dennis Wanders, Betsson
[2025-09-23 14:29:45]    ↳ SP matches:
[2025-09-23 14:29:45]       - Checked_IB_Betsson_Dennis Wanders.xlsx
[2025-09-23 14:29:45] 🚫 SP: Found Checked_* file(s) for deal 25253 — filtering out.
[2025-09-23 14:29:46] 🔎 SP: Deal 25257 → C:/Sharepoint/Golden-Tech GmbH/LeadDocuments - Casino Germany - Documents\25257 - Dennis Wanders, ComeOn
[2025-09-23 14:29:46] ✅ SP: No Checked_* files for deal 25257.
[2025-09-23 14:29:48] 🔎 SP: Deal 30247 → C:/Sharepoint/Golden-Tech GmbH/LeadDocuments - Casino Germany - Documents\30247 - Ernst-Jan Ouwersloot, Royal Panda
[2025-09-23 14:29:48]    ↳ SP matches:
[2025-09-23 14:29:48]       - Checked_IB_Royal Panda_Ernst-Jan Ouwersloot.xlsx
[2025-09-23 14:29:48] 🚫 SP: Found Checked_* file(s) for deal 30247 — filtering out.
[2025-09-23 14:29:53] 🔎 SP: Deal 48031 → C:/Sharepoint/Golden-Tech GmbH/LeadDocuments - Casino Germany - Documents\48031 - Andreas Voorbraak, Avalon78
[2025-09-23 14:29:53] ✅ SP: No Checked_* files for deal 48031.
[2025-09-23 14:29:58] 🔎 SP: Deal 52941 → C:/Sharepoint/Golden-Tech GmbH/LeadDocuments - Casino Germany - Documents\52941 - Kamal Bizjan, N1 Casino
[2025-09-23 14:29:58] ✅ SP: No Checked_* files for deal 52941.
