[2025-09-23 16:38:14] ℹ️ IT: received 139 lead(s).
[2025-09-23 16:38:14] 📂 SharePoint root: C:/Sharepoint/Golden-Tech GmbH/LeadDocuments - Casino Germany - Documents
[2025-09-23 16:38:15] 🚫 IT: 'Checked' note for 22332 — dropping.
[2025-09-23 16:38:15]     ↳ first line: Checked (28.02.2025)
[2025-09-23 16:38:15]     ↳ preview: Checked (28.02.2025)
[2025-09-23 16:38:15] 🚫 IT: 'Checked' note for 22334 — dropping.
[2025-09-23 16:38:15]     ↳ first line: Checked (28.02.2025)
[2025-09-23 16:38:15]     ↳ preview: Checked (28.02.2025)
[2025-09-23 16:38:17] 🚫 IT: 'Checked' note for 23544 — dropping.
[2025-09-23 16:38:17]     ↳ first line: Checked (28.02.2025)
[2025-09-23 16:38:17]     ↳ preview: Checked (28.02.2025)
[2025-09-23 16:38:17] 🚫 IT: 'Checked' note for 23626 — dropping.
[2025-09-23 16:38:17]     ↳ first line: Checked (28.02.2025)
[2025-09-23 16:38:17]     ↳ preview: Checked (28.02.2025)
[2025-09-23 16:38:17] 🚫 IT: 'Checked' note for 23632 — dropping.
[2025-09-23 16:38:17]     ↳ first line: Checked (28.02.2025)
[2025-09-23 16:38:17]     ↳ preview: Checked (28.02.2025)
[2025-09-23 16:38:17] 🚫 IT: 'Checked' note for 23635 — dropping.
[2025-09-23 16:38:17]     ↳ first line: Checked (28.02.2025)
[2025-09-23 16:38:17]     ↳ preview: Checked (28.02.2025)  Amount is below 1000 EUR
[2025-09-23 16:38:18] 🚫 IT: 'Checked' note for 29441 — dropping.
[2025-09-23 16:38:18]     ↳ first line: Checked (28.02.2025)
[2025-09-23 16:38:18]     ↳ preview: Checked (28.02.2025)
[2025-09-23 16:38:27] 🚫 IT: 'Checked' note for 46370 — dropping.
[2025-09-23 16:38:27]     ↳ first line: Checked (7.7.2025)
[2025-09-23 16:38:27]     ↳ preview: Checked (7.7.2025)
[2025-09-23 16:38:27] 🚫 IT: 'Checked' note for 19624 — dropping.
[2025-09-23 16:38:27]     ↳ first line: Checked (28.02.2025)
[2025-09-23 16:38:27]     ↳ preview: Checked (28.02.2025)
[2025-09-23 16:38:27] 🚫 IT: 'Checked' note for 19637 — dropping.
[2025-09-23 16:38:27]     ↳ first line: Checked (28.02.2025)
[2025-09-23 16:38:27]     ↳ preview: Checked (28.02.2025)
[2025-09-23 16:38:27] 🚫 IT: 'Checked' note for 21670 — dropping.
[2025-09-23 16:38:27]     ↳ first line: Checked (28.02.2025)
[2025-09-23 16:38:27]     ↳ preview: Checked (28.02.2025)  Amount is below 1000 EUR
[2025-09-23 16:38:27] 🚫 IT: 'Checked' note for 21672 — dropping.
[2025-09-23 16:38:27]     ↳ first line: Checked (17.03.2025)
[2025-09-23 16:38:27]     ↳ preview: Checked (17.03.2025)
[2025-09-23 16:38:27] 🚫 IT: 'Checked' note for 21673 — dropping.
[2025-09-23 16:38:27]     ↳ first line: Checked (28.02.2025)
[2025-09-23 16:38:27]     ↳ preview: Checked (28.02.2025)  Amount is below 1000 EUR
[2025-09-23 16:38:27] 🚫 IT: 'Checked' note for 21675 — dropping.
[2025-09-23 16:38:27]     ↳ first line: Checked (28.02.2025)
[2025-09-23 16:38:27]     ↳ preview: Checked (28.02.2025)  Amount is below 1000 EUR
[2025-09-23 16:38:28] 🚫 IT: 'Checked' note for 21677 — dropping.
[2025-09-23 16:38:28]     ↳ first line: Checked (28.02.2025)
[2025-09-23 16:38:28]     ↳ preview: Checked (28.02.2025)
[2025-09-23 16:38:28] 🚫 IT: 'Checked' note for 21678 — dropping.
[2025-09-23 16:38:28]     ↳ first line: Checked (28.02.2025)
[2025-09-23 16:38:28]     ↳ preview: Checked (28.02.2025)  Amount is below 1000 EUR
[2025-09-23 16:38:28] 🚫 IT: 'Checked' note for 21679 — dropping.
[2025-09-23 16:38:28]     ↳ first line: Checked (28.02.2025)
[2025-09-23 16:38:28]     ↳ preview: Checked (28.02.2025)
[2025-09-23 16:38:30] 🚫 IT: 'Checked' note for 21684 — dropping.
[2025-09-23 16:38:30]     ↳ first line: Checked (28.02.2025)
[2025-09-23 16:38:30]     ↳ preview: Checked (28.02.2025)  Amount is below 1000 EUR
[2025-09-23 16:38:31] 🚫 IT: 'Checked' note for 21687 — dropping.
[2025-09-23 16:38:31]     ↳ first line: Checked (28.02.2025)
[2025-09-23 16:38:31]     ↳ preview: Checked (28.02.2025)  Amount is below 1000 EUR
[2025-09-23 16:38:32] 🚫 IT: 'Checked' note for 8439 — dropping.
[2025-09-23 16:38:32]     ↳ first line: Checked (24.02.2025)
[2025-09-23 16:38:32]     ↳ preview: Checked (24.02.2025)
[2025-09-23 16:38:32] 🚫 IT: 'Checked' note for 15373 — dropping.
[2025-09-23 16:38:32]     ↳ first line: Checked (28.02.2025)
[2025-09-23 16:38:32]     ↳ preview: Checked (28.02.2025)
[2025-09-23 16:38:32] 🚫 IT: 'Checked' note for 18588 — dropping.
[2025-09-23 16:38:32]     ↳ first line: Checked (7.7.2025)
[2025-09-23 16:38:32]     ↳ preview: Checked (7.7.2025)
[2025-09-23 16:38:36] 🚫 IT: 'Checked' note for 27923 — dropping.
[2025-09-23 16:38:36]     ↳ first line: Checked (28.02.2025)
[2025-09-23 16:38:36]     ↳ preview: Checked (28.02.2025)
[2025-09-23 16:38:36] 🚫 IT: 'Checked' note for 3631 — dropping.
[2025-09-23 16:38:36]     ↳ first line: Checked (24.02.2025)
[2025-09-23 16:38:36]     ↳ preview: Checked (24.02.2025)
[2025-09-23 16:38:36] 🚫 IT: 'Checked' note for 12866 — dropping.
[2025-09-23 16:38:36]     ↳ first line: Checked (27.02.2025)
[2025-09-23 16:38:36]     ↳ preview: Checked (27.02.2025)
[2025-09-23 16:38:40] 🚫 IT: 'Checked' note for 5505 — dropping.
[2025-09-23 16:38:40]     ↳ first line: Checked (24.02.2025)
[2025-09-23 16:38:40]     ↳ preview: Checked (24.02.2025)  Amount is below 1000 EUR
[2025-09-23 16:38:40] 🚫 IT: 'Checked' note for 5507 — dropping.
[2025-09-23 16:38:40]     ↳ first line: Checked (24.02.2025)
[2025-09-23 16:38:40]     ↳ preview: Checked (24.02.2025)
[2025-09-23 16:38:43] 🚫 IT: 'Checked' note for 5636 — dropping.
[2025-09-23 16:38:43]     ↳ first line: Checked (24.02.2025)
[2025-09-23 16:38:43]     ↳ preview: Checked (24.02.2025)
[2025-09-23 16:38:43] 🚫 IT: 'Checked' note for 15068 — dropping.
[2025-09-23 16:38:43]     ↳ first line: Checked (27.02.2025)
[2025-09-23 16:38:43]     ↳ preview: Checked (27.02.2025)
[2025-09-23 16:38:45] 🚫 IT: 'Checked' note for 29952 — dropping.
[2025-09-23 16:38:45]     ↳ first line: Checked (28.02.2025)
[2025-09-23 16:38:45]     ↳ preview: Checked (28.02.2025)
[2025-09-23 16:38:45] 🚫 IT: 'Checked' note for 40804 — dropping.
[2025-09-23 16:38:45]     ↳ first line: Checked (7.7.2025)
[2025-09-23 16:38:45]     ↳ preview: Checked (7.7.2025)
[2025-09-23 16:38:49] 🚫 IT: 'Checked' note for 4062 — dropping.
[2025-09-23 16:38:49]     ↳ first line: Checked (24.02.2025)
[2025-09-23 16:38:49]     ↳ preview: Checked (24.02.2025)
[2025-09-23 16:38:54] 🚫 SP: Checked_* file(s) present for 5571 — dropping.
[2025-09-23 16:38:54] 🚫 IT: 'Checked' note for 6565 — dropping.
[2025-09-23 16:38:54]     ↳ first line: Checked (19.08.2025)
[2025-09-23 16:38:54]     ↳ preview: Checked (19.08.2025)
[2025-09-23 16:38:54] 🚫 IT: 'Checked' note for 7175 — dropping.
[2025-09-23 16:38:54]     ↳ first line: Checked (24.02.2025)
[2025-09-23 16:38:54]     ↳ preview: Checked (24.02.2025)
[2025-09-23 16:38:54] 🚫 IT: 'Checked' note for 9698 — dropping.
[2025-09-23 16:38:54]     ↳ first line: Checked (25.02.2025)
[2025-09-23 16:38:54]     ↳ preview: Checked (25.02.2025)
[2025-09-23 16:38:54] 🚫 IT: 'Checked' note for 24744 — dropping.
[2025-09-23 16:38:54]     ↳ first line: Checked (17.03.2025)
[2025-09-23 16:38:54]     ↳ preview: Checked (17.03.2025)
[2025-09-23 16:38:54] 🚫 IT: 'Checked' note for 32235 — dropping.
[2025-09-23 16:38:54]     ↳ first line: Checked (28.02.2025)
[2025-09-23 16:38:54]     ↳ preview: Checked (28.02.2025)
[2025-09-23 16:38:54] 🚫 IT: 'Checked' note for 2576 — dropping.
[2025-09-23 16:38:54]     ↳ first line: Checked (10.03.2025)
[2025-09-23 16:38:55]     ↳ preview: Checked (10.03.2025)
[2025-09-23 16:38:55] 🚫 IT: 'Checked' note for 3026 — dropping.
[2025-09-23 16:38:55]     ↳ first line: Checked (10.03.2025)
[2025-09-23 16:38:55]     ↳ preview: Checked (10.03.2025)
[2025-09-23 16:38:55] 🚫 IT: 'Checked' note for 3990 — dropping.
[2025-09-23 16:38:55]     ↳ first line: Checked (25.02.2025)
[2025-09-23 16:38:55]     ↳ preview: Checked (25.02.2025)
[2025-09-23 16:38:59] 🚫 IT: 'Checked' note for 8059 — dropping.
[2025-09-23 16:38:59]     ↳ first line: Checked (24.02.2025)
[2025-09-23 16:38:59]     ↳ preview: Checked (24.02.2025)  Amount is below 1000 EUR
