[2025-08-21 16:40:00] ✔ Deposit sheets: ['Deposits']
[2025-08-21 16:40:00] ✔ Cashout sheets: ['Cashouts']
[2025-08-21 16:40:00] ❌ No recognizable amount/date columns (Unibet and generic fallbacks failed).
[2025-08-21 16:40:00] TA logic: Deposits = 17445.0, Cashouts = 0, Net = 17445.0
[2025-08-21 16:40:00] ✅ Created Payment Summary with 150 rows.
[2025-08-21 16:40:00] ✅ Created styled Summary (Currency → Type → Year) with title row.
[2025-08-21 16:40:00] ✅ Finished processing: TA_DSAR - Bertje22 (bwin.com).xlsx
[2025-08-21 16:40:16] Cleared all files.
[2025-08-21 16:40:24] ➕ Added 1 file(s).
[2025-08-21 16:40:24] 📄 Processing TA_Pokerstars.xlsx in calculation Mode...
[2025-08-21 16:40:33] ✔ Deposit sheets: ['PS Transactions']
[2025-08-21 16:40:33] ✔ Cashout sheets: ['PS Transactions']
[2025-08-21 16:40:33] ℹ️ Same sheet in both lists → will parse once as combined: ['PS Transactions']
[2025-08-21 16:40:33] ❌ No recognizable amount/date columns (Unibet and generic fallbacks failed).
[2025-08-21 16:40:33] TA logic: Deposits = 0, Cashouts = 0, Net = 0
[2025-08-21 16:40:33] ✅ Created Payment Summary with 0 rows.
[2025-08-21 16:40:33] ✅ Created styled Summary (Currency → Type → Year) with title row.
[2025-08-21 16:40:33] ✅ Finished processing: TA_Pokerstars.xlsx
[2025-08-21 16:40:45] Cleared all files.
[2025-08-21 16:40:58] ➕ Added 1 file(s).
