[2025-08-21 12:52:16] ➕ Added 1 file(s).
[2025-08-21 12:52:17] 📄 Processing TA_Pokerstars.xlsx in checking Mode...
[2025-08-21 12:52:17] 🧾 Detected TA file — using deposit/cashout logic.
[2025-08-21 12:52:17] Detected single combined transaction sheet. Attempting auto-detection...
[2025-08-21 12:52:17] ✅ Detected normal tabular structure. No CSV conversion needed.
[2025-08-21 12:52:17] 📋 Raw headers: ['richardjjon User Info', 'None', 'None', 'None', 'None', 'None', 'None', 'None', 'None', 'None', 'None']
[2025-08-21 12:52:17] 🔍 Normalized headers: ['richardjjonuserinfo', 'none', 'none', 'none', 'none', 'none', 'none', 'none', 'none', 'none', 'none']
[2025-08-21 12:52:17] ⚠️ Header check failed: Missing date or amount — fallback mode. Using fallback mode (Column 0 = date, Column 1 = signed amount).
[2025-08-21 12:52:17] ⚠️ Row 2: Unparsable date → 'None'
[2025-08-21 12:52:17] ⚠️ Row 3: Unparsable date → 'All dates are in ET time zone'
[2025-08-21 12:52:17] ⚠️ Row 4: Unparsable date → 'From: 06/Nov/2014 00:00:00'
[2025-08-21 12:52:17] ⚠️ Row 5: Unparsable date → 'To: 17/Apr/2025 23:59:59'
[2025-08-21 12:52:17] ⚠️ Row 6: Unparsable date → 'None'
[2025-08-21 12:52:17] ⚠️ Row 7: Unparsable date → 'None'
[2025-08-21 12:52:17] ⚠️ Row 8: Unparsable date → 'User ID'
[2025-08-21 12:52:17] ⚠️ Row 9: Unparsable date → 'richardjjon'
[2025-08-21 12:52:17] TA logic: Deposits = 0, Cashouts/Withdrawals = 0, Net = 0
[2025-08-21 12:52:17] ✅ Created Payment Summary with 0 rows.
[2025-08-21 12:52:17] ✅ Created styled Summary (Currency → Type → Year) with title row.
[2025-08-21 12:52:17] 🧾 Final claim value (from Payment Summary): 0.0
[2025-08-21 12:52:17] ✅ Finished processing: TA_Pokerstars.xlsx
