[2025-09-24 11:56:08] ✔ Deposit sheets: ['PS Transactions']
[2025-09-24 11:56:08] ✔ Cashout sheets: ['PS Transactions']
[2025-09-24 11:56:08] ℹ️ Same sheet in both lists → will parse once as combined: ['PS Transactions']
[2025-09-24 11:56:08] ✅ Detected header row at Excel row 8: ['TransId', 'ParentId', 'TransType', 'Started', 'Completed', 'Account Currency', 'Amount', 'Status', 'PaySystem', 'Country', 'Logged-In', 'Reference']
[2025-09-24 11:56:08] 🔎 Header row 8: ['TransId', 'ParentId', 'TransType', 'Started', 'Completed', 'Account Currency', 'Amount', 'Status', 'PaySystem', 'Country', 'Logged-In', 'Reference']
[2025-09-24 11:56:08] 🧭 Columns: amount=6, currency=5, type=2, ref_date=3, conf_date=4, status=7, gateway=None, descr=10, drcr=None
[2025-09-24 11:56:08] 🔎 row 9: ⏭️ drop — bad status 'rejected' (type_raw='Deposit')
[2025-09-24 11:56:08] 🔎 row 10: ✅ accept → dt=2017-02-26 amt=20.60 sign=+1 curr=USD label=Deposit (type/gateway/descr/drcr/sign) status='approved'
[2025-09-24 11:56:08] 🔎 row 11: ✅ accept → dt=2017-02-26 amt=20.60 sign=+1 curr=USD label=Deposit (type/gateway/descr/drcr/sign) status='approved'
[2025-09-24 11:56:08] 🔎 row 12: ✅ accept → dt=2017-02-26 amt=30.90 sign=+1 curr=USD label=Deposit (type/gateway/descr/drcr/sign) status='approved'
[2025-09-24 11:56:08] 🔎 row 13: ✅ accept → dt=2017-02-26 amt=61.77 sign=+1 curr=USD label=Deposit (type/gateway/descr/drcr/sign) status='approved'
[2025-09-24 11:56:08] 🔎 row 14: ✅ accept → dt=2017-02-26 amt=51.50 sign=+1 curr=USD label=Deposit (type/gateway/descr/drcr/sign) status='approved'
[2025-09-24 11:56:08] 🔎 row 15: ✅ accept → dt=2017-04-17 amt=31.10 sign=+1 curr=USD label=Deposit (type/gateway/descr/drcr/sign) status='approved'
[2025-09-24 11:56:08] 🔎 row 16: ✅ accept → dt=2017-04-17 amt=72.60 sign=+1 curr=USD label=Deposit (type/gateway/descr/drcr/sign) status='approved'
[2025-09-24 11:56:08] 🔎 row 17: ⏭️ drop — bad status 'cancelled' (type_raw='Redeem')
[2025-09-24 11:56:08] 🔎 row 18: ⏭️ drop — bad status 'cancelled' (type_raw='Redeem')
[2025-09-24 11:56:08] 🔎 row 19: ⏭️ drop — bad status 'cancelled' (type_raw='Redeem')
[2025-09-24 11:56:08] 🔎 row 20: ⏭️ drop — bad status 'cancelled' (type_raw='Redeem')
[2025-09-24 11:56:08] 🔎 row 21: ✅ accept → dt=2017-04-19 amt=125.31 sign=+1 curr=USD label=Deposit (type/gateway/descr/drcr/sign) status='approved'
[2025-09-24 11:56:08] 🔎 row 22: ✅ accept → dt=2017-04-19 amt=208.89 sign=+1 curr=USD label=Deposit (type/gateway/descr/drcr/sign) status='approved'
[2025-09-24 11:56:08] 🔎 row 23: ✅ accept → dt=2017-04-26 amt=127.47 sign=+1 curr=USD label=Deposit (type/gateway/descr/drcr/sign) status='approved'
[2025-09-24 11:56:08] 🔎 row 24: ⏭️ drop — bad status 'cancelled' (type_raw='Redeem')
[2025-09-24 11:56:08] 🔎 row 25: ⏭️ drop — bad status 'cancelled' (type_raw='Redeem')
[2025-09-24 11:56:08] 🔎 row 26: ✅ accept → dt=2017-04-27 amt=127.28 sign=+1 curr=USD label=Deposit (type/gateway/descr/drcr/sign) status='approved'
[2025-09-24 11:56:08] 🔎 row 27: ⏭️ drop — bad status 'rejected' (type_raw='Deposit')
[2025-09-24 11:56:08] 🔎 row 28: ⏭️ drop — bad status 'rejected' (type_raw='Deposit')
[2025-09-24 11:56:08] 🔎 row 29: ✅ accept → dt=2017-04-27 amt=127.23 sign=+1 curr=USD label=Deposit (type/gateway/descr/drcr/sign) status='approved'
[2025-09-24 11:56:08] 🔎 row 30: ✅ accept → dt=2017-04-29 amt=63.73 sign=+1 curr=USD label=Deposit (type/gateway/descr/drcr/sign) status='approved'
[2025-09-24 11:56:08] 🔎 row 31: ✅ accept → dt=2017-04-29 amt=127.47 sign=+1 curr=USD label=Deposit (type/gateway/descr/drcr/sign) status='approved'
[2025-09-24 11:56:08] 🔎 row 32: ✅ accept → dt=2017-04-29 amt=265.58 sign=+1 curr=USD label=Deposit (type/gateway/descr/drcr/sign) status='approved'
[2025-09-24 11:56:08] 🔎 row 33: ✅ accept → dt=2017-05-01 amt=31.89 sign=+1 curr=USD label=Deposit (type/gateway/descr/drcr/sign) status='approved'
[2025-09-24 11:56:08] 🔎 row 34: ✅ accept → dt=2017-05-01 amt=127.52 sign=+1 curr=USD label=Deposit (type/gateway/descr/drcr/sign) status='approved'
[2025-09-24 11:56:08] 🔎 row 35: ✅ accept → dt=2017-05-01 amt=63.76 sign=+1 curr=USD label=Deposit (type/gateway/descr/drcr/sign) status='approved'
[2025-09-24 11:56:08] 🔎 row 36: ✅ accept → dt=2017-05-01 amt=63.76 sign=+1 curr=USD label=Deposit (type/gateway/descr/drcr/sign) status='approved'
[2025-09-24 11:56:08] 🔎 row 37: ⏭️ drop — bad status 'rejected' (type_raw='Deposit')
[2025-09-24 11:56:08] 🔎 row 38: ⏭️ drop — bad status 'rejected' (type_raw='Deposit')
[2025-09-24 11:56:08] 🔎 row 39: ✅ accept → dt=2017-05-03 amt=63.84 sign=+1 curr=USD label=Deposit (type/gateway/descr/drcr/sign) status='approved'
[2025-09-24 11:56:08] 🔎 row 40: ✅ accept → dt=2017-05-03 amt=127.75 sign=+1 curr=USD label=Deposit (type/gateway/descr/drcr/sign) status='approved'
[2025-09-24 11:56:08] 🔎 row 41: ✅ accept → dt=2017-05-03 amt=127.69 sign=+1 curr=USD label=Deposit (type/gateway/descr/drcr/sign) status='approved'
[2025-09-24 11:56:08] 🔎 row 42: ✅ accept → dt=2017-05-03 amt=53.19 sign=+1 curr=USD label=Deposit (type/gateway/descr/drcr/sign) status='approved'
[2025-09-24 11:56:08] 🔎 row 43: ✅ accept → dt=2017-05-07 amt=64.35 sign=+1 curr=USD label=Deposit (type/gateway/descr/drcr/sign) status='approved'
[2025-09-24 11:56:08] 🔎 row 44: ✅ accept → dt=2017-05-07 amt=64.35 sign=+1 curr=USD label=Deposit (type/gateway/descr/drcr/sign) status='approved'
[2025-09-24 11:56:08] 🔎 row 45: ✅ accept → dt=2017-05-07 amt=64.46 sign=+1 curr=USD label=Deposit (type/gateway/descr/drcr/sign) status='approved'
[2025-09-24 11:56:08] 🔎 row 46: ✅ accept → dt=2017-05-14 amt=63.94 sign=+1 curr=USD label=Deposit (type/gateway/descr/drcr/sign) status='approved'
[2025-09-24 11:56:08] 🔎 row 47: ⏭️ drop — bad status 'cancelled' (type_raw='Redeem')
[2025-09-24 11:56:08] 🔎 row 48: ✅ accept → dt=2017-05-14 amt=100.00 sign=+1 curr=USD label=Redeem (type/gateway/descr/drcr/sign) status='approved'
[2025-09-24 11:56:08] 🔎 row 49: ✅ accept → dt=2017-05-16 amt=64.83 sign=+1 curr=USD label=Deposit (type/gateway/descr/drcr/sign) status='approved'
[2025-09-24 11:56:08] 🔎 row 50: ✅ accept → dt=2017-05-16 amt=129.69 sign=+1 curr=USD label=Deposit (type/gateway/descr/drcr/sign) status='approved'
[2025-09-24 11:56:08] 🔎 row 51: ✅ accept → dt=2017-05-16 amt=129.77 sign=+1 curr=USD label=Deposit (type/gateway/descr/drcr/sign) status='approved'
[2025-09-24 11:56:08] 🔎 row 52: ⏭️ drop — bad status 'cancelled' (type_raw='Redeem')
[2025-09-24 11:56:08] 🔎 row 53: ✅ accept → dt=2017-05-16 amt=320.00 sign=+1 curr=USD label=Redeem (type/gateway/descr/drcr/sign) status='approved'
[2025-09-24 11:56:08] 🔎 row 54: ✅ accept → dt=2017-05-17 amt=32.62 sign=+1 curr=USD label=Deposit (type/gateway/descr/drcr/sign) status='approved'
[2025-09-24 11:56:08] 🔎 row 55: ✅ accept → dt=2017-05-17 amt=65.24 sign=+1 curr=USD label=Deposit (type/gateway/descr/drcr/sign) status='approved'
[2025-09-24 11:56:08] 🔎 row 56: ✅ accept → dt=2017-05-17 amt=65.27 sign=+1 curr=USD label=Deposit (type/gateway/descr/drcr/sign) status='approved'
[2025-09-24 11:56:08] 🔎 row 57: ✅ accept → dt=2017-05-17 amt=130.58 sign=+1 curr=USD label=Deposit (type/gateway/descr/drcr/sign) status='approved'
[2025-09-24 11:56:08] 🔎 row 58: ✅ accept → dt=2017-05-18 amt=1404.75 sign=+1 curr=USD label=Redeem (type/gateway/descr/drcr/sign) status='approved'
[2025-09-24 11:56:08] 🔎 row 59: ✅ accept → dt=2017-05-25 amt=65.54 sign=+1 curr=USD label=Deposit (type/gateway/descr/drcr/sign) status='approved'
[2025-09-24 11:56:08] 🔎 row 60: ✅ accept → dt=2017-05-25 amt=32.78 sign=+1 curr=USD label=Deposit (type/gateway/descr/drcr/sign) status='approved'
[2025-09-24 11:56:08] 🔎 row 61: ✅ accept → dt=2017-05-25 amt=65.58 sign=+1 curr=USD label=Deposit (type/gateway/descr/drcr/sign) status='approved'
[2025-09-24 11:56:08] 🔎 row 62: ✅ accept → dt=2017-05-25 amt=131.15 sign=+1 curr=USD label=Deposit (type/gateway/descr/drcr/sign) status='approved'
[2025-09-24 11:56:08] 🔎 row 63: ✅ accept → dt=2017-05-25 amt=32.78 sign=+1 curr=USD label=Deposit (type/gateway/descr/drcr/sign) status='approved'
[2025-09-24 11:56:08] 🔎 row 64: ✅ accept → dt=2017-05-26 amt=109.40 sign=+1 curr=USD label=Deposit (type/gateway/descr/drcr/sign) status='approved'
[2025-09-24 11:56:08] 🔎 row 65: ✅ accept → dt=2017-05-26 amt=218.90 sign=+1 curr=USD label=Deposit (type/gateway/descr/drcr/sign) status='approved'
[2025-09-24 11:56:08] 🔎 row 66: ✅ accept → dt=2017-05-26 amt=218.85 sign=+1 curr=USD label=Deposit (type/gateway/descr/drcr/sign) status='approved'
[2025-09-24 11:56:08] 🔎 row 67: ✅ accept → dt=2017-05-26 amt=109.34 sign=+1 curr=USD label=Deposit (type/gateway/descr/drcr/sign) status='approved'
[2025-09-24 11:56:08] 🔎 row 68: ⏭️ drop — bad status 'rejected' (type_raw='Redeem')
[2025-09-24 11:56:08] 🔎 row 69: ⏭️ drop — bad status 'rejected' (type_raw='Redeem')
[2025-09-24 11:56:08] 🔎 row 70: ⏭️ drop — bad status 'rejected' (type_raw='Redeem')
[2025-09-24 11:56:08] 🔎 row 71: ⏭️ drop — bad status 'rejected' (type_raw='Redeem')
[2025-09-24 11:56:08] 🔎 row 72: ⏭️ drop — bad status 'rejected' (type_raw='Redeem')
[2025-09-24 11:56:08] 🔎 row 73: ⏭️ drop — bad status 'cancelled' (type_raw='Redeem')
[2025-09-24 11:56:08] 🔎 row 74: ✅ accept → dt=2017-05-26 amt=32.70 sign=+1 curr=USD label=Deposit (type/gateway/descr/drcr/sign) status='approved'
[2025-09-24 11:56:08] 🔎 row 75: ✅ accept → dt=2017-05-26 amt=109.00 sign=+1 curr=USD label=Deposit (type/gateway/descr/drcr/sign) status='approved'
[2025-09-24 11:56:08] 🔎 row 76: ✅ accept → dt=2017-05-26 amt=109.00 sign=+1 curr=USD label=Deposit (type/gateway/descr/drcr/sign) status='approved'
[2025-09-24 11:56:08] 🔎 row 77: ✅ accept → dt=2017-05-26 amt=87.20 sign=+1 curr=USD label=Deposit (type/gateway/descr/drcr/sign) status='approved'
[2025-09-24 11:56:08] 🔎 row 78: ✅ accept → dt=2017-05-27 amt=130.81 sign=+1 curr=USD label=Deposit (type/gateway/descr/drcr/sign) status='approved'
[2025-09-24 11:56:08] 🔎 row 79: ✅ accept → dt=2017-05-27 amt=185.48 sign=+1 curr=USD label=Deposit (type/gateway/descr/drcr/sign) status='approved'
[2025-09-24 11:56:08] 🔎 row 80: ⏭️ drop — bad status 'cancelled' (type_raw='Redeem')
[2025-09-24 11:56:08] 🔎 row 81: ✅ accept → dt=2017-05-28 amt=130.80 sign=+1 curr=USD label=Deposit (type/gateway/descr/drcr/sign) status='approved'
[2025-09-24 11:56:08] 🔎 row 82: ✅ accept → dt=2017-05-28 amt=218.01 sign=+1 curr=USD label=Deposit (type/gateway/descr/drcr/sign) status='approved'
[2025-09-24 11:56:08] 🔎 row 83: ⏭️ drop — bad status 'cancelled' (type_raw='Redeem')
[2025-09-24 11:56:08] 🔎 row 84: ✅ accept → dt=2017-05-28 amt=10.90 sign=+1 curr=USD label=Deposit (type/gateway/descr/drcr/sign) status='approved'
[2025-09-24 11:56:08] 🔎 row 85: ⏭️ drop — bad status 'cancelled' (type_raw='Redeem')
[2025-09-24 11:56:08] 🔎 row 86: ✅ accept → dt=2017-05-29 amt=880.00 sign=+1 curr=USD label=Redeem (type/gateway/descr/drcr/sign) status='approved'
[2025-09-24 11:56:08] 🔎 row 87: ✅ accept → dt=2017-11-21 amt=68.66 sign=+1 curr=USD label=Deposit (type/gateway/descr/drcr/sign) status='approved'
[2025-09-24 11:56:08] 🔎 row 88: ✅ accept → dt=2017-11-21 amt=180.00 sign=+1 curr=USD label=Redeem (type/gateway/descr/drcr/sign) status='approved'
[2025-09-24 11:56:08] 🔎 row 89: ✅ accept → dt=2017-11-24 amt=34.90 sign=+1 curr=USD label=Deposit (type/gateway/descr/drcr/sign) status='approved'
[2025-09-24 11:56:08] 🔎 row 90: ✅ accept → dt=2017-11-24 amt=34.90 sign=+1 curr=USD label=Deposit (type/gateway/descr/drcr/sign) status='approved'
[2025-09-24 11:56:08] 🔎 row 91: ✅ accept → dt=2017-11-24 amt=69.81 sign=+1 curr=USD label=Deposit (type/gateway/descr/drcr/sign) status='approved'
[2025-09-24 11:56:08] 🔎 row 92: ✅ accept → dt=2017-11-24 amt=69.81 sign=+1 curr=USD label=Deposit (type/gateway/descr/drcr/sign) status='approved'
[2025-09-24 11:56:08] 🔎 row 93: ⏭️ drop — bad status 'rejected' (type_raw='Deposit')
[2025-09-24 11:56:08] 🔎 row 94: ⏭️ drop — bad status 'rejected' (type_raw='Deposit')
[2025-09-24 11:56:08] 🔎 row 95: ✅ accept → dt=2017-11-24 amt=58.17 sign=+1 curr=USD label=Deposit (type/gateway/descr/drcr/sign) status='approved'
[2025-09-24 11:56:08] 🔎 row 96: ✅ accept → dt=2017-11-24 amt=116.35 sign=+1 curr=USD label=Deposit (type/gateway/descr/drcr/sign) status='approved'
[2025-09-24 11:56:08] 🔎 row 97: ✅ accept → dt=2017-11-24 amt=116.35 sign=+1 curr=USD label=Deposit (type/gateway/descr/drcr/sign) status='approved'
[2025-09-24 11:56:08] 🔎 row 98: ✅ accept → dt=2017-11-24 amt=69.81 sign=+1 curr=USD label=Deposit (type/gateway/descr/drcr/sign) status='approved'
[2025-09-24 11:56:08] 🔎 row 99: ✅ accept → dt=2017-11-24 amt=116.35 sign=+1 curr=USD label=Deposit (type/gateway/descr/drcr/sign) status='approved'
[2025-09-24 11:56:08] 🔎 row 100: ✅ accept → dt=2017-11-25 amt=34.90 sign=+1 curr=USD label=Deposit (type/gateway/descr/drcr/sign) status='approved'
[2025-09-24 11:56:08] 🔎 row 101: ✅ accept → dt=2017-11-25 amt=81.44 sign=+1 curr=USD label=Deposit (type/gateway/descr/drcr/sign) status='approved'
[2025-09-24 11:56:08] 🔎 row 102: ✅ accept → dt=2017-11-25 amt=139.61 sign=+1 curr=USD label=Deposit (type/gateway/descr/drcr/sign) status='approved'
[2025-09-24 11:56:08] 🔎 row 103: ✅ accept → dt=2017-11-25 amt=93.07 sign=+1 curr=USD label=Deposit (type/gateway/descr/drcr/sign) status='approved'
[2025-09-24 11:56:08] 🔎 row 104: ✅ accept → dt=2017-11-25 amt=232.69 sign=+1 curr=USD label=Deposit (type/gateway/descr/drcr/sign) status='approved'
[2025-09-24 11:56:08] 🔎 row 105: ✅ accept → dt=2017-11-25 amt=139.61 sign=+1 curr=USD label=Deposit (type/gateway/descr/drcr/sign) status='approved'
[2025-09-24 11:56:08] 🔎 row 106: ✅ accept → dt=2017-11-26 amt=93.07 sign=+1 curr=USD label=Deposit (type/gateway/descr/drcr/sign) status='approved'
[2025-09-24 11:56:08] 🔎 row 107: ✅ accept → dt=2017-11-26 amt=116.33 sign=+1 curr=USD label=Deposit (type/gateway/descr/drcr/sign) status='approved'
[2025-09-24 11:56:08] 🔎 row 108: ✅ accept → dt=2017-11-26 amt=232.60 sign=+1 curr=USD label=Deposit (type/gateway/descr/drcr/sign) status='approved'
[2025-09-24 11:56:08] 🔎 row 109: ✅ accept → dt=2017-11-26 amt=232.78 sign=+1 curr=USD label=Deposit (type/gateway/descr/drcr/sign) status='approved'
[2025-09-24 11:56:08] 🔎 row 110: ✅ accept → dt=2017-11-26 amt=139.63 sign=+1 curr=USD label=Deposit (type/gateway/descr/drcr/sign) status='approved'
[2025-09-24 11:56:08] 🔎 row 111: ✅ accept → dt=2017-11-26 amt=139.55 sign=+1 curr=USD label=Deposit (type/gateway/descr/drcr/sign) status='approved'
[2025-09-24 11:56:08] 🔎 row 112: ✅ accept → dt=2017-11-26 amt=34.89 sign=+1 curr=USD label=Deposit (type/gateway/descr/drcr/sign) status='approved'
[2025-09-24 11:56:08] 🔎 row 113: ⏭️ drop — bad status 'rejected' (type_raw='Deposit')
[2025-09-24 11:56:08] 🔎 row 114: ✅ accept → dt=2017-12-11 amt=68.82 sign=+1 curr=USD label=Deposit (type/gateway/descr/drcr/sign) status='approved'
[2025-09-24 11:56:08] 🔎 row 115: ✅ accept → dt=2017-12-11 amt=71.12 sign=+1 curr=USD label=Redeem (type/gateway/descr/drcr/sign) status='approved'
[2025-09-24 11:56:08] 🔎 row 116: ✅ accept → dt=2017-12-13 amt=68.66 sign=+1 curr=USD label=Deposit (type/gateway/descr/drcr/sign) status='approved'
[2025-09-24 11:56:08] 🔎 row 117: ✅ accept → dt=2017-12-13 amt=68.65 sign=+1 curr=USD label=Deposit (type/gateway/descr/drcr/sign) status='approved'
[2025-09-24 11:56:08] 🔎 row 118: ✅ accept → dt=2017-12-13 amt=160.08 sign=+1 curr=USD label=Redeem (type/gateway/descr/drcr/sign) status='approved'
[2025-09-24 11:56:08] 🔎 row 119: ✅ accept → dt=2017-12-14 amt=68.99 sign=+1 curr=USD label=Deposit (type/gateway/descr/drcr/sign) status='approved'
[2025-09-24 11:56:08] 🔎 row 120: ✅ accept → dt=2017-12-14 amt=69.00 sign=+1 curr=USD label=Deposit (type/gateway/descr/drcr/sign) status='approved'
[2025-09-24 11:56:08] 🔎 row 121: ✅ accept → dt=2017-12-14 amt=138.04 sign=+1 curr=USD label=Deposit (type/gateway/descr/drcr/sign) status='approved'
[2025-09-24 11:56:08] 🔎 row 122: ✅ accept → dt=2017-12-14 amt=69.01 sign=+1 curr=USD label=Deposit (type/gateway/descr/drcr/sign) status='approved'
[2025-09-24 11:56:08] 🔎 row 123: ✅ accept → dt=2017-12-14 amt=114.96 sign=+1 curr=USD label=Deposit (type/gateway/descr/drcr/sign) status='approved'
[2025-09-24 11:56:08] 🔎 row 124: ✅ accept → dt=2017-12-14 amt=57.48 sign=+1 curr=USD label=Deposit (type/gateway/descr/drcr/sign) status='approved'
[2025-09-24 11:56:08] 🔎 row 125: ✅ accept → dt=2017-12-14 amt=34.47 sign=+1 curr=USD label=Deposit (type/gateway/descr/drcr/sign) status='approved'
[2025-09-24 11:56:08] 🔎 row 126: ✅ accept → dt=2017-12-14 amt=68.92 sign=+1 curr=USD label=Deposit (type/gateway/descr/drcr/sign) status='approved'
[2025-09-24 11:56:08] 🔎 row 127: ✅ accept → dt=2018-07-29 amt=34.08 sign=+1 curr=USD label=Deposit (type/gateway/descr/drcr/sign) status='approved'
[2025-09-24 11:56:08] 🔎 row 128: ✅ accept → dt=2018-07-29 amt=68.23 sign=+1 curr=USD label=Deposit (type/gateway/descr/drcr/sign) status='approved'
[2025-09-24 11:56:08] 🔎 row 129: ✅ accept → dt=2018-07-29 amt=68.23 sign=+1 curr=USD label=Deposit (type/gateway/descr/drcr/sign) status='approved'
[2025-09-24 11:56:08] 🔎 row 130: ✅ accept → dt=2018-07-29 amt=56.83 sign=+1 curr=USD label=Deposit (type/gateway/descr/drcr/sign) status='approved'
[2025-09-24 11:56:08] 🔎 row 131: ✅ accept → dt=2018-07-29 amt=113.67 sign=+1 curr=USD label=Deposit (type/gateway/descr/drcr/sign) status='approved'
[2025-09-24 11:56:08] 🔎 row 132: ✅ accept → dt=2018-07-29 amt=504.73 sign=+1 curr=USD label=Redeem (type/gateway/descr/drcr/sign) status='approved'
[2025-09-24 11:56:08] 🔎 row 133: ✅ accept → dt=2018-08-01 amt=34.11 sign=+1 curr=USD label=Deposit (type/gateway/descr/drcr/sign) status='approved'
[2025-09-24 11:56:08] 🔎 row 134: ✅ accept → dt=2018-08-01 amt=68.21 sign=+1 curr=USD label=Deposit (type/gateway/descr/drcr/sign) status='approved'
[2025-09-24 11:56:08] 🔎 row 135: ✅ accept → dt=2018-08-01 amt=68.21 sign=+1 curr=USD label=Deposit (type/gateway/descr/drcr/sign) status='approved'
[2025-09-24 11:56:08] 🔎 row 136: ✅ accept → dt=2018-08-01 amt=1009.03 sign=+1 curr=USD label=Redeem (type/gateway/descr/drcr/sign) status='approved'
[2025-09-24 11:56:08] 🔎 row 137: ✅ accept → dt=2018-08-06 amt=67.61 sign=+1 curr=USD label=Deposit (type/gateway/descr/drcr/sign) status='approved'
[2025-09-24 11:56:08] 🔎 row 138: ✅ accept → dt=2018-08-06 amt=245.00 sign=+1 curr=USD label=Redeem (type/gateway/descr/drcr/sign) status='approved'
[2025-09-24 11:56:08] 🔎 row 139: ✅ accept → dt=2018-08-09 amt=56.24 sign=+1 curr=USD label=Deposit (type/gateway/descr/drcr/sign) status='approved'
[2025-09-24 11:56:08] 🔎 row 140: ✅ accept → dt=2018-08-09 amt=56.21 sign=+1 curr=USD label=Deposit (type/gateway/descr/drcr/sign) status='approved'
[2025-09-24 11:56:08] 🔎 row 141: ✅ accept → dt=2018-08-09 amt=56.21 sign=+1 curr=USD label=Deposit (type/gateway/descr/drcr/sign) status='approved'
[2025-09-24 11:56:08] 🔎 row 142: ✅ accept → dt=2018-08-09 amt=56.21 sign=+1 curr=USD label=Deposit (type/gateway/descr/drcr/sign) status='approved'
[2025-09-24 11:56:08] 🔎 row 143: ✅ accept → dt=2018-08-09 amt=112.40 sign=+1 curr=USD label=Deposit (type/gateway/descr/drcr/sign) status='approved'
[2025-09-24 11:56:08] 🔎 row 144: ✅ accept → dt=2018-08-09 amt=112.39 sign=+1 curr=USD label=Deposit (type/gateway/descr/drcr/sign) status='approved'
[2025-09-24 11:56:08] 🔎 row 145: ✅ accept → dt=2018-08-09 amt=112.39 sign=+1 curr=USD label=Deposit (type/gateway/descr/drcr/sign) status='approved'
[2025-09-24 11:56:08] 🔎 row 146: ✅ accept → dt=2018-08-09 amt=112.39 sign=+1 curr=USD label=Deposit (type/gateway/descr/drcr/sign) status='approved'
[2025-09-24 11:56:08] 🔎 row 147: ✅ accept → dt=2018-08-09 amt=112.40 sign=+1 curr=USD label=Deposit (type/gateway/descr/drcr/sign) status='approved'
[2025-09-24 11:56:08] 🔎 row 148: ✅ accept → dt=2018-08-09 amt=112.40 sign=+1 curr=USD label=Deposit (type/gateway/descr/drcr/sign) status='approved'
[2025-09-24 11:56:08] 🔎 row 149: ✅ accept → dt=2018-08-09 amt=56.20 sign=+1 curr=USD label=Deposit (type/gateway/descr/drcr/sign) status='approved'
[2025-09-24 11:56:08] 🔎 row 150: ✅ accept → dt=2018-08-11 amt=100.17 sign=+1 curr=USD label=Deposit (type/gateway/descr/drcr/sign) status='approved'
[2025-09-24 11:56:08] 🔎 row 151: ✅ accept → dt=2018-08-11 amt=111.29 sign=+1 curr=USD label=Deposit (type/gateway/descr/drcr/sign) status='approved'
[2025-09-24 11:56:08] 🔎 row 152: ✅ accept → dt=2018-08-11 amt=111.29 sign=+1 curr=USD label=Deposit (type/gateway/descr/drcr/sign) status='approved'
[2025-09-24 11:56:08] 🔎 row 153: ✅ accept → dt=2018-08-11 amt=111.28 sign=+1 curr=USD label=Deposit (type/gateway/descr/drcr/sign) status='approved'
[2025-09-24 11:56:08] 🔎 row 154: ✅ accept → dt=2018-08-12 amt=402.08 sign=+1 curr=USD label=Redeem (type/gateway/descr/drcr/sign) status='approved'
[2025-09-24 11:56:08] 🔎 row 155: ✅ accept → dt=2018-08-13 amt=33.33 sign=+1 curr=USD label=Deposit (type/gateway/descr/drcr/sign) status='approved'
[2025-09-24 11:56:08] 🔎 row 156: ✅ accept → dt=2018-08-13 amt=77.79 sign=+1 curr=USD label=Deposit (type/gateway/descr/drcr/sign) status='approved'
[2025-09-24 11:56:08] 🔎 row 157: ✅ accept → dt=2018-08-13 amt=111.02 sign=+1 curr=USD label=Deposit (type/gateway/descr/drcr/sign) status='approved'
[2025-09-24 11:56:08] 🔎 row 158: ✅ accept → dt=2018-08-13 amt=111.02 sign=+1 curr=USD label=Deposit (type/gateway/descr/drcr/sign) status='approved'
[2025-09-24 11:56:08] 🔎 row 159: ✅ accept → dt=2018-08-13 amt=111.24 sign=+1 curr=USD label=Deposit (type/gateway/descr/drcr/sign) status='approved'
[2025-09-24 11:56:08] 🔎 row 160: ✅ accept → dt=2018-08-13 amt=111.24 sign=+1 curr=USD label=Deposit (type/gateway/descr/drcr/sign) status='approved'
[2025-09-24 11:56:08] 🔎 row 161: ✅ accept → dt=2018-08-13 amt=44.50 sign=+1 curr=USD label=Deposit (type/gateway/descr/drcr/sign) status='approved'
[2025-09-24 11:56:08] 🔎 row 162: ✅ accept → dt=2018-08-13 amt=111.26 sign=+1 curr=USD label=Deposit (type/gateway/descr/drcr/sign) status='approved'
[2025-09-24 11:56:08] 🔎 row 163: ✅ accept → dt=2018-08-13 amt=55.63 sign=+1 curr=USD label=Deposit (type/gateway/descr/drcr/sign) status='approved'
[2025-09-24 11:56:08] 🔎 row 164: ✅ accept → dt=2018-08-13 amt=55.63 sign=+1 curr=USD label=Deposit (type/gateway/descr/drcr/sign) status='approved'
[2025-09-24 11:56:08] 🔎 row 165: ✅ accept → dt=2018-08-13 amt=55.60 sign=+1 curr=USD label=Deposit (type/gateway/descr/drcr/sign) status='approved'
[2025-09-24 11:56:08] 🔎 row 166: ✅ accept → dt=2018-08-26 amt=68.00 sign=+1 curr=USD label=Deposit (type/gateway/descr/drcr/sign) status='approved'
[2025-09-24 11:56:08] 🔎 row 167: ✅ accept → dt=2018-08-26 amt=45.33 sign=+1 curr=USD label=Deposit (type/gateway/descr/drcr/sign) status='approved'
[2025-09-24 11:56:08] 🔎 row 168: ✅ accept → dt=2018-08-26 amt=56.67 sign=+1 curr=USD label=Deposit (type/gateway/descr/drcr/sign) status='approved'
[2025-09-24 11:56:08] 🔎 row 169: ✅ accept → dt=2018-08-26 amt=68.01 sign=+1 curr=USD label=Deposit (type/gateway/descr/drcr/sign) status='approved'
[2025-09-24 11:56:08] 🔎 row 170: ✅ accept → dt=2018-08-26 amt=102.01 sign=+1 curr=USD label=Deposit (type/gateway/descr/drcr/sign) status='approved'
[2025-09-24 11:56:08] 🔎 row 171: ✅ accept → dt=2018-08-26 amt=136.02 sign=+1 curr=USD label=Deposit (type/gateway/descr/drcr/sign) status='approved'
[2025-09-24 11:56:08] 🔎 row 172: ✅ accept → dt=2018-08-26 amt=102.02 sign=+1 curr=USD label=Deposit (type/gateway/descr/drcr/sign) status='approved'
[2025-09-24 11:56:08] 🔎 row 173: ✅ accept → dt=2018-08-26 amt=113.35 sign=+1 curr=USD label=Deposit (type/gateway/descr/drcr/sign) status='approved'
[2025-09-24 11:56:08] 🔎 row 174: ✅ accept → dt=2018-08-26 amt=102.01 sign=+1 curr=USD label=Deposit (type/gateway/descr/drcr/sign) status='approved'
[2025-09-24 11:56:08] 🔎 row 175: ✅ accept → dt=2018-08-26 amt=136.01 sign=+1 curr=USD label=Deposit (type/gateway/descr/drcr/sign) status='approved'
[2025-09-24 11:56:08] 🔎 row 176: ✅ accept → dt=2018-08-26 amt=68.01 sign=+1 curr=USD label=Deposit (type/gateway/descr/drcr/sign) status='approved'
[2025-09-24 11:56:09] 🔎 row 177: ✅ accept → dt=2018-08-26 amt=113.34 sign=+1 curr=USD label=Deposit (type/gateway/descr/drcr/sign) status='approved'
[2025-09-24 11:56:09] 🔎 row 178: ✅ accept → dt=2018-08-26 amt=56.68 sign=+1 curr=USD label=Deposit (type/gateway/descr/drcr/sign) status='approved'
[2025-09-24 11:56:09] 🔎 row 179: ✅ accept → dt=2018-08-26 amt=113.36 sign=+1 curr=USD label=Deposit (type/gateway/descr/drcr/sign) status='approved'
[2025-09-24 11:56:09] 🔎 row 180: ✅ accept → dt=2018-08-26 amt=298.58 sign=+1 curr=USD label=Redeem (type/gateway/descr/drcr/sign) status='approved'
[2025-09-24 11:56:09] 🔎 row 181: ✅ accept → dt=2018-08-29 amt=28.53 sign=+1 curr=USD label=Deposit (type/gateway/descr/drcr/sign) status='approved'
[2025-09-24 11:56:09] 🔎 row 182: ⏭️ drop — bad status 'rejected' (type_raw='Deposit')
[2025-09-24 11:56:09] 🔎 row 183: ⏭️ drop — bad status 'rejected' (type_raw='Deposit')
[2025-09-24 11:56:09] 🔎 row 184: ⏭️ drop — bad status 'rejected' (type_raw='Deposit')
[2025-09-24 11:56:09] 🔎 row 185: ⏭️ drop — bad status 'rejected' (type_raw='Deposit')
[2025-09-24 11:56:09] 🔎 row 186: ✅ accept → dt=2019-08-10 amt=32.68 sign=+1 curr=USD label=Deposit (type/gateway/descr/drcr/sign) status='approved'
[2025-09-24 11:56:09] 🔎 row 187: ✅ accept → dt=2019-08-10 amt=32.68 sign=+1 curr=USD label=Deposit (type/gateway/descr/drcr/sign) status='approved'
[2025-09-24 11:56:09] 🔎 row 188: ✅ accept → dt=2019-08-10 amt=32.68 sign=+1 curr=USD label=Deposit (type/gateway/descr/drcr/sign) status='approved'
[2025-09-24 11:56:09] 🔎 row 189: ✅ accept → dt=2019-08-10 amt=65.36 sign=+1 curr=USD label=Deposit (type/gateway/descr/drcr/sign) status='approved'
[2025-09-24 11:56:09] 🔎 row 190: ✅ accept → dt=2019-08-11 amt=54.63 sign=+1 curr=USD label=Deposit (type/gateway/descr/drcr/sign) status='approved'
[2025-09-24 11:56:09] 🔎 row 191: ✅ accept → dt=2019-08-11 amt=109.26 sign=+1 curr=USD label=Deposit (type/gateway/descr/drcr/sign) status='approved'
[2025-09-24 11:56:09] 🔎 row 192: ✅ accept → dt=2019-08-11 amt=109.26 sign=+1 curr=USD label=Deposit (type/gateway/descr/drcr/sign) status='approved'
[2025-09-24 11:56:09] 🔎 row 193: ✅ accept → dt=2019-08-11 amt=109.08 sign=+1 curr=USD label=Deposit (type/gateway/descr/drcr/sign) status='approved'
[2025-09-24 11:56:09] 🔎 row 194: ✅ accept → dt=2019-08-11 amt=108.93 sign=+1 curr=USD label=Deposit (type/gateway/descr/drcr/sign) status='approved'
[2025-09-24 11:56:09] 🔎 row 195: ✅ accept → dt=2019-08-11 amt=450.00 sign=+1 curr=USD label=Redeem (type/gateway/descr/drcr/sign) status='approved'
[2025-09-24 11:56:09] 🔎 row 196: ✅ accept → dt=2019-08-11 amt=43.56 sign=+1 curr=USD label=Deposit (type/gateway/descr/drcr/sign) status='approved'
[2025-09-24 11:56:09] 🔎 row 197: ✅ accept → dt=2019-08-13 amt=200.25 sign=+1 curr=USD label=Redeem (type/gateway/descr/drcr/sign) status='approved'
[2025-09-24 11:56:09] 🔎 row 198: ✅ accept → dt=2019-08-17 amt=64.72 sign=+1 curr=USD label=Deposit (type/gateway/descr/drcr/sign) status='approved'
[2025-09-24 11:56:09] 🔎 row 199: ✅ accept → dt=2019-08-17 amt=43.14 sign=+1 curr=USD label=Deposit (type/gateway/descr/drcr/sign) status='approved'
[2025-09-24 11:56:09] 🔎 row 200: ✅ accept → dt=2019-08-17 amt=64.72 sign=+1 curr=USD label=Deposit (type/gateway/descr/drcr/sign) status='approved'
[2025-09-24 11:56:09] 🔎 row 201: ✅ accept → dt=2019-08-17 amt=129.44 sign=+1 curr=USD label=Deposit (type/gateway/descr/drcr/sign) status='approved'
[2025-09-24 11:56:09] 🔎 row 202: ✅ accept → dt=2019-08-17 amt=64.72 sign=+1 curr=USD label=Deposit (type/gateway/descr/drcr/sign) status='approved'
[2025-09-24 11:56:09] 🔎 row 203: ✅ accept → dt=2019-08-17 amt=64.72 sign=+1 curr=USD label=Deposit (type/gateway/descr/drcr/sign) status='approved'
[2025-09-24 11:56:09] 🔎 row 204: ✅ accept → dt=2019-08-17 amt=129.44 sign=+1 curr=USD label=Deposit (type/gateway/descr/drcr/sign) status='approved'
[2025-09-24 11:56:09] 🔎 row 205: ✅ accept → dt=2019-08-17 amt=107.86 sign=+1 curr=USD label=Deposit (type/gateway/descr/drcr/sign) status='approved'
[2025-09-24 11:56:09] 🔎 row 206: ✅ accept → dt=2019-08-17 amt=107.86 sign=+1 curr=USD label=Deposit (type/gateway/descr/drcr/sign) status='approved'
[2025-09-24 11:56:09] 🔎 row 207: ✅ accept → dt=2019-08-17 amt=107.86 sign=+1 curr=USD label=Deposit (type/gateway/descr/drcr/sign) status='approved'
[2025-09-24 11:56:09] 🔎 row 208: ✅ accept → dt=2019-08-17 amt=107.86 sign=+1 curr=USD label=Deposit (type/gateway/descr/drcr/sign) status='approved'
[2025-09-24 11:56:09] 🔎 row 209: ✅ accept → dt=2019-08-21 amt=32.37 sign=+1 curr=USD label=Deposit (type/gateway/descr/drcr/sign) status='approved'
[2025-09-24 11:56:09] 🔎 row 210: ✅ accept → dt=2019-08-21 amt=201.18 sign=+1 curr=USD label=Redeem (type/gateway/descr/drcr/sign) status='approved'
[2025-09-24 11:56:09] 🔎 row 211: ✅ accept → dt=2019-08-25 amt=32.68 sign=+1 curr=USD label=Deposit (type/gateway/descr/drcr/sign) status='approved'
[2025-09-24 11:56:09] 🔎 row 212: ✅ accept → dt=2019-08-25 amt=32.71 sign=+1 curr=USD label=Deposit (type/gateway/descr/drcr/sign) status='approved'
[2025-09-24 11:56:09] 🔎 row 213: ✅ accept → dt=2019-08-25 amt=43.61 sign=+1 curr=USD label=Deposit (type/gateway/descr/drcr/sign) status='approved'
[2025-09-24 11:56:09] 🔎 row 214: ✅ accept → dt=2019-08-25 amt=65.42 sign=+1 curr=USD label=Deposit (type/gateway/descr/drcr/sign) status='approved'
[2025-09-24 11:56:09] 🔎 row 215: ✅ accept → dt=2019-08-25 amt=200.00 sign=+1 curr=USD label=Redeem (type/gateway/descr/drcr/sign) status='approved'
[2025-09-24 11:56:09] 🔎 row 216: ✅ accept → dt=2019-09-01 amt=32.06 sign=+1 curr=USD label=Deposit (type/gateway/descr/drcr/sign) status='approved'
[2025-09-24 11:56:09] 🔎 row 217: ✅ accept → dt=2019-09-01 amt=74.81 sign=+1 curr=USD label=Deposit (type/gateway/descr/drcr/sign) status='approved'
[2025-09-24 11:56:09] 🔎 row 218: ✅ accept → dt=2019-09-01 amt=53.43 sign=+1 curr=USD label=Deposit (type/gateway/descr/drcr/sign) status='approved'
[2025-09-24 11:56:09] 🔎 row 219: ✅ accept → dt=2019-09-01 amt=53.43 sign=+1 curr=USD label=Deposit (type/gateway/descr/drcr/sign) status='approved'
[2025-09-24 11:56:09] 🔎 row 220: ✅ accept → dt=2019-09-01 amt=106.87 sign=+1 curr=USD label=Deposit (type/gateway/descr/drcr/sign) status='approved'
[2025-09-24 11:56:09] 🔎 row 221: ✅ accept → dt=2019-09-01 amt=106.87 sign=+1 curr=USD label=Deposit (type/gateway/descr/drcr/sign) status='approved'
[2025-09-24 11:56:09] 🔎 row 222: ✅ accept → dt=2019-09-01 amt=64.12 sign=+1 curr=USD label=Deposit (type/gateway/descr/drcr/sign) status='approved'
[2025-09-24 11:56:09] 🔎 row 223: ✅ accept → dt=2019-09-01 amt=213.75 sign=+1 curr=USD label=Deposit (type/gateway/descr/drcr/sign) status='approved'
[2025-09-24 11:56:09] 🔎 row 224: ✅ accept → dt=2019-09-05 amt=32.20 sign=+1 curr=USD label=Deposit (type/gateway/descr/drcr/sign) status='approved'
[2025-09-24 11:56:09] 🔎 row 225: ✅ accept → dt=2019-09-05 amt=75.14 sign=+1 curr=USD label=Deposit (type/gateway/descr/drcr/sign) status='approved'
[2025-09-24 11:56:09] 🔎 row 226: ✅ accept → dt=2019-09-05 amt=107.34 sign=+1 curr=USD label=Deposit (type/gateway/descr/drcr/sign) status='approved'
[2025-09-24 11:56:09] 🔎 row 227: ✅ accept → dt=2019-09-05 amt=107.34 sign=+1 curr=USD label=Deposit (type/gateway/descr/drcr/sign) status='approved'
[2025-09-24 11:56:09] 🔎 row 228: ✅ accept → dt=2019-09-06 amt=214.58 sign=+1 curr=USD label=Deposit (type/gateway/descr/drcr/sign) status='approved'
[2025-09-24 11:56:09] 🔎 row 229: ✅ accept → dt=2019-09-06 amt=214.58 sign=+1 curr=USD label=Deposit (type/gateway/descr/drcr/sign) status='approved'
[2025-09-24 11:56:09] 🔎 row 230: ✅ accept → dt=2019-09-06 amt=321.79 sign=+1 curr=USD label=Deposit (type/gateway/descr/drcr/sign) status='approved'
[2025-09-24 11:56:09] 🔎 row 231: ✅ accept → dt=2019-09-06 amt=107.24 sign=+1 curr=USD label=Deposit (type/gateway/descr/drcr/sign) status='approved'
[2025-09-24 11:56:09] 🔎 row 232: ✅ accept → dt=2019-09-06 amt=107.24 sign=+1 curr=USD label=Deposit (type/gateway/descr/drcr/sign) status='approved'
[2025-09-24 11:56:09] 🔎 row 233: ✅ accept → dt=2019-09-29 amt=31.91 sign=+1 curr=USD label=Deposit (type/gateway/descr/drcr/sign) status='approved'
[2025-09-24 11:56:09] 🔎 row 234: ✅ accept → dt=2019-09-29 amt=74.47 sign=+1 curr=USD label=Deposit (type/gateway/descr/drcr/sign) status='approved'
[2025-09-24 11:56:09] 🔎 row 235: ✅ accept → dt=2019-09-29 amt=53.19 sign=+1 curr=USD label=Deposit (type/gateway/descr/drcr/sign) status='approved'
[2025-09-24 11:56:09] 🔎 row 236: ✅ accept → dt=2019-09-29 amt=53.19 sign=+1 curr=USD label=Deposit (type/gateway/descr/drcr/sign) status='approved'
[2025-09-24 11:56:09] 🔎 row 237: ✅ accept → dt=2019-09-29 amt=106.39 sign=+1 curr=USD label=Deposit (type/gateway/descr/drcr/sign) status='approved'
[2025-09-24 11:56:09] 🔎 row 238: ✅ accept → dt=2019-09-29 amt=106.39 sign=+1 curr=USD label=Deposit (type/gateway/descr/drcr/sign) status='approved'
[2025-09-24 11:56:09] 🔎 row 239: ✅ accept → dt=2019-09-30 amt=106.05 sign=+1 curr=USD label=Deposit (type/gateway/descr/drcr/sign) status='approved'
[2025-09-24 11:56:09] 🔎 row 240: ✅ accept → dt=2019-09-30 amt=127.26 sign=+1 curr=USD label=Deposit (type/gateway/descr/drcr/sign) status='approved'
[2025-09-24 11:56:09] 🔎 row 241: ✅ accept → dt=2019-09-30 amt=84.76 sign=+1 curr=USD label=Deposit (type/gateway/descr/drcr/sign) status='approved'
[2025-09-24 11:56:09] 🔎 row 242: ✅ accept → dt=2019-09-30 amt=211.91 sign=+1 curr=USD label=Deposit (type/gateway/descr/drcr/sign) status='approved'
[2025-09-24 11:56:09] 🔎 row 243: ✅ accept → dt=2019-09-30 amt=127.18 sign=+1 curr=USD label=Deposit (type/gateway/descr/drcr/sign) status='approved'
[2025-09-24 11:56:09] 🔎 row 244: ✅ accept → dt=2019-09-30 amt=127.22 sign=+1 curr=USD label=Deposit (type/gateway/descr/drcr/sign) status='approved'
[2025-09-24 11:56:09] 🔎 row 245: ✅ accept → dt=2019-09-30 amt=127.19 sign=+1 curr=USD label=Deposit (type/gateway/descr/drcr/sign) status='approved'
[2025-09-24 11:56:09] 🔎 row 246: ✅ accept → dt=2019-09-30 amt=52.99 sign=+1 curr=USD label=Deposit (type/gateway/descr/drcr/sign) status='approved'
[2025-09-24 11:56:09] 🔎 row 247: ✅ accept → dt=2019-09-30 amt=21.19 sign=+1 curr=USD label=Deposit (type/gateway/descr/drcr/sign) status='approved'
[2025-09-24 11:56:09] 🔎 row 248: ⏭️ drop — bad status 'rejected' (type_raw='Deposit')
[2025-09-24 11:56:09] 🔎 row 249: ⏭️ drop — bad status 'rejected' (type_raw='Deposit')
[2025-09-24 11:56:09] 🔎 row 250: ⏭️ drop — bad status 'rejected' (type_raw='Deposit')
[2025-09-24 11:56:09] 🔎 row 251: ⏭️ drop — bad status 'rejected' (type_raw='Deposit')
[2025-09-24 11:56:09] 🔎 row 252: ✅ accept → dt=2019-10-25 amt=32.31 sign=+1 curr=USD label=Deposit (type/gateway/descr/drcr/sign) status='approved'
[2025-09-24 11:56:09] 🔎 row 253: ✅ accept → dt=2019-10-25 amt=32.31 sign=+1 curr=USD label=Deposit (type/gateway/descr/drcr/sign) status='approved'
[2025-09-24 11:56:09] 🔎 row 254: ✅ accept → dt=2019-10-25 amt=64.63 sign=+1 curr=USD label=Deposit (type/gateway/descr/drcr/sign) status='approved'
[2025-09-24 11:56:09] 🔎 row 255: ✅ accept → dt=2019-10-25 amt=64.64 sign=+1 curr=USD label=Deposit (type/gateway/descr/drcr/sign) status='approved'
[2025-09-24 11:56:09] 🔎 row 256: ✅ accept → dt=2019-10-25 amt=64.64 sign=+1 curr=USD label=Deposit (type/gateway/descr/drcr/sign) status='approved'
[2025-09-24 11:56:09] 🔎 row 257: ✅ accept → dt=2019-10-25 amt=64.64 sign=+1 curr=USD label=Deposit (type/gateway/descr/drcr/sign) status='approved'
[2025-09-24 11:56:09] 🔎 row 258: ✅ accept → dt=2019-10-27 amt=32.35 sign=+1 curr=USD label=Deposit (type/gateway/descr/drcr/sign) status='approved'
[2025-09-24 11:56:09] 🔎 row 259: ✅ accept → dt=2019-10-27 amt=32.31 sign=+1 curr=USD label=Deposit (type/gateway/descr/drcr/sign) status='approved'
[2025-09-24 11:56:09] 🔎 row 260: ✅ accept → dt=2019-10-27 amt=53.87 sign=+1 curr=USD label=Deposit (type/gateway/descr/drcr/sign) status='approved'
[2025-09-24 11:56:09] 🔎 row 261: ✅ accept → dt=2019-10-27 amt=64.64 sign=+1 curr=USD label=Deposit (type/gateway/descr/drcr/sign) status='approved'
[2025-09-24 11:56:09] 🔎 row 262: ✅ accept → dt=2019-10-27 amt=32.32 sign=+1 curr=USD label=Deposit (type/gateway/descr/drcr/sign) status='approved'
[2025-09-24 11:56:09] 🔎 row 263: ⏭️ drop — bad status 'rejected' (type_raw='Deposit')
[2025-09-24 11:56:09] 🔎 row 264: ⏭️ drop — bad status 'rejected' (type_raw='Deposit')
[2025-09-24 11:56:09] 🔎 row 265: ✅ accept → dt=2019-11-11 amt=26.83 sign=+1 curr=USD label=Deposit (type/gateway/descr/drcr/sign) status='approved'
[2025-09-24 11:56:09] 🔎 row 266: ✅ accept → dt=2019-11-11 amt=32.20 sign=+1 curr=USD label=Deposit (type/gateway/descr/drcr/sign) status='approved'
[2025-09-24 11:56:09] 🔎 row 267: ✅ accept → dt=2019-11-11 amt=32.20 sign=+1 curr=USD label=Deposit (type/gateway/descr/drcr/sign) status='approved'
[2025-09-24 11:56:09] 🔎 row 268: ✅ accept → dt=2019-11-11 amt=32.20 sign=+1 curr=USD label=Deposit (type/gateway/descr/drcr/sign) status='approved'
[2025-09-24 11:56:09] 🔎 row 269: ✅ accept → dt=2019-11-11 amt=37.57 sign=+1 curr=USD label=Deposit (type/gateway/descr/drcr/sign) status='approved'
[2025-09-24 11:56:09] 🔎 row 270: ✅ accept → dt=2019-11-11 amt=64.39 sign=+1 curr=USD label=Deposit (type/gateway/descr/drcr/sign) status='approved'
[2025-09-24 11:56:09] 🔎 row 271: ✅ accept → dt=2019-11-11 amt=53.66 sign=+1 curr=USD label=Deposit (type/gateway/descr/drcr/sign) status='approved'
[2025-09-24 11:56:09] 🔎 row 272: ⏭️ drop — bad status 'rejected' (type_raw='Deposit')
[2025-09-24 11:56:09] 🔎 row 273: ✅ accept → dt=2019-11-11 amt=10.73 sign=+1 curr=USD label=Deposit (type/gateway/descr/drcr/sign) status='approved'
[2025-09-24 11:56:09] 🔎 row 274: ✅ accept → dt=2019-12-03 amt=21.55 sign=+1 curr=USD label=Deposit (type/gateway/descr/drcr/sign) status='approved'
[2025-09-24 11:56:09] 🔎 row 275: ✅ accept → dt=2019-12-12 amt=21.55 sign=+1 curr=USD label=Deposit (type/gateway/descr/drcr/sign) status='approved'
[2025-09-24 11:56:09] 🔎 row 276: ⏭️ drop — bad status 'cancelled' (type_raw='Redeem')
[2025-09-24 11:56:09] 🔎 row 277: ✅ accept → dt=2019-12-13 amt=32.34 sign=+1 curr=USD label=Deposit (type/gateway/descr/drcr/sign) status='approved'
[2025-09-24 11:56:09] 🔎 row 278: ✅ accept → dt=2019-12-15 amt=53.93 sign=+1 curr=USD label=Deposit (type/gateway/descr/drcr/sign) status='approved'
[2025-09-24 11:56:09] 🔎 row 279: ✅ accept → dt=2019-12-15 amt=64.71 sign=+1 curr=USD label=Deposit (type/gateway/descr/drcr/sign) status='approved'
[2025-09-24 11:56:09] 🔎 row 280: ✅ accept → dt=2019-12-15 amt=64.71 sign=+1 curr=USD label=Deposit (type/gateway/descr/drcr/sign) status='approved'
[2025-09-24 11:56:09] 🔎 row 281: ✅ accept → dt=2019-12-15 amt=107.86 sign=+1 curr=USD label=Deposit (type/gateway/descr/drcr/sign) status='approved'
[2025-09-24 11:56:09] 🔎 row 282: ✅ accept → dt=2019-12-15 amt=32.35 sign=+1 curr=USD label=Deposit (type/gateway/descr/drcr/sign) status='approved'
[2025-09-24 11:56:09] 🔎 row 283: ✅ accept → dt=2019-12-15 amt=32.36 sign=+1 curr=USD label=Deposit (type/gateway/descr/drcr/sign) status='approved'
[2025-09-24 11:56:09] 🔎 row 284: ⏭️ drop — bad status 'rejected' (type_raw='Deposit')
[2025-09-24 11:56:09] 🔎 row 285: ✅ accept → dt=2019-12-19 amt=16.18 sign=+1 curr=USD label=Deposit (type/gateway/descr/drcr/sign) status='approved'
[2025-09-24 11:56:09] 🔎 row 286: ⏭️ drop — bad status 'rejected' (type_raw='Deposit')
[2025-09-24 11:56:09] 🔎 row 287: ✅ accept → dt=2020-01-01 amt=21.75 sign=+1 curr=USD label=Deposit (type/gateway/descr/drcr/sign) status='approved'
[2025-09-24 11:56:09] 🔎 row 288: ✅ accept → dt=2020-01-01 amt=32.61 sign=+1 curr=USD label=Deposit (type/gateway/descr/drcr/sign) status='approved'
[2025-09-24 11:56:09] 🔎 row 289: ✅ accept → dt=2020-01-01 amt=54.37 sign=+1 curr=USD label=Deposit (type/gateway/descr/drcr/sign) status='approved'
[2025-09-24 11:56:09] 🔎 row 290: ✅ accept → dt=2020-01-06 amt=32.57 sign=+1 curr=USD label=Deposit (type/gateway/descr/drcr/sign) status='approved'
[2025-09-24 11:56:09] 🔎 row 291: ✅ accept → dt=2020-01-06 amt=21.71 sign=+1 curr=USD label=Deposit (type/gateway/descr/drcr/sign) status='approved'
[2025-09-24 11:56:09] 🔎 row 292: ✅ accept → dt=2020-01-06 amt=21.71 sign=+1 curr=USD label=Deposit (type/gateway/descr/drcr/sign) status='approved'
[2025-09-24 11:56:09] 🔎 row 293: ✅ accept → dt=2020-01-07 amt=25.94 sign=+1 curr=USD label=Deposit (type/gateway/descr/drcr/sign) status='approved'
[2025-09-24 11:56:09] 🔎 row 294: ✅ accept → dt=2020-01-08 amt=10.78 sign=+1 curr=USD label=Deposit (type/gateway/descr/drcr/sign) status='approved'
[2025-09-24 11:56:09] 🔎 row 295: ✅ accept → dt=2020-01-08 amt=21.56 sign=+1 curr=USD label=Deposit (type/gateway/descr/drcr/sign) status='approved'
[2025-09-24 11:56:09] 🔎 row 296: ✅ accept → dt=2020-01-09 amt=10.77 sign=+1 curr=USD label=Deposit (type/gateway/descr/drcr/sign) status='approved'
[2025-09-24 11:56:09] 🔎 row 297: ✅ accept → dt=2020-01-10 amt=10.78 sign=+1 curr=USD label=Deposit (type/gateway/descr/drcr/sign) status='approved'
[2025-09-24 11:56:09] 🔎 row 298: ✅ accept → dt=2020-02-08 amt=148.65 sign=+1 curr=USD label=Deposit (type/gateway/descr/drcr/sign) status='approved'
[2025-09-24 11:56:09] 🔎 row 299: ✅ accept → dt=2020-02-09 amt=170.07 sign=+1 curr=USD label=Redeem (type/gateway/descr/drcr/sign) status='approved'
[2025-09-24 11:56:09] 🔎 row 300: ✅ accept → dt=2020-05-31 amt=32.31 sign=+1 curr=USD label=Deposit (type/gateway/descr/drcr/sign) status='approved'
[2025-09-24 11:56:09] 🔎 row 301: ✅ accept → dt=2020-05-31 amt=21.54 sign=+1 curr=USD label=Deposit (type/gateway/descr/drcr/sign) status='approved'
[2025-09-24 11:56:09] 🔎 row 302: ✅ accept → dt=2020-06-04 amt=33.04 sign=+1 curr=USD label=Deposit (type/gateway/descr/drcr/sign) status='approved'
[2025-09-24 11:56:09] 🔎 row 303: ✅ accept → dt=2020-06-04 amt=33.00 sign=+1 curr=USD label=Deposit (type/gateway/descr/drcr/sign) status='approved'
[2025-09-24 11:56:09] 🔎 row 304: ✅ accept → dt=2020-06-06 amt=98.52 sign=+1 curr=USD label=Deposit (type/gateway/descr/drcr/sign) status='approved'
[2025-09-24 11:56:09] 🔎 row 305: ✅ accept → dt=2020-06-06 amt=109.46 sign=+1 curr=USD label=Deposit (type/gateway/descr/drcr/sign) status='approved'
[2025-09-24 11:56:09] 🔎 row 306: ✅ accept → dt=2020-06-06 amt=109.46 sign=+1 curr=USD label=Deposit (type/gateway/descr/drcr/sign) status='approved'
[2025-09-24 11:56:09] 🔎 row 307: ✅ accept → dt=2020-06-06 amt=65.71 sign=+1 curr=USD label=Deposit (type/gateway/descr/drcr/sign) status='approved'
[2025-09-24 11:56:09] 🔎 row 308: ✅ accept → dt=2020-06-06 amt=10.95 sign=+1 curr=USD label=Deposit (type/gateway/descr/drcr/sign) status='approved'
[2025-09-24 11:56:09] 🔎 row 309: ⏭️ drop — bad status 'rejected' (type_raw='Deposit')
[2025-09-24 11:56:09] 🔎 row 310: ✅ accept → dt=2020-06-07 amt=262.83 sign=+1 curr=USD label=Deposit (type/gateway/descr/drcr/sign) status='approved'
[2025-09-24 11:56:09] 🔎 row 311: ✅ accept → dt=2020-06-07 amt=273.87 sign=+1 curr=USD label=Deposit (type/gateway/descr/drcr/sign) status='approved'
[2025-09-24 11:56:09] 🔎 row 312: ✅ accept → dt=2020-06-09 amt=273.95 sign=+1 curr=USD label=Redeem (type/gateway/descr/drcr/sign) status='approved'
[2025-09-24 11:56:09] 🔎 row 313: ✅ accept → dt=2020-07-08 amt=21.98 sign=+1 curr=USD label=Deposit (type/gateway/descr/drcr/sign) status='approved'
[2025-09-24 11:56:09] 🔎 row 314: ✅ accept → dt=2020-07-08 amt=32.97 sign=+1 curr=USD label=Deposit (type/gateway/descr/drcr/sign) status='approved'
[2025-09-24 11:56:09] 🔎 row 315: ✅ accept → dt=2020-07-08 amt=54.95 sign=+1 curr=USD label=Deposit (type/gateway/descr/drcr/sign) status='approved'
[2025-09-24 11:56:09] 🔎 row 316: ✅ accept → dt=2020-07-08 amt=32.97 sign=+1 curr=USD label=Deposit (type/gateway/descr/drcr/sign) status='approved'
[2025-09-24 11:56:09] 🔎 row 317: ✅ accept → dt=2020-07-11 amt=10.95 sign=+1 curr=USD label=Deposit (type/gateway/descr/drcr/sign) status='approved'
[2025-09-24 11:56:09] 🔎 row 318: ⏭️ drop — bad status 'rejected' (type_raw='Deposit')
[2025-09-24 11:56:09] 🔎 row 319: ⏭️ drop — bad status 'rejected' (type_raw='Deposit')
[2025-09-24 11:56:09] 🔎 row 320: ✅ accept → dt=2020-08-04 amt=160.16 sign=+1 curr=USD label=Deposit (type/gateway/descr/drcr/sign) status='approved'
[2025-09-24 11:56:09] 🔎 row 321: ✅ accept → dt=2020-08-06 amt=201.93 sign=+1 curr=USD label=Redeem (type/gateway/descr/drcr/sign) status='approved'
[2025-09-24 11:56:09] 🔎 row 322: ⏭️ drop — bad status 'rejected' (type_raw='Deposit')
[2025-09-24 11:56:09] 🔎 row 323: ✅ accept → dt=2020-09-05 amt=34.45 sign=+1 curr=USD label=Deposit (type/gateway/descr/drcr/sign) status='approved'
[2025-09-24 11:56:09] 🔎 row 324: ✅ accept → dt=2020-09-05 amt=34.45 sign=+1 curr=USD label=Deposit (type/gateway/descr/drcr/sign) status='approved'
[2025-09-24 11:56:09] 🔎 row 325: ✅ accept → dt=2020-09-05 amt=34.45 sign=+1 curr=USD label=Deposit (type/gateway/descr/drcr/sign) status='approved'
[2025-09-24 11:56:09] 🔎 row 326: ✅ accept → dt=2020-09-07 amt=34.40 sign=+1 curr=USD label=Deposit (type/gateway/descr/drcr/sign) status='approved'
[2025-09-24 11:56:09] 🔎 row 327: ✅ accept → dt=2020-09-09 amt=22.91 sign=+1 curr=USD label=Deposit (type/gateway/descr/drcr/sign) status='approved'
[2025-09-24 11:56:09] 🔎 row 328: ⏭️ drop — bad status 'rejected' (type_raw='Deposit')
[2025-09-24 11:56:09] 🔎 row 329: ⏭️ drop — bad status 'rejected' (type_raw='Deposit')
[2025-09-24 11:56:09] 🔎 row 330: ✅ accept → dt=2020-12-25 amt=118.31 sign=+1 curr=USD label=Deposit (type/gateway/descr/drcr/sign) status='approved'
[2025-09-24 11:56:09] 🔎 row 331: ✅ accept → dt=2020-12-25 amt=118.15 sign=+1 curr=USD label=Deposit (type/gateway/descr/drcr/sign) status='approved'
[2025-09-24 11:56:09] 🔎 row 332: ✅ accept → dt=2020-12-27 amt=142.59 sign=+1 curr=USD label=Deposit (type/gateway/descr/drcr/sign) status='approved'
[2025-09-24 11:56:09] 🔎 row 333: ✅ accept → dt=2021-01-09 amt=118.54 sign=+1 curr=USD label=Deposit (type/gateway/descr/drcr/sign) status='approved'
[2025-09-24 11:56:09] 🔎 row 334: ✅ accept → dt=2021-01-09 amt=142.25 sign=+1 curr=USD label=Deposit (type/gateway/descr/drcr/sign) status='approved'
[2025-09-24 11:56:09] 🔎 row 335: ✅ accept → dt=2021-01-10 amt=94.82 sign=+1 curr=USD label=Deposit (type/gateway/descr/drcr/sign) status='approved'
[2025-09-24 11:56:09] 🔎 row 336: ✅ accept → dt=2021-01-10 amt=118.53 sign=+1 curr=USD label=Deposit (type/gateway/descr/drcr/sign) status='approved'
[2025-09-24 11:56:09] 🔎 row 337: ✅ accept → dt=2021-01-10 amt=118.53 sign=+1 curr=USD label=Deposit (type/gateway/descr/drcr/sign) status='approved'
[2025-09-24 11:56:09] 🔎 row 338: ✅ accept → dt=2021-01-10 amt=600.00 sign=+1 curr=USD label=Redeem (type/gateway/descr/drcr/sign) status='approved'
[2025-09-24 11:56:09] 🔎 row 339: ✅ accept → dt=2021-01-13 amt=70.84 sign=+1 curr=USD label=Deposit (type/gateway/descr/drcr/sign) status='approved'
[2025-09-24 11:56:09] 🔎 row 340: ✅ accept → dt=2021-01-13 amt=70.81 sign=+1 curr=USD label=Deposit (type/gateway/descr/drcr/sign) status='approved'
[2025-09-24 11:56:09] 🔎 row 341: ✅ accept → dt=2021-01-13 amt=70.74 sign=+1 curr=USD label=Deposit (type/gateway/descr/drcr/sign) status='approved'
[2025-09-24 11:56:09] 🔎 row 342: ✅ accept → dt=2021-01-13 amt=141.49 sign=+1 curr=USD label=Deposit (type/gateway/descr/drcr/sign) status='approved'
[2025-09-24 11:56:09] 🔎 row 343: ⏭️ drop — bad status 'rejected' (type_raw='Deposit')
[2025-09-24 11:56:09] 🔎 row 344: ⏭️ drop — bad status 'rejected' (type_raw='Deposit')
[2025-09-24 11:56:09] 🔎 row 345: ✅ accept → dt=2021-01-13 amt=117.91 sign=+1 curr=USD label=Deposit (type/gateway/descr/drcr/sign) status='approved'
[2025-09-24 11:56:09] 🔎 row 346: ✅ accept → dt=2021-01-14 amt=440.00 sign=+1 curr=USD label=Redeem (type/gateway/descr/drcr/sign) status='approved'
[2025-09-24 11:56:09] 🔎 row 347: ✅ accept → dt=2021-01-14 amt=70.66 sign=+1 curr=USD label=Deposit (type/gateway/descr/drcr/sign) status='approved'
[2025-09-24 11:56:09] 🔎 row 348: ✅ accept → dt=2021-01-14 amt=94.25 sign=+1 curr=USD label=Deposit (type/gateway/descr/drcr/sign) status='approved'
[2025-09-24 11:56:09] 🔎 row 349: ✅ accept → dt=2021-01-14 amt=235.64 sign=+1 curr=USD label=Deposit (type/gateway/descr/drcr/sign) status='approved'
[2025-09-24 11:56:09] 🔎 row 350: ✅ accept → dt=2021-01-14 amt=117.90 sign=+1 curr=USD label=Deposit (type/gateway/descr/drcr/sign) status='approved'
[2025-09-24 11:56:09] 🔎 row 351: ✅ accept → dt=2021-01-14 amt=117.86 sign=+1 curr=USD label=Deposit (type/gateway/descr/drcr/sign) status='approved'
[2025-09-24 11:56:09] 🔎 row 352: ✅ accept → dt=2021-01-14 amt=117.93 sign=+1 curr=USD label=Deposit (type/gateway/descr/drcr/sign) status='approved'
[2025-09-24 11:56:09] 🔎 row 353: ✅ accept → dt=2021-01-14 amt=117.92 sign=+1 curr=USD label=Deposit (type/gateway/descr/drcr/sign) status='approved'
[2025-09-24 11:56:09] 🔎 row 354: ✅ accept → dt=2021-01-14 amt=58.98 sign=+1 curr=USD label=Deposit (type/gateway/descr/drcr/sign) status='approved'
[2025-09-24 11:56:09] 🔎 row 355: ✅ accept → dt=2021-01-17 amt=70.33 sign=+1 curr=USD label=Deposit (type/gateway/descr/drcr/sign) status='approved'
[2025-09-24 11:56:09] 🔎 row 356: ✅ accept → dt=2021-01-17 amt=46.89 sign=+1 curr=USD label=Deposit (type/gateway/descr/drcr/sign) status='approved'
[2025-09-24 11:56:09] 🔎 row 357: ✅ accept → dt=2021-01-17 amt=140.63 sign=+1 curr=USD label=Deposit (type/gateway/descr/drcr/sign) status='approved'
[2025-09-24 11:56:09] 🔎 row 358: ✅ accept → dt=2021-01-17 amt=93.79 sign=+1 curr=USD label=Deposit (type/gateway/descr/drcr/sign) status='approved'
[2025-09-24 11:56:09] 🔎 row 359: ✅ accept → dt=2021-01-17 amt=234.30 sign=+1 curr=USD label=Deposit (type/gateway/descr/drcr/sign) status='approved'
[2025-09-24 11:56:09] 🔎 row 360: ✅ accept → dt=2021-01-21 amt=70.72 sign=+1 curr=USD label=Deposit (type/gateway/descr/drcr/sign) status='approved'
[2025-09-24 11:56:09] 🔎 row 361: ✅ accept → dt=2021-01-21 amt=47.16 sign=+1 curr=USD label=Deposit (type/gateway/descr/drcr/sign) status='approved'
[2025-09-24 11:56:09] 🔎 row 362: ✅ accept → dt=2021-01-21 amt=117.93 sign=+1 curr=USD label=Deposit (type/gateway/descr/drcr/sign) status='approved'
[2025-09-24 11:56:09] 🔎 row 363: ✅ accept → dt=2021-01-21 amt=236.05 sign=+1 curr=USD label=Deposit (type/gateway/descr/drcr/sign) status='approved'
[2025-09-24 11:56:09] 🔎 row 364: ✅ accept → dt=2021-01-21 amt=118.02 sign=+1 curr=USD label=Deposit (type/gateway/descr/drcr/sign) status='approved'
[2025-09-24 11:56:09] 🔎 row 365: ✅ accept → dt=2021-01-22 amt=236.16 sign=+1 curr=USD label=Deposit (type/gateway/descr/drcr/sign) status='approved'
[2025-09-24 11:56:09] 🔎 row 366: ✅ accept → dt=2021-01-22 amt=141.72 sign=+1 curr=USD label=Deposit (type/gateway/descr/drcr/sign) status='approved'
[2025-09-24 11:56:09] 🔎 row 367: ✅ accept → dt=2021-01-23 amt=59.04 sign=+1 curr=USD label=Deposit (type/gateway/descr/drcr/sign) status='approved'
[2025-09-24 11:56:09] 🔎 row 368: ✅ accept → dt=2021-01-23 amt=11.80 sign=+1 curr=USD label=Deposit (type/gateway/descr/drcr/sign) status='approved'
[2025-09-24 11:56:09] 🔎 row 369: ✅ accept → dt=2021-01-31 amt=35.31 sign=+1 curr=USD label=Deposit (type/gateway/descr/drcr/sign) status='approved'
[2025-09-24 11:56:09] 🔎 row 370: ✅ accept → dt=2021-01-31 amt=70.63 sign=+1 curr=USD label=Deposit (type/gateway/descr/drcr/sign) status='approved'
[2025-09-24 11:56:09] 🔎 row 371: ✅ accept → dt=2021-01-31 amt=141.27 sign=+1 curr=USD label=Deposit (type/gateway/descr/drcr/sign) status='approved'
[2025-09-24 11:56:09] 🔎 row 372: ✅ accept → dt=2021-01-31 amt=105.95 sign=+1 curr=USD label=Deposit (type/gateway/descr/drcr/sign) status='approved'
[2025-09-24 11:56:09] 🔎 row 373: ✅ accept → dt=2021-01-31 amt=400.00 sign=+1 curr=USD label=Redeem (type/gateway/descr/drcr/sign) status='approved'
[2025-09-24 11:56:10] 🔎 row 374: ✅ accept → dt=2021-01-31 amt=23.54 sign=+1 curr=USD label=Deposit (type/gateway/descr/drcr/sign) status='approved'
[2025-09-24 11:56:10] 🔎 row 375: ✅ accept → dt=2021-02-09 amt=35.26 sign=+1 curr=USD label=Deposit (type/gateway/descr/drcr/sign) status='approved'
[2025-09-24 11:56:10] 🔎 row 376: ✅ accept → dt=2021-02-09 amt=70.52 sign=+1 curr=USD label=Deposit (type/gateway/descr/drcr/sign) status='approved'
[2025-09-24 11:56:10] 🔎 row 377: ✅ accept → dt=2021-02-09 amt=141.07 sign=+1 curr=USD label=Deposit (type/gateway/descr/drcr/sign) status='approved'
[2025-09-24 11:56:10] 🔎 row 378: ✅ accept → dt=2021-02-10 amt=276.00 sign=+1 curr=USD label=Redeem (type/gateway/descr/drcr/sign) status='approved'
[2025-09-24 11:56:10] 🔎 row 379: ✅ accept → dt=2021-02-11 amt=70.58 sign=+1 curr=USD label=Deposit (type/gateway/descr/drcr/sign) status='approved'
[2025-09-24 11:56:10] 🔎 row 380: ✅ accept → dt=2021-02-11 amt=70.58 sign=+1 curr=USD label=Deposit (type/gateway/descr/drcr/sign) status='approved'
[2025-09-24 11:56:10] 🔎 row 381: ✅ accept → dt=2021-02-11 amt=70.60 sign=+1 curr=USD label=Deposit (type/gateway/descr/drcr/sign) status='approved'
[2025-09-24 11:56:10] 🔎 row 382: ✅ accept → dt=2021-02-11 amt=117.63 sign=+1 curr=USD label=Deposit (type/gateway/descr/drcr/sign) status='approved'
[2025-09-24 11:56:10] 🔎 row 383: ✅ accept → dt=2021-02-11 amt=17.65 sign=+1 curr=USD label=Deposit (type/gateway/descr/drcr/sign) status='approved'
[2025-09-24 11:56:10] 🔎 row 384: ✅ accept → dt=2021-02-13 amt=70.53 sign=+1 curr=USD label=Deposit (type/gateway/descr/drcr/sign) status='approved'
[2025-09-24 11:56:10] 🔎 row 385: ✅ accept → dt=2021-02-13 amt=70.53 sign=+1 curr=USD label=Deposit (type/gateway/descr/drcr/sign) status='approved'
[2025-09-24 11:56:10] 🔎 row 386: ✅ accept → dt=2021-02-13 amt=70.54 sign=+1 curr=USD label=Deposit (type/gateway/descr/drcr/sign) status='approved'
[2025-09-24 11:56:10] 🔎 row 387: ✅ accept → dt=2021-02-13 amt=141.08 sign=+1 curr=USD label=Deposit (type/gateway/descr/drcr/sign) status='approved'
[2025-09-24 11:56:10] 🔎 row 388: ✅ accept → dt=2021-02-13 amt=117.57 sign=+1 curr=USD label=Deposit (type/gateway/descr/drcr/sign) status='approved'
[2025-09-24 11:56:10] 🔎 row 389: ✅ accept → dt=2021-02-14 amt=141.08 sign=+1 curr=USD label=Deposit (type/gateway/descr/drcr/sign) status='approved'
[2025-09-24 11:56:10] 🔎 row 390: ✅ accept → dt=2021-02-14 amt=141.08 sign=+1 curr=USD label=Deposit (type/gateway/descr/drcr/sign) status='approved'
[2025-09-24 11:56:10] 🔎 row 391: ✅ accept → dt=2021-02-14 amt=141.08 sign=+1 curr=USD label=Deposit (type/gateway/descr/drcr/sign) status='approved'
[2025-09-24 11:56:10] 🔎 row 392: ✅ accept → dt=2021-02-18 amt=100.00 sign=+1 curr=USD label=Redeem (type/gateway/descr/drcr/sign) status='approved'
[2025-09-24 11:56:10] 🔎 row 393: ✅ accept → dt=2021-02-20 amt=70.53 sign=+1 curr=USD label=Deposit (type/gateway/descr/drcr/sign) status='approved'
[2025-09-24 11:56:10] 🔎 row 394: ✅ accept → dt=2021-02-20 amt=164.58 sign=+1 curr=USD label=Deposit (type/gateway/descr/drcr/sign) status='approved'
[2025-09-24 11:56:10] 🔎 row 395: ✅ accept → dt=2021-02-20 amt=117.55 sign=+1 curr=USD label=Deposit (type/gateway/descr/drcr/sign) status='approved'
[2025-09-24 11:56:10] 🔎 row 396: ✅ accept → dt=2021-02-20 amt=235.09 sign=+1 curr=USD label=Deposit (type/gateway/descr/drcr/sign) status='approved'
[2025-09-24 11:56:10] 🔎 row 397: ✅ accept → dt=2021-02-20 amt=141.06 sign=+1 curr=USD label=Deposit (type/gateway/descr/drcr/sign) status='approved'
[2025-09-24 11:56:10] 🔎 row 398: ✅ accept → dt=2021-02-20 amt=70.52 sign=+1 curr=USD label=Deposit (type/gateway/descr/drcr/sign) status='approved'
[2025-09-24 11:56:10] 🔎 row 399: ✅ accept → dt=2021-02-20 amt=141.04 sign=+1 curr=USD label=Deposit (type/gateway/descr/drcr/sign) status='approved'
[2025-09-24 11:56:10] 🔎 row 400: ✅ accept → dt=2021-02-21 amt=58.77 sign=+1 curr=USD label=Deposit (type/gateway/descr/drcr/sign) status='approved'
[2025-09-24 11:56:10] 🔎 row 401: ✅ accept → dt=2021-02-25 amt=35.59 sign=+1 curr=USD label=Deposit (type/gateway/descr/drcr/sign) status='approved'
[2025-09-24 11:56:10] 🔎 row 402: ✅ accept → dt=2021-02-25 amt=71.16 sign=+1 curr=USD label=Deposit (type/gateway/descr/drcr/sign) status='approved'
[2025-09-24 11:56:10] 🔎 row 403: ✅ accept → dt=2021-02-25 amt=142.16 sign=+1 curr=USD label=Deposit (type/gateway/descr/drcr/sign) status='approved'
[2025-09-24 11:56:10] 🔎 row 404: ✅ accept → dt=2021-02-25 amt=106.44 sign=+1 curr=USD label=Deposit (type/gateway/descr/drcr/sign) status='approved'
[2025-09-24 11:56:10] 🔎 row 405: ✅ accept → dt=2021-02-25 amt=236.52 sign=+1 curr=USD label=Deposit (type/gateway/descr/drcr/sign) status='approved'
[2025-09-24 11:56:10] 🔎 row 406: ✅ accept → dt=2021-02-25 amt=141.66 sign=+1 curr=USD label=Deposit (type/gateway/descr/drcr/sign) status='approved'
[2025-09-24 11:56:10] 🔎 row 407: ✅ accept → dt=2021-02-26 amt=450.00 sign=+1 curr=USD label=Redeem (type/gateway/descr/drcr/sign) status='approved'
[2025-09-24 11:56:10] 🔎 row 408: ✅ accept → dt=2021-02-25 amt=70.83 sign=+1 curr=USD label=Deposit (type/gateway/descr/drcr/sign) status='approved'
[2025-09-24 11:56:10] 🔎 row 409: ✅ accept → dt=2021-02-25 amt=141.66 sign=+1 curr=USD label=Deposit (type/gateway/descr/drcr/sign) status='approved'
[2025-09-24 11:56:10] 🔎 row 410: ✅ accept → dt=2021-02-25 amt=47.22 sign=+1 curr=USD label=Deposit (type/gateway/descr/drcr/sign) status='approved'
[2025-09-24 11:56:10] 🔎 row 411: ✅ accept → dt=2021-02-27 amt=58.55 sign=+1 curr=USD label=Deposit (type/gateway/descr/drcr/sign) status='approved'
[2025-09-24 11:56:10] 🔎 row 412: ✅ accept → dt=2021-02-27 amt=58.55 sign=+1 curr=USD label=Deposit (type/gateway/descr/drcr/sign) status='approved'
[2025-09-24 11:56:10] 🔎 row 413: ✅ accept → dt=2021-02-27 amt=23.42 sign=+1 curr=USD label=Deposit (type/gateway/descr/drcr/sign) status='approved'
[2025-09-24 11:56:10] 🔎 row 414: ✅ accept → dt=2021-03-02 amt=70.28 sign=+1 curr=USD label=Deposit (type/gateway/descr/drcr/sign) status='approved'
[2025-09-24 11:56:10] 🔎 row 415: ✅ accept → dt=2021-03-02 amt=70.34 sign=+1 curr=USD label=Deposit (type/gateway/descr/drcr/sign) status='approved'
[2025-09-24 11:56:10] 🔎 row 416: ✅ accept → dt=2021-03-02 amt=140.68 sign=+1 curr=USD label=Deposit (type/gateway/descr/drcr/sign) status='approved'
[2025-09-24 11:56:10] 🔎 row 417: ✅ accept → dt=2021-03-02 amt=58.61 sign=+1 curr=USD label=Deposit (type/gateway/descr/drcr/sign) status='approved'
[2025-09-24 11:56:10] 🔎 row 418: ✅ accept → dt=2021-03-02 amt=35.17 sign=+1 curr=USD label=Deposit (type/gateway/descr/drcr/sign) status='approved'
[2025-09-24 11:56:10] 🔎 row 419: ✅ accept → dt=2021-03-11 amt=150.86 sign=+1 curr=USD label=Redeem (type/gateway/descr/drcr/sign) status='approved'
[2025-09-24 11:56:10] 🔎 row 420: ✅ accept → dt=2021-03-12 amt=69.57 sign=+1 curr=USD label=Deposit (type/gateway/descr/drcr/sign) status='approved'
[2025-09-24 11:56:10] 🔎 row 421: ✅ accept → dt=2021-03-12 amt=46.39 sign=+1 curr=USD label=Deposit (type/gateway/descr/drcr/sign) status='approved'
[2025-09-24 11:56:10] 🔎 row 422: ✅ accept → dt=2021-03-12 amt=115.98 sign=+1 curr=USD label=Deposit (type/gateway/descr/drcr/sign) status='approved'
[2025-09-24 11:56:10] 🔎 row 423: ✅ accept → dt=2021-03-12 amt=17.38 sign=+1 curr=USD label=Deposit (type/gateway/descr/drcr/sign) status='approved'
[2025-09-24 11:56:10] 🔎 row 424: ✅ accept → dt=2021-03-14 amt=69.56 sign=+1 curr=USD label=Deposit (type/gateway/descr/drcr/sign) status='approved'
[2025-09-24 11:56:10] 🔎 row 425: ✅ accept → dt=2021-03-14 amt=69.56 sign=+1 curr=USD label=Deposit (type/gateway/descr/drcr/sign) status='approved'
[2025-09-24 11:56:10] 🔎 row 426: ✅ accept → dt=2021-03-14 amt=92.75 sign=+1 curr=USD label=Deposit (type/gateway/descr/drcr/sign) status='approved'
[2025-09-24 11:56:10] 🔎 row 427: ✅ accept → dt=2021-03-14 amt=115.94 sign=+1 curr=USD label=Deposit (type/gateway/descr/drcr/sign) status='approved'
[2025-09-24 11:56:10] 🔎 row 428: ✅ accept → dt=2021-03-21 amt=34.76 sign=+1 curr=USD label=Deposit (type/gateway/descr/drcr/sign) status='approved'
[2025-09-24 11:56:10] 🔎 row 429: ✅ accept → dt=2021-03-21 amt=34.76 sign=+1 curr=USD label=Deposit (type/gateway/descr/drcr/sign) status='approved'
[2025-09-24 11:56:10] 🔎 row 430: ✅ accept → dt=2021-03-21 amt=69.53 sign=+1 curr=USD label=Deposit (type/gateway/descr/drcr/sign) status='approved'
[2025-09-24 11:56:10] 🔎 row 431: ✅ accept → dt=2021-03-21 amt=92.70 sign=+1 curr=USD label=Deposit (type/gateway/descr/drcr/sign) status='approved'
[2025-09-24 11:56:10] 🔎 row 432: ✅ accept → dt=2021-03-21 amt=500.00 sign=+1 curr=USD label=Redeem (type/gateway/descr/drcr/sign) status='approved'
[2025-09-24 11:56:10] 🔎 row 433: ✅ accept → dt=2021-03-21 amt=34.57 sign=+1 curr=USD label=Deposit (type/gateway/descr/drcr/sign) status='approved'
[2025-09-24 11:56:10] 🔎 row 434: ✅ accept → dt=2021-03-22 amt=34.74 sign=+1 curr=USD label=Deposit (type/gateway/descr/drcr/sign) status='approved'
[2025-09-24 11:56:10] 🔎 row 435: ✅ accept → dt=2021-03-22 amt=46.33 sign=+1 curr=USD label=Deposit (type/gateway/descr/drcr/sign) status='approved'
[2025-09-24 11:56:10] 🔎 row 436: ✅ accept → dt=2021-03-22 amt=57.91 sign=+1 curr=USD label=Deposit (type/gateway/descr/drcr/sign) status='approved'
[2025-09-24 11:56:10] 🔎 row 437: ✅ accept → dt=2021-03-26 amt=57.17 sign=+1 curr=USD label=Deposit (type/gateway/descr/drcr/sign) status='approved'
[2025-09-24 11:56:10] 🔎 row 438: ✅ accept → dt=2021-03-26 amt=57.20 sign=+1 curr=USD label=Deposit (type/gateway/descr/drcr/sign) status='approved'
[2025-09-24 11:56:10] 🔎 row 439: ✅ accept → dt=2021-03-26 amt=137.33 sign=+1 curr=USD label=Deposit (type/gateway/descr/drcr/sign) status='approved'
[2025-09-24 11:56:10] 🔎 row 440: ✅ accept → dt=2021-03-26 amt=91.52 sign=+1 curr=USD label=Deposit (type/gateway/descr/drcr/sign) status='approved'
[2025-09-24 11:56:10] 🔎 row 441: ✅ accept → dt=2021-03-26 amt=114.58 sign=+1 curr=USD label=Deposit (type/gateway/descr/drcr/sign) status='approved'
[2025-09-24 11:56:10] 🔎 row 442: ✅ accept → dt=2021-03-26 amt=114.56 sign=+1 curr=USD label=Deposit (type/gateway/descr/drcr/sign) status='approved'
[2025-09-24 11:56:10] 🔎 row 443: ✅ accept → dt=2021-03-26 amt=229.23 sign=+1 curr=USD label=Deposit (type/gateway/descr/drcr/sign) status='approved'
[2025-09-24 11:56:10] 🔎 row 444: ✅ accept → dt=2021-03-27 amt=68.64 sign=+1 curr=USD label=Deposit (type/gateway/descr/drcr/sign) status='approved'
[2025-09-24 11:56:10] 🔎 row 445: ✅ accept → dt=2021-03-31 amt=68.28 sign=+1 curr=USD label=Deposit (type/gateway/descr/drcr/sign) status='approved'
[2025-09-24 11:56:10] 🔎 row 446: ✅ accept → dt=2021-03-31 amt=68.35 sign=+1 curr=USD label=Deposit (type/gateway/descr/drcr/sign) status='approved'
[2025-09-24 11:56:10] 🔎 row 447: ✅ accept → dt=2021-03-31 amt=91.14 sign=+1 curr=USD label=Deposit (type/gateway/descr/drcr/sign) status='approved'
[2025-09-24 11:56:10] 🔎 row 448: ✅ accept → dt=2021-03-31 amt=68.35 sign=+1 curr=USD label=Deposit (type/gateway/descr/drcr/sign) status='approved'
[2025-09-24 11:56:10] 🔎 row 449: ✅ accept → dt=2021-04-02 amt=68.45 sign=+1 curr=USD label=Deposit (type/gateway/descr/drcr/sign) status='approved'
[2025-09-24 11:56:10] 🔎 row 450: ✅ accept → dt=2021-04-02 amt=68.45 sign=+1 curr=USD label=Deposit (type/gateway/descr/drcr/sign) status='approved'
[2025-09-24 11:56:10] 🔎 row 451: ✅ accept → dt=2021-04-04 amt=34.22 sign=+1 curr=USD label=Deposit (type/gateway/descr/drcr/sign) status='approved'
[2025-09-24 11:56:10] 🔎 row 452: ✅ accept → dt=2021-04-04 amt=68.44 sign=+1 curr=USD label=Deposit (type/gateway/descr/drcr/sign) status='approved'
[2025-09-24 11:56:10] 🔎 row 453: ✅ accept → dt=2021-04-04 amt=68.44 sign=+1 curr=USD label=Deposit (type/gateway/descr/drcr/sign) status='approved'
[2025-09-24 11:56:10] 🔎 row 454: ✅ accept → dt=2021-04-05 amt=200.00 sign=+1 curr=USD label=Redeem (type/gateway/descr/drcr/sign) status='approved'
[2025-09-24 11:56:10] 🔎 row 455: ✅ accept → dt=2021-04-05 amt=68.77 sign=+1 curr=USD label=Deposit (type/gateway/descr/drcr/sign) status='approved'
[2025-09-24 11:56:10] 🔎 row 456: ✅ accept → dt=2021-04-05 amt=68.74 sign=+1 curr=USD label=Deposit (type/gateway/descr/drcr/sign) status='approved'
[2025-09-24 11:56:10] 🔎 row 457: ✅ accept → dt=2021-04-05 amt=137.48 sign=+1 curr=USD label=Deposit (type/gateway/descr/drcr/sign) status='approved'
[2025-09-24 11:56:10] 🔎 row 458: ✅ accept → dt=2021-04-07 amt=350.00 sign=+1 curr=USD label=Redeem (type/gateway/descr/drcr/sign) status='approved'
[2025-09-24 11:56:10] 🔎 row 459: ✅ accept → dt=2021-04-06 amt=34.55 sign=+1 curr=USD label=Deposit (type/gateway/descr/drcr/sign) status='approved'
[2025-09-24 11:56:10] 🔎 row 460: ✅ accept → dt=2021-04-06 amt=80.63 sign=+1 curr=USD label=Deposit (type/gateway/descr/drcr/sign) status='approved'
[2025-09-24 11:56:10] 🔎 row 461: ✅ accept → dt=2021-04-07 amt=69.10 sign=+1 curr=USD label=Deposit (type/gateway/descr/drcr/sign) status='approved'
[2025-09-24 11:56:10] 🔎 row 462: ✅ accept → dt=2021-04-09 amt=34.61 sign=+1 curr=USD label=Deposit (type/gateway/descr/drcr/sign) status='approved'
[2025-09-24 11:56:10] 🔎 row 463: ✅ accept → dt=2021-04-09 amt=69.30 sign=+1 curr=USD label=Deposit (type/gateway/descr/drcr/sign) status='approved'
[2025-09-24 11:56:10] 🔎 row 464: ✅ accept → dt=2021-04-10 amt=138.52 sign=+1 curr=USD label=Deposit (type/gateway/descr/drcr/sign) status='approved'
[2025-09-24 11:56:10] 🔎 row 465: ✅ accept → dt=2021-04-10 amt=219.33 sign=+1 curr=USD label=Deposit (type/gateway/descr/drcr/sign) status='approved'
[2025-09-24 11:56:10] 🔎 row 466: ✅ accept → dt=2021-04-10 amt=230.87 sign=+1 curr=USD label=Deposit (type/gateway/descr/drcr/sign) status='approved'
[2025-09-24 11:56:10] 🔎 row 467: ✅ accept → dt=2021-04-10 amt=230.91 sign=+1 curr=USD label=Deposit (type/gateway/descr/drcr/sign) status='approved'
[2025-09-24 11:56:10] 🔎 row 468: ✅ accept → dt=2021-04-11 amt=550.00 sign=+1 curr=EUR label=Redeem (type/gateway/descr/drcr/sign) status='approved'
[2025-09-24 11:56:10] 🔎 row 469: ✅ accept → dt=2021-04-12 amt=34.67 sign=+1 curr=USD label=Deposit (type/gateway/descr/drcr/sign) status='approved'
[2025-09-24 11:56:10] 🔎 row 470: ✅ accept → dt=2021-04-12 amt=69.26 sign=+1 curr=USD label=Deposit (type/gateway/descr/drcr/sign) status='approved'
[2025-09-24 11:56:10] 🔎 row 471: ✅ accept → dt=2021-04-14 amt=112.66 sign=+1 curr=EUR label=Redeem (type/gateway/descr/drcr/sign) status='approved'
[2025-09-24 11:56:10] 🔎 row 472: ✅ accept → dt=2021-04-17 amt=34.86 sign=+1 curr=USD label=Deposit (type/gateway/descr/drcr/sign) status='approved'
[2025-09-24 11:56:10] 🔎 row 473: ✅ accept → dt=2021-04-17 amt=81.35 sign=+1 curr=USD label=Deposit (type/gateway/descr/drcr/sign) status='approved'
[2025-09-24 11:56:10] 🔎 row 474: ✅ accept → dt=2021-04-17 amt=139.47 sign=+1 curr=USD label=Deposit (type/gateway/descr/drcr/sign) status='approved'
[2025-09-24 11:56:10] 🔎 row 475: ✅ accept → dt=2021-04-17 amt=92.98 sign=+1 curr=USD label=Deposit (type/gateway/descr/drcr/sign) status='approved'
[2025-09-24 11:56:10] 🔎 row 476: ✅ accept → dt=2021-04-18 amt=250.00 sign=+1 curr=EUR label=Redeem (type/gateway/descr/drcr/sign) status='approved'
[2025-09-24 11:56:10] 🔎 row 477: ✅ accept → dt=2021-04-18 amt=69.74 sign=+1 curr=USD label=Deposit (type/gateway/descr/drcr/sign) status='approved'
[2025-09-24 11:56:10] 🔎 row 478: ✅ accept → dt=2021-04-19 amt=70.02 sign=+1 curr=USD label=Deposit (type/gateway/descr/drcr/sign) status='approved'
[2025-09-24 11:56:10] 🔎 row 479: ✅ accept → dt=2021-04-19 amt=93.36 sign=+1 curr=USD label=Deposit (type/gateway/descr/drcr/sign) status='approved'
[2025-09-24 11:56:10] 🔎 row 480: ✅ accept → dt=2021-04-19 amt=46.68 sign=+1 curr=USD label=Deposit (type/gateway/descr/drcr/sign) status='approved'
[2025-09-24 11:56:10] 🔎 row 481: ✅ accept → dt=2021-04-25 amt=35.20 sign=+1 curr=USD label=Deposit (type/gateway/descr/drcr/sign) status='approved'
[2025-09-24 11:56:10] 🔎 row 482: ✅ accept → dt=2021-04-25 amt=70.40 sign=+1 curr=USD label=Deposit (type/gateway/descr/drcr/sign) status='approved'
[2025-09-24 11:56:10] 🔎 row 483: ✅ accept → dt=2021-04-25 amt=70.40 sign=+1 curr=USD label=Deposit (type/gateway/descr/drcr/sign) status='approved'
[2025-09-24 11:56:10] 🔎 row 484: ✅ accept → dt=2021-04-25 amt=58.67 sign=+1 curr=USD label=Deposit (type/gateway/descr/drcr/sign) status='approved'
[2025-09-24 11:56:10] 🔎 row 485: ✅ accept → dt=2021-04-25 amt=117.34 sign=+1 curr=USD label=Deposit (type/gateway/descr/drcr/sign) status='approved'
[2025-09-24 11:56:10] 🔎 row 486: ✅ accept → dt=2021-04-25 amt=93.87 sign=+1 curr=USD label=Deposit (type/gateway/descr/drcr/sign) status='approved'
[2025-09-24 11:56:10] 🔎 row 487: ✅ accept → dt=2021-04-27 amt=70.35 sign=+1 curr=USD label=Deposit (type/gateway/descr/drcr/sign) status='approved'
[2025-09-24 11:56:10] 🔎 row 488: ✅ accept → dt=2021-04-27 amt=46.87 sign=+1 curr=USD label=Deposit (type/gateway/descr/drcr/sign) status='approved'
[2025-09-24 11:56:10] 🔎 row 489: ✅ accept → dt=2021-04-27 amt=117.12 sign=+1 curr=USD label=Deposit (type/gateway/descr/drcr/sign) status='approved'
[2025-09-24 11:56:10] 🔎 row 490: ✅ accept → dt=2021-04-27 amt=140.65 sign=+1 curr=USD label=Deposit (type/gateway/descr/drcr/sign) status='approved'
[2025-09-24 11:56:10] 🔎 row 491: ✅ accept → dt=2021-04-27 amt=93.77 sign=+1 curr=USD label=Deposit (type/gateway/descr/drcr/sign) status='approved'
[2025-09-24 11:56:10] 🔎 row 492: ✅ accept → dt=2021-04-27 amt=140.63 sign=+1 curr=USD label=Deposit (type/gateway/descr/drcr/sign) status='approved'
[2025-09-24 11:56:10] 🔎 row 493: ✅ accept → dt=2021-05-05 amt=150.00 sign=+1 curr=EUR label=Redeem (type/gateway/descr/drcr/sign) status='approved'
[2025-09-24 11:56:10] 🔎 row 494: ✅ accept → dt=2021-05-18 amt=35.54 sign=+1 curr=USD label=Deposit (type/gateway/descr/drcr/sign) status='approved'
[2025-09-24 11:56:10] 🔎 row 495: ✅ accept → dt=2021-05-18 amt=82.94 sign=+1 curr=USD label=Deposit (type/gateway/descr/drcr/sign) status='approved'
[2025-09-24 11:56:10] 🔎 row 496: ✅ accept → dt=2021-05-18 amt=118.45 sign=+1 curr=USD label=Deposit (type/gateway/descr/drcr/sign) status='approved'
[2025-09-24 11:56:10] 🔎 row 497: ✅ accept → dt=2021-05-18 amt=59.22 sign=+1 curr=USD label=Deposit (type/gateway/descr/drcr/sign) status='approved'
[2025-09-24 11:56:10] 🔎 row 498: ✅ accept → dt=2021-05-18 amt=71.07 sign=+1 curr=USD label=Deposit (type/gateway/descr/drcr/sign) status='approved'
[2025-09-24 11:56:10] 🔎 row 499: ✅ accept → dt=2021-05-18 amt=106.67 sign=+1 curr=USD label=Deposit (type/gateway/descr/drcr/sign) status='approved'
[2025-09-24 11:56:10] 🔎 row 500: ✅ accept → dt=2021-05-18 amt=142.08 sign=+1 curr=USD label=Deposit (type/gateway/descr/drcr/sign) status='approved'
[2025-09-24 11:56:10] 🔎 row 501: ✅ accept → dt=2021-05-19 amt=370.00 sign=+1 curr=EUR label=Redeem (type/gateway/descr/drcr/sign) status='approved'
[2025-09-24 11:56:10] 🔎 row 502: ✅ accept → dt=2021-05-29 amt=70.95 sign=+1 curr=USD label=Deposit (type/gateway/descr/drcr/sign) status='approved'
[2025-09-24 11:56:10] 🔎 row 503: ✅ accept → dt=2021-05-29 amt=47.29 sign=+1 curr=USD label=Deposit (type/gateway/descr/drcr/sign) status='approved'
[2025-09-24 11:56:10] 🔎 row 504: ✅ accept → dt=2021-05-29 amt=118.24 sign=+1 curr=USD label=Deposit (type/gateway/descr/drcr/sign) status='approved'
[2025-09-24 11:56:10] 🔎 row 505: ✅ accept → dt=2021-05-29 amt=118.24 sign=+1 curr=USD label=Deposit (type/gateway/descr/drcr/sign) status='approved'
[2025-09-24 11:56:10] 🔎 row 506: ✅ accept → dt=2021-05-29 amt=118.24 sign=+1 curr=USD label=Deposit (type/gateway/descr/drcr/sign) status='approved'
[2025-09-24 11:56:10] 🔎 row 507: ✅ accept → dt=2021-05-29 amt=118.24 sign=+1 curr=USD label=Deposit (type/gateway/descr/drcr/sign) status='approved'
[2025-09-24 11:56:10] 🔎 row 508: ✅ accept → dt=2021-06-29 amt=34.63 sign=+1 curr=USD label=Deposit (type/gateway/descr/drcr/sign) status='approved'
[2025-09-24 11:56:10] 🔎 row 509: ✅ accept → dt=2021-06-29 amt=23.08 sign=+1 curr=USD label=Deposit (type/gateway/descr/drcr/sign) status='approved'
[2025-09-24 11:56:10] 🔎 row 510: ✅ accept → dt=2021-07-15 amt=34.46 sign=+1 curr=USD label=Deposit (type/gateway/descr/drcr/sign) status='approved'
[2025-09-24 11:56:10] 🔎 row 511: ✅ accept → dt=2021-07-15 amt=22.95 sign=+1 curr=USD label=Deposit (type/gateway/descr/drcr/sign) status='approved'
[2025-09-24 11:56:10] 🔎 row 512: ✅ accept → dt=2021-09-07 amt=68.98 sign=+1 curr=USD label=Deposit (type/gateway/descr/drcr/sign) status='approved'
[2025-09-24 11:56:10] 🔎 row 513: ✅ accept → dt=2021-09-07 amt=68.93 sign=+1 curr=USD label=Deposit (type/gateway/descr/drcr/sign) status='approved'
[2025-09-24 11:56:10] 🔎 row 514: ✅ accept → dt=2021-09-07 amt=91.90 sign=+1 curr=USD label=Deposit (type/gateway/descr/drcr/sign) status='approved'
[2025-09-24 11:56:10] 🔎 row 515: ✅ accept → dt=2021-09-07 amt=114.83 sign=+1 curr=USD label=Deposit (type/gateway/descr/drcr/sign) status='approved'
[2025-09-24 11:56:10] 🔎 row 516: ✅ accept → dt=2021-09-07 amt=114.85 sign=+1 curr=USD label=Deposit (type/gateway/descr/drcr/sign) status='approved'
[2025-09-24 11:56:10] 🔎 row 517: ✅ accept → dt=2021-09-07 amt=114.85 sign=+1 curr=USD label=Deposit (type/gateway/descr/drcr/sign) status='approved'
[2025-09-24 11:56:10] 🔎 row 518: ✅ accept → dt=2021-09-07 amt=114.85 sign=+1 curr=USD label=Deposit (type/gateway/descr/drcr/sign) status='approved'
[2025-09-24 11:56:10] 🔎 row 519: ✅ accept → dt=2022-01-31 amt=14.71 sign=+1 curr=USD label=Redeem (type/gateway/descr/drcr/sign) status='approved'
[2025-09-24 11:56:10] 🔎 recap: deposits=36989.11, cashouts=12186.98, net=24802.13
[2025-09-24 11:56:10] TA logic: Deposits = 36989.110000000015, Cashouts = 12186.98, Net = 24802.130000000016
[2025-09-24 11:56:10] ✅ Created Payment Summary with 464 rows.
[2025-09-24 11:56:10] ✅ Created styled Summary (Currency → Type → Year) with title row.
[2025-09-24 11:56:10] 🔁 ECB JSON 406 application/problem+json — {"type":"about:blank","title":"Not Acceptable","status":406,"detail":"Acceptable representations: [application/xml, text
[2025-09-24 11:56:11] 🌍 FX USD/EUR 2017-02-26…2017-12-14 via CSV: 206 pts, avg=1.140145
[2025-09-24 11:56:11] 🌍 FX USD→EUR 2017-02-26…2017-12-14: 1/( USD/EUR ) (mode CSV, 206 pts) => avg=0.877082
[2025-09-24 11:56:11] 🌍 FX USD→EUR 2017 (2017-02-26…2017-12-14) avg = 0.877082
[2025-09-24 11:56:11] 🔁 ECB JSON 406 application/problem+json — {"type":"about:blank","title":"Not Acceptable","status":406,"detail":"Acceptable representations: [application/xml, text
[2025-09-24 11:56:11] 🌍 FX USD/EUR 2018-07-29…2018-08-29 via CSV: 23 pts, avg=1.155230
[2025-09-24 11:56:11] 🌍 FX USD→EUR 2018-07-29…2018-08-29: 1/( USD/EUR ) (mode CSV, 23 pts) => avg=0.865628
[2025-09-24 11:56:11] 🌍 FX USD→EUR 2018 (2018-07-29…2018-08-29) avg = 0.865628
[2025-09-24 11:56:11] 🔁 ECB JSON 406 application/problem+json — {"type":"about:blank","title":"Not Acceptable","status":406,"detail":"Acceptable representations: [application/xml, text
[2025-09-24 11:56:11] 🌍 FX USD/EUR 2019-08-10…2019-12-19 via CSV: 94 pts, avg=1.105823
[2025-09-24 11:56:11] 🌍 FX USD→EUR 2019-08-10…2019-12-19: 1/( USD/EUR ) (mode CSV, 94 pts) => avg=0.904304
[2025-09-24 11:56:11] 🌍 FX USD→EUR 2019 (2019-08-10…2019-12-19) avg = 0.904304
[2025-09-24 11:56:12] 🔁 ECB JSON 406 application/problem+json — {"type":"about:blank","title":"Not Acceptable","status":406,"detail":"Acceptable representations: [application/xml, text
[2025-09-24 11:56:12] 🌍 FX USD/EUR 2020-01-01…2020-12-27 via CSV: 253 pts, avg=1.140875
[2025-09-24 11:56:12] 🌍 FX USD→EUR 2020-01-01…2020-12-27: 1/( USD/EUR ) (mode CSV, 253 pts) => avg=0.876520
[2025-09-24 11:56:12] 🌍 FX USD→EUR 2020 (2020-01-01…2020-12-27) avg = 0.876520
[2025-09-24 11:56:12] 🔁 ECB JSON 406 application/problem+json — {"type":"about:blank","title":"Not Acceptable","status":406,"detail":"Acceptable representations: [application/xml, text
[2025-09-24 11:56:12] 🌍 FX USD/EUR 2021-01-09…2021-09-07 via CSV: 170 pts, avg=1.197426
[2025-09-24 11:56:12] 🌍 FX USD→EUR 2021-01-09…2021-09-07: 1/( USD/EUR ) (mode CSV, 170 pts) => avg=0.835125
[2025-09-24 11:56:12] 🌍 FX USD→EUR 2021 (2021-01-09…2021-09-07) avg = 0.835125
[2025-09-24 11:56:12] 🔁 ECB JSON 406 application/problem+json — {"type":"about:blank","title":"Not Acceptable","status":406,"detail":"Acceptable representations: [application/xml, text
[2025-09-24 11:56:13] 🌍 FX USD/EUR 2022-01-31…2022-01-31 via CSV: 1 pts, avg=1.115600
[2025-09-24 11:56:13] 🌍 FX USD→EUR 2022-01-31…2022-01-31: 1/( USD/EUR ) (mode CSV, 1 pts) => avg=0.896379
[2025-09-24 11:56:13] 🌍 FX USD→EUR 2022 (2022-01-31…2022-01-31) avg = 0.896379
[2025-09-24 11:56:13] ✅ Created 'Payment Summary EUR' (459 USD rows converted).
[2025-09-24 11:56:13] ✅ Created 'Summary EUR' (pivot-style Currency → Type → Year).
[2025-09-24 11:56:13] ✅ Finished processing: TA_PS information request - foxman2000.xlsx
[2025-09-24 11:56:17] ↪️ No moves selected.
[2025-09-24 11:56:52] 💾 Saved: C:/Sharepoint/Golden-Tech GmbH/LeadDocuments - Casino Germany - Documents\2514 - Aiko Vegter, PokerStars\Checked_TA_PS information request - siddeburen (1).xlsx
[2025-09-24 11:56:53] 💾 Saved: C:/Sharepoint/Golden-Tech GmbH/LeadDocuments - Casino Germany - Documents\2514 - Aiko Vegter, PokerStars\Checked_TA_PS information request - siddeburenFR.xlsx
[2025-09-24 11:56:54] 💾 Saved: C:/Sharepoint/Golden-Tech GmbH/LeadDocuments - Casino Germany - Documents\42190 - Serkan Tas, PokerStars\Checked_TA_Pokerstars Serkan Tas.xlsx
[2025-09-24 11:56:54] 💾 Saved: C:/Sharepoint/Golden-Tech GmbH/LeadDocuments - Casino Germany - Documents\45110 - Reinier Van den Berg, PokerStars\Checked_TA_PS information request - foxman2000.xlsx
[2025-09-24 11:56:54] 💾 Saved: C:/Sharepoint/Golden-Tech GmbH/LeadDocuments - Casino Germany - Documents\2212 - Gerard Diepeveen, BWIN\Checked_TA_DSAR - gerarddovoa1 (bwin.com).xlsx
[2025-09-24 11:56:55] 💾 Saved: C:/Sharepoint/Golden-Tech GmbH/LeadDocuments - Casino Germany - Documents\6838 - Daniel van der Bent, BWIN\Checked_TA_DSAR - Daniel6674 (bwin.com).xlsx
[2025-09-24 11:56:55] 💾 Saved: C:/Sharepoint/Golden-Tech GmbH/LeadDocuments - Casino Germany - Documents\6838 - Daniel van der Bent, BWIN\Checked_TA_DSAR - danikarlkani88 (bwin.com).xlsx
[2025-09-24 11:56:55] 💾 Saved: C:/Sharepoint/Golden-Tech GmbH/LeadDocuments - Casino Germany - Documents\47788 - Moreno Hoepel, BWIN\Checked_TA_DSAR - iMoreno10 (bwin.com).xlsx
