[2025-08-21 16:25:03] ➕ Added 1 file(s).
[2025-08-21 16:25:04] 📄 Processing TA_DSAR - Bertje22 (bwin.com).xlsx in calculation Mode...
[2025-08-21 16:25:04] ❌ No recognizable amount/date columns (Unibet and generic fallbacks failed).
[2025-08-21 16:25:04] TA logic: Deposits = 0, Cashouts = 0, Net = 0
[2025-08-21 16:25:04] ✅ Created Payment Summary with 0 rows.
[2025-08-21 16:25:04] ✅ Created styled Summary (Currency → Type → Year) with title row.
[2025-08-21 16:25:04] ✅ Finished processing: TA_DSAR - Bertje22 (bwin.com).xlsx
[2025-08-21 16:25:18] ✔ Deposit sheets: ['Deposits']
[2025-08-21 16:25:18] ✔ Cashout sheets: ['Cashouts']
[2025-08-21 16:25:19] 📄 Processing TA_DSAR - Bertje22 (bwin.com).xlsx in calculation Mode...
[2025-08-21 16:25:19] ❌ No recognizable amount/date columns (Unibet and generic fallbacks failed).
[2025-08-21 16:25:19] TA logic: Deposits = 17445.0, Cashouts = 0, Net = 17445.0
[2025-08-21 16:25:19] ✅ Created Payment Summary with 150 rows.
[2025-08-21 16:25:19] ✅ Created styled Summary (Currency → Type → Year) with title row.
[2025-08-21 16:25:19] ✅ Finished processing: TA_DSAR - Bertje22 (bwin.com).xlsx
[2025-08-21 16:25:36] ✔ Deposit sheets: —
[2025-08-21 16:25:36] ✔ Cashout sheets: ['Cashouts']
[2025-08-21 16:25:38] 📄 Processing TA_DSAR - Bertje22 (bwin.com).xlsx in calculation Mode...
[2025-08-21 16:25:38] ❌ No recognizable amount/date columns (Unibet and generic fallbacks failed).
[2025-08-21 16:25:38] TA logic: Deposits = 0, Cashouts = 0, Net = 0
[2025-08-21 16:25:38] ✅ Created Payment Summary with 0 rows.
[2025-08-21 16:25:38] ✅ Created styled Summary (Currency → Type → Year) with title row.
[2025-08-21 16:25:38] ✅ Finished processing: TA_DSAR - Bertje22 (bwin.com).xlsx
[2025-08-21 16:25:41] ✔ Deposit sheets: ['Deposits']
[2025-08-21 16:25:41] ✔ Cashout sheets: ['Cashouts']
[2025-08-21 16:25:43] 📄 Processing TA_DSAR - Bertje22 (bwin.com).xlsx in calculation Mode...
[2025-08-21 16:25:43] ❌ No recognizable amount/date columns (Unibet and generic fallbacks failed).
[2025-08-21 16:25:43] TA logic: Deposits = 17445.0, Cashouts = 0, Net = 17445.0
[2025-08-21 16:25:43] ✅ Created Payment Summary with 150 rows.
[2025-08-21 16:25:43] ✅ Created styled Summary (Currency → Type → Year) with title row.
[2025-08-21 16:25:43] ✅ Finished processing: TA_DSAR - Bertje22 (bwin.com).xlsx
[2025-08-21 16:25:47] Cleared all files.
