[2025-09-25 10:59:06] ↪️ No moves selected.
[2025-09-25 10:59:17] Cleared all files.
[2025-09-25 10:59:52] 🔗 Auto-tagged from SharePoint: Deal 40148
[2025-09-25 10:59:52] ➕ Added 1 file(s).
[2025-09-25 10:59:54] 📄 Processing TA_Adnan Transaction History.xlsx (Deal 40148) in calculation Mode...
[2025-09-25 10:59:57] ✔ Deposit sheets: ['Deposit Transaction History']
[2025-09-25 10:59:57] ✔ Cashout sheets: ['Deposit Transaction History']
[2025-09-25 10:59:57] ℹ️ Same sheet in both lists → will parse once as combined: ['Deposit Transaction History']
[2025-09-25 10:59:57] ✅ Detected header row at Excel row 1: ['Transaction ID', 'User', 'Created', 'Updated', 'Payment Method', 'Status', 'Currency', 'Initial', 'Transaction Amount', 'Settled', 'Refunded', 'Merchant']
[2025-09-25 10:59:57] 🔎 Header row 1: ['Transaction ID', 'User', 'Created', 'Updated', 'Payment Method', 'Status', 'Currency', 'Initial', 'Transaction Amount', 'Settled', 'Refunded', 'Merchant']
[2025-09-25 10:59:57] 🧭 Columns: amount=8, currency=6, type=None, ref_date=2, conf_date=9, status=5, gateway=4, descr=None, drcr=None
[2025-09-25 10:59:57] 🔎 row 2: ✅ accept → dt=2019-07-09 amt=200.00 sign=+1 curr=EUR label=Deposit (type/gateway/descr/drcr/sign) status='dep_settled'
[2025-09-25 10:59:57] 🔎 row 3: ✅ accept → dt=2019-07-10 amt=15.00 sign=+1 curr=EUR label=Deposit (type/gateway/descr/drcr/sign) status='dep_settled'
[2025-09-25 10:59:57] 🔎 row 4: ✅ accept → dt=2019-07-11 amt=100.00 sign=+1 curr=EUR label=Deposit (type/gateway/descr/drcr/sign) status='dep_settled'
[2025-09-25 10:59:57] 🔎 row 5: ✅ accept → dt=2019-07-11 amt=100.00 sign=+1 curr=EUR label=Deposit (type/gateway/descr/drcr/sign) status='dep_settled'
[2025-09-25 10:59:57] 🔎 row 6: ✅ accept → dt=2019-07-11 amt=20.00 sign=+1 curr=EUR label=Deposit (type/gateway/descr/drcr/sign) status='dep_settled'
[2025-09-25 10:59:57] 🔎 row 7: ✅ accept → dt=2019-07-11 amt=50.00 sign=+1 curr=EUR label=Deposit (type/gateway/descr/drcr/sign) status='dep_settled'
[2025-09-25 10:59:57] 🔎 row 8: ✅ accept → dt=2019-07-12 amt=50.00 sign=+1 curr=EUR label=Deposit (type/gateway/descr/drcr/sign) status='dep_settled'
[2025-09-25 10:59:57] 🔎 row 9: ✅ accept → dt=2019-07-12 amt=50.00 sign=+1 curr=EUR label=Deposit (type/gateway/descr/drcr/sign) status='dep_settled'
[2025-09-25 10:59:57] 🔎 row 10: ✅ accept → dt=2019-07-12 amt=35.00 sign=+1 curr=EUR label=Deposit (type/gateway/descr/drcr/sign) status='dep_settled'
[2025-09-25 10:59:58] 🔎 row 11: ✅ accept → dt=2019-07-12 amt=50.00 sign=+1 curr=EUR label=Deposit (type/gateway/descr/drcr/sign) status='dep_settled'
[2025-09-25 10:59:58] 🔎 row 12: ✅ accept → dt=2019-07-12 amt=100.00 sign=+1 curr=EUR label=Deposit (type/gateway/descr/drcr/sign) status='dep_settled'
[2025-09-25 10:59:58] 🔎 row 13: ✅ accept → dt=2019-07-12 amt=50.00 sign=+1 curr=EUR label=Deposit (type/gateway/descr/drcr/sign) status='dep_settled'
[2025-09-25 10:59:58] 🔎 row 14: ✅ accept → dt=2019-07-12 amt=100.00 sign=+1 curr=EUR label=Deposit (type/gateway/descr/drcr/sign) status='dep_settled'
[2025-09-25 10:59:58] 🔎 row 15: ✅ accept → dt=2019-07-12 amt=100.00 sign=+1 curr=EUR label=Deposit (type/gateway/descr/drcr/sign) status='dep_settled'
[2025-09-25 10:59:58] 🔎 row 16: ✅ accept → dt=2019-07-12 amt=100.00 sign=+1 curr=EUR label=Deposit (type/gateway/descr/drcr/sign) status='dep_settled'
[2025-09-25 10:59:58] 🔎 row 17: ✅ accept → dt=2019-07-12 amt=100.00 sign=+1 curr=EUR label=Deposit (type/gateway/descr/drcr/sign) status='dep_settled'
[2025-09-25 10:59:58] 🔎 row 18: ✅ accept → dt=2019-07-12 amt=100.00 sign=+1 curr=EUR label=Deposit (type/gateway/descr/drcr/sign) status='dep_settled'
[2025-09-25 10:59:58] 🔎 row 19: ✅ accept → dt=2019-07-12 amt=100.00 sign=+1 curr=EUR label=Deposit (type/gateway/descr/drcr/sign) status='dep_settled'
[2025-09-25 10:59:58] 🔎 row 20: ✅ accept → dt=2019-07-12 amt=200.00 sign=+1 curr=EUR label=Deposit (type/gateway/descr/drcr/sign) status='dep_settled'
[2025-09-25 10:59:58] 🔎 row 21: ✅ accept → dt=2019-07-12 amt=200.00 sign=+1 curr=EUR label=Deposit (type/gateway/descr/drcr/sign) status='dep_settled'
[2025-09-25 10:59:58] 🔎 row 22: ✅ accept → dt=2019-07-12 amt=14.00 sign=+1 curr=EUR label=Deposit (type/gateway/descr/drcr/sign) status='dep_settled'
[2025-09-25 10:59:58] 🔎 row 23: ✅ accept → dt=2019-07-12 amt=100.00 sign=+1 curr=EUR label=Deposit (type/gateway/descr/drcr/sign) status='dep_settled'
[2025-09-25 10:59:58] 🔎 row 24: ✅ accept → dt=2019-07-14 amt=400.00 sign=+1 curr=EUR label=Deposit (type/gateway/descr/drcr/sign) status='dep_settled'
[2025-09-25 10:59:58] 🔎 row 25: ✅ accept → dt=2019-07-15 amt=100.00 sign=+1 curr=EUR label=Deposit (type/gateway/descr/drcr/sign) status='dep_settled'
[2025-09-25 10:59:58] 🔎 row 26: ✅ accept → dt=2019-07-15 amt=100.00 sign=+1 curr=EUR label=Deposit (type/gateway/descr/drcr/sign) status='dep_settled'
[2025-09-25 10:59:58] 🔎 row 27: ✅ accept → dt=2019-07-15 amt=200.00 sign=+1 curr=EUR label=Deposit (type/gateway/descr/drcr/sign) status='dep_settled'
[2025-09-25 10:59:58] 🔎 row 28: ✅ accept → dt=2019-07-15 amt=200.00 sign=+1 curr=EUR label=Deposit (type/gateway/descr/drcr/sign) status='dep_settled'
[2025-09-25 10:59:58] 🔎 row 29: ✅ accept → dt=2019-07-15 amt=200.00 sign=+1 curr=EUR label=Deposit (type/gateway/descr/drcr/sign) status='dep_settled'
[2025-09-25 10:59:58] 🔎 row 30: ✅ accept → dt=2019-07-16 amt=100.00 sign=+1 curr=EUR label=Deposit (type/gateway/descr/drcr/sign) status='dep_settled'
[2025-09-25 10:59:58] 🔎 row 31: ✅ accept → dt=2019-07-16 amt=200.00 sign=+1 curr=EUR label=Deposit (type/gateway/descr/drcr/sign) status='dep_settled'
[2025-09-25 10:59:58] 🔎 row 32: ✅ accept → dt=2019-07-16 amt=300.00 sign=+1 curr=EUR label=Deposit (type/gateway/descr/drcr/sign) status='dep_settled'
[2025-09-25 10:59:58] 🔎 row 33: ✅ accept → dt=2019-07-16 amt=100.00 sign=+1 curr=EUR label=Deposit (type/gateway/descr/drcr/sign) status='dep_settled'
[2025-09-25 10:59:58] 🔎 row 34: ✅ accept → dt=2019-07-16 amt=200.00 sign=+1 curr=EUR label=Deposit (type/gateway/descr/drcr/sign) status='dep_settled'
[2025-09-25 10:59:58] 🔎 row 35: ✅ accept → dt=2019-07-16 amt=200.00 sign=+1 curr=EUR label=Deposit (type/gateway/descr/drcr/sign) status='dep_settled'
[2025-09-25 10:59:58] 🔎 row 36: ✅ accept → dt=2019-07-16 amt=200.00 sign=+1 curr=EUR label=Deposit (type/gateway/descr/drcr/sign) status='dep_settled'
[2025-09-25 10:59:58] 🔎 row 37: ✅ accept → dt=2019-07-16 amt=200.00 sign=+1 curr=EUR label=Deposit (type/gateway/descr/drcr/sign) status='dep_settled'
[2025-09-25 10:59:58] 🔎 row 38: ✅ accept → dt=2019-07-17 amt=50.00 sign=+1 curr=EUR label=Deposit (type/gateway/descr/drcr/sign) status='dep_settled'
[2025-09-25 10:59:58] 🔎 row 39: ✅ accept → dt=2019-07-17 amt=50.00 sign=+1 curr=EUR label=Deposit (type/gateway/descr/drcr/sign) status='dep_settled'
[2025-09-25 10:59:58] 🔎 row 40: ✅ accept → dt=2019-07-18 amt=5.00 sign=+1 curr=EUR label=Deposit (type/gateway/descr/drcr/sign) status='dep_settled'
[2025-09-25 10:59:58] 🔎 row 41: ✅ accept → dt=2019-07-18 amt=500.00 sign=+1 curr=EUR label=Deposit (type/gateway/descr/drcr/sign) status='dep_settled'
[2025-09-25 10:59:58] 🔎 row 42: ✅ accept → dt=2019-07-18 amt=500.00 sign=+1 curr=EUR label=Deposit (type/gateway/descr/drcr/sign) status='dep_settled'
[2025-09-25 10:59:58] 🔎 row 43: ✅ accept → dt=2019-07-23 amt=100.00 sign=+1 curr=EUR label=Deposit (type/gateway/descr/drcr/sign) status='dep_settled'
[2025-09-25 10:59:58] 🔎 row 44: ✅ accept → dt=2019-07-23 amt=100.00 sign=+1 curr=EUR label=Deposit (type/gateway/descr/drcr/sign) status='dep_settled'
[2025-09-25 10:59:58] 🔎 row 45: ✅ accept → dt=2019-07-23 amt=75.00 sign=+1 curr=EUR label=Deposit (type/gateway/descr/drcr/sign) status='dep_settled'
[2025-09-25 10:59:58] 🔎 row 46: ✅ accept → dt=2019-07-23 amt=200.00 sign=+1 curr=EUR label=Deposit (type/gateway/descr/drcr/sign) status='dep_settled'
[2025-09-25 10:59:58] 🔎 row 47: ✅ accept → dt=2019-07-23 amt=250.00 sign=+1 curr=EUR label=Deposit (type/gateway/descr/drcr/sign) status='dep_settled'
[2025-09-25 10:59:58] 🔎 row 48: ✅ accept → dt=2019-07-23 amt=300.00 sign=+1 curr=EUR label=Deposit (type/gateway/descr/drcr/sign) status='dep_settled'
[2025-09-25 10:59:58] 🔎 row 49: ✅ accept → dt=2019-07-23 amt=200.00 sign=+1 curr=EUR label=Deposit (type/gateway/descr/drcr/sign) status='dep_settled'
[2025-09-25 10:59:58] 🔎 row 50: ✅ accept → dt=2019-07-23 amt=500.00 sign=+1 curr=EUR label=Deposit (type/gateway/descr/drcr/sign) status='dep_settled'
[2025-09-25 10:59:58] 🔎 row 51: ✅ accept → dt=2019-07-24 amt=10.00 sign=+1 curr=EUR label=Deposit (type/gateway/descr/drcr/sign) status='dep_settled'
[2025-09-25 10:59:58] 🔎 row 52: ✅ accept → dt=2019-07-24 amt=29.00 sign=+1 curr=EUR label=Deposit (type/gateway/descr/drcr/sign) status='dep_settled'
[2025-09-25 10:59:58] 🔎 row 53: ✅ accept → dt=2019-07-25 amt=50.00 sign=+1 curr=EUR label=Deposit (type/gateway/descr/drcr/sign) status='dep_settled'
[2025-09-25 10:59:58] 🔎 row 54: ✅ accept → dt=2019-07-26 amt=100.00 sign=+1 curr=EUR label=Deposit (type/gateway/descr/drcr/sign) status='dep_settled'
[2025-09-25 10:59:58] 🔎 row 55: ✅ accept → dt=2019-07-27 amt=50.00 sign=+1 curr=EUR label=Deposit (type/gateway/descr/drcr/sign) status='dep_settled'
[2025-09-25 10:59:58] 🔎 row 56: ✅ accept → dt=2019-08-01 amt=200.00 sign=+1 curr=EUR label=Deposit (type/gateway/descr/drcr/sign) status='dep_settled'
[2025-09-25 10:59:58] 🔎 row 57: ✅ accept → dt=2019-08-01 amt=400.00 sign=+1 curr=EUR label=Deposit (type/gateway/descr/drcr/sign) status='dep_settled'
[2025-09-25 10:59:58] 🔎 row 58: ✅ accept → dt=2019-08-01 amt=400.00 sign=+1 curr=EUR label=Deposit (type/gateway/descr/drcr/sign) status='dep_settled'
[2025-09-25 10:59:58] 🔎 row 59: ✅ accept → dt=2019-08-01 amt=600.00 sign=+1 curr=EUR label=Deposit (type/gateway/descr/drcr/sign) status='dep_settled'
[2025-09-25 10:59:58] 🔎 row 60: ✅ accept → dt=2019-08-01 amt=500.00 sign=+1 curr=EUR label=Deposit (type/gateway/descr/drcr/sign) status='dep_settled'
[2025-09-25 10:59:58] 🔎 row 61: ✅ accept → dt=2019-08-01 amt=500.00 sign=+1 curr=EUR label=Deposit (type/gateway/descr/drcr/sign) status='dep_settled'
[2025-09-25 10:59:58] 🔎 row 62: ✅ accept → dt=2019-08-01 amt=50.00 sign=+1 curr=EUR label=Deposit (type/gateway/descr/drcr/sign) status='dep_settled'
[2025-09-25 10:59:58] 🔎 row 63: ✅ accept → dt=2019-08-01 amt=100.00 sign=+1 curr=EUR label=Deposit (type/gateway/descr/drcr/sign) status='dep_settled'
[2025-09-25 10:59:58] 🔎 row 64: ✅ accept → dt=2019-08-01 amt=150.00 sign=+1 curr=EUR label=Deposit (type/gateway/descr/drcr/sign) status='dep_settled'
[2025-09-25 10:59:58] 🔎 row 65: ✅ accept → dt=2019-08-01 amt=200.00 sign=+1 curr=EUR label=Deposit (type/gateway/descr/drcr/sign) status='dep_settled'
[2025-09-25 10:59:58] 🔎 row 66: ✅ accept → dt=2019-08-01 amt=200.00 sign=+1 curr=EUR label=Deposit (type/gateway/descr/drcr/sign) status='dep_settled'
[2025-09-25 10:59:58] 🔎 row 67: ✅ accept → dt=2019-08-01 amt=400.00 sign=+1 curr=EUR label=Deposit (type/gateway/descr/drcr/sign) status='dep_settled'
[2025-09-25 10:59:58] 🔎 row 68: ✅ accept → dt=2019-08-01 amt=600.00 sign=+1 curr=EUR label=Deposit (type/gateway/descr/drcr/sign) status='dep_settled'
[2025-09-25 10:59:58] 🔎 row 69: ✅ accept → dt=2019-08-03 amt=5.00 sign=+1 curr=EUR label=Deposit (type/gateway/descr/drcr/sign) status='dep_settled'
[2025-09-25 10:59:58] 🔎 row 70: ✅ accept → dt=2019-08-05 amt=450.00 sign=+1 curr=EUR label=Deposit (type/gateway/descr/drcr/sign) status='dep_settled'
[2025-09-25 10:59:58] 🔎 row 71: ✅ accept → dt=2019-08-05 amt=50.00 sign=+1 curr=EUR label=Deposit (type/gateway/descr/drcr/sign) status='dep_settled'
[2025-09-25 10:59:58] 🔎 row 72: ✅ accept → dt=2019-08-05 amt=50.00 sign=+1 curr=EUR label=Deposit (type/gateway/descr/drcr/sign) status='dep_settled'
[2025-09-25 10:59:58] 🔎 row 73: ✅ accept → dt=2019-08-07 amt=200.00 sign=+1 curr=EUR label=Deposit (type/gateway/descr/drcr/sign) status='dep_settled'
[2025-09-25 10:59:58] 🔎 row 74: ✅ accept → dt=2019-08-07 amt=500.00 sign=+1 curr=EUR label=Deposit (type/gateway/descr/drcr/sign) status='dep_settled'
[2025-09-25 10:59:58] 🔎 row 75: ✅ accept → dt=2019-08-07 amt=500.00 sign=+1 curr=EUR label=Deposit (type/gateway/descr/drcr/sign) status='dep_settled'
[2025-09-25 10:59:58] 🔎 row 76: ✅ accept → dt=2019-08-07 amt=50.00 sign=+1 curr=EUR label=Deposit (type/gateway/descr/drcr/sign) status='dep_settled'
[2025-09-25 10:59:58] 🔎 row 77: ✅ accept → dt=2019-08-08 amt=50.00 sign=+1 curr=EUR label=Deposit (type/gateway/descr/drcr/sign) status='dep_settled'
[2025-09-25 10:59:58] 🔎 row 78: ✅ accept → dt=2019-08-08 amt=600.00 sign=+1 curr=EUR label=Deposit (type/gateway/descr/drcr/sign) status='dep_settled'
[2025-09-25 10:59:58] 🔎 row 79: ✅ accept → dt=2019-08-08 amt=150.00 sign=+1 curr=EUR label=Deposit (type/gateway/descr/drcr/sign) status='dep_settled'
[2025-09-25 10:59:58] 🔎 row 80: ✅ accept → dt=2019-08-08 amt=100.00 sign=+1 curr=EUR label=Deposit (type/gateway/descr/drcr/sign) status='dep_settled'
[2025-09-25 10:59:58] 🔎 row 81: ✅ accept → dt=2019-08-08 amt=100.00 sign=+1 curr=EUR label=Deposit (type/gateway/descr/drcr/sign) status='dep_settled'
[2025-09-25 10:59:58] 🔎 row 82: ✅ accept → dt=2019-08-08 amt=200.00 sign=+1 curr=EUR label=Deposit (type/gateway/descr/drcr/sign) status='dep_settled'
[2025-09-25 10:59:58] 🔎 row 83: ✅ accept → dt=2019-08-08 amt=200.00 sign=+1 curr=EUR label=Deposit (type/gateway/descr/drcr/sign) status='dep_settled'
[2025-09-25 10:59:58] 🔎 row 84: ✅ accept → dt=2019-08-08 amt=200.00 sign=+1 curr=EUR label=Deposit (type/gateway/descr/drcr/sign) status='dep_settled'
[2025-09-25 10:59:58] 🔎 row 85: ✅ accept → dt=2019-08-08 amt=250.00 sign=+1 curr=EUR label=Deposit (type/gateway/descr/drcr/sign) status='dep_settled'
[2025-09-25 10:59:58] 🔎 row 86: ✅ accept → dt=2019-08-08 amt=450.00 sign=+1 curr=EUR label=Deposit (type/gateway/descr/drcr/sign) status='dep_settled'
[2025-09-25 10:59:58] 🔎 row 87: ✅ accept → dt=2019-08-08 amt=500.00 sign=+1 curr=EUR label=Deposit (type/gateway/descr/drcr/sign) status='dep_settled'
[2025-09-25 10:59:58] 🔎 row 88: ✅ accept → dt=2019-08-08 amt=500.00 sign=+1 curr=EUR label=Deposit (type/gateway/descr/drcr/sign) status='dep_settled'
[2025-09-25 10:59:58] 🔎 row 89: ✅ accept → dt=2019-08-08 amt=500.00 sign=+1 curr=EUR label=Deposit (type/gateway/descr/drcr/sign) status='dep_settled'
[2025-09-25 10:59:58] 🔎 row 90: ✅ accept → dt=2019-08-08 amt=800.00 sign=+1 curr=EUR label=Deposit (type/gateway/descr/drcr/sign) status='dep_settled'
[2025-09-25 10:59:58] 🔎 row 91: ✅ accept → dt=2019-08-08 amt=500.00 sign=+1 curr=EUR label=Deposit (type/gateway/descr/drcr/sign) status='dep_settled'
[2025-09-25 10:59:58] 🔎 row 92: ✅ accept → dt=2019-08-08 amt=500.00 sign=+1 curr=EUR label=Deposit (type/gateway/descr/drcr/sign) status='dep_settled'
[2025-09-25 10:59:58] 🔎 row 93: ✅ accept → dt=2019-08-08 amt=500.00 sign=+1 curr=EUR label=Deposit (type/gateway/descr/drcr/sign) status='dep_settled'
[2025-09-25 10:59:58] 🔎 row 94: ✅ accept → dt=2019-08-08 amt=700.00 sign=+1 curr=EUR label=Deposit (type/gateway/descr/drcr/sign) status='dep_settled'
[2025-09-25 10:59:58] 🔎 row 95: ✅ accept → dt=2019-08-09 amt=7.00 sign=+1 curr=EUR label=Deposit (type/gateway/descr/drcr/sign) status='dep_settled'
[2025-09-25 10:59:58] 🔎 row 96: ✅ accept → dt=2019-08-13 amt=500.00 sign=+1 curr=EUR label=Deposit (type/gateway/descr/drcr/sign) status='dep_settled'
[2025-09-25 10:59:58] 🔎 row 97: ✅ accept → dt=2019-08-13 amt=1000.00 sign=+1 curr=EUR label=Deposit (type/gateway/descr/drcr/sign) status='dep_settled'
[2025-09-25 10:59:58] 🔎 row 98: ✅ accept → dt=2019-08-13 amt=1000.00 sign=+1 curr=EUR label=Deposit (type/gateway/descr/drcr/sign) status='dep_settled'
[2025-09-25 10:59:58] 🔎 row 99: ✅ accept → dt=2019-08-13 amt=1000.00 sign=+1 curr=EUR label=Deposit (type/gateway/descr/drcr/sign) status='dep_settled'
[2025-09-25 10:59:58] 🔎 row 100: ✅ accept → dt=2019-08-13 amt=1000.00 sign=+1 curr=EUR label=Deposit (type/gateway/descr/drcr/sign) status='dep_settled'
[2025-09-25 10:59:58] 🔎 row 101: ✅ accept → dt=2019-08-13 amt=2000.00 sign=+1 curr=EUR label=Deposit (type/gateway/descr/drcr/sign) status='dep_settled'
[2025-09-25 10:59:58] 🔎 row 102: ✅ accept → dt=2019-08-13 amt=1750.00 sign=+1 curr=EUR label=Deposit (type/gateway/descr/drcr/sign) status='dep_settled'
[2025-09-25 10:59:58] 🔎 row 103: ✅ accept → dt=2019-08-14 amt=500.00 sign=+1 curr=EUR label=Deposit (type/gateway/descr/drcr/sign) status='dep_settled'
[2025-09-25 10:59:58] 🔎 row 104: ✅ accept → dt=2019-08-14 amt=1000.00 sign=+1 curr=EUR label=Deposit (type/gateway/descr/drcr/sign) status='dep_settled'
[2025-09-25 10:59:58] 🔎 row 105: ✅ accept → dt=2019-08-14 amt=2000.00 sign=+1 curr=EUR label=Deposit (type/gateway/descr/drcr/sign) status='dep_settled'
[2025-09-25 10:59:58] 🔎 row 106: ✅ accept → dt=2019-08-14 amt=800.00 sign=+1 curr=EUR label=Deposit (type/gateway/descr/drcr/sign) status='dep_settled'
[2025-09-25 10:59:58] 🔎 row 107: ✅ accept → dt=2019-08-14 amt=500.00 sign=+1 curr=EUR label=Deposit (type/gateway/descr/drcr/sign) status='dep_settled'
[2025-09-25 10:59:58] 🔎 row 108: ✅ accept → dt=2019-08-14 amt=500.00 sign=+1 curr=EUR label=Deposit (type/gateway/descr/drcr/sign) status='dep_settled'
[2025-09-25 10:59:58] 🔎 row 109: ✅ accept → dt=2019-08-14 amt=2000.00 sign=+1 curr=EUR label=Deposit (type/gateway/descr/drcr/sign) status='dep_settled'
[2025-09-25 10:59:58] 🔎 row 110: ✅ accept → dt=2019-08-14 amt=2000.00 sign=+1 curr=EUR label=Deposit (type/gateway/descr/drcr/sign) status='dep_settled'
[2025-09-25 10:59:58] 🔎 row 111: ✅ accept → dt=2019-08-14 amt=500.00 sign=+1 curr=EUR label=Deposit (type/gateway/descr/drcr/sign) status='dep_settled'
[2025-09-25 10:59:58] 🔎 row 112: ✅ accept → dt=2019-08-14 amt=2500.00 sign=+1 curr=EUR label=Deposit (type/gateway/descr/drcr/sign) status='dep_settled'
[2025-09-25 10:59:58] 🔎 row 113: ✅ accept → dt=2019-08-14 amt=1000.00 sign=+1 curr=EUR label=Deposit (type/gateway/descr/drcr/sign) status='dep_settled'
[2025-09-25 10:59:58] 🔎 row 114: ✅ accept → dt=2019-08-14 amt=1000.00 sign=+1 curr=EUR label=Deposit (type/gateway/descr/drcr/sign) status='dep_settled'
[2025-09-25 10:59:58] 🔎 row 115: ✅ accept → dt=2019-08-14 amt=1000.00 sign=+1 curr=EUR label=Deposit (type/gateway/descr/drcr/sign) status='dep_settled'
[2025-09-25 10:59:58] 🔎 row 116: ✅ accept → dt=2019-08-14 amt=1000.00 sign=+1 curr=EUR label=Deposit (type/gateway/descr/drcr/sign) status='dep_settled'
[2025-09-25 10:59:58] 🔎 row 117: ✅ accept → dt=2019-08-15 amt=500.00 sign=+1 curr=EUR label=Deposit (type/gateway/descr/drcr/sign) status='dep_settled'
[2025-09-25 10:59:59] 🔎 row 118: ✅ accept → dt=2019-08-15 amt=500.00 sign=+1 curr=EUR label=Deposit (type/gateway/descr/drcr/sign) status='dep_settled'
[2025-09-25 10:59:59] 🔎 row 119: ✅ accept → dt=2019-08-16 amt=100.00 sign=+1 curr=EUR label=Deposit (type/gateway/descr/drcr/sign) status='dep_settled'
[2025-09-25 10:59:59] 🔎 row 120: ✅ accept → dt=2019-08-16 amt=100.00 sign=+1 curr=EUR label=Deposit (type/gateway/descr/drcr/sign) status='dep_settled'
[2025-09-25 10:59:59] 🔎 row 121: ✅ accept → dt=2019-08-16 amt=100.00 sign=+1 curr=EUR label=Deposit (type/gateway/descr/drcr/sign) status='dep_settled'
[2025-09-25 10:59:59] 🔎 row 122: ✅ accept → dt=2019-08-16 amt=150.00 sign=+1 curr=EUR label=Deposit (type/gateway/descr/drcr/sign) status='dep_settled'
[2025-09-25 10:59:59] 🔎 row 123: ✅ accept → dt=2019-08-16 amt=1000.00 sign=+1 curr=EUR label=Deposit (type/gateway/descr/drcr/sign) status='dep_settled'
[2025-09-25 10:59:59] 🔎 row 124: ✅ accept → dt=2019-08-17 amt=500.00 sign=+1 curr=EUR label=Deposit (type/gateway/descr/drcr/sign) status='dep_settled'
[2025-09-25 10:59:59] 🔎 row 125: ✅ accept → dt=2019-08-18 amt=500.00 sign=+1 curr=EUR label=Deposit (type/gateway/descr/drcr/sign) status='dep_settled'
[2025-09-25 10:59:59] 🔎 row 126: ✅ accept → dt=2019-08-18 amt=1000.00 sign=+1 curr=EUR label=Deposit (type/gateway/descr/drcr/sign) status='dep_settled'
[2025-09-25 10:59:59] 🔎 row 127: ✅ accept → dt=2019-08-18 amt=1500.00 sign=+1 curr=EUR label=Deposit (type/gateway/descr/drcr/sign) status='dep_settled'
[2025-09-25 10:59:59] 🔎 row 128: ✅ accept → dt=2019-08-18 amt=1500.00 sign=+1 curr=EUR label=Deposit (type/gateway/descr/drcr/sign) status='dep_settled'
[2025-09-25 10:59:59] 🔎 row 129: ✅ accept → dt=2019-08-18 amt=2500.00 sign=+1 curr=EUR label=Deposit (type/gateway/descr/drcr/sign) status='dep_settled'
[2025-09-25 10:59:59] 🔎 row 130: ✅ accept → dt=2019-08-18 amt=1000.00 sign=+1 curr=EUR label=Deposit (type/gateway/descr/drcr/sign) status='dep_settled'
[2025-09-25 10:59:59] 🔎 row 131: ✅ accept → dt=2019-08-18 amt=50.00 sign=+1 curr=EUR label=Deposit (type/gateway/descr/drcr/sign) status='dep_settled'
[2025-09-25 10:59:59] 🔎 row 132: ✅ accept → dt=2019-08-19 amt=1000.00 sign=+1 curr=EUR label=Deposit (type/gateway/descr/drcr/sign) status='dep_settled'
[2025-09-25 10:59:59] 🔎 row 133: ✅ accept → dt=2019-08-19 amt=1000.00 sign=+1 curr=EUR label=Deposit (type/gateway/descr/drcr/sign) status='dep_settled'
[2025-09-25 10:59:59] 🔎 row 134: ✅ accept → dt=2019-08-19 amt=1000.00 sign=+1 curr=EUR label=Deposit (type/gateway/descr/drcr/sign) status='dep_settled'
[2025-09-25 10:59:59] 🔎 row 135: ✅ accept → dt=2019-08-19 amt=2000.00 sign=+1 curr=EUR label=Deposit (type/gateway/descr/drcr/sign) status='dep_settled'
[2025-09-25 10:59:59] 🔎 row 136: ✅ accept → dt=2019-08-19 amt=250.00 sign=+1 curr=EUR label=Deposit (type/gateway/descr/drcr/sign) status='dep_settled'
[2025-09-25 10:59:59] 🔎 row 137: ✅ accept → dt=2019-08-19 amt=250.00 sign=+1 curr=EUR label=Deposit (type/gateway/descr/drcr/sign) status='dep_settled'
[2025-09-25 10:59:59] 🔎 row 138: ✅ accept → dt=2019-08-19 amt=500.00 sign=+1 curr=EUR label=Deposit (type/gateway/descr/drcr/sign) status='dep_settled'
[2025-09-25 10:59:59] 🔎 row 139: ✅ accept → dt=2019-08-19 amt=1000.00 sign=+1 curr=EUR label=Deposit (type/gateway/descr/drcr/sign) status='dep_settled'
[2025-09-25 10:59:59] 🔎 row 140: ✅ accept → dt=2019-08-20 amt=1000.00 sign=+1 curr=EUR label=Deposit (type/gateway/descr/drcr/sign) status='dep_settled'
[2025-09-25 10:59:59] 🔎 row 141: ✅ accept → dt=2019-09-07 amt=80.00 sign=+1 curr=EUR label=Deposit (type/gateway/descr/drcr/sign) status='dep_settled'
[2025-09-25 10:59:59] 🔎 row 142: ✅ accept → dt=2019-09-08 amt=300.00 sign=+1 curr=EUR label=Deposit (type/gateway/descr/drcr/sign) status='dep_settled'
[2025-09-25 10:59:59] 🔎 row 143: ✅ accept → dt=2019-09-08 amt=300.00 sign=+1 curr=EUR label=Deposit (type/gateway/descr/drcr/sign) status='dep_settled'
[2025-09-25 10:59:59] 🔎 row 144: ✅ accept → dt=2019-09-08 amt=400.00 sign=+1 curr=EUR label=Deposit (type/gateway/descr/drcr/sign) status='dep_settled'
[2025-09-25 10:59:59] 🔎 row 145: ✅ accept → dt=2019-09-08 amt=500.00 sign=+1 curr=EUR label=Deposit (type/gateway/descr/drcr/sign) status='dep_settled'
[2025-09-25 10:59:59] 🔎 row 146: ✅ accept → dt=2019-09-08 amt=300.00 sign=+1 curr=EUR label=Deposit (type/gateway/descr/drcr/sign) status='dep_settled'
[2025-09-25 10:59:59] 🔎 row 147: ✅ accept → dt=2019-09-08 amt=500.00 sign=+1 curr=EUR label=Deposit (type/gateway/descr/drcr/sign) status='dep_settled'
[2025-09-25 10:59:59] 🔎 row 148: ✅ accept → dt=2019-09-08 amt=500.00 sign=+1 curr=EUR label=Deposit (type/gateway/descr/drcr/sign) status='dep_settled'
[2025-09-25 10:59:59] 🔎 row 149: ✅ accept → dt=2019-09-08 amt=500.00 sign=+1 curr=EUR label=Deposit (type/gateway/descr/drcr/sign) status='dep_settled'
[2025-09-25 10:59:59] 🔎 row 150: ✅ accept → dt=2019-09-08 amt=500.00 sign=+1 curr=EUR label=Deposit (type/gateway/descr/drcr/sign) status='dep_settled'
[2025-09-25 10:59:59] 🔎 row 151: ✅ accept → dt=2019-09-08 amt=500.00 sign=+1 curr=EUR label=Deposit (type/gateway/descr/drcr/sign) status='dep_settled'
[2025-09-25 10:59:59] 🔎 row 152: ✅ accept → dt=2019-09-08 amt=500.00 sign=+1 curr=EUR label=Deposit (type/gateway/descr/drcr/sign) status='dep_settled'
[2025-09-25 10:59:59] 🔎 row 153: ✅ accept → dt=2019-09-08 amt=1000.00 sign=+1 curr=EUR label=Deposit (type/gateway/descr/drcr/sign) status='dep_settled'
[2025-09-25 10:59:59] 🔎 row 154: ✅ accept → dt=2019-09-08 amt=500.00 sign=+1 curr=EUR label=Deposit (type/gateway/descr/drcr/sign) status='dep_settled'
[2025-09-25 10:59:59] 🔎 row 155: ✅ accept → dt=2019-09-08 amt=1000.00 sign=+1 curr=EUR label=Deposit (type/gateway/descr/drcr/sign) status='dep_settled'
[2025-09-25 10:59:59] 🔎 row 156: ✅ accept → dt=2019-09-09 amt=200.00 sign=+1 curr=EUR label=Deposit (type/gateway/descr/drcr/sign) status='dep_settled'
[2025-09-25 10:59:59] 🔎 row 157: ✅ accept → dt=2019-09-09 amt=300.00 sign=+1 curr=EUR label=Deposit (type/gateway/descr/drcr/sign) status='dep_settled'
[2025-09-25 10:59:59] 🔎 row 158: ✅ accept → dt=2019-09-09 amt=500.00 sign=+1 curr=EUR label=Deposit (type/gateway/descr/drcr/sign) status='dep_settled'
[2025-09-25 10:59:59] 🔎 row 159: ✅ accept → dt=2019-09-09 amt=500.00 sign=+1 curr=EUR label=Deposit (type/gateway/descr/drcr/sign) status='dep_settled'
[2025-09-25 10:59:59] 🔎 row 160: ✅ accept → dt=2019-09-09 amt=1000.00 sign=+1 curr=EUR label=Deposit (type/gateway/descr/drcr/sign) status='dep_settled'
[2025-09-25 10:59:59] 🔎 row 161: ✅ accept → dt=2019-09-09 amt=700.00 sign=+1 curr=EUR label=Deposit (type/gateway/descr/drcr/sign) status='dep_settled'
[2025-09-25 10:59:59] 🔎 row 162: ✅ accept → dt=2019-10-09 amt=100.00 sign=+1 curr=EUR label=Deposit (type/gateway/descr/drcr/sign) status='dep_settled'
[2025-09-25 10:59:59] 🔎 row 163: ✅ accept → dt=2019-10-15 amt=50.00 sign=+1 curr=EUR label=Deposit (type/gateway/descr/drcr/sign) status='dep_settled'
[2025-09-25 10:59:59] 🔎 row 164: ✅ accept → dt=2019-10-21 amt=100.00 sign=+1 curr=EUR label=Deposit (type/gateway/descr/drcr/sign) status='dep_settled'
[2025-09-25 10:59:59] 🔎 row 165: ✅ accept → dt=2019-11-11 amt=100.00 sign=+1 curr=EUR label=Deposit (type/gateway/descr/drcr/sign) status='dep_settled'
[2025-09-25 10:59:59] 🔎 row 166: ✅ accept → dt=2019-11-18 amt=100.00 sign=+1 curr=EUR label=Deposit (type/gateway/descr/drcr/sign) status='dep_settled'
[2025-09-25 10:59:59] 🔎 row 167: ✅ accept → dt=2019-11-20 amt=88.00 sign=+1 curr=EUR label=Deposit (type/gateway/descr/drcr/sign) status='dep_settled'
[2025-09-25 10:59:59] 🔎 row 168: ✅ accept → dt=2019-11-20 amt=200.00 sign=+1 curr=EUR label=Deposit (type/gateway/descr/drcr/sign) status='dep_settled'
[2025-09-25 10:59:59] 🔎 row 169: ✅ accept → dt=2019-11-20 amt=200.00 sign=+1 curr=EUR label=Deposit (type/gateway/descr/drcr/sign) status='dep_settled'
[2025-09-25 10:59:59] 🔎 row 170: ✅ accept → dt=2019-11-21 amt=100.00 sign=+1 curr=EUR label=Deposit (type/gateway/descr/drcr/sign) status='dep_settled'
[2025-09-25 10:59:59] 🔎 row 171: ✅ accept → dt=2019-11-21 amt=100.00 sign=+1 curr=EUR label=Deposit (type/gateway/descr/drcr/sign) status='dep_settled'
[2025-09-25 10:59:59] 🔎 row 172: ✅ accept → dt=2019-11-21 amt=200.00 sign=+1 curr=EUR label=Deposit (type/gateway/descr/drcr/sign) status='dep_settled'
[2025-09-25 10:59:59] 🔎 row 173: ✅ accept → dt=2019-11-21 amt=200.00 sign=+1 curr=EUR label=Deposit (type/gateway/descr/drcr/sign) status='dep_settled'
[2025-09-25 10:59:59] 🔎 row 174: ✅ accept → dt=2019-11-21 amt=300.00 sign=+1 curr=EUR label=Deposit (type/gateway/descr/drcr/sign) status='dep_settled'
[2025-09-25 10:59:59] 🔎 row 175: ✅ accept → dt=2019-11-21 amt=200.00 sign=+1 curr=EUR label=Deposit (type/gateway/descr/drcr/sign) status='dep_settled'
[2025-09-25 10:59:59] 🔎 row 176: ✅ accept → dt=2019-11-21 amt=200.00 sign=+1 curr=EUR label=Deposit (type/gateway/descr/drcr/sign) status='dep_settled'
[2025-09-25 10:59:59] 🔎 row 177: ✅ accept → dt=2019-11-24 amt=100.00 sign=+1 curr=EUR label=Deposit (type/gateway/descr/drcr/sign) status='dep_settled'
[2025-09-25 10:59:59] 🔎 row 178: ✅ accept → dt=2019-11-24 amt=100.00 sign=+1 curr=EUR label=Deposit (type/gateway/descr/drcr/sign) status='dep_settled'
[2025-09-25 10:59:59] 🔎 row 179: ✅ accept → dt=2019-11-28 amt=5.00 sign=+1 curr=EUR label=Deposit (type/gateway/descr/drcr/sign) status='dep_settled'
[2025-09-25 10:59:59] 🔎 row 180: ✅ accept → dt=2019-11-29 amt=100.00 sign=+1 curr=EUR label=Deposit (type/gateway/descr/drcr/sign) status='dep_settled'
[2025-09-25 10:59:59] 🔎 row 181: ✅ accept → dt=2019-11-30 amt=150.00 sign=+1 curr=EUR label=Deposit (type/gateway/descr/drcr/sign) status='dep_settled'
[2025-09-25 10:59:59] 🔎 row 182: ✅ accept → dt=2019-12-01 amt=100.00 sign=+1 curr=EUR label=Deposit (type/gateway/descr/drcr/sign) status='dep_settled'
[2025-09-25 10:59:59] 🔎 row 183: ✅ accept → dt=2019-12-01 amt=100.00 sign=+1 curr=EUR label=Deposit (type/gateway/descr/drcr/sign) status='dep_settled'
[2025-09-25 10:59:59] 🔎 row 184: ✅ accept → dt=2019-12-01 amt=100.00 sign=+1 curr=EUR label=Deposit (type/gateway/descr/drcr/sign) status='dep_settled'
[2025-09-25 10:59:59] 🔎 row 185: ✅ accept → dt=2019-12-04 amt=100.00 sign=+1 curr=EUR label=Deposit (type/gateway/descr/drcr/sign) status='dep_settled'
[2025-09-25 10:59:59] 🔎 row 186: ✅ accept → dt=2019-12-04 amt=100.00 sign=+1 curr=EUR label=Deposit (type/gateway/descr/drcr/sign) status='dep_settled'
[2025-09-25 10:59:59] 🔎 row 187: ✅ accept → dt=2019-12-04 amt=100.00 sign=+1 curr=EUR label=Deposit (type/gateway/descr/drcr/sign) status='dep_settled'
[2025-09-25 10:59:59] 🔎 row 188: ✅ accept → dt=2019-12-04 amt=100.00 sign=+1 curr=EUR label=Deposit (type/gateway/descr/drcr/sign) status='dep_settled'
[2025-09-25 10:59:59] 🔎 row 189: ✅ accept → dt=2019-12-07 amt=50.00 sign=+1 curr=EUR label=Deposit (type/gateway/descr/drcr/sign) status='dep_settled'
[2025-09-25 10:59:59] 🔎 row 190: ✅ accept → dt=2019-12-11 amt=100.00 sign=+1 curr=EUR label=Deposit (type/gateway/descr/drcr/sign) status='dep_settled'
[2025-09-25 10:59:59] 🔎 row 191: ✅ accept → dt=2019-12-11 amt=200.00 sign=+1 curr=EUR label=Deposit (type/gateway/descr/drcr/sign) status='dep_settled'
[2025-09-25 10:59:59] 🔎 row 192: ✅ accept → dt=2019-12-11 amt=400.00 sign=+1 curr=EUR label=Deposit (type/gateway/descr/drcr/sign) status='dep_settled'
[2025-09-25 10:59:59] 🔎 row 193: ✅ accept → dt=2019-12-16 amt=100.00 sign=+1 curr=EUR label=Deposit (type/gateway/descr/drcr/sign) status='dep_settled'
[2025-09-25 10:59:59] 🔎 row 194: ✅ accept → dt=2019-12-19 amt=200.00 sign=+1 curr=EUR label=Deposit (type/gateway/descr/drcr/sign) status='dep_settled'
[2025-09-25 10:59:59] 🔎 row 195: ✅ accept → dt=2019-12-19 amt=200.00 sign=+1 curr=EUR label=Deposit (type/gateway/descr/drcr/sign) status='dep_settled'
[2025-09-25 10:59:59] 🔎 row 196: ✅ accept → dt=2019-12-19 amt=300.00 sign=+1 curr=EUR label=Deposit (type/gateway/descr/drcr/sign) status='dep_settled'
[2025-09-25 10:59:59] 🔎 row 197: ✅ accept → dt=2019-12-20 amt=1000.00 sign=+1 curr=EUR label=Deposit (type/gateway/descr/drcr/sign) status='dep_settled'
[2025-09-25 10:59:59] 🔎 row 198: ✅ accept → dt=2019-12-22 amt=1000.00 sign=+1 curr=EUR label=Deposit (type/gateway/descr/drcr/sign) status='dep_settled'
[2025-09-25 10:59:59] 🔎 row 199: ✅ accept → dt=2019-12-23 amt=1000.00 sign=+1 curr=EUR label=Deposit (type/gateway/descr/drcr/sign) status='dep_settled'
[2025-09-25 10:59:59] 🔎 row 200: ✅ accept → dt=2019-12-23 amt=200.00 sign=+1 curr=EUR label=Deposit (type/gateway/descr/drcr/sign) status='dep_settled'
[2025-09-25 10:59:59] 🔎 row 201: ✅ accept → dt=2019-12-29 amt=200.00 sign=+1 curr=EUR label=Deposit (type/gateway/descr/drcr/sign) status='dep_settled'
[2025-09-25 10:59:59] 🔎 row 202: ✅ accept → dt=2020-01-08 amt=100.00 sign=+1 curr=EUR label=Deposit (type/gateway/descr/drcr/sign) status='dep_settled'
[2025-09-25 10:59:59] 🔎 row 203: ✅ accept → dt=2020-01-09 amt=50.00 sign=+1 curr=EUR label=Deposit (type/gateway/descr/drcr/sign) status='dep_settled'
[2025-09-25 10:59:59] 🔎 row 204: ✅ accept → dt=2020-01-12 amt=100.00 sign=+1 curr=EUR label=Deposit (type/gateway/descr/drcr/sign) status='dep_settled'
[2025-09-25 10:59:59] 🔎 row 205: ✅ accept → dt=2020-01-12 amt=100.00 sign=+1 curr=EUR label=Deposit (type/gateway/descr/drcr/sign) status='dep_settled'
[2025-09-25 10:59:59] 🔎 row 206: ✅ accept → dt=2020-01-12 amt=100.00 sign=+1 curr=EUR label=Deposit (type/gateway/descr/drcr/sign) status='dep_settled'
