[2025-08-20 15:59:11] ✅ Loaded 40 deals from CSV.
[2025-08-20 15:59:12] ✅ Selected deal: 12114
[2025-08-20 15:59:15] 📎 Added file from Deal 12114: TA_TA_Pokerstars.xlsx
[2025-08-20 15:59:16] 📄 Processing TA_TA_Pokerstars.xlsx in calculation Mode...
[2025-08-20 15:59:16] 📑 Using sheet: All
[2025-08-20 15:59:16] Detected single combined transaction sheet. Attempting auto-detection...
[2025-08-20 15:59:16] 📋 Raw headers: ['Transaction ID', 'TXN Type', 'Created', 'Started', 'TXN Curency', 'TXN Amount', 'Status', 'Pay Type', 'Country']
[2025-08-20 15:59:16] 🔍 Normalized headers: ['transactionid', 'txntype', 'created', 'started', 'txncurency', 'txnamount', 'status', 'paytype', 'country']
[2025-08-20 15:59:16] ❌ Row 2: Error parsing row — tuple indices must be integers or slices, not NoneType
[2025-08-20 15:59:16] ❌ Row 3: Error parsing row — tuple indices must be integers or slices, not NoneType
[2025-08-20 15:59:16] ❌ Row 4: Error parsing row — tuple indices must be integers or slices, not NoneType
[2025-08-20 15:59:16] ❌ Row 5: Error parsing row — tuple indices must be integers or slices, not NoneType
[2025-08-20 15:59:16] ❌ Row 6: Error parsing row — tuple indices must be integers or slices, not NoneType
[2025-08-20 15:59:16] ❌ Row 7: Error parsing row — tuple indices must be integers or slices, not NoneType
[2025-08-20 15:59:16] ❌ Row 8: Error parsing row — tuple indices must be integers or slices, not NoneType
[2025-08-20 15:59:16] ❌ Row 9: Error parsing row — tuple indices must be integers or slices, not NoneType
[2025-08-20 15:59:16] ❌ Row 10: Error parsing row — tuple indices must be integers or slices, not NoneType
[2025-08-20 15:59:16] ❌ Row 11: Error parsing row — tuple indices must be integers or slices, not NoneType
[2025-08-20 15:59:16] ❌ Row 12: Error parsing row — tuple indices must be integers or slices, not NoneType
[2025-08-20 15:59:16] ❌ Row 13: Error parsing row — tuple indices must be integers or slices, not NoneType
[2025-08-20 15:59:16] ❌ Row 14: Error parsing row — tuple indices must be integers or slices, not NoneType
[2025-08-20 15:59:16] ❌ Row 15: Error parsing row — tuple indices must be integers or slices, not NoneType
[2025-08-20 15:59:16] ❌ Row 16: Error parsing row — tuple indices must be integers or slices, not NoneType
[2025-08-20 15:59:16] ❌ Row 17: Error parsing row — tuple indices must be integers or slices, not NoneType
[2025-08-20 15:59:16] ❌ Row 18: Error parsing row — tuple indices must be integers or slices, not NoneType
[2025-08-20 15:59:16] ❌ Row 19: Error parsing row — tuple indices must be integers or slices, not NoneType
[2025-08-20 15:59:16] ❌ Row 20: Error parsing row — tuple indices must be integers or slices, not NoneType
[2025-08-20 15:59:16] ❌ Row 21: Error parsing row — tuple indices must be integers or slices, not NoneType
[2025-08-20 15:59:16] ❌ Row 22: Error parsing row — tuple indices must be integers or slices, not NoneType
[2025-08-20 15:59:16] ❌ Row 23: Error parsing row — tuple indices must be integers or slices, not NoneType
[2025-08-20 15:59:16] ❌ Row 24: Error parsing row — tuple indices must be integers or slices, not NoneType
[2025-08-20 15:59:16] ❌ Row 25: Error parsing row — tuple indices must be integers or slices, not NoneType
[2025-08-20 15:59:16] ❌ Row 26: Error parsing row — tuple indices must be integers or slices, not NoneType
[2025-08-20 15:59:16] ❌ Row 27: Error parsing row — tuple indices must be integers or slices, not NoneType
[2025-08-20 15:59:16] ❌ Row 28: Error parsing row — tuple indices must be integers or slices, not NoneType
[2025-08-20 15:59:16] ❌ Row 29: Error parsing row — tuple indices must be integers or slices, not NoneType
[2025-08-20 15:59:16] ❌ Row 30: Error parsing row — tuple indices must be integers or slices, not NoneType
[2025-08-20 15:59:16] ❌ Row 32: Error parsing row — tuple indices must be integers or slices, not NoneType
[2025-08-20 15:59:16] ❌ Row 33: Error parsing row — tuple indices must be integers or slices, not NoneType
[2025-08-20 15:59:16] ❌ Row 35: Error parsing row — tuple indices must be integers or slices, not NoneType
[2025-08-20 15:59:16] ❌ Row 36: Error parsing row — tuple indices must be integers or slices, not NoneType
[2025-08-20 15:59:16] ❌ Row 37: Error parsing row — tuple indices must be integers or slices, not NoneType
[2025-08-20 15:59:16] ❌ Row 38: Error parsing row — tuple indices must be integers or slices, not NoneType
[2025-08-20 15:59:16] ❌ Row 39: Error parsing row — tuple indices must be integers or slices, not NoneType
[2025-08-20 15:59:16] ❌ Row 40: Error parsing row — tuple indices must be integers or slices, not NoneType
[2025-08-20 15:59:16] ❌ Row 41: Error parsing row — tuple indices must be integers or slices, not NoneType
[2025-08-20 15:59:16] ❌ Row 42: Error parsing row — tuple indices must be integers or slices, not NoneType
[2025-08-20 15:59:16] ❌ Row 43: Error parsing row — tuple indices must be integers or slices, not NoneType
[2025-08-20 15:59:16] ❌ Row 44: Error parsing row — tuple indices must be integers or slices, not NoneType
[2025-08-20 15:59:16] ❌ Row 45: Error parsing row — tuple indices must be integers or slices, not NoneType
[2025-08-20 15:59:16] ❌ Row 46: Error parsing row — tuple indices must be integers or slices, not NoneType
[2025-08-20 15:59:16] ❌ Row 47: Error parsing row — tuple indices must be integers or slices, not NoneType
[2025-08-20 15:59:16] ❌ Row 48: Error parsing row — tuple indices must be integers or slices, not NoneType
[2025-08-20 15:59:16] ❌ Row 49: Error parsing row — tuple indices must be integers or slices, not NoneType
[2025-08-20 15:59:16] ❌ Row 56: Error parsing row — tuple indices must be integers or slices, not NoneType
[2025-08-20 15:59:16] ❌ Row 57: Error parsing row — tuple indices must be integers or slices, not NoneType
[2025-08-20 15:59:16] ❌ Row 58: Error parsing row — tuple indices must be integers or slices, not NoneType
[2025-08-20 15:59:16] ❌ Row 59: Error parsing row — tuple indices must be integers or slices, not NoneType
[2025-08-20 15:59:16] ❌ Row 60: Error parsing row — tuple indices must be integers or slices, not NoneType
[2025-08-20 15:59:16] ❌ Row 61: Error parsing row — tuple indices must be integers or slices, not NoneType
[2025-08-20 15:59:16] ❌ Row 62: Error parsing row — tuple indices must be integers or slices, not NoneType
[2025-08-20 15:59:16] ❌ Row 63: Error parsing row — tuple indices must be integers or slices, not NoneType
[2025-08-20 15:59:16] ❌ Row 64: Error parsing row — tuple indices must be integers or slices, not NoneType
[2025-08-20 15:59:16] ❌ Row 65: Error parsing row — tuple indices must be integers or slices, not NoneType
[2025-08-20 15:59:16] ❌ Row 66: Error parsing row — tuple indices must be integers or slices, not NoneType
[2025-08-20 15:59:16] ❌ Row 67: Error parsing row — tuple indices must be integers or slices, not NoneType
[2025-08-20 15:59:16] ❌ Row 68: Error parsing row — tuple indices must be integers or slices, not NoneType
[2025-08-20 15:59:16] ❌ Row 69: Error parsing row — tuple indices must be integers or slices, not NoneType
[2025-08-20 15:59:16] ❌ Row 70: Error parsing row — tuple indices must be integers or slices, not NoneType
[2025-08-20 15:59:16] ❌ Row 71: Error parsing row — tuple indices must be integers or slices, not NoneType
[2025-08-20 15:59:16] ❌ Row 73: Error parsing row — tuple indices must be integers or slices, not NoneType
[2025-08-20 15:59:16] ❌ Row 74: Error parsing row — tuple indices must be integers or slices, not NoneType
[2025-08-20 15:59:16] ❌ Row 75: Error parsing row — tuple indices must be integers or slices, not NoneType
[2025-08-20 15:59:16] ❌ Row 76: Error parsing row — tuple indices must be integers or slices, not NoneType
[2025-08-20 15:59:16] ❌ Row 77: Error parsing row — tuple indices must be integers or slices, not NoneType
[2025-08-20 15:59:16] ❌ Row 78: Error parsing row — tuple indices must be integers or slices, not NoneType
[2025-08-20 15:59:16] ❌ Row 79: Error parsing row — tuple indices must be integers or slices, not NoneType
[2025-08-20 15:59:16] ❌ Row 80: Error parsing row — tuple indices must be integers or slices, not NoneType
[2025-08-20 15:59:16] ❌ Row 81: Error parsing row — tuple indices must be integers or slices, not NoneType
[2025-08-20 15:59:16] ❌ Row 82: Error parsing row — tuple indices must be integers or slices, not NoneType
[2025-08-20 15:59:16] ❌ Row 84: Error parsing row — tuple indices must be integers or slices, not NoneType
[2025-08-20 15:59:16] ❌ Row 85: Error parsing row — tuple indices must be integers or slices, not NoneType
[2025-08-20 15:59:16] ❌ Row 86: Error parsing row — tuple indices must be integers or slices, not NoneType
[2025-08-20 15:59:16] ❌ Row 87: Error parsing row — tuple indices must be integers or slices, not NoneType
[2025-08-20 15:59:16] ❌ Row 88: Error parsing row — tuple indices must be integers or slices, not NoneType
[2025-08-20 15:59:16] ❌ Row 89: Error parsing row — tuple indices must be integers or slices, not NoneType
[2025-08-20 15:59:16] ❌ Row 90: Error parsing row — tuple indices must be integers or slices, not NoneType
[2025-08-20 15:59:16] ❌ Row 91: Error parsing row — tuple indices must be integers or slices, not NoneType
[2025-08-20 15:59:16] ❌ Row 92: Error parsing row — tuple indices must be integers or slices, not NoneType
[2025-08-20 15:59:16] ❌ Row 93: Error parsing row — tuple indices must be integers or slices, not NoneType
[2025-08-20 15:59:16] ❌ Row 94: Error parsing row — tuple indices must be integers or slices, not NoneType
[2025-08-20 15:59:16] ❌ Row 95: Error parsing row — tuple indices must be integers or slices, not NoneType
[2025-08-20 15:59:16] ❌ Row 96: Error parsing row — tuple indices must be integers or slices, not NoneType
[2025-08-20 15:59:16] ❌ Row 97: Error parsing row — tuple indices must be integers or slices, not NoneType
[2025-08-20 15:59:17] ❌ Row 98: Error parsing row — tuple indices must be integers or slices, not NoneType
[2025-08-20 15:59:17] ❌ Row 99: Error parsing row — tuple indices must be integers or slices, not NoneType
[2025-08-20 15:59:17] ❌ Row 100: Error parsing row — tuple indices must be integers or slices, not NoneType
[2025-08-20 15:59:17] ❌ Row 101: Error parsing row — tuple indices must be integers or slices, not NoneType
[2025-08-20 15:59:17] ❌ Row 102: Error parsing row — tuple indices must be integers or slices, not NoneType
[2025-08-20 15:59:17] ❌ Row 103: Error parsing row — tuple indices must be integers or slices, not NoneType
[2025-08-20 15:59:17] ❌ Row 104: Error parsing row — tuple indices must be integers or slices, not NoneType
[2025-08-20 15:59:17] ❌ Row 105: Error parsing row — tuple indices must be integers or slices, not NoneType
[2025-08-20 15:59:17] ❌ Row 106: Error parsing row — tuple indices must be integers or slices, not NoneType
[2025-08-20 15:59:17] ❌ Row 107: Error parsing row — tuple indices must be integers or slices, not NoneType
[2025-08-20 15:59:17] ❌ Row 108: Error parsing row — tuple indices must be integers or slices, not NoneType
[2025-08-20 15:59:17] ❌ Row 109: Error parsing row — tuple indices must be integers or slices, not NoneType
[2025-08-20 15:59:17] ❌ Row 111: Error parsing row — tuple indices must be integers or slices, not NoneType
[2025-08-20 15:59:17] ❌ Row 112: Error parsing row — tuple indices must be integers or slices, not NoneType
[2025-08-20 15:59:17] ❌ Row 113: Error parsing row — tuple indices must be integers or slices, not NoneType
[2025-08-20 15:59:17] ❌ Row 114: Error parsing row — tuple indices must be integers or slices, not NoneType
[2025-08-20 15:59:17] ❌ Row 115: Error parsing row — tuple indices must be integers or slices, not NoneType
[2025-08-20 15:59:17] ❌ Row 116: Error parsing row — tuple indices must be integers or slices, not NoneType
[2025-08-20 15:59:17] ❌ Row 117: Error parsing row — tuple indices must be integers or slices, not NoneType
[2025-08-20 15:59:17] ❌ Row 118: Error parsing row — tuple indices must be integers or slices, not NoneType
[2025-08-20 15:59:17] ❌ Row 119: Error parsing row — tuple indices must be integers or slices, not NoneType
[2025-08-20 15:59:17] ❌ Row 120: Error parsing row — tuple indices must be integers or slices, not NoneType
[2025-08-20 15:59:17] ❌ Row 121: Error parsing row — tuple indices must be integers or slices, not NoneType
[2025-08-20 15:59:17] ❌ Row 122: Error parsing row — tuple indices must be integers or slices, not NoneType
[2025-08-20 15:59:17] ❌ Row 123: Error parsing row — tuple indices must be integers or slices, not NoneType
[2025-08-20 15:59:17] ❌ Row 124: Error parsing row — tuple indices must be integers or slices, not NoneType
[2025-08-20 15:59:17] ❌ Row 125: Error parsing row — tuple indices must be integers or slices, not NoneType
[2025-08-20 15:59:17] ❌ Row 126: Error parsing row — tuple indices must be integers or slices, not NoneType
[2025-08-20 15:59:17] ❌ Row 128: Error parsing row — tuple indices must be integers or slices, not NoneType
[2025-08-20 15:59:17] ❌ Row 129: Error parsing row — tuple indices must be integers or slices, not NoneType
[2025-08-20 15:59:17] ❌ Row 130: Error parsing row — tuple indices must be integers or slices, not NoneType
[2025-08-20 15:59:17] ❌ Row 131: Error parsing row — tuple indices must be integers or slices, not NoneType
[2025-08-20 15:59:17] ❌ Row 132: Error parsing row — tuple indices must be integers or slices, not NoneType
[2025-08-20 15:59:17] ❌ Row 133: Error parsing row — tuple indices must be integers or slices, not NoneType
[2025-08-20 15:59:17] ❌ Row 134: Error parsing row — tuple indices must be integers or slices, not NoneType
[2025-08-20 15:59:17] ❌ Row 135: Error parsing row — tuple indices must be integers or slices, not NoneType
[2025-08-20 15:59:17] ❌ Row 136: Error parsing row — tuple indices must be integers or slices, not NoneType
[2025-08-20 15:59:17] ❌ Row 137: Error parsing row — tuple indices must be integers or slices, not NoneType
[2025-08-20 15:59:17] ❌ Row 138: Error parsing row — tuple indices must be integers or slices, not NoneType
[2025-08-20 15:59:17] ❌ Row 139: Error parsing row — tuple indices must be integers or slices, not NoneType
[2025-08-20 15:59:17] ❌ Row 140: Error parsing row — tuple indices must be integers or slices, not NoneType
[2025-08-20 15:59:17] ❌ Row 141: Error parsing row — tuple indices must be integers or slices, not NoneType
[2025-08-20 15:59:17] ❌ Row 142: Error parsing row — tuple indices must be integers or slices, not NoneType
[2025-08-20 15:59:17] ❌ Row 143: Error parsing row — tuple indices must be integers or slices, not NoneType
[2025-08-20 15:59:17] ❌ Row 144: Error parsing row — tuple indices must be integers or slices, not NoneType
[2025-08-20 15:59:17] ❌ Row 145: Error parsing row — tuple indices must be integers or slices, not NoneType
[2025-08-20 15:59:17] ❌ Row 146: Error parsing row — tuple indices must be integers or slices, not NoneType
[2025-08-20 15:59:17] ❌ Row 147: Error parsing row — tuple indices must be integers or slices, not NoneType
[2025-08-20 15:59:17] ❌ Row 148: Error parsing row — tuple indices must be integers or slices, not NoneType
[2025-08-20 15:59:17] ❌ Row 149: Error parsing row — tuple indices must be integers or slices, not NoneType
[2025-08-20 15:59:17] ❌ Row 150: Error parsing row — tuple indices must be integers or slices, not NoneType
[2025-08-20 15:59:17] ❌ Row 152: Error parsing row — tuple indices must be integers or slices, not NoneType
[2025-08-20 15:59:17] ❌ Row 153: Error parsing row — tuple indices must be integers or slices, not NoneType
[2025-08-20 15:59:17] ❌ Row 154: Error parsing row — tuple indices must be integers or slices, not NoneType
[2025-08-20 15:59:17] ❌ Row 155: Error parsing row — tuple indices must be integers or slices, not NoneType
[2025-08-20 15:59:17] ❌ Row 156: Error parsing row — tuple indices must be integers or slices, not NoneType
[2025-08-20 15:59:17] ❌ Row 157: Error parsing row — tuple indices must be integers or slices, not NoneType
[2025-08-20 15:59:17] ❌ Row 158: Error parsing row — tuple indices must be integers or slices, not NoneType
[2025-08-20 15:59:17] ❌ Row 159: Error parsing row — tuple indices must be integers or slices, not NoneType
[2025-08-20 15:59:17] ❌ Row 160: Error parsing row — tuple indices must be integers or slices, not NoneType
[2025-08-20 15:59:17] ❌ Row 161: Error parsing row — tuple indices must be integers or slices, not NoneType
[2025-08-20 15:59:17] ❌ Row 162: Error parsing row — tuple indices must be integers or slices, not NoneType
[2025-08-20 15:59:17] ❌ Row 163: Error parsing row — tuple indices must be integers or slices, not NoneType
[2025-08-20 15:59:17] ❌ Row 164: Error parsing row — tuple indices must be integers or slices, not NoneType
[2025-08-20 15:59:17] ❌ Row 165: Error parsing row — tuple indices must be integers or slices, not NoneType
[2025-08-20 15:59:17] ❌ Row 166: Error parsing row — tuple indices must be integers or slices, not NoneType
[2025-08-20 15:59:17] ❌ Row 167: Error parsing row — tuple indices must be integers or slices, not NoneType
[2025-08-20 15:59:17] ❌ Row 168: Error parsing row — tuple indices must be integers or slices, not NoneType
[2025-08-20 15:59:17] ❌ Row 169: Error parsing row — tuple indices must be integers or slices, not NoneType
[2025-08-20 15:59:17] ❌ Row 170: Error parsing row — tuple indices must be integers or slices, not NoneType
[2025-08-20 15:59:17] ❌ Row 171: Error parsing row — tuple indices must be integers or slices, not NoneType
[2025-08-20 15:59:17] ❌ Row 172: Error parsing row — tuple indices must be integers or slices, not NoneType
[2025-08-20 15:59:17] ❌ Row 173: Error parsing row — tuple indices must be integers or slices, not NoneType
[2025-08-20 15:59:17] ❌ Row 174: Error parsing row — tuple indices must be integers or slices, not NoneType
[2025-08-20 15:59:17] ❌ Row 175: Error parsing row — tuple indices must be integers or slices, not NoneType
[2025-08-20 15:59:17] ❌ Row 176: Error parsing row — tuple indices must be integers or slices, not NoneType
[2025-08-20 15:59:17] ❌ Row 177: Error parsing row — tuple indices must be integers or slices, not NoneType
[2025-08-20 15:59:17] ❌ Row 178: Error parsing row — tuple indices must be integers or slices, not NoneType
[2025-08-20 15:59:17] ❌ Row 179: Error parsing row — tuple indices must be integers or slices, not NoneType
[2025-08-20 15:59:17] ❌ Row 180: Error parsing row — tuple indices must be integers or slices, not NoneType
[2025-08-20 15:59:17] ❌ Row 181: Error parsing row — tuple indices must be integers or slices, not NoneType
[2025-08-20 15:59:17] ❌ Row 182: Error parsing row — tuple indices must be integers or slices, not NoneType
[2025-08-20 15:59:17] ❌ Row 183: Error parsing row — tuple indices must be integers or slices, not NoneType
[2025-08-20 15:59:17] ❌ Row 184: Error parsing row — tuple indices must be integers or slices, not NoneType
[2025-08-20 15:59:17] ❌ Row 185: Error parsing row — tuple indices must be integers or slices, not NoneType
[2025-08-20 15:59:17] ❌ Row 186: Error parsing row — tuple indices must be integers or slices, not NoneType
[2025-08-20 15:59:17] ❌ Row 187: Error parsing row — tuple indices must be integers or slices, not NoneType
[2025-08-20 15:59:17] ❌ Row 188: Error parsing row — tuple indices must be integers or slices, not NoneType
[2025-08-20 15:59:17] ❌ Row 189: Error parsing row — tuple indices must be integers or slices, not NoneType
[2025-08-20 15:59:17] ❌ Row 190: Error parsing row — tuple indices must be integers or slices, not NoneType
[2025-08-20 15:59:17] ❌ Row 192: Error parsing row — tuple indices must be integers or slices, not NoneType
[2025-08-20 15:59:17] ❌ Row 193: Error parsing row — tuple indices must be integers or slices, not NoneType
[2025-08-20 15:59:17] ❌ Row 194: Error parsing row — tuple indices must be integers or slices, not NoneType
[2025-08-20 15:59:17] ❌ Row 195: Error parsing row — tuple indices must be integers or slices, not NoneType
[2025-08-20 15:59:17] ❌ Row 196: Error parsing row — tuple indices must be integers or slices, not NoneType
[2025-08-20 15:59:17] ❌ Row 198: Error parsing row — tuple indices must be integers or slices, not NoneType
[2025-08-20 15:59:17] ❌ Row 199: Error parsing row — tuple indices must be integers or slices, not NoneType
[2025-08-20 15:59:17] ❌ Row 200: Error parsing row — tuple indices must be integers or slices, not NoneType
[2025-08-20 15:59:17] ❌ Row 201: Error parsing row — tuple indices must be integers or slices, not NoneType
[2025-08-20 15:59:17] ❌ Row 202: Error parsing row — tuple indices must be integers or slices, not NoneType
[2025-08-20 15:59:17] ❌ Row 203: Error parsing row — tuple indices must be integers or slices, not NoneType
[2025-08-20 15:59:17] ❌ Row 204: Error parsing row — tuple indices must be integers or slices, not NoneType
[2025-08-20 15:59:17] ❌ Row 205: Error parsing row — tuple indices must be integers or slices, not NoneType
[2025-08-20 15:59:17] ❌ Row 206: Error parsing row — tuple indices must be integers or slices, not NoneType
[2025-08-20 15:59:17] ❌ Row 207: Error parsing row — tuple indices must be integers or slices, not NoneType
[2025-08-20 15:59:17] ❌ Row 208: Error parsing row — tuple indices must be integers or slices, not NoneType
[2025-08-20 15:59:17] ❌ Row 209: Error parsing row — tuple indices must be integers or slices, not NoneType
[2025-08-20 15:59:17] ❌ Row 210: Error parsing row — tuple indices must be integers or slices, not NoneType
[2025-08-20 15:59:17] ❌ Row 211: Error parsing row — tuple indices must be integers or slices, not NoneType
[2025-08-20 15:59:17] ❌ Row 212: Error parsing row — tuple indices must be integers or slices, not NoneType
[2025-08-20 15:59:17] ❌ Row 213: Error parsing row — tuple indices must be integers or slices, not NoneType
[2025-08-20 15:59:17] ❌ Row 214: Error parsing row — tuple indices must be integers or slices, not NoneType
[2025-08-20 15:59:17] ❌ Row 215: Error parsing row — tuple indices must be integers or slices, not NoneType
[2025-08-20 15:59:17] ❌ Row 217: Error parsing row — tuple indices must be integers or slices, not NoneType
[2025-08-20 15:59:17] ❌ Row 218: Error parsing row — tuple indices must be integers or slices, not NoneType
[2025-08-20 15:59:17] ❌ Row 219: Error parsing row — tuple indices must be integers or slices, not NoneType
[2025-08-20 15:59:17] ❌ Row 220: Error parsing row — tuple indices must be integers or slices, not NoneType
[2025-08-20 15:59:17] ❌ Row 222: Error parsing row — tuple indices must be integers or slices, not NoneType
[2025-08-20 15:59:17] ❌ Row 223: Error parsing row — tuple indices must be integers or slices, not NoneType
[2025-08-20 15:59:17] ❌ Row 224: Error parsing row — tuple indices must be integers or slices, not NoneType
[2025-08-20 15:59:17] ❌ Row 225: Error parsing row — tuple indices must be integers or slices, not NoneType
[2025-08-20 15:59:17] ❌ Row 226: Error parsing row — tuple indices must be integers or slices, not NoneType
[2025-08-20 15:59:17] ❌ Row 227: Error parsing row — tuple indices must be integers or slices, not NoneType
[2025-08-20 15:59:17] ❌ Row 228: Error parsing row — tuple indices must be integers or slices, not NoneType
[2025-08-20 15:59:17] ❌ Row 229: Error parsing row — tuple indices must be integers or slices, not NoneType
[2025-08-20 15:59:17] ❌ Row 230: Error parsing row — tuple indices must be integers or slices, not NoneType
[2025-08-20 15:59:17] ❌ Row 231: Error parsing row — tuple indices must be integers or slices, not NoneType
[2025-08-20 15:59:17] ❌ Row 232: Error parsing row — tuple indices must be integers or slices, not NoneType
[2025-08-20 15:59:17] ❌ Row 233: Error parsing row — tuple indices must be integers or slices, not NoneType
[2025-08-20 15:59:17] ❌ Row 234: Error parsing row — tuple indices must be integers or slices, not NoneType
[2025-08-20 15:59:17] ❌ Row 235: Error parsing row — tuple indices must be integers or slices, not NoneType
[2025-08-20 15:59:17] ❌ Row 238: Error parsing row — tuple indices must be integers or slices, not NoneType
[2025-08-20 15:59:17] ❌ Row 240: Error parsing row — tuple indices must be integers or slices, not NoneType
[2025-08-20 15:59:17] ❌ Row 241: Error parsing row — tuple indices must be integers or slices, not NoneType
[2025-08-20 15:59:17] ❌ Row 242: Error parsing row — tuple indices must be integers or slices, not NoneType
[2025-08-20 15:59:17] ❌ Row 243: Error parsing row — tuple indices must be integers or slices, not NoneType
[2025-08-20 15:59:17] ❌ Row 244: Error parsing row — tuple indices must be integers or slices, not NoneType
[2025-08-20 15:59:17] ❌ Row 245: Error parsing row — tuple indices must be integers or slices, not NoneType
[2025-08-20 15:59:17] ❌ Row 246: Error parsing row — tuple indices must be integers or slices, not NoneType
[2025-08-20 15:59:17] ❌ Row 247: Error parsing row — tuple indices must be integers or slices, not NoneType
[2025-08-20 15:59:17] ❌ Row 248: Error parsing row — tuple indices must be integers or slices, not NoneType
[2025-08-20 15:59:17] ❌ Row 249: Error parsing row — tuple indices must be integers or slices, not NoneType
[2025-08-20 15:59:17] ❌ Row 250: Error parsing row — tuple indices must be integers or slices, not NoneType
[2025-08-20 15:59:17] ❌ Row 251: Error parsing row — tuple indices must be integers or slices, not NoneType
[2025-08-20 15:59:17] ❌ Row 252: Error parsing row — tuple indices must be integers or slices, not NoneType
[2025-08-20 15:59:17] ❌ Row 253: Error parsing row — tuple indices must be integers or slices, not NoneType
[2025-08-20 15:59:17] ❌ Row 254: Error parsing row — tuple indices must be integers or slices, not NoneType
[2025-08-20 15:59:17] ❌ Row 255: Error parsing row — tuple indices must be integers or slices, not NoneType
[2025-08-20 15:59:17] ❌ Row 256: Error parsing row — tuple indices must be integers or slices, not NoneType
[2025-08-20 15:59:17] ❌ Row 258: Error parsing row — tuple indices must be integers or slices, not NoneType
[2025-08-20 15:59:17] ❌ Row 259: Error parsing row — tuple indices must be integers or slices, not NoneType
[2025-08-20 15:59:17] ❌ Row 260: Error parsing row — tuple indices must be integers or slices, not NoneType
[2025-08-20 15:59:17] ❌ Row 261: Error parsing row — tuple indices must be integers or slices, not NoneType
[2025-08-20 15:59:17] ❌ Row 262: Error parsing row — tuple indices must be integers or slices, not NoneType
[2025-08-20 15:59:17] ❌ Row 263: Error parsing row — tuple indices must be integers or slices, not NoneType
[2025-08-20 15:59:17] ❌ Row 264: Error parsing row — tuple indices must be integers or slices, not NoneType
[2025-08-20 15:59:17] ❌ Row 265: Error parsing row — tuple indices must be integers or slices, not NoneType
[2025-08-20 15:59:17] ❌ Row 266: Error parsing row — tuple indices must be integers or slices, not NoneType
[2025-08-20 15:59:17] ❌ Row 267: Error parsing row — tuple indices must be integers or slices, not NoneType
[2025-08-20 15:59:17] ❌ Row 268: Error parsing row — tuple indices must be integers or slices, not NoneType
[2025-08-20 15:59:17] ❌ Row 269: Error parsing row — tuple indices must be integers or slices, not NoneType
[2025-08-20 15:59:17] ❌ Row 270: Error parsing row — tuple indices must be integers or slices, not NoneType
[2025-08-20 15:59:17] ❌ Row 271: Error parsing row — tuple indices must be integers or slices, not NoneType
[2025-08-20 15:59:17] ❌ Row 273: Error parsing row — tuple indices must be integers or slices, not NoneType
[2025-08-20 15:59:17] ❌ Row 274: Error parsing row — tuple indices must be integers or slices, not NoneType
[2025-08-20 15:59:17] ❌ Row 275: Error parsing row — tuple indices must be integers or slices, not NoneType
[2025-08-20 15:59:17] ❌ Row 276: Error parsing row — tuple indices must be integers or slices, not NoneType
[2025-08-20 15:59:17] ❌ Row 278: Error parsing row — tuple indices must be integers or slices, not NoneType
[2025-08-20 15:59:17] ❌ Row 279: Error parsing row — tuple indices must be integers or slices, not NoneType
[2025-08-20 15:59:17] ❌ Row 281: Error parsing row — tuple indices must be integers or slices, not NoneType
[2025-08-20 15:59:17] ❌ Row 282: Error parsing row — tuple indices must be integers or slices, not NoneType
[2025-08-20 15:59:17] ❌ Row 283: Error parsing row — tuple indices must be integers or slices, not NoneType
[2025-08-20 15:59:17] ❌ Row 284: Error parsing row — tuple indices must be integers or slices, not NoneType
[2025-08-20 15:59:17] ❌ Row 285: Error parsing row — tuple indices must be integers or slices, not NoneType
[2025-08-20 15:59:17] ❌ Row 286: Error parsing row — tuple indices must be integers or slices, not NoneType
[2025-08-20 15:59:17] ❌ Row 287: Error parsing row — tuple indices must be integers or slices, not NoneType
[2025-08-20 15:59:17] ❌ Row 288: Error parsing row — tuple indices must be integers or slices, not NoneType
[2025-08-20 15:59:17] ❌ Row 289: Error parsing row — tuple indices must be integers or slices, not NoneType
[2025-08-20 15:59:17] ❌ Row 293: Error parsing row — tuple indices must be integers or slices, not NoneType
[2025-08-20 15:59:17] ❌ Row 294: Error parsing row — tuple indices must be integers or slices, not NoneType
[2025-08-20 15:59:17] ❌ Row 296: Error parsing row — tuple indices must be integers or slices, not NoneType
[2025-08-20 15:59:17] ❌ Row 297: Error parsing row — tuple indices must be integers or slices, not NoneType
[2025-08-20 15:59:17] ❌ Row 298: Error parsing row — tuple indices must be integers or slices, not NoneType
[2025-08-20 15:59:17] ❌ Row 299: Error parsing row — tuple indices must be integers or slices, not NoneType
[2025-08-20 15:59:17] ❌ Row 300: Error parsing row — tuple indices must be integers or slices, not NoneType
[2025-08-20 15:59:17] ❌ Row 301: Error parsing row — tuple indices must be integers or slices, not NoneType
[2025-08-20 15:59:17] ❌ Row 302: Error parsing row — tuple indices must be integers or slices, not NoneType
[2025-08-20 15:59:17] ❌ Row 303: Error parsing row — tuple indices must be integers or slices, not NoneType
[2025-08-20 15:59:17] ❌ Row 304: Error parsing row — tuple indices must be integers or slices, not NoneType
[2025-08-20 15:59:17] ❌ Row 305: Error parsing row — tuple indices must be integers or slices, not NoneType
[2025-08-20 15:59:17] ❌ Row 306: Error parsing row — tuple indices must be integers or slices, not NoneType
[2025-08-20 15:59:17] ❌ Row 307: Error parsing row — tuple indices must be integers or slices, not NoneType
[2025-08-20 15:59:17] ❌ Row 308: Error parsing row — tuple indices must be integers or slices, not NoneType
[2025-08-20 15:59:17] ❌ Row 309: Error parsing row — tuple indices must be integers or slices, not NoneType
[2025-08-20 15:59:17] ❌ Row 311: Error parsing row — tuple indices must be integers or slices, not NoneType
[2025-08-20 15:59:17] ❌ Row 312: Error parsing row — tuple indices must be integers or slices, not NoneType
[2025-08-20 15:59:17] ❌ Row 313: Error parsing row — tuple indices must be integers or slices, not NoneType
[2025-08-20 15:59:17] ❌ Row 314: Error parsing row — tuple indices must be integers or slices, not NoneType
[2025-08-20 15:59:17] ❌ Row 315: Error parsing row — tuple indices must be integers or slices, not NoneType
[2025-08-20 15:59:17] ❌ Row 316: Error parsing row — tuple indices must be integers or slices, not NoneType
[2025-08-20 15:59:17] ❌ Row 317: Error parsing row — tuple indices must be integers or slices, not NoneType
[2025-08-20 15:59:17] ❌ Row 318: Error parsing row — tuple indices must be integers or slices, not NoneType
[2025-08-20 15:59:17] ❌ Row 319: Error parsing row — tuple indices must be integers or slices, not NoneType
[2025-08-20 15:59:17] ❌ Row 320: Error parsing row — tuple indices must be integers or slices, not NoneType
[2025-08-20 15:59:17] ❌ Row 321: Error parsing row — tuple indices must be integers or slices, not NoneType
[2025-08-20 15:59:17] ❌ Row 323: Error parsing row — tuple indices must be integers or slices, not NoneType
[2025-08-20 15:59:17] ❌ Row 324: Error parsing row — tuple indices must be integers or slices, not NoneType
[2025-08-20 15:59:17] ❌ Row 325: Error parsing row — tuple indices must be integers or slices, not NoneType
[2025-08-20 15:59:17] ❌ Row 326: Error parsing row — tuple indices must be integers or slices, not NoneType
[2025-08-20 15:59:17] ❌ Row 327: Error parsing row — tuple indices must be integers or slices, not NoneType
[2025-08-20 15:59:17] ❌ Row 328: Error parsing row — tuple indices must be integers or slices, not NoneType
[2025-08-20 15:59:17] ❌ Row 329: Error parsing row — tuple indices must be integers or slices, not NoneType
[2025-08-20 15:59:17] ❌ Row 330: Error parsing row — tuple indices must be integers or slices, not NoneType
[2025-08-20 15:59:17] ❌ Row 331: Error parsing row — tuple indices must be integers or slices, not NoneType
[2025-08-20 15:59:17] ❌ Row 332: Error parsing row — tuple indices must be integers or slices, not NoneType
[2025-08-20 15:59:17] ❌ Row 333: Error parsing row — tuple indices must be integers or slices, not NoneType
[2025-08-20 15:59:17] ❌ Row 334: Error parsing row — tuple indices must be integers or slices, not NoneType
[2025-08-20 15:59:17] ❌ Row 335: Error parsing row — tuple indices must be integers or slices, not NoneType
[2025-08-20 15:59:17] ❌ Row 336: Error parsing row — tuple indices must be integers or slices, not NoneType
[2025-08-20 15:59:17] ❌ Row 337: Error parsing row — tuple indices must be integers or slices, not NoneType
[2025-08-20 15:59:17] ❌ Row 338: Error parsing row — tuple indices must be integers or slices, not NoneType
[2025-08-20 15:59:17] ❌ Row 339: Error parsing row — tuple indices must be integers or slices, not NoneType
[2025-08-20 15:59:17] ❌ Row 340: Error parsing row — tuple indices must be integers or slices, not NoneType
[2025-08-20 15:59:17] ❌ Row 341: Error parsing row — tuple indices must be integers or slices, not NoneType
[2025-08-20 15:59:17] ❌ Row 342: Error parsing row — tuple indices must be integers or slices, not NoneType
[2025-08-20 15:59:17] ❌ Row 343: Error parsing row — tuple indices must be integers or slices, not NoneType
[2025-08-20 15:59:17] ❌ Row 344: Error parsing row — tuple indices must be integers or slices, not NoneType
[2025-08-20 15:59:17] ❌ Row 345: Error parsing row — tuple indices must be integers or slices, not NoneType
[2025-08-20 15:59:17] ❌ Row 346: Error parsing row — tuple indices must be integers or slices, not NoneType
[2025-08-20 15:59:17] ❌ Row 347: Error parsing row — tuple indices must be integers or slices, not NoneType
[2025-08-20 15:59:17] ❌ Row 348: Error parsing row — tuple indices must be integers or slices, not NoneType
[2025-08-20 15:59:17] ❌ Row 349: Error parsing row — tuple indices must be integers or slices, not NoneType
[2025-08-20 15:59:17] ❌ Row 350: Error parsing row — tuple indices must be integers or slices, not NoneType
[2025-08-20 15:59:17] ❌ Row 351: Error parsing row — tuple indices must be integers or slices, not NoneType
[2025-08-20 15:59:17] ❌ Row 352: Error parsing row — tuple indices must be integers or slices, not NoneType
[2025-08-20 15:59:17] ❌ Row 353: Error parsing row — tuple indices must be integers or slices, not NoneType
[2025-08-20 15:59:17] ❌ Row 354: Error parsing row — tuple indices must be integers or slices, not NoneType
[2025-08-20 15:59:17] ❌ Row 355: Error parsing row — tuple indices must be integers or slices, not NoneType
[2025-08-20 15:59:17] ❌ Row 356: Error parsing row — tuple indices must be integers or slices, not NoneType
[2025-08-20 15:59:17] ❌ Row 357: Error parsing row — tuple indices must be integers or slices, not NoneType
[2025-08-20 15:59:17] ❌ Row 358: Error parsing row — tuple indices must be integers or slices, not NoneType
[2025-08-20 15:59:17] ❌ Row 359: Error parsing row — tuple indices must be integers or slices, not NoneType
[2025-08-20 15:59:17] ❌ Row 360: Error parsing row — tuple indices must be integers or slices, not NoneType
[2025-08-20 15:59:17] ❌ Row 361: Error parsing row — tuple indices must be integers or slices, not NoneType
[2025-08-20 15:59:17] ❌ Row 362: Error parsing row — tuple indices must be integers or slices, not NoneType
[2025-08-20 15:59:17] ❌ Row 363: Error parsing row — tuple indices must be integers or slices, not NoneType
[2025-08-20 15:59:17] ❌ Row 364: Error parsing row — tuple indices must be integers or slices, not NoneType
[2025-08-20 15:59:17] ❌ Row 365: Error parsing row — tuple indices must be integers or slices, not NoneType
[2025-08-20 15:59:17] ❌ Row 366: Error parsing row — tuple indices must be integers or slices, not NoneType
[2025-08-20 15:59:17] ❌ Row 367: Error parsing row — tuple indices must be integers or slices, not NoneType
[2025-08-20 15:59:17] ❌ Row 370: Error parsing row — tuple indices must be integers or slices, not NoneType
[2025-08-20 15:59:17] ❌ Row 371: Error parsing row — tuple indices must be integers or slices, not NoneType
[2025-08-20 15:59:17] ❌ Row 374: Error parsing row — tuple indices must be integers or slices, not NoneType
[2025-08-20 15:59:17] ❌ Row 375: Error parsing row — tuple indices must be integers or slices, not NoneType
[2025-08-20 15:59:17] ❌ Row 376: Error parsing row — tuple indices must be integers or slices, not NoneType
[2025-08-20 15:59:17] ❌ Row 377: Error parsing row — tuple indices must be integers or slices, not NoneType
[2025-08-20 15:59:17] ❌ Row 378: Error parsing row — tuple indices must be integers or slices, not NoneType
[2025-08-20 15:59:17] ❌ Row 379: Error parsing row — tuple indices must be integers or slices, not NoneType
[2025-08-20 15:59:17] ❌ Row 380: Error parsing row — tuple indices must be integers or slices, not NoneType
[2025-08-20 15:59:17] ❌ Row 381: Error parsing row — tuple indices must be integers or slices, not NoneType
[2025-08-20 15:59:17] ❌ Row 382: Error parsing row — tuple indices must be integers or slices, not NoneType
[2025-08-20 15:59:17] ❌ Row 383: Error parsing row — tuple indices must be integers or slices, not NoneType
[2025-08-20 15:59:17] ❌ Row 384: Error parsing row — tuple indices must be integers or slices, not NoneType
[2025-08-20 15:59:17] ❌ Row 387: Error parsing row — tuple indices must be integers or slices, not NoneType
[2025-08-20 15:59:17] ❌ Row 388: Error parsing row — tuple indices must be integers or slices, not NoneType
[2025-08-20 15:59:17] ❌ Row 389: Error parsing row — tuple indices must be integers or slices, not NoneType
[2025-08-20 15:59:17] ❌ Row 390: Error parsing row — tuple indices must be integers or slices, not NoneType
[2025-08-20 15:59:17] ❌ Row 391: Error parsing row — tuple indices must be integers or slices, not NoneType
[2025-08-20 15:59:17] ❌ Row 392: Error parsing row — tuple indices must be integers or slices, not NoneType
[2025-08-20 15:59:17] ❌ Row 393: Error parsing row — tuple indices must be integers or slices, not NoneType
[2025-08-20 15:59:17] ❌ Row 394: Error parsing row — tuple indices must be integers or slices, not NoneType
[2025-08-20 15:59:17] ❌ Row 395: Error parsing row — tuple indices must be integers or slices, not NoneType
[2025-08-20 15:59:17] ❌ Row 396: Error parsing row — tuple indices must be integers or slices, not NoneType
[2025-08-20 15:59:17] ❌ Row 397: Error parsing row — tuple indices must be integers or slices, not NoneType
[2025-08-20 15:59:17] ❌ Row 398: Error parsing row — tuple indices must be integers or slices, not NoneType
[2025-08-20 15:59:18] ❌ Row 399: Error parsing row — tuple indices must be integers or slices, not NoneType
[2025-08-20 15:59:18] ❌ Row 400: Error parsing row — tuple indices must be integers or slices, not NoneType
[2025-08-20 15:59:18] ❌ Row 401: Error parsing row — tuple indices must be integers or slices, not NoneType
[2025-08-20 15:59:18] ❌ Row 402: Error parsing row — tuple indices must be integers or slices, not NoneType
[2025-08-20 15:59:18] ❌ Row 403: Error parsing row — tuple indices must be integers or slices, not NoneType
[2025-08-20 15:59:18] ❌ Row 404: Error parsing row — tuple indices must be integers or slices, not NoneType
[2025-08-20 15:59:18] ❌ Row 405: Error parsing row — tuple indices must be integers or slices, not NoneType
[2025-08-20 15:59:18] ❌ Row 406: Error parsing row — tuple indices must be integers or slices, not NoneType
[2025-08-20 15:59:18] ❌ Row 407: Error parsing row — tuple indices must be integers or slices, not NoneType
[2025-08-20 15:59:18] ❌ Row 408: Error parsing row — tuple indices must be integers or slices, not NoneType
[2025-08-20 15:59:18] ❌ Row 409: Error parsing row — tuple indices must be integers or slices, not NoneType
[2025-08-20 15:59:18] ❌ Row 410: Error parsing row — tuple indices must be integers or slices, not NoneType
[2025-08-20 15:59:18] ❌ Row 411: Error parsing row — tuple indices must be integers or slices, not NoneType
[2025-08-20 15:59:18] ❌ Row 412: Error parsing row — tuple indices must be integers or slices, not NoneType
[2025-08-20 15:59:18] ❌ Row 413: Error parsing row — tuple indices must be integers or slices, not NoneType
[2025-08-20 15:59:18] ❌ Row 414: Error parsing row — tuple indices must be integers or slices, not NoneType
[2025-08-20 15:59:18] ❌ Row 415: Error parsing row — tuple indices must be integers or slices, not NoneType
[2025-08-20 15:59:18] ❌ Row 416: Error parsing row — tuple indices must be integers or slices, not NoneType
[2025-08-20 15:59:18] ❌ Row 417: Error parsing row — tuple indices must be integers or slices, not NoneType
[2025-08-20 15:59:18] ❌ Row 418: Error parsing row — tuple indices must be integers or slices, not NoneType
[2025-08-20 15:59:18] ❌ Row 419: Error parsing row — tuple indices must be integers or slices, not NoneType
[2025-08-20 15:59:18] ❌ Row 420: Error parsing row — tuple indices must be integers or slices, not NoneType
[2025-08-20 15:59:18] ❌ Row 421: Error parsing row — tuple indices must be integers or slices, not NoneType
[2025-08-20 15:59:18] ❌ Row 422: Error parsing row — tuple indices must be integers or slices, not NoneType
[2025-08-20 15:59:18] ❌ Row 423: Error parsing row — tuple indices must be integers or slices, not NoneType
[2025-08-20 15:59:18] ❌ Row 424: Error parsing row — tuple indices must be integers or slices, not NoneType
[2025-08-20 15:59:18] ❌ Row 425: Error parsing row — tuple indices must be integers or slices, not NoneType
[2025-08-20 15:59:18] ❌ Row 426: Error parsing row — tuple indices must be integers or slices, not NoneType
[2025-08-20 15:59:18] ❌ Row 427: Error parsing row — tuple indices must be integers or slices, not NoneType
[2025-08-20 15:59:18] ❌ Row 428: Error parsing row — tuple indices must be integers or slices, not NoneType
[2025-08-20 15:59:18] ❌ Row 430: Error parsing row — tuple indices must be integers or slices, not NoneType
[2025-08-20 15:59:18] ❌ Row 432: Error parsing row — tuple indices must be integers or slices, not NoneType
[2025-08-20 15:59:18] ❌ Row 433: Error parsing row — tuple indices must be integers or slices, not NoneType
[2025-08-20 15:59:18] ❌ Row 434: Error parsing row — tuple indices must be integers or slices, not NoneType
[2025-08-20 15:59:18] ❌ Row 435: Error parsing row — tuple indices must be integers or slices, not NoneType
[2025-08-20 15:59:18] ❌ Row 436: Error parsing row — tuple indices must be integers or slices, not NoneType
[2025-08-20 15:59:18] ❌ Row 437: Error parsing row — tuple indices must be integers or slices, not NoneType
[2025-08-20 15:59:18] ❌ Row 438: Error parsing row — tuple indices must be integers or slices, not NoneType
[2025-08-20 15:59:18] ❌ Row 439: Error parsing row — tuple indices must be integers or slices, not NoneType
[2025-08-20 15:59:18] ❌ Row 440: Error parsing row — tuple indices must be integers or slices, not NoneType
[2025-08-20 15:59:18] ❌ Row 441: Error parsing row — tuple indices must be integers or slices, not NoneType
[2025-08-20 15:59:18] ❌ Row 442: Error parsing row — tuple indices must be integers or slices, not NoneType
[2025-08-20 15:59:18] ❌ Row 443: Error parsing row — tuple indices must be integers or slices, not NoneType
[2025-08-20 15:59:18] ❌ Row 444: Error parsing row — tuple indices must be integers or slices, not NoneType
[2025-08-20 15:59:18] ❌ Row 445: Error parsing row — tuple indices must be integers or slices, not NoneType
[2025-08-20 15:59:18] ❌ Row 446: Error parsing row — tuple indices must be integers or slices, not NoneType
[2025-08-20 15:59:18] ❌ Row 447: Error parsing row — tuple indices must be integers or slices, not NoneType
[2025-08-20 15:59:18] ❌ Row 448: Error parsing row — tuple indices must be integers or slices, not NoneType
[2025-08-20 15:59:18] ❌ Row 449: Error parsing row — tuple indices must be integers or slices, not NoneType
[2025-08-20 15:59:18] ❌ Row 451: Error parsing row — tuple indices must be integers or slices, not NoneType
[2025-08-20 15:59:18] ❌ Row 453: Error parsing row — tuple indices must be integers or slices, not NoneType
[2025-08-20 15:59:18] ❌ Row 454: Error parsing row — tuple indices must be integers or slices, not NoneType
[2025-08-20 15:59:18] ❌ Row 456: Error parsing row — tuple indices must be integers or slices, not NoneType
[2025-08-20 15:59:18] ❌ Row 457: Error parsing row — tuple indices must be integers or slices, not NoneType
[2025-08-20 15:59:18] ❌ Row 458: Error parsing row — tuple indices must be integers or slices, not NoneType
[2025-08-20 15:59:18] ❌ Row 459: Error parsing row — tuple indices must be integers or slices, not NoneType
[2025-08-20 15:59:18] ❌ Row 460: Error parsing row — tuple indices must be integers or slices, not NoneType
[2025-08-20 15:59:18] ❌ Row 461: Error parsing row — tuple indices must be integers or slices, not NoneType
[2025-08-20 15:59:18] ❌ Row 462: Error parsing row — tuple indices must be integers or slices, not NoneType
[2025-08-20 15:59:18] ❌ Row 463: Error parsing row — tuple indices must be integers or slices, not NoneType
[2025-08-20 15:59:18] ❌ Row 466: Error parsing row — tuple indices must be integers or slices, not NoneType
[2025-08-20 15:59:18] ❌ Row 467: Error parsing row — tuple indices must be integers or slices, not NoneType
[2025-08-20 15:59:18] ❌ Row 468: Error parsing row — tuple indices must be integers or slices, not NoneType
[2025-08-20 15:59:18] ❌ Row 469: Error parsing row — tuple indices must be integers or slices, not NoneType
[2025-08-20 15:59:18] ❌ Row 470: Error parsing row — tuple indices must be integers or slices, not NoneType
[2025-08-20 15:59:18] ❌ Row 471: Error parsing row — tuple indices must be integers or slices, not NoneType
[2025-08-20 15:59:18] ❌ Row 472: Error parsing row — tuple indices must be integers or slices, not NoneType
[2025-08-20 15:59:18] ❌ Row 473: Error parsing row — tuple indices must be integers or slices, not NoneType
[2025-08-20 15:59:18] ❌ Row 474: Error parsing row — tuple indices must be integers or slices, not NoneType
[2025-08-20 15:59:18] ❌ Row 475: Error parsing row — tuple indices must be integers or slices, not NoneType
[2025-08-20 15:59:18] ❌ Row 476: Error parsing row — tuple indices must be integers or slices, not NoneType
[2025-08-20 15:59:18] ❌ Row 477: Error parsing row — tuple indices must be integers or slices, not NoneType
[2025-08-20 15:59:18] ❌ Row 478: Error parsing row — tuple indices must be integers or slices, not NoneType
[2025-08-20 15:59:18] ❌ Row 479: Error parsing row — tuple indices must be integers or slices, not NoneType
[2025-08-20 15:59:18] ❌ Row 480: Error parsing row — tuple indices must be integers or slices, not NoneType
[2025-08-20 15:59:18] ❌ Row 482: Error parsing row — tuple indices must be integers or slices, not NoneType
[2025-08-20 15:59:18] ❌ Row 483: Error parsing row — tuple indices must be integers or slices, not NoneType
[2025-08-20 15:59:18] ❌ Row 484: Error parsing row — tuple indices must be integers or slices, not NoneType
[2025-08-20 15:59:18] ❌ Row 485: Error parsing row — tuple indices must be integers or slices, not NoneType
[2025-08-20 15:59:18] ❌ Row 486: Error parsing row — tuple indices must be integers or slices, not NoneType
[2025-08-20 15:59:18] ❌ Row 487: Error parsing row — tuple indices must be integers or slices, not NoneType
[2025-08-20 15:59:18] ⚠️ Row 488: Unparsable date/time → ''
[2025-08-20 15:59:18] ⚠️ Row 489: Unparsable date/time → ''
[2025-08-20 15:59:18] ⚠️ Row 490: Unparsable date/time → ''
[2025-08-20 15:59:18] ⚠️ Row 491: Unparsable date/time → ''
[2025-08-20 15:59:18] ⚠️ Row 492: Unparsable date/time → ''
[2025-08-20 15:59:18] ⚠️ Row 493: Unparsable date/time → ''
[2025-08-20 15:59:18] ⚠️ Row 494: Unparsable date/time → ''
[2025-08-20 15:59:18] ⚠️ Row 495: Unparsable date/time → ''
[2025-08-20 15:59:18] ⚠️ Row 496: Unparsable date/time → ''
[2025-08-20 15:59:18] ⚠️ Row 497: Unparsable date/time → ''
[2025-08-20 15:59:18] ⚠️ Row 498: Unparsable date/time → ''
[2025-08-20 15:59:18] ⚠️ Row 499: Unparsable date/time → ''
[2025-08-20 15:59:18] ⚠️ Row 500: Unparsable date/time → ''
[2025-08-20 15:59:18] ⚠️ Row 501: Unparsable date/time → ''
[2025-08-20 15:59:18] ⚠️ Row 502: Unparsable date/time → ''
[2025-08-20 15:59:18] ⚠️ Row 503: Unparsable date/time → ''
[2025-08-20 15:59:18] ⚠️ Row 504: Unparsable date/time → ''
[2025-08-20 15:59:18] ⚠️ Row 505: Unparsable date/time → ''
[2025-08-20 15:59:18] ⚠️ Row 506: Unparsable date/time → ''
[2025-08-20 15:59:18] ⚠️ Row 507: Unparsable date/time → ''
[2025-08-20 15:59:18] TA logic: Deposits = 0, Cashouts/Withdrawals = 0, Net = 0
[2025-08-20 15:59:18] ✅ Created Payment Summary with 0 rows.
[2025-08-20 15:59:18] ✅ Created Summary (Currency → Type → Date) with Excel formats.
[2025-08-20 15:59:18] ✅ Finished processing: TA_TA_Pokerstars.xlsx
