[2025-09-25 10:15:52] 🔗 Auto-tagged from SharePoint: Deal 40148
[2025-09-25 10:15:52] ➕ Added 1 file(s).
[2025-09-25 10:15:55] 📄 Processing TA_Adnan Transaction History.xlsx (Deal 40148) in calculation Mode...
[2025-09-25 10:15:59] ✔ Deposit sheets: ['Deposit Transaction History']
[2025-09-25 10:15:59] ✔ Cashout sheets: ['Deposit Transaction History']
[2025-09-25 10:15:59] ℹ️ Same sheet in both lists → will parse once as combined: ['Deposit Transaction History']
[2025-09-25 10:15:59] ✅ Detected header row at Excel row 1: ['Transaction ID', 'User', 'Created', 'Updated', 'Payment Method', 'Status', 'Currency', 'Transaction Amount', 'Initial', 'Credited', 'Settled', 'Refunded', 'Merchant']
[2025-09-25 10:15:59] 🔎 Header row 1: ['Transaction ID', 'User', 'Created', 'Updated', 'Payment Method', 'Status', 'Currency', 'Transaction Amount', 'Initial', 'Credited', 'Settled', 'Refunded', 'Merchant']
[2025-09-25 10:15:59] 🧭 Columns: amount=7, currency=6, type=None, ref_date=2, conf_date=10, status=5, gateway=4, descr=None, drcr=None
[2025-09-25 10:15:59] 🔎 row 2: ✅ accept → dt=1900-07-18 amt=200.00 sign=+1 curr=EUR label=Deposit (type/gateway/descr/drcr/sign) status='dep_settled'
[2025-09-25 10:15:59] 🔎 row 3: ✅ accept → dt=1900-01-14 amt=15.00 sign=+1 curr=EUR label=Deposit (type/gateway/descr/drcr/sign) status='dep_settled'
[2025-09-25 10:15:59] 🔎 row 4: ✅ accept → dt=1900-04-09 amt=100.00 sign=+1 curr=EUR label=Deposit (type/gateway/descr/drcr/sign) status='dep_settled'
[2025-09-25 10:15:59] 🔎 row 5: ✅ accept → dt=1900-04-09 amt=100.00 sign=+1 curr=EUR label=Deposit (type/gateway/descr/drcr/sign) status='dep_settled'
[2025-09-25 10:15:59] 🔎 row 6: ✅ accept → dt=1900-01-19 amt=20.00 sign=+1 curr=EUR label=Deposit (type/gateway/descr/drcr/sign) status='dep_settled'
[2025-09-25 10:15:59] 🔎 row 7: ✅ accept → dt=1900-02-18 amt=50.00 sign=+1 curr=EUR label=Deposit (type/gateway/descr/drcr/sign) status='dep_settled'
[2025-09-25 10:15:59] 🔎 row 8: ✅ accept → dt=1900-02-18 amt=50.00 sign=+1 curr=EUR label=Deposit (type/gateway/descr/drcr/sign) status='dep_settled'
[2025-09-25 10:15:59] 🔎 row 9: ✅ accept → dt=1900-02-18 amt=50.00 sign=+1 curr=EUR label=Deposit (type/gateway/descr/drcr/sign) status='dep_settled'
[2025-09-25 10:15:59] 🔎 row 10: ✅ accept → dt=1900-02-03 amt=35.00 sign=+1 curr=EUR label=Deposit (type/gateway/descr/drcr/sign) status='dep_settled'
[2025-09-25 10:15:59] 🔎 row 11: ✅ accept → dt=1900-02-18 amt=50.00 sign=+1 curr=EUR label=Deposit (type/gateway/descr/drcr/sign) status='dep_settled'
[2025-09-25 10:15:59] 🔎 row 12: ✅ accept → dt=1900-04-09 amt=100.00 sign=+1 curr=EUR label=Deposit (type/gateway/descr/drcr/sign) status='dep_settled'
[2025-09-25 10:15:59] 🔎 row 13: ✅ accept → dt=1900-02-18 amt=50.00 sign=+1 curr=EUR label=Deposit (type/gateway/descr/drcr/sign) status='dep_settled'
[2025-09-25 10:15:59] 🔎 row 14: ✅ accept → dt=1900-04-09 amt=100.00 sign=+1 curr=EUR label=Deposit (type/gateway/descr/drcr/sign) status='dep_settled'
[2025-09-25 10:15:59] 🔎 row 15: ✅ accept → dt=1900-04-09 amt=100.00 sign=+1 curr=EUR label=Deposit (type/gateway/descr/drcr/sign) status='dep_settled'
[2025-09-25 10:15:59] 🔎 row 16: ✅ accept → dt=1900-04-09 amt=100.00 sign=+1 curr=EUR label=Deposit (type/gateway/descr/drcr/sign) status='dep_settled'
[2025-09-25 10:15:59] 🔎 row 17: ✅ accept → dt=1900-04-09 amt=100.00 sign=+1 curr=EUR label=Deposit (type/gateway/descr/drcr/sign) status='dep_settled'
[2025-09-25 10:15:59] 🔎 row 18: ✅ accept → dt=1900-04-09 amt=100.00 sign=+1 curr=EUR label=Deposit (type/gateway/descr/drcr/sign) status='dep_settled'
[2025-09-25 10:15:59] 🔎 row 19: ✅ accept → dt=1900-04-09 amt=100.00 sign=+1 curr=EUR label=Deposit (type/gateway/descr/drcr/sign) status='dep_settled'
[2025-09-25 10:15:59] 🔎 row 20: ✅ accept → dt=1900-07-18 amt=200.00 sign=+1 curr=EUR label=Deposit (type/gateway/descr/drcr/sign) status='dep_settled'
[2025-09-25 10:15:59] 🔎 row 21: ✅ accept → dt=1900-07-18 amt=200.00 sign=+1 curr=EUR label=Deposit (type/gateway/descr/drcr/sign) status='dep_settled'
[2025-09-25 10:15:59] 🔎 row 22: ✅ accept → dt=1900-01-13 amt=14.00 sign=+1 curr=EUR label=Deposit (type/gateway/descr/drcr/sign) status='dep_settled'
[2025-09-25 10:15:59] 🔎 row 23: ✅ accept → dt=1900-04-09 amt=100.00 sign=+1 curr=EUR label=Deposit (type/gateway/descr/drcr/sign) status='dep_settled'
[2025-09-25 10:15:59] 🔎 row 24: ✅ accept → dt=1901-02-03 amt=400.00 sign=+1 curr=EUR label=Deposit (type/gateway/descr/drcr/sign) status='dep_settled'
[2025-09-25 10:15:59] 🔎 row 25: ✅ accept → dt=1900-04-09 amt=100.00 sign=+1 curr=EUR label=Deposit (type/gateway/descr/drcr/sign) status='dep_settled'
[2025-09-25 10:15:59] 🔎 row 26: ✅ accept → dt=1900-04-09 amt=100.00 sign=+1 curr=EUR label=Deposit (type/gateway/descr/drcr/sign) status='dep_settled'
[2025-09-25 10:15:59] 🔎 row 27: ✅ accept → dt=1900-07-18 amt=200.00 sign=+1 curr=EUR label=Deposit (type/gateway/descr/drcr/sign) status='dep_settled'
[2025-09-25 10:15:59] 🔎 row 28: ✅ accept → dt=1900-07-18 amt=200.00 sign=+1 curr=EUR label=Deposit (type/gateway/descr/drcr/sign) status='dep_settled'
[2025-09-25 10:15:59] 🔎 row 29: ✅ accept → dt=1900-07-18 amt=200.00 sign=+1 curr=EUR label=Deposit (type/gateway/descr/drcr/sign) status='dep_settled'
[2025-09-25 10:15:59] 🔎 row 30: ✅ accept → dt=1900-04-09 amt=100.00 sign=+1 curr=EUR label=Deposit (type/gateway/descr/drcr/sign) status='dep_settled'
[2025-09-25 10:15:59] 🔎 row 31: ✅ accept → dt=1900-07-18 amt=200.00 sign=+1 curr=EUR label=Deposit (type/gateway/descr/drcr/sign) status='dep_settled'
[2025-09-25 10:15:59] 🔎 row 32: ✅ accept → dt=1900-10-26 amt=300.00 sign=+1 curr=EUR label=Deposit (type/gateway/descr/drcr/sign) status='dep_settled'
[2025-09-25 10:15:59] 🔎 row 33: ✅ accept → dt=1900-04-09 amt=100.00 sign=+1 curr=EUR label=Deposit (type/gateway/descr/drcr/sign) status='dep_settled'
[2025-09-25 10:15:59] 🔎 row 34: ✅ accept → dt=1900-07-18 amt=200.00 sign=+1 curr=EUR label=Deposit (type/gateway/descr/drcr/sign) status='dep_settled'
[2025-09-25 10:15:59] 🔎 row 35: ✅ accept → dt=1900-07-18 amt=200.00 sign=+1 curr=EUR label=Deposit (type/gateway/descr/drcr/sign) status='dep_settled'
[2025-09-25 10:15:59] 🔎 row 36: ✅ accept → dt=1900-07-18 amt=200.00 sign=+1 curr=EUR label=Deposit (type/gateway/descr/drcr/sign) status='dep_settled'
[2025-09-25 10:15:59] 🔎 row 37: ✅ accept → dt=1900-07-18 amt=200.00 sign=+1 curr=EUR label=Deposit (type/gateway/descr/drcr/sign) status='dep_settled'
[2025-09-25 10:15:59] 🔎 row 38: ✅ accept → dt=1900-02-18 amt=50.00 sign=+1 curr=EUR label=Deposit (type/gateway/descr/drcr/sign) status='dep_settled'
[2025-09-25 10:15:59] 🔎 row 39: ✅ accept → dt=1900-02-18 amt=50.00 sign=+1 curr=EUR label=Deposit (type/gateway/descr/drcr/sign) status='dep_settled'
[2025-09-25 10:15:59] 🔎 row 40: ✅ accept → dt=1900-01-04 amt=5.00 sign=+1 curr=EUR label=Deposit (type/gateway/descr/drcr/sign) status='dep_settled'
[2025-09-25 10:15:59] 🔎 row 41: ✅ accept → dt=1901-05-14 amt=500.00 sign=+1 curr=EUR label=Deposit (type/gateway/descr/drcr/sign) status='dep_settled'
[2025-09-25 10:15:59] 🔎 row 42: ✅ accept → dt=1901-05-14 amt=500.00 sign=+1 curr=EUR label=Deposit (type/gateway/descr/drcr/sign) status='dep_settled'
[2025-09-25 10:15:59] 🔎 row 43: ✅ accept → dt=1900-04-09 amt=100.00 sign=+1 curr=EUR label=Deposit (type/gateway/descr/drcr/sign) status='dep_settled'
[2025-09-25 10:15:59] 🔎 row 44: ✅ accept → dt=1900-04-09 amt=100.00 sign=+1 curr=EUR label=Deposit (type/gateway/descr/drcr/sign) status='dep_settled'
[2025-09-25 10:15:59] 🔎 row 45: ✅ accept → dt=1900-03-15 amt=75.00 sign=+1 curr=EUR label=Deposit (type/gateway/descr/drcr/sign) status='dep_settled'
[2025-09-25 10:15:59] 🔎 row 46: ✅ accept → dt=1900-07-18 amt=200.00 sign=+1 curr=EUR label=Deposit (type/gateway/descr/drcr/sign) status='dep_settled'
[2025-09-25 10:15:59] 🔎 row 47: ✅ accept → dt=1900-09-06 amt=250.00 sign=+1 curr=EUR label=Deposit (type/gateway/descr/drcr/sign) status='dep_settled'
[2025-09-25 10:15:59] 🔎 row 48: ✅ accept → dt=1900-10-26 amt=300.00 sign=+1 curr=EUR label=Deposit (type/gateway/descr/drcr/sign) status='dep_settled'
[2025-09-25 10:15:59] 🔎 row 49: ✅ accept → dt=1900-07-18 amt=200.00 sign=+1 curr=EUR label=Deposit (type/gateway/descr/drcr/sign) status='dep_settled'
[2025-09-25 10:15:59] 🔎 row 50: ✅ accept → dt=1901-05-14 amt=500.00 sign=+1 curr=EUR label=Deposit (type/gateway/descr/drcr/sign) status='dep_settled'
[2025-09-25 10:15:59] 🔎 row 51: ✅ accept → dt=1900-01-09 amt=10.00 sign=+1 curr=EUR label=Deposit (type/gateway/descr/drcr/sign) status='dep_settled'
[2025-09-25 10:15:59] 🔎 row 52: ✅ accept → dt=1900-01-28 amt=29.00 sign=+1 curr=EUR label=Deposit (type/gateway/descr/drcr/sign) status='dep_settled'
