[2025-09-02 15:01:03] Cleared all files.
[2025-09-02 15:01:13] ➕ Added 1 file(s).
[2025-09-02 15:01:14] 📄 Processing TA_DSAR - jamaltarifit (bwin.com).xlsx in calculation Mode...
[2025-09-02 15:01:20] ✔ Deposit sheets: ['Deposits']
[2025-09-02 15:01:20] ✔ Cashout sheets: ['Cashouts']
[2025-09-02 15:01:20] TA logic: Deposits = 8584.0, Cashouts = 9373.8, Net = -789.7999999999993
[2025-09-02 15:01:20] ✅ Created Payment Summary with 75 rows.
[2025-09-02 15:01:20] ✅ Created styled Summary (Currency → Type → Year) with title row.
[2025-09-02 15:01:20] ✅ Created 'Payment Summary EUR' (0 USD rows converted).
[2025-09-02 15:01:20] ✅ Created 'Summary EUR' (pivot-style Currency → Type → Year).
[2025-09-02 15:01:20] ✅ Finished processing: TA_DSAR - jamaltarifit (bwin.com).xlsx
[2025-09-02 15:01:30] Cleared all files.
[2025-09-02 15:01:51] ➕ Added 1 file(s).
[2025-09-02 15:01:53] 📄 Processing TA_Financial History Niels Feijen Unibet.xlsx in calculation Mode...
[2025-09-02 15:01:57] ✔ Deposit sheets: ['Transaction History']
[2025-09-02 15:01:57] ✔ Cashout sheets: ['Transaction History']
[2025-09-02 15:01:57] ℹ️ Same sheet in both lists → will parse once as combined: ['Transaction History']
[2025-09-02 15:01:57] ⚠️ No distinct header row found (scanned 758 rows).
[2025-09-02 15:01:57] 🧭 Columns: amount=3, currency=4, type=None, ref_date=None, conf_date=2, status=None
[2025-09-02 15:01:57] 🧮 Labeling: Deposit labeled=756, Redeem labeled=0; accepted → Deposit=756, Redeem=0; rejected by status → Deposit=0, Redeem=0
[2025-09-02 15:01:57] TA logic: Deposits = 69728.36, Cashouts = 0, Net = 69728.36
[2025-09-02 15:01:57] ✅ Created Payment Summary with 756 rows.
[2025-09-02 15:01:57] ✅ Created styled Summary (Currency → Type → Year) with title row.
[2025-09-02 15:01:57] ✅ Created 'Payment Summary EUR' (0 USD rows converted).
[2025-09-02 15:01:57] ✅ Created 'Summary EUR' (pivot-style Currency → Type → Year).
[2025-09-02 15:01:57] ✅ Finished processing: TA_Financial History Niels Feijen Unibet.xlsx
