[2025-08-25 11:57:13] Cleared all files.
[2025-08-25 11:57:21] ➕ Added 1 file(s).
[2025-08-25 11:57:26] Cleared all selected files.
[2025-08-25 11:57:34] 📎 Added file from Deal 44458: TA_DSAR - jamaltarifit (premium.com).xlsx
[2025-08-25 11:57:41] 📎 Added file from Deal 44458: TA_DSAR - jamaltarifit (bwin.com).xlsx
[2025-08-25 11:57:42] 📄 Processing TA_DSAR - jamaltarifit (premium.com).xlsx in calculation Mode...
[2025-08-25 11:57:47] ✔ Deposit sheets: ['Deposits']
[2025-08-25 11:57:47] ✔ Cashout sheets: ['Cashouts']
[2025-08-25 11:57:48] TA logic: Deposits = 95200.0, Cashouts = 107000.6, Net = -11800.600000000006
[2025-08-25 11:57:48] ✅ Created Payment Summary with 512 rows.
[2025-08-25 11:57:48] ✅ Created styled Summary (Currency → Type → Year) with title row.
[2025-08-25 11:57:48] ✅ Finished processing: TA_DSAR - jamaltarifit (premium.com).xlsx
[2025-08-25 11:57:48] 📄 Processing TA_DSAR - jamaltarifit (bwin.com).xlsx in calculation Mode...
[2025-08-25 11:57:54] ✔ Deposit sheets: ['Deposits', 'Deposits Archived']
[2025-08-25 11:57:54] ✔ Cashout sheets: ['Cashouts', 'Cashouts Archived']
[2025-08-25 11:57:54] ❌ No recognizable amount column (looking for Credited/Txn Amount/Amount/Initial/Net).
[2025-08-25 11:57:54] ❌ No recognizable amount column (looking for Credited/Txn Amount/Amount/Initial/Net).
[2025-08-25 11:57:54] TA logic: Deposits = 8584.0, Cashouts = 9373.8, Net = -789.7999999999993
[2025-08-25 11:57:54] ✅ Created Payment Summary with 75 rows.
[2025-08-25 11:57:54] ✅ Created styled Summary (Currency → Type → Year) with title row.
[2025-08-25 11:57:54] ✅ Finished processing: TA_DSAR - jamaltarifit (bwin.com).xlsx
