[2025-09-24 16:40:01] 🚫 IT: 'Checked' note for 21677 — dropping.
[2025-09-24 16:40:01]     ↳ first line: Checked (28.02.2025)
[2025-09-24 16:40:01]     ↳ preview: Checked (28.02.2025)
[2025-09-24 16:40:01] 🚫 IT: 'Checked' note for 21678 — dropping.
[2025-09-24 16:40:01]     ↳ first line: Checked (28.02.2025)
[2025-09-24 16:40:01]     ↳ preview: Checked (28.02.2025)  Amount is below 1000 EUR
[2025-09-24 16:40:01] 🚫 IT: 'Checked' note for 21679 — dropping.
[2025-09-24 16:40:01]     ↳ first line: Checked (28.02.2025)
[2025-09-24 16:40:01]     ↳ preview: Checked (28.02.2025)
[2025-09-24 16:40:03] 🚫 IT: 'Checked' note for 21684 — dropping.
[2025-09-24 16:40:03]     ↳ first line: Checked (28.02.2025)
[2025-09-24 16:40:03]     ↳ preview: Checked (28.02.2025)  Amount is below 1000 EUR
[2025-09-24 16:40:04] 🚫 IT: 'Checked' note for 21687 — dropping.
[2025-09-24 16:40:04]     ↳ first line: Checked (28.02.2025)
[2025-09-24 16:40:04]     ↳ preview: Checked (28.02.2025)  Amount is below 1000 EUR
[2025-09-24 16:40:05] 🚫 IT: 'Checked' note for 8439 — dropping.
[2025-09-24 16:40:05]     ↳ first line: Checked (24.02.2025)
[2025-09-24 16:40:05]     ↳ preview: Checked (24.02.2025)
[2025-09-24 16:40:05] 🚫 IT: 'Checked' note for 15373 — dropping.
[2025-09-24 16:40:05]     ↳ first line: Checked (28.02.2025)
[2025-09-24 16:40:05]     ↳ preview: Checked (28.02.2025)
[2025-09-24 16:40:05] 🚫 IT: 'Checked' note for 18588 — dropping.
[2025-09-24 16:40:05]     ↳ first line: Checked (7.7.2025)
[2025-09-24 16:40:05]     ↳ preview: Checked (7.7.2025)
[2025-09-24 16:40:09] 🚫 IT: 'Checked' note for 27923 — dropping.
[2025-09-24 16:40:09]     ↳ first line: Checked (28.02.2025)
[2025-09-24 16:40:09]     ↳ preview: Checked (28.02.2025)
[2025-09-24 16:40:09] 🚫 IT: 'Checked' note for 3631 — dropping.
[2025-09-24 16:40:09]     ↳ first line: Checked (24.02.2025)
[2025-09-24 16:40:09]     ↳ preview: Checked (24.02.2025)
[2025-09-24 16:40:09] 🚫 IT: 'Checked' note for 12866 — dropping.
[2025-09-24 16:40:09]     ↳ first line: Checked (27.02.2025)
[2025-09-24 16:40:09]     ↳ preview: Checked (27.02.2025)
[2025-09-24 16:40:13] 🚫 IT: 'Checked' note for 5505 — dropping.
[2025-09-24 16:40:13]     ↳ first line: Checked (24.02.2025)
[2025-09-24 16:40:13]     ↳ preview: Checked (24.02.2025)  Amount is below 1000 EUR
[2025-09-24 16:40:13] 🚫 IT: 'Checked' note for 5507 — dropping.
[2025-09-24 16:40:13]     ↳ first line: Checked (24.02.2025)
[2025-09-24 16:40:13]     ↳ preview: Checked (24.02.2025)
[2025-09-24 16:40:16] 🚫 IT: 'Checked' note for 5636 — dropping.
[2025-09-24 16:40:16]     ↳ first line: Checked (24.02.2025)
[2025-09-24 16:40:16]     ↳ preview: Checked (24.02.2025)
[2025-09-24 16:40:16] 🚫 IT: 'Checked' note for 15068 — dropping.
[2025-09-24 16:40:16]     ↳ first line: Checked (27.02.2025)
[2025-09-24 16:40:16]     ↳ preview: Checked (27.02.2025)
[2025-09-24 16:40:18] 🚫 IT: 'Checked' note for 29952 — dropping.
[2025-09-24 16:40:18]     ↳ first line: Checked (28.02.2025)
[2025-09-24 16:40:18]     ↳ preview: Checked (28.02.2025)
[2025-09-24 16:40:18] 🚫 IT: 'Checked' note for 40804 — dropping.
[2025-09-24 16:40:18]     ↳ first line: Checked (7.7.2025)
[2025-09-24 16:40:18]     ↳ preview: Checked (7.7.2025)
[2025-09-24 16:40:23] 🚫 IT: 'Checked' note for 4062 — dropping.
[2025-09-24 16:40:23]     ↳ first line: Checked (24.02.2025)
[2025-09-24 16:40:23]     ↳ preview: Checked (24.02.2025)
[2025-09-24 16:40:28] 🚫 SP: Checked_* file(s) present for 5571 — dropping. Samples: Checked_IB_Bobcasino_Roy Timmermans.xlsx
[2025-09-24 16:40:28] 🚫 IT: 'Checked' note for 7175 — dropping.
[2025-09-24 16:40:28]     ↳ first line: Checked (24.02.2025)
[2025-09-24 16:40:28]     ↳ preview: Checked (24.02.2025)
[2025-09-24 16:40:28] 🚫 IT: 'Checked' note for 9698 — dropping.
[2025-09-24 16:40:28]     ↳ first line: Checked (25.02.2025)
[2025-09-24 16:40:28]     ↳ preview: Checked (25.02.2025)
[2025-09-24 16:40:28] 🚫 IT: 'Checked' note for 24744 — dropping.
[2025-09-24 16:40:28]     ↳ first line: Checked (17.03.2025)
[2025-09-24 16:40:28]     ↳ preview: Checked (17.03.2025)
[2025-09-24 16:40:28] 🚫 IT: 'Checked' note for 32235 — dropping.
[2025-09-24 16:40:28]     ↳ first line: Checked (28.02.2025)
[2025-09-24 16:40:28]     ↳ preview: Checked (28.02.2025)
[2025-09-24 16:40:28] 🚫 IT: 'Checked' note for 2576 — dropping.
[2025-09-24 16:40:28]     ↳ first line: Checked (10.03.2025)
[2025-09-24 16:40:28]     ↳ preview: Checked (10.03.2025)
[2025-09-24 16:40:28] 🚫 IT: 'Checked' note for 3026 — dropping.
[2025-09-24 16:40:28]     ↳ first line: Checked (10.03.2025)
[2025-09-24 16:40:28]     ↳ preview: Checked (10.03.2025)
[2025-09-24 16:40:28] 🚫 IT: 'Checked' note for 3990 — dropping.
[2025-09-24 16:40:28]     ↳ first line: Checked (25.02.2025)
[2025-09-24 16:40:28]     ↳ preview: Checked (25.02.2025)
[2025-09-24 16:40:33] 🚫 IT: 'Checked' note for 8059 — dropping.
[2025-09-24 16:40:33]     ↳ first line: Checked (24.02.2025)
[2025-09-24 16:40:33]     ↳ preview: Checked (24.02.2025)  Amount is below 1000 EUR
[2025-09-24 16:40:38] 🚫 IT: 'Checked' note for 8084 — dropping.
[2025-09-24 16:40:38]     ↳ first line: Checked (24.02.2025)
[2025-09-24 16:40:38]     ↳ preview: Checked (24.02.2025)
[2025-09-24 16:40:38] 🚫 IT: 'Checked' note for 8376 — dropping.
[2025-09-24 16:40:38]     ↳ first line: Checked (24.02.2025)
[2025-09-24 16:40:38]     ↳ preview: Checked (24.02.2025)  Amount is below 1000 EUR
[2025-09-24 16:40:38] 🚫 IT: 'Checked' note for 11356 — dropping.
[2025-09-24 16:40:38]     ↳ first line: Checked (27.02.2025)
[2025-09-24 16:40:38]     ↳ preview: Checked (27.02.2025)
[2025-09-24 16:40:41] 🚫 IT: 'Checked' note for 21218 — dropping.
[2025-09-24 16:40:41]     ↳ first line: Checked (28.02.2025)
[2025-09-24 16:40:41]     ↳ preview: Checked (28.02.2025)
[2025-09-24 16:40:43] 🚫 IT: 'Checked' note for 29214 — dropping.
[2025-09-24 16:40:43]     ↳ first line: Checked (28.02.2025)
[2025-09-24 16:40:43]     ↳ preview: Checked (28.02.2025)
[2025-09-24 16:40:43] 🚫 IT: 'Checked' note for 30101 — dropping.
[2025-09-24 16:40:43]     ↳ first line: Checked (28.02.2025)
[2025-09-24 16:40:43]     ↳ preview: Checked (28.02.2025)
[2025-09-24 16:40:46] 🚫 IT: 'Checked' note for 9866 — dropping.
[2025-09-24 16:40:46]     ↳ first line: Checked (24.02.2025)
[2025-09-24 16:40:46]     ↳ preview: Checked (24.02.2025)  Amount is below 1000 EUR
[2025-09-24 16:40:46] 🚫 IT: 'Checked' note for 9974 — dropping.
[2025-09-24 16:40:46]     ↳ first line: Checked (24.02.2025)
[2025-09-24 16:40:46]     ↳ preview: Checked (24.02.2025)
[2025-09-24 16:40:46] 🚫 IT: 'Checked' note for 10044 — dropping.
[2025-09-24 16:40:46]     ↳ first line: Checked (24.02.2025)
[2025-09-24 16:40:46]     ↳ preview: Checked (24.02.2025)
[2025-09-24 16:40:46] 🚫 IT: 'Checked' note for 12112 — dropping.
[2025-09-24 16:40:46]     ↳ first line: Checked (27.02.2025)
[2025-09-24 16:40:46]     ↳ preview: Checked (27.02.2025)
[2025-09-24 16:40:47] 🚫 IT: 'Checked' note for 16251 — dropping.
[2025-09-24 16:40:47]     ↳ first line: Checked (28.02.2025)
[2025-09-24 16:40:47]     ↳ preview: Checked (28.02.2025)  Amount is below 1000 EUR
[2025-09-24 16:40:47] 🚫 IT: 'Checked' note for 16318 — dropping.
[2025-09-24 16:40:47]     ↳ first line: Checked (28.02.2025)
[2025-09-24 16:40:47]     ↳ preview: Checked (28.02.2025)
[2025-09-24 16:40:47] 🚫 IT: 'Checked' note for 17822 — dropping.
[2025-09-24 16:40:47]     ↳ first line: Checked (28.02.2025)
[2025-09-24 16:40:47]     ↳ preview: Checked (28.02.2025)
[2025-09-24 16:40:47] 🚫 IT: 'Checked' note for 20256 — dropping.
[2025-09-24 16:40:47]     ↳ first line: Checked (28.02.2025)
[2025-09-24 16:40:47]     ↳ preview: Checked (28.02.2025)
[2025-09-24 16:40:47] 🚫 IT: 'Checked' note for 22839 — dropping.
[2025-09-24 16:40:47]     ↳ first line: Checked (28.02.2025)
[2025-09-24 16:40:47]     ↳ preview: Checked (28.02.2025)
[2025-09-24 16:40:47] 🚫 IT: 'Checked' note for 25746 — dropping.
[2025-09-24 16:40:47]     ↳ first line: Checked (28.02.2025)
[2025-09-24 16:40:47]     ↳ preview: Checked (28.02.2025)
[2025-09-24 16:40:47] 🚫 IT: 'Checked' note for 25816 — dropping.
[2025-09-24 16:40:47]     ↳ first line: Checked (28.02.2025)
[2025-09-24 16:40:47]     ↳ preview: Checked (28.02.2025)
[2025-09-24 16:40:49] 🚫 IT: 'Checked' note for 27330 — dropping.
[2025-09-24 16:40:49]     ↳ first line: Checked (28.02.2025)
[2025-09-24 16:40:49]     ↳ preview: Checked (28.02.2025)
[2025-09-24 16:40:49] 🚫 IT: 'Checked' note for 32048 — dropping.
[2025-09-24 16:40:49]     ↳ first line: Checked (7.7.2025)
[2025-09-24 16:40:49]     ↳ preview: Checked (7.7.2025)
[2025-09-24 16:40:49] 🚫 IT: 'Checked' note for 45549 — dropping.
[2025-09-24 16:40:49]     ↳ first line: Checked (7.7.2025)
[2025-09-24 16:40:49]     ↳ preview: Checked (7.7.2025)
[2025-09-24 16:40:53] 🚫 IT: 'Checked' note for 15575 — dropping.
[2025-09-24 16:40:53]     ↳ first line: Checked (28.02.2025)
[2025-09-24 16:40:53]     ↳ preview: Checked (28.02.2025)
[2025-09-24 16:40:53] 🚫 IT: 'Checked' note for 2442 — dropping.
[2025-09-24 16:40:53]     ↳ first line: Checked (2.20.2025)
[2025-09-24 16:40:53]     ↳ preview: Checked (2.20.2025)
[2025-09-24 16:40:53] 🚫 IT: 'Checked' note for 2446 — dropping.
[2025-09-24 16:40:53]     ↳ first line: Checked (7.7.2025)
[2025-09-24 16:40:53]     ↳ preview: Checked (7.7.2025)
[2025-09-24 16:40:53] 🚫 IT: 'Checked' note for 2447 — dropping.
[2025-09-24 16:40:53]     ↳ first line: Checked (2.20.2025)
[2025-09-24 16:40:53]     ↳ preview: Checked (2.20.2025)  Amount is below 1.000 EUR
[2025-09-24 16:40:55] 🚫 IT: 'Checked' note for 2451 — dropping.
[2025-09-24 16:40:55]     ↳ first line: Checked (2.20.2025)
[2025-09-24 16:40:55]     ↳ preview: Checked (2.20.2025)  Amount is below than 1000 EUR
[2025-09-24 16:40:55] 🚫 IT: 'Checked' note for 4822 — dropping.
[2025-09-24 16:40:55]     ↳ first line: Checked (24.02.2025)
[2025-09-24 16:40:55]     ↳ preview: Checked (24.02.2025)  Amount is below 1000 EUR
[2025-09-24 16:40:55] 🚫 IT: 'Checked' note for 7171 — dropping.
[2025-09-24 16:40:55]     ↳ first line: Checked (24.02.2025)
[2025-09-24 16:40:55]     ↳ preview: Checked (24.02.2025)
[2025-09-24 16:40:55] 🚫 IT: 'Checked' note for 13167 — dropping.
[2025-09-24 16:40:55]     ↳ first line: Checked (27.02.2025)
[2025-09-24 16:40:55]     ↳ preview: Checked (27.02.2025)  Amount is below 1000 EUR
[2025-09-24 16:40:55] 🚫 SP: Checked_* file(s) present for 13202 — dropping. Samples: Checked_IB_Duxcasino_Michael De vries.xlsx
[2025-09-24 16:40:55] 🚫 IT: 'Checked' note for 13509 — dropping.
[2025-09-24 16:40:55]     ↳ first line: Checked (27.02.2025)
[2025-09-24 16:40:55]     ↳ preview: Checked (27.02.2025)  Amount is below 1000 EUR
[2025-09-24 16:40:55] 🚫 IT: 'Checked' note for 15176 — dropping.
[2025-09-24 16:40:55]     ↳ first line: Checked (28.02.2025)
[2025-09-24 16:40:55]     ↳ preview: Checked (28.02.2025)  Amount is below 1000 EUR
[2025-09-24 16:40:55] 🚫 IT: 'Checked' note for 20942 — dropping.
[2025-09-24 16:40:55]     ↳ first line: Checked (28.02.2025)
[2025-09-24 16:40:55]     ↳ preview: Checked (28.02.2025)  Amount is below 1000 EUR
[2025-09-24 16:40:55] 🚫 IT: 'Checked' note for 21477 — dropping.
[2025-09-24 16:40:55]     ↳ first line: Checked (28.02.2025)
[2025-09-24 16:40:55]     ↳ preview: Checked (28.02.2025)  Amount is below 1000 EUR
[2025-09-24 16:40:55] 🚫 IT: 'Checked' note for 25253 — dropping.
[2025-09-24 16:40:55]     ↳ first line: Checked (28.02.2025)
[2025-09-24 16:40:55]     ↳ preview: Checked (28.02.2025)
[2025-09-24 16:40:56] 🚫 IT: 'Checked' note for 30247 — dropping.
[2025-09-24 16:40:56]     ↳ first line: Checked (28.02.2025)
[2025-09-24 16:40:56]     ↳ preview: Checked (28.02.2025)
