[2025-09-24 10:11:02] 🚫 IT: 'Checked' note for 8084 — dropping.
[2025-09-24 10:11:02]     ↳ first line: Checked (24.02.2025)
[2025-09-24 10:11:02]     ↳ preview: Checked (24.02.2025)
[2025-09-24 10:11:02] 🚫 IT: 'Checked' note for 8376 — dropping.
[2025-09-24 10:11:03]     ↳ first line: Checked (24.02.2025)
[2025-09-24 10:11:03]     ↳ preview: Checked (24.02.2025)  Amount is below 1000 EUR
[2025-09-24 10:11:03] 🚫 IT: 'Checked' note for 11356 — dropping.
[2025-09-24 10:11:03]     ↳ first line: Checked (27.02.2025)
[2025-09-24 10:11:03]     ↳ preview: Checked (27.02.2025)
[2025-09-24 10:11:05] 🚫 IT: 'Checked' note for 21218 — dropping.
[2025-09-24 10:11:05]     ↳ first line: Checked (28.02.2025)
[2025-09-24 10:11:05]     ↳ preview: Checked (28.02.2025)
[2025-09-24 10:11:07] 🚫 IT: 'Checked' note for 29214 — dropping.
[2025-09-24 10:11:07]     ↳ first line: Checked (28.02.2025)
[2025-09-24 10:11:07]     ↳ preview: Checked (28.02.2025)
[2025-09-24 10:11:07] 🚫 IT: 'Checked' note for 30101 — dropping.
[2025-09-24 10:11:07]     ↳ first line: Checked (28.02.2025)
[2025-09-24 10:11:07]     ↳ preview: Checked (28.02.2025)
[2025-09-24 10:11:10] 🚫 IT: 'Checked' note for 9866 — dropping.
[2025-09-24 10:11:10]     ↳ first line: Checked (24.02.2025)
[2025-09-24 10:11:10]     ↳ preview: Checked (24.02.2025)  Amount is below 1000 EUR
[2025-09-24 10:11:10] 🚫 IT: 'Checked' note for 9974 — dropping.
[2025-09-24 10:11:10]     ↳ first line: Checked (24.02.2025)
[2025-09-24 10:11:10]     ↳ preview: Checked (24.02.2025)
[2025-09-24 10:11:10] 🚫 IT: 'Checked' note for 10044 — dropping.
[2025-09-24 10:11:10]     ↳ first line: Checked (24.02.2025)
[2025-09-24 10:11:10]     ↳ preview: Checked (24.02.2025)
[2025-09-24 10:11:10] 🚫 IT: 'Checked' note for 12112 — dropping.
[2025-09-24 10:11:10]     ↳ first line: Checked (27.02.2025)
[2025-09-24 10:11:10]     ↳ preview: Checked (27.02.2025)
[2025-09-24 10:11:11] 🚫 IT: 'Checked' note for 16251 — dropping.
[2025-09-24 10:11:11]     ↳ first line: Checked (28.02.2025)
[2025-09-24 10:11:11]     ↳ preview: Checked (28.02.2025)  Amount is below 1000 EUR
[2025-09-24 10:11:11] 🚫 IT: 'Checked' note for 16318 — dropping.
[2025-09-24 10:11:11]     ↳ first line: Checked (28.02.2025)
[2025-09-24 10:11:11]     ↳ preview: Checked (28.02.2025)
[2025-09-24 10:11:11] 🚫 IT: 'Checked' note for 17822 — dropping.
[2025-09-24 10:11:11]     ↳ first line: Checked (28.02.2025)
[2025-09-24 10:11:11]     ↳ preview: Checked (28.02.2025)
[2025-09-24 10:11:11] 🚫 IT: 'Checked' note for 20256 — dropping.
[2025-09-24 10:11:11]     ↳ first line: Checked (28.02.2025)
[2025-09-24 10:11:11]     ↳ preview: Checked (28.02.2025)
[2025-09-24 10:11:11] 🚫 IT: 'Checked' note for 22839 — dropping.
[2025-09-24 10:11:11]     ↳ first line: Checked (28.02.2025)
[2025-09-24 10:11:11]     ↳ preview: Checked (28.02.2025)
[2025-09-24 10:11:11] 🚫 IT: 'Checked' note for 25746 — dropping.
[2025-09-24 10:11:11]     ↳ first line: Checked (28.02.2025)
[2025-09-24 10:11:11]     ↳ preview: Checked (28.02.2025)
[2025-09-24 10:11:11] 🚫 IT: 'Checked' note for 25816 — dropping.
[2025-09-24 10:11:11]     ↳ first line: Checked (28.02.2025)
[2025-09-24 10:11:11]     ↳ preview: Checked (28.02.2025)
[2025-09-24 10:11:13] 🚫 IT: 'Checked' note for 27330 — dropping.
[2025-09-24 10:11:13]     ↳ first line: Checked (28.02.2025)
[2025-09-24 10:11:13]     ↳ preview: Checked (28.02.2025)
[2025-09-24 10:11:13] 🚫 IT: 'Checked' note for 32048 — dropping.
[2025-09-24 10:11:13]     ↳ first line: Checked (7.7.2025)
[2025-09-24 10:11:13]     ↳ preview: Checked (7.7.2025)
[2025-09-24 10:11:13] 🚫 IT: 'Checked' note for 45549 — dropping.
[2025-09-24 10:11:13]     ↳ first line: Checked (7.7.2025)
[2025-09-24 10:11:13]     ↳ preview: Checked (7.7.2025)
[2025-09-24 10:11:17] 🚫 IT: 'Checked' note for 15575 — dropping.
[2025-09-24 10:11:17]     ↳ first line: Checked (28.02.2025)
[2025-09-24 10:11:17]     ↳ preview: Checked (28.02.2025)
[2025-09-24 10:11:17] 🚫 IT: 'Checked' note for 2442 — dropping.
[2025-09-24 10:11:17]     ↳ first line: Checked (2.20.2025)
[2025-09-24 10:11:17]     ↳ preview: Checked (2.20.2025)
[2025-09-24 10:11:17] 🚫 IT: 'Checked' note for 2446 — dropping.
[2025-09-24 10:11:17]     ↳ first line: Checked (7.7.2025)
[2025-09-24 10:11:17]     ↳ preview: Checked (7.7.2025)
[2025-09-24 10:11:17] 🚫 IT: 'Checked' note for 2447 — dropping.
[2025-09-24 10:11:17]     ↳ first line: Checked (2.20.2025)
[2025-09-24 10:11:17]     ↳ preview: Checked (2.20.2025)  Amount is below 1.000 EUR
[2025-09-24 10:11:18] 🚫 IT: 'Checked' note for 2451 — dropping.
[2025-09-24 10:11:18]     ↳ first line: Checked (2.20.2025)
[2025-09-24 10:11:18]     ↳ preview: Checked (2.20.2025)  Amount is below than 1000 EUR
[2025-09-24 10:11:18] 🚫 IT: 'Checked' note for 4822 — dropping.
[2025-09-24 10:11:18]     ↳ first line: Checked (24.02.2025)
[2025-09-24 10:11:18]     ↳ preview: Checked (24.02.2025)  Amount is below 1000 EUR
[2025-09-24 10:11:18] 🚫 IT: 'Checked' note for 7171 — dropping.
[2025-09-24 10:11:18]     ↳ first line: Checked (24.02.2025)
[2025-09-24 10:11:18]     ↳ preview: Checked (24.02.2025)
[2025-09-24 10:11:18] 🚫 IT: 'Checked' note for 13167 — dropping.
[2025-09-24 10:11:18]     ↳ first line: Checked (27.02.2025)
[2025-09-24 10:11:18]     ↳ preview: Checked (27.02.2025)  Amount is below 1000 EUR
[2025-09-24 10:11:19] 🚫 SP: Checked_* file(s) present for 13202 — dropping. Samples: Checked_IB_Duxcasino_Michael De vries.xlsx
[2025-09-24 10:11:19] 🚫 IT: 'Checked' note for 13509 — dropping.
[2025-09-24 10:11:19]     ↳ first line: Checked (27.02.2025)
[2025-09-24 10:11:19]     ↳ preview: Checked (27.02.2025)  Amount is below 1000 EUR
[2025-09-24 10:11:19] 🚫 IT: 'Checked' note for 15176 — dropping.
[2025-09-24 10:11:19]     ↳ first line: Checked (28.02.2025)
[2025-09-24 10:11:19]     ↳ preview: Checked (28.02.2025)  Amount is below 1000 EUR
[2025-09-24 10:11:19] 🚫 IT: 'Checked' note for 20942 — dropping.
[2025-09-24 10:11:19]     ↳ first line: Checked (28.02.2025)
[2025-09-24 10:11:19]     ↳ preview: Checked (28.02.2025)  Amount is below 1000 EUR
[2025-09-24 10:11:19] 🚫 IT: 'Checked' note for 21477 — dropping.
[2025-09-24 10:11:19]     ↳ first line: Checked (28.02.2025)
[2025-09-24 10:11:19]     ↳ preview: Checked (28.02.2025)  Amount is below 1000 EUR
[2025-09-24 10:11:19] 🚫 IT: 'Checked' note for 25253 — dropping.
[2025-09-24 10:11:19]     ↳ first line: Checked (28.02.2025)
[2025-09-24 10:11:19]     ↳ preview: Checked (28.02.2025)
[2025-09-24 10:11:20] 🚫 IT: 'Checked' note for 30247 — dropping.
[2025-09-24 10:11:20]     ↳ first line: Checked (28.02.2025)
[2025-09-24 10:11:20]     ↳ preview: Checked (28.02.2025)
[2025-09-24 10:11:30] 🚫 IT: 'Checked' note for 28624 — dropping.
[2025-09-24 10:11:30]     ↳ first line: Checked (28.02.2025)
[2025-09-24 10:11:30]     ↳ preview: Checked (28.02.2025)
[2025-09-24 10:11:30] 🚫 IT: 'Checked' note for 3262 — dropping.
[2025-09-24 10:11:30]     ↳ first line: Checked (2.24.2025)
[2025-09-24 10:11:30]     ↳ preview: Checked (2.24.2025)  Amount is Below 1000 EUR
[2025-09-24 10:11:34] 🚫 IT: 'Checked' note for 10024 — dropping.
[2025-09-24 10:11:34]     ↳ first line: Checked (10.03.2025)
[2025-09-24 10:11:34]     ↳ preview: Checked (10.03.2025)
[2025-09-24 10:11:34] 🚫 IT: 'Checked' note for 14926 — dropping.
[2025-09-24 10:11:34]     ↳ first line: Checked (28.02.2025)
[2025-09-24 10:11:35]     ↳ preview: Checked (28.02.2025)
[2025-09-24 10:11:35] 🚫 IT: 'Checked' note for 19891 — dropping.
[2025-09-24 10:11:35]     ↳ first line: Checked (28.02.2025)
[2025-09-24 10:11:35]     ↳ preview: Checked (28.02.2025)  Amount is below 1000 EUR
[2025-09-24 10:11:35] 🚫 IT: 'Checked' note for 19893 — dropping.
[2025-09-24 10:11:35]     ↳ first line: Checked (28.02.2025)
[2025-09-24 10:11:35]     ↳ preview: Checked (28.02.2025)  Amount is below 1000 EUR
[2025-09-24 10:11:35] 🚫 IT: 'Checked' note for 20252 — dropping.
[2025-09-24 10:11:35]     ↳ first line: Checked (17.03.2025)
[2025-09-24 10:11:35]     ↳ preview: Checked (17.03.2025)
[2025-09-24 10:11:35] 🚫 IT: 'Checked' note for 20670 — dropping.
[2025-09-24 10:11:35]     ↳ first line: Checked (28.02.2025)
[2025-09-24 10:11:35]     ↳ preview: Checked (28.02.2025)
[2025-09-24 10:11:37] 🚫 IT: 'Checked' note for 29741 — dropping.
[2025-09-24 10:11:37]     ↳ first line: Checked (28.02.2025)
[2025-09-24 10:11:37]     ↳ preview: Checked (28.02.2025)
[2025-09-24 10:11:37] 🚫 IT: 'Checked' note for 29998 — dropping.
[2025-09-24 10:11:37]     ↳ first line: Checked (7.7.2025)
[2025-09-24 10:11:37]     ↳ preview: Checked (7.7.2025)  Amount is below 1000 EUR
[2025-09-24 10:11:37] 🚫 IT: 'Checked' note for 25929 — dropping.
[2025-09-24 10:11:37]     ↳ first line: Checked (28.02.2025)
[2025-09-24 10:11:37]     ↳ preview: Checked (28.02.2025)  Amount is below 1000 EUR
[2025-09-24 10:11:37] 🚫 IT: 'Checked' note for 25930 — dropping.
[2025-09-24 10:11:37]     ↳ first line: Checked (28.02.2025)
[2025-09-24 10:11:37]     ↳ preview: Checked (28.02.2025)  Amount is below 1000 EUR
[2025-09-24 10:11:37] 🚫 IT: 'Checked' note for 25931 — dropping.
[2025-09-24 10:11:37]     ↳ first line: Checked (28.02.2025)
[2025-09-24 10:11:37]     ↳ preview: Checked (28.02.2025)
[2025-09-24 10:11:49] 🚫 SP: Checked_* file(s) present for 47336 — dropping. Samples: Checked_TA_DSAR - NPR45732472_ Noble Casino.xlsx
[2025-09-24 10:11:49] 🧹 Filter result — total:138 kept:48 dropped_by_sharepoint:3 dropped_by_notes:87
[2025-09-24 10:11:49] 📦 15619 | Minas Calisir, One Casino — 1 Excel file(s) — Opponent: One Casino
[2025-09-24 10:11:51] 📦 23140 | Geijtenbeek-Vink Petra, Bobcasino — 6 Excel file(s) — Opponent: Bobcasino
[2025-09-24 10:11:52] 📦 23142 | Geijtenbeek-Vink Petra, Oranjecasino — 6 Excel file(s) — Opponent: Oranjecasino
[2025-09-24 10:11:53] 📦 24718 | (Hilde) Elke Drok, Oranjecasino — 3 Excel file(s) — Opponent: Oranjecasino
[2025-09-24 10:11:55] 📦 30096 | Robbie van Heertum, King Billy — 1 Excel file(s) — Opponent: King Billy
[2025-09-24 10:11:58] 📦 37644 | Marc Perlo, 888 — 1 Excel file(s) — Opponent: 888
