[2025-09-23 14:42:00] 🔎 SP: Deal 9866 → C:/Sharepoint/Golden-Tech GmbH/LeadDocuments - Casino Germany - Documents\9866 - De Boer Martijn, Betsson
[2025-09-23 14:42:00] 🚫 SP: Found Checked_* file(s) for deal 9866 — filtering out.
[2025-09-23 14:42:05] 🔎 SP: Deal 9974 → C:/Sharepoint/Golden-Tech GmbH/LeadDocuments - Casino Germany - Documents\9974 - Olivier van Vliet, Krooncasino
[2025-09-23 14:42:05] 🚫 SP: Found Checked_* file(s) for deal 9974 — filtering out.
[2025-09-23 14:42:05] 🔎 SP: Deal 10044 → C:/Sharepoint/Golden-Tech GmbH/LeadDocuments - Casino Germany - Documents\10044 - Robert van Popering, Mr. Green
[2025-09-23 14:42:06] 🚫 SP: Found Checked_* file(s) for deal 10044 — filtering out.
[2025-09-23 14:42:06] 🔎 SP: Deal 12112 → C:/Sharepoint/Golden-Tech GmbH/LeadDocuments - Casino Germany - Documents\12112 - lamin sanha, Betsson
[2025-09-23 14:42:06] 🚫 SP: Found Checked_* file(s) for deal 12112 — filtering out.
[2025-09-23 14:42:06] 🔎 SP: Deal 12113 → C:/Sharepoint/Golden-Tech GmbH/LeadDocuments - Casino Germany - Documents\12113 - lamin sanha, BWIN
[2025-09-23 14:42:06] ✅ SP: No Checked_* files for deal 12113.
[2025-09-23 14:42:07] 🔎 SP: Deal 16251 → C:/Sharepoint/Golden-Tech GmbH/LeadDocuments - Casino Germany - Documents\16251 - Rachèl Jongedijk, Betsson
[2025-09-23 14:42:07] 🚫 SP: Found Checked_* file(s) for deal 16251 — filtering out.
[2025-09-23 14:42:08] 🔎 SP: Deal 16318 → C:/Sharepoint/Golden-Tech GmbH/LeadDocuments - Casino Germany - Documents\16318 - Rachèl Jongedijk, N1 Casino
[2025-09-23 14:42:08] 🚫 SP: Found Checked_* file(s) for deal 16318 — filtering out.
[2025-09-23 14:42:09] 🔎 SP: Deal 17822 → C:/Sharepoint/Golden-Tech GmbH/LeadDocuments - Casino Germany - Documents\17822 - Tessa Zuiderveld, Spinia
[2025-09-23 14:42:09] 🚫 SP: Found Checked_* file(s) for deal 17822 — filtering out.
[2025-09-23 14:42:10] 🔎 SP: Deal 20256 → C:/Sharepoint/Golden-Tech GmbH/LeadDocuments - Casino Germany - Documents\20256 - Tom Veenstra, Krooncasino
[2025-09-23 14:42:10] 🚫 SP: Found Checked_* file(s) for deal 20256 — filtering out.
[2025-09-23 14:42:11] 🔎 SP: Deal 22839 → C:/Sharepoint/Golden-Tech GmbH/LeadDocuments - Casino Germany - Documents\22839 - Femke Janssens, Cookie Casino
[2025-09-23 14:42:11] 🚫 SP: Found Checked_* file(s) for deal 22839 — filtering out.
[2025-09-23 14:42:12] 🔎 SP: Deal 25746 → C:/Sharepoint/Golden-Tech GmbH/LeadDocuments - Casino Germany - Documents\25746 - Schoonheijm Ophra, Winny
[2025-09-23 14:42:12] 🚫 SP: Found Checked_* file(s) for deal 25746 — filtering out.
[2025-09-23 14:42:13] 🔎 SP: Deal 25816 → C:/Sharepoint/Golden-Tech GmbH/LeadDocuments - Casino Germany - Documents\25816 - Tiago jorge Dia santos, Duxcasino
[2025-09-23 14:42:14] 🚫 SP: Found Checked_* file(s) for deal 25816 — filtering out.
[2025-09-23 14:42:15] 🔎 SP: Deal 26566 → C:/Sharepoint/Golden-Tech GmbH/LeadDocuments - Casino Germany - Documents\26566 - Johannes Franciscus van Mierlo, Crazy Fox
[2025-09-23 14:42:15] ✅ SP: No Checked_* files for deal 26566.
[2025-09-23 14:42:17] 🔎 SP: Deal 27330 → C:/Sharepoint/Golden-Tech GmbH/LeadDocuments - Casino Germany - Documents\27330 - Thijs Opten, Avalon78
[2025-09-23 14:42:17] 🚫 SP: Found Checked_* file(s) for deal 27330 — filtering out.
[2025-09-23 14:42:20] 🔎 SP: Deal 32048 → C:/Sharepoint/Golden-Tech GmbH/LeadDocuments - Casino Germany - Documents\32048 - Tobias Horsten, LeoVegas
[2025-09-23 14:42:20] 🚫 SP: Found Checked_* file(s) for deal 32048 — filtering out.
[2025-09-23 14:42:23] 🔎 SP: Deal 37816 → C:/Sharepoint/Golden-Tech GmbH/LeadDocuments - Casino Germany - Documents\37816 - Ricardo Keur, PokerStars
[2025-09-23 14:42:23] ✅ SP: No Checked_* files for deal 37816.
[2025-09-23 14:42:27] 🔎 SP: Deal 45549 → C:/Sharepoint/Golden-Tech GmbH/LeadDocuments - Casino Germany - Documents\45549 - Lath Al-Jawrani, Betchan
[2025-09-23 14:42:27] 🚫 SP: Found Checked_* file(s) for deal 45549 — filtering out.
[2025-09-23 14:42:32] 🔎 SP: Deal 51743 → C:/Sharepoint/Golden-Tech GmbH/LeadDocuments - Casino Germany - Documents\51743 - huseyin tercan, Avalon78
[2025-09-23 14:42:32] ✅ SP: No Checked_* files for deal 51743.
[2025-09-23 14:42:33] 🔎 SP: Deal 15575 → C:/Sharepoint/Golden-Tech GmbH/LeadDocuments - Casino Germany - Documents\15575 - Aiko Vegter, Oranjecasino
[2025-09-23 14:42:33] 🚫 SP: Found Checked_* file(s) for deal 15575 — filtering out.
[2025-09-23 14:42:35] 🔎 SP: Deal 2442 → C:/Sharepoint/Golden-Tech GmbH/LeadDocuments - Casino Germany - Documents\2442 - Roel Hermans, Avalon78
[2025-09-23 14:42:35] 🚫 SP: Found Checked_* file(s) for deal 2442 — filtering out.
[2025-09-23 14:42:36] 🔎 SP: Deal 2446 → C:/Sharepoint/Golden-Tech GmbH/LeadDocuments - Casino Germany - Documents\2446 - Roel Hermans, Mr. Green
[2025-09-23 14:42:36] 🚫 SP: Found Checked_* file(s) for deal 2446 — filtering out.
[2025-09-23 14:42:37] 🔎 SP: Deal 2447 → C:/Sharepoint/Golden-Tech GmbH/LeadDocuments - Casino Germany - Documents\2447 - Roel Hermans, Oranjecasino
[2025-09-23 14:42:37] 🚫 SP: Found Checked_* file(s) for deal 2447 — filtering out.
[2025-09-23 14:42:38] 🔎 SP: Deal 2450 → C:/Sharepoint/Golden-Tech GmbH/LeadDocuments - Casino Germany - Documents\2450 - Roel Hermans, William Hill
[2025-09-23 14:42:38] ✅ SP: No Checked_* files for deal 2450.
[2025-09-23 14:42:39] 🔎 SP: Deal 2451 → C:/Sharepoint/Golden-Tech GmbH/LeadDocuments - Casino Germany - Documents\2451 - Roel Hermans, Krooncasino
[2025-09-23 14:42:39] 🚫 SP: Found Checked_* file(s) for deal 2451 — filtering out.
[2025-09-23 14:42:43] 🔎 SP: Deal 4822 → C:/Sharepoint/Golden-Tech GmbH/LeadDocuments - Casino Germany - Documents\4822 - Wesley Kamphuis, Maneki
[2025-09-23 14:42:44] 🚫 SP: Found Checked_* file(s) for deal 4822 — filtering out.
[2025-09-23 14:42:49] 🔎 SP: Deal 7171 → C:/Sharepoint/Golden-Tech GmbH/LeadDocuments - Casino Germany - Documents\7171 - Mart Spijkerman, LeoVegas
[2025-09-23 14:42:49] 🚫 SP: Found Checked_* file(s) for deal 7171 — filtering out.
[2025-09-23 14:42:49] 🔎 SP: Deal 13167 → C:/Sharepoint/Golden-Tech GmbH/LeadDocuments - Casino Germany - Documents\13167 - Bram van Boesschoten, Spinia
[2025-09-23 14:42:49] 🚫 SP: Found Checked_* file(s) for deal 13167 — filtering out.
[2025-09-23 14:42:50] 🔎 SP: Deal 13202 → C:/Sharepoint/Golden-Tech GmbH/LeadDocuments - Casino Germany - Documents\13202 - Michael De vries, Duxcasino
[2025-09-23 14:42:50] 🚫 SP: Found Checked_* file(s) for deal 13202 — filtering out.
[2025-09-23 14:42:50] 🔎 SP: Deal 13509 → C:/Sharepoint/Golden-Tech GmbH/LeadDocuments - Casino Germany - Documents\13509 - Dennis Tijs, Avalon78
[2025-09-23 14:42:50] 🚫 SP: Found Checked_* file(s) for deal 13509 — filtering out.
[2025-09-23 14:42:51] 🔎 SP: Deal 15176 → C:/Sharepoint/Golden-Tech GmbH/LeadDocuments - Casino Germany - Documents\15176 - Steven Tavernier, LeoVegas
[2025-09-23 14:42:51] 🚫 SP: Found Checked_* file(s) for deal 15176 — filtering out.
[2025-09-23 14:42:52] 🔎 SP: Deal 20942 → C:/Sharepoint/Golden-Tech GmbH/LeadDocuments - Casino Germany - Documents\20942 - Abdoullah Bousaada, GSlot
[2025-09-23 14:42:52] 🚫 SP: Found Checked_* file(s) for deal 20942 — filtering out.
[2025-09-23 14:42:53] 🔎 SP: Deal 21477 → C:/Sharepoint/Golden-Tech GmbH/LeadDocuments - Casino Germany - Documents\21477 - Naseer Yaqoob, Spinia
[2025-09-23 14:42:53] 🚫 SP: Found Checked_* file(s) for deal 21477 — filtering out.
[2025-09-23 14:42:54] 🔎 SP: Deal 25253 → C:/Sharepoint/Golden-Tech GmbH/LeadDocuments - Casino Germany - Documents\25253 - Dennis Wanders, Betsson
[2025-09-23 14:42:54] 🚫 SP: Found Checked_* file(s) for deal 25253 — filtering out.
[2025-09-23 14:42:56] 🔎 SP: Deal 25257 → C:/Sharepoint/Golden-Tech GmbH/LeadDocuments - Casino Germany - Documents\25257 - Dennis Wanders, ComeOn
[2025-09-23 14:42:56] ✅ SP: No Checked_* files for deal 25257.
[2025-09-23 14:42:58] 🔎 SP: Deal 30247 → C:/Sharepoint/Golden-Tech GmbH/LeadDocuments - Casino Germany - Documents\30247 - Ernst-Jan Ouwersloot, Royal Panda
[2025-09-23 14:42:58] 🚫 SP: Found Checked_* file(s) for deal 30247 — filtering out.
