[2025-09-23 16:40:01] 📦 24718 | (Hilde) Elke Drok, Oranjecasino — 3 Excel file(s)
[2025-09-23 16:40:02] 📦 30096 | Robbie van Heertum, King Billy — 1 Excel file(s)
[2025-09-23 16:40:06] 📦 37644 | Marc Perlo, 888 — 1 Excel file(s)
[2025-09-23 16:40:10] 📦 45032 | Youri Thorig, Casumo — 1 Excel file(s)
[2025-09-23 16:40:11] 📦 21676 | Fabian Wink, CasinoEuro — 2 Excel file(s)
[2025-09-23 16:40:12] 📦 21680 | Fabian Wink, Millionaria — 0 Excel file(s)
[2025-09-23 16:40:13] 📦 21683 | Fabian Wink, OctoCasino — 1 Excel file(s)
[2025-09-23 16:40:14] 📦 21686 | Fabian Wink, Rizk — 2 Excel file(s)
[2025-09-23 16:40:15] 📦 21688 | Fabian Wink, Spinia — 2 Excel file(s)
[2025-09-23 16:40:15] 📦 10180 | Dennis Tjoonk, 888 — 1 Excel file(s)
[2025-09-23 16:40:15] 📄 20000 has no Excel; found 1 PDF(s).
[2025-09-23 16:40:15] 📦 20000 | Michael Hovenga, Bobcasino — 0 Excel file(s)
[2025-09-23 16:40:17] 📦 27583 | Sachs-Wissingh Petra, N1 interactive Ltd. — 2 Excel file(s)
[2025-09-23 16:40:18] 📦 27919 | Koopmans Marc, William Hill — 1 Excel file(s)
[2025-09-23 16:40:19] 📦 11930 | Max van Eijk, William Hill — 1 Excel file(s)
[2025-09-23 16:40:20] 📦 27515 | jacek kowalczyk, Duxcasino — 1 Excel file(s)
[2025-09-23 16:40:22] 📦 37865 | Maurice Van daalen, 888 — 1 Excel file(s)
[2025-09-23 16:40:24] 📦 25362 | Benjamin Oderkerk, Krooncasino — 2 Excel file(s)
[2025-09-23 16:40:25] 📦 28066 | Jelle Veenvliet, 888 — 1 Excel file(s)
[2025-09-23 16:40:26] 📦 15690 | Mirwais Sefati, One Casino — 3 Excel file(s)
[2025-09-23 16:40:27] 📦 29951 | Lukasz Władysław Bogusz Bogusz, One Casino — 1 Excel file(s)
[2025-09-23 16:40:29] 📦 2528 | Jacobus Petrus (Sjaak) Bijman, 888 — 3 Excel file(s)
[2025-09-23 16:40:32] 📦 4058 | Rick van Beuningen, 888 — 1 Excel file(s)
[2025-09-23 16:40:32] 📦 11789 | Gijsbert Dompeling, William Hill — 1 Excel file(s)
[2025-09-23 16:40:37] 📄 6720 has no Excel; found 2 PDF(s).
[2025-09-23 16:40:37] 📦 6720 | Christian Hokse, Dreamz — 0 Excel file(s)
[2025-09-23 16:40:42] 📄 8076 has no Excel; found 1 PDF(s).
[2025-09-23 16:40:42] 📦 8076 | Franklin Leurs Leurs, Pino Casino — 0 Excel file(s)
[2025-09-23 16:40:43] 📦 17052 | Jordi Stoffels, MasonSlots — 3 Excel file(s)
[2025-09-23 16:40:43] 📄 18986 has no Excel; found 1 PDF(s).
[2025-09-23 16:40:43] 📦 18986 | Demy Toornstra, One Casino — 0 Excel file(s)
[2025-09-23 16:40:44] 📦 19547 | David Hol, Betsson — 1 Excel file(s)
[2025-09-23 16:40:46] 📦 28311 | gino spijkers, 888 — 1 Excel file(s)
[2025-09-23 16:40:46] 📦 12113 | lamin sanha, BWIN — 3 Excel file(s)
[2025-09-23 16:40:47] 📄 26566 has no Excel; found 1 PDF(s).
[2025-09-23 16:40:47] 📦 26566 | Johannes Franciscus van Mierlo, Crazy Fox — 0 Excel file(s)
[2025-09-23 16:40:50] 📦 37816 | Ricardo Keur, PokerStars — 3 Excel file(s)
[2025-09-23 16:40:54] 📦 51743 | huseyin tercan, N1 interactive Ltd — 2 Excel file(s)
[2025-09-23 16:40:56] 📦 2450 | Roel Hermans, William Hill — 1 Excel file(s)
[2025-09-23 16:40:57] 📦 25257 | Dennis Wanders, ComeOn — 1 Excel file(s)
