[2025-09-24 10:12:02] 📦 45032 | Youri Thorig, Casumo — 1 Excel file(s) — Opponent: Casumo
[2025-09-24 10:12:06] 📦 53606 | muller freddie, Unibet — 1 Excel file(s) — Opponent: Unibet
[2025-09-24 10:12:08] 📦 21676 | Fabian Wink, CasinoEuro — 2 Excel file(s) — Opponent: CasinoEuro
[2025-09-24 10:12:08] 📦 21680 | Fabian Wink, Millionaria — 0 Excel file(s) — Opponent: Millionaria
[2025-09-24 10:12:09] 📦 21683 | Fabian Wink, OctoCasino — 1 Excel file(s) — Opponent: OctoCasino
[2025-09-24 10:12:10] 📦 21686 | Fabian Wink, Rizk — 2 Excel file(s) — Opponent: Rizk
[2025-09-24 10:12:11] 📦 21688 | Fabian Wink, Spinia — 2 Excel file(s) — Opponent: Spinia
[2025-09-24 10:12:11] 📦 10180 | Dennis Tjoonk, 888 — 1 Excel file(s) — Opponent: 888
[2025-09-24 10:12:12] 📄 20000 has no Excel; found 1 PDF(s).
[2025-09-24 10:12:12] 📦 20000 | Michael Hovenga, Bobcasino — 0 Excel file(s) — Opponent: Bobcasino
[2025-09-24 10:12:14] 📦 27583 | Sachs-Wissingh Petra, N1 interactive Ltd. — 2 Excel file(s) — Opponent: N1 interactive Ltd.
[2025-09-24 10:12:15] 📦 27919 | Koopmans Marc, William Hill — 1 Excel file(s) — Opponent: William Hill
[2025-09-24 10:12:15] 📦 11930 | Max van Eijk, William Hill — 1 Excel file(s) — Opponent: William Hill
[2025-09-24 10:12:17] 📦 27515 | jacek kowalczyk, Duxcasino — 1 Excel file(s) — Opponent: Duxcasino
[2025-09-24 10:12:19] 📦 37865 | Maurice Van daalen, 888 — 1 Excel file(s) — Opponent: 888
[2025-09-24 10:12:21] 📦 25362 | Benjamin Oderkerk, Krooncasino — 2 Excel file(s) — Opponent: Krooncasino
[2025-09-24 10:12:22] 📦 28066 | Jelle Veenvliet, 888 — 1 Excel file(s) — Opponent: 888
[2025-09-24 10:12:23] 📦 15690 | Mirwais Sefati, One Casino — 3 Excel file(s) — Opponent: One Casino
[2025-09-24 10:12:25] 📦 29951 | Lukasz Władysław Bogusz Bogusz, One Casino — 1 Excel file(s) — Opponent: One Casino
[2025-09-24 10:12:26] 📦 2528 | Jacobus Petrus (Sjaak) Bijman, 888 — 3 Excel file(s) — Opponent: 888
[2025-09-24 10:12:29] 📦 4058 | Rick van Beuningen, 888 — 1 Excel file(s) — Opponent: 888
[2025-09-24 10:12:29] 📦 11789 | Gijsbert Dompeling, William Hill — 1 Excel file(s) — Opponent: William Hill
[2025-09-24 10:12:34] 📄 6720 has no Excel; found 2 PDF(s).
[2025-09-24 10:12:34] 📦 6720 | Christian Hokse, Dreamz — 0 Excel file(s) — Opponent: Dreamz
[2025-09-24 10:12:39] 📄 8076 has no Excel; found 1 PDF(s).
[2025-09-24 10:12:39] 📦 8076 | Franklin Leurs Leurs, Pino Casino — 0 Excel file(s) — Opponent: Pino Casino
[2025-09-24 10:12:40] 📦 17052 | Jordi Stoffels, MasonSlots — 3 Excel file(s) — Opponent: MasonSlots
[2025-09-24 10:12:40] 📄 18986 has no Excel; found 1 PDF(s).
[2025-09-24 10:12:41] 📦 18986 | Demy Toornstra, One Casino — 0 Excel file(s) — Opponent: One Casino
[2025-09-24 10:12:41] 📦 19547 | David Hol, Betsson — 1 Excel file(s) — Opponent: Betsson
[2025-09-24 10:12:43] 📦 28311 | gino spijkers, 888 — 1 Excel file(s) — Opponent: 888
[2025-09-24 10:12:46] 📄 47140 has no Excel; found 3 PDF(s).
[2025-09-24 10:12:46] 📦 47140 | Mathijn Van Kessel, Unibet — 0 Excel file(s) — Opponent: Unibet
[2025-09-24 10:12:47] 📦 12113 | lamin sanha, BWIN — 3 Excel file(s) — Opponent: BWIN
[2025-09-24 10:12:48] 📄 26566 has no Excel; found 1 PDF(s).
[2025-09-24 10:12:48] 📦 26566 | Johannes Franciscus van Mierlo, Crazy Fox — 0 Excel file(s) — Opponent: Crazy Fox
[2025-09-24 10:12:52] 📦 51743 | huseyin tercan, N1 interactive Ltd — 2 Excel file(s) — Opponent: N1 interactive Ltd
[2025-09-24 10:12:54] 📦 2450 | Roel Hermans, William Hill — 1 Excel file(s) — Opponent: William Hill
[2025-09-24 10:12:55] 📦 25257 | Dennis Wanders, ComeOn — 1 Excel file(s) — Opponent: ComeOn
[2025-09-24 10:12:59] 📦 48031 | Andreas Voorbraak, N1 interactive Ltd — 6 Excel file(s) — Opponent: N1 interactive Ltd
